# SHOT START
# legend_version=2
# time_base=ms_since_boot
# units: pressure=bar, flow=ml_s, output=percent, derivative=bar_s
# raw_p = raw pressure sensor reading
# flt_p = filtered pressure used by controller
# sp_raw = raw incoming pressure setpoint currently held by the profile engine
# sp_flt = filtered pressure setpoint actually used internally by the controller
# sp_recipe = visual recipe reference; ideal profile target for display/comparison
# sp_ctrl = control reference after internal conditioning; command seen by control logic
# sp_flt_d = derivative of filtered pressure setpoint
# ctrl_out = final controller output command in percent
# pump_duty = internal normalized pressure-branch duty estimate
# pump_flow = estimated pump flow
# coffee_flow = estimated outflow through puck / coffee flow
# u_raw = pressure branch output after clamp and before final slew limiter
# u_applied = pressure branch output after final slew limiter
# u_delta = u_raw - u_applied; limiter intervention magnitude
# limiter_active_up = 1 when rise slew limiter is active
# limiter_active_down = 1 when drop slew limiter is active
# error_integral = integral state of legacy pressure controller
# u_unclamped_raw = controller output before 0..100 clamp
# u_clamped_raw = controller output after 0..100 clamp and before slew limiter
# u_clamp_delta = u_unclamped_raw - u_clamped_raw
# clamp_active_high = 1 when output was clipped by upper clamp
# clamp_active_low = 1 when output was clipped by lower clamp
# u_fb = legacy pressure feedback contribution
# u_ff_hold = static feedforward contribution
# u_ff_dyn = dynamic feedforward contribution
# u_ff_dyn_raw = raw dynamic feedforward request before FF-path LPF and slew limiting
# ff_pressure_w = pressure-window weight applied to dynamic FF
# ff_above_w = above-target suppression weight applied to dynamic FF
# ff_gamma = ramp-dependent gamma multiplier applied to dynamic FF
# u_ff_total = total feedforward contribution
# ramp_hold_active = 1 when the downstream drop-rate hold is active during ramp-up
# drop_rate_active = active downstream output drop-rate cap in percent per second
# mpc_shadow_enabled = 1 when shadow MPC is being computed in parallel
# mpc_u_shadow = total output suggested by shadow MPC; not applied to actuator in shadow stage
# mpc_u_ss = steady-state component suggested by shadow MPC
# mpc_u_trim = corrective trim component suggested by shadow MPC
# mpc_p1_pred = one-step pressure prediction from shadow MPC model
# mpc_pn_pred = terminal pressure prediction at end of shadow MPC horizon
# mpc_qout_est = estimated outflow / load used by shadow MPC model
# mpc_qout_raw = instantaneous outflow / load estimate before shadow-MPC LPF
# mpc_residual = measured minus predicted pressure residual for shadow MPC
# mpc_residual_bias = low-pass residual bias term added to shadow predictions
# mpc_cost = shadow MPC objective value
# power_cmd = floating-point power command sent to pump stage before integer quantization
# power_psm_quantized = integer power actually sent to PSM
# power_quant_residual = sigma-delta residual kept for next quantization step
# tach_period_us = measured time between valid tach pulses in microseconds
# tach_rpm_inst = instantaneous RPM derived from tach_period_us and pulses-per-revolution
# tach_rpm_ema = exponentially filtered RPM intended for easier visual analysis
# tach_pulse_count = total number of valid tach pulses seen since the last reset
# tach_glitch_rejects = number of tach edges rejected as implausibly fast glitches
# tach_timeout = 1 when no recent tach pulse is available and RPM is forced to zero
ms,raw_p,flt_p,sp_raw,sp_flt,sp_recipe,sp_ctrl,sp_flt_d,ctrl_out,pump_duty,pump_flow,coffee_flow,u_raw,u_applied,u_delta,limiter_active_up,limiter_active_down,error_integral,u_unclamped_raw,u_clamped_raw,u_clamp_delta,clamp_active_high,clamp_active_low,u_fb,u_ff_hold,u_ff_dyn,u_ff_dyn_raw,ff_pressure_w,ff_above_w,ff_gamma,u_ff_total,ramp_hold_active,drop_rate_active,mpc_shadow_enabled,mpc_u_shadow,mpc_u_ss,mpc_u_trim,mpc_p1_pred,mpc_pn_pred,mpc_qout_est,mpc_qout_raw,mpc_residual,mpc_residual_bias,mpc_cost,power_cmd,power_psm_quantized,power_quant_residual,tach_period_us,tach_rpm_inst,tach_rpm_ema,tach_pulse_count,tach_glitch_rejects,tach_timeout
30468,0.000,0.000,1.100,0.100,1.100,0.100,3.335,5.70,0.1856,0.084,0.000,18.56,5.70,12.86,1,0,0.00000,18.56,18.56,0.00,0,0,18.56,0.00,0.00,0.00,0.00,1.000,1.000,0.00,1,60.00,1,16.62,15.75,0.87,0.059,0.349,0.107,0.978,0.000,0.000,2.072,5.70,6,-0.3000,0,0.00,0.00,0,0,1
30611,0.017,0.014,1.100,0.433,1.100,0.433,3.369,21.31,0.2131,0.750,0.000,21.31,21.31,0.00,0,0,-0.01256,21.31,21.31,0.00,0,0,21.31,0.00,0.00,0.00,0.00,1.000,1.000,0.00,1,60.00,1,29.64,26.94,2.70,0.094,0.488,0.909,3.565,-0.079,-0.009,2.915,21.31,22,-0.4908,1655,18126.89,17877.16,20,0,0
30745,0.329,0.207,1.100,0.665,1.100,0.665,2.231,21.23,0.2123,1.451,0.000,21.23,21.23,0.00,0,0,-0.05648,21.23,21.23,0.00,0,0,21.23,0.00,0.00,0.00,0.00,1.000,1.000,0.00,1,60.00,1,27.29,24.43,2.86,0.266,0.550,1.509,2.201,0.068,-0.008,2.424,21.23,21,-0.0176,1812,16556.29,15688.26,34,0,0
30881,0.511,0.459,1.100,0.817,1.100,0.817,1.453,17.79,0.1779,1.850,0.000,17.79,17.79,0.00,0,0,-0.09102,17.79,17.79,0.00,0,0,17.79,0.00,0.00,0.00,0.00,1.000,1.000,0.00,1,60.00,1,21.37,19.17,2.19,0.503,0.719,1.339,0.585,0.009,-0.003,1.182,17.79,18,-0.4384,19460,1541.62,12064.77,49,0,0
31009,0.403,0.437,1.100,0.916,1.100,0.916,0.945,20.64,0.2064,2.172,0.000,20.64,20.64,0.00,0,0,-0.12910,20.64,20.64,0.00,0,0,20.64,0.00,0.00,0.00,0.00,1.000,1.000,0.00,1,60.00,1,21.86,18.99,2.88,0.475,0.664,1.400,2.223,-0.077,-0.009,1.565,20.64,20,0.3591,1724,17401.39,12751.39,68,0,0
31144,0.438,0.428,1.100,0.980,1.100,0.980,0.615,22.20,0.2220,2.522,0.000,22.20,22.20,0.00,0,0,-0.17768,22.20,22.20,0.00,0,0,22.20,0.00,0.00,0.00,0.00,1.000,1.000,0.00,1,60.00,1,23.13,19.81,3.32,0.458,0.605,1.837,2.998,-0.022,-0.013,2.065,22.20,22,0.1240,13350,2247.19,12038.42,87,0,0
31272,0.544,0.523,1.100,1.022,1.100,1.022,0.400,21.15,0.2115,2.764,0.000,21.15,21.15,0.00,0,0,-0.22379,21.15,21.15,0.00,0,0,21.15,0.00,0.00,0.00,0.00,1.000,1.000,0.00,1,60.00,1,22.01,19.02,2.99,0.546,0.660,2.056,2.498,-0.002,-0.011,1.661,21.15,21,0.3839,1921,15616.87,12997.31,110,0,0
31410,0.548,0.546,1.100,1.049,1.100,1.049,0.260,21.45,0.2145,2.940,0.000,21.45,21.45,0.00,0,0,-0.26857,21.45,21.45,0.00,0,0,21.45,0.00,0.00,0.00,0.00,1.000,1.000,0.00,1,60.00,1,22.18,19.16,3.01,0.565,0.660,2.237,2.816,-0.018,-0.011,1.680,21.45,21,0.1047,1755,17094.02,15499.00,129,0,0
31538,0.537,0.538,1.100,1.067,1.100,1.067,0.169,22.34,0.2234,3.107,0.000,22.34,22.34,0.00,0,0,-0.31554,22.34,22.34,0.00,0,0,22.34,0.00,0.00,0.00,0.00,1.000,1.000,0.00,0,255.00,1,23.26,20.08,3.18,0.554,0.632,2.513,3.307,-0.018,-0.012,1.897,22.34,22,0.3135,1661,18061.41,14192.75,143,0,0
31638,0.569,0.557,1.100,1.075,1.100,1.075,0.127,22.28,0.2228,3.201,0.000,22.28,22.28,0.00,0,0,-0.34686,22.28,22.28,0.00,0,0,22.28,0.00,0.00,0.00,0.00,1.000,1.000,0.00,0,255.00,1,23.46,20.34,3.11,0.571,0.639,2.674,3.266,-0.002,-0.012,1.841,22.28,22,-0.0359,1481,20256.58,15810.27,154,0,0
31771,0.597,0.590,1.100,1.084,1.100,1.084,0.083,22.00,0.2200,3.302,0.000,22.00,22.00,0.00,0,0,-0.39183,22.00,22.00,0.00,0,0,22.00,0.00,0.00,0.00,0.00,1.000,1.000,0.00,0,255.00,1,23.41,20.44,2.97,0.602,0.659,2.822,3.177,-0.004,-0.010,1.694,22.00,22,0.1084,7728,3881.99,17431.34,166,0,0
31908,0.583,0.586,1.100,1.090,1.100,1.090,0.054,22.59,0.2259,3.390,0.000,22.59,22.59,0.00,0,0,-0.43665,22.59,22.59,0.00,0,0,22.59,0.00,0.00,0.00,0.00,1.000,1.000,0.00,0,255.00,1,24.14,21.11,3.03,0.597,0.648,2.983,3.486,-0.014,-0.011,1.780,22.59,22,0.1128,1179,25445.29,17385.88,181,0,0
32037,0.597,0.595,1.100,1.093,1.100,1.093,0.035,22.82,0.2282,3.473,0.000,22.82,22.82,0.00,0,0,-0.48172,22.82,22.82,0.00,0,0,22.82,0.00,0.00,0.00,0.00,1.000,1.000,0.00,0,255.00,1,24.64,21.63,3.01,0.604,0.648,3.147,3.560,-0.006,-0.010,1.778,22.82,22,0.3750,1133,26478.38,19654.23,199,0,0
32173,0.625,0.618,1.100,1.096,1.100,1.096,0.023,22.63,0.2263,3.533,0.000,22.63,22.63,0.00,0,0,-0.52532,22.63,22.63,0.00,0,0,22.63,0.00,0.00,0.00,0.00,1.000,1.000,0.00,0,255.00,1,24.64,21.76,2.88,0.626,0.666,3.245,3.454,-0.001,-0.009,1.651,22.63,22,0.4267,1666,18007.20,17497.39,216,0,0
32307,0.620,0.622,1.100,1.097,1.100,1.097,0.015,22.89,0.2289,3.580,0.000,22.89,22.89,0.00,0,0,-0.56793,22.89,22.89,0.00,0,0,22.89,0.00,0.00,0.00,0.00,1.000,1.000,0.00,0,255.00,1,24.96,22.10,2.87,0.630,0.669,3.324,3.582,-0.010,-0.009,1.632,22.89,23,-0.3634,1677,17889.09,15139.50,229,0,0
32441,0.620,0.621,1.100,1.098,1.100,1.098,0.010,23.31,0.2331,3.632,0.000,23.31,23.31,0.00,0,0,-0.61082,23.31,23.31,0.00,0,0,23.31,0.00,0.00,0.00,0.00,1.000,1.000,0.00,0,255.00,1,25.49,22.61,2.88,0.629,0.666,3.430,3.728,-0.009,-0.008,1.660,23.31,23,0.1532,1671,17953.32,13973.28,246,1,0
32569,0.641,0.636,1.100,1.099,1.100,1.099,0.006,23.26,0.2326,3.675,0.000,23.26,23.26,0.00,0,0,-0.65286,23.26,23.26,0.00,0,0,23.26,0.00,0.00,0.00,0.00,1.000,1.000,0.00,0,255.00,1,25.57,22.77,2.79,0.643,0.678,3.502,3.662,-0.001,-0.008,1.577,23.26,23,-0.0554,1651,18170.80,18225.87,267,1,0
32702,0.642,0.644,1.100,1.099,1.100,1.099,0.004,23.39,0.2339,3.708,0.000,23.39,23.39,0.00,0,0,-0.69382,23.39,23.39,0.00,0,0,23.39,0.00,0.00,0.00,0.00,1.000,1.000,0.00,0,255.00,1,25.72,22.97,2.75,0.651,0.685,3.547,3.702,-0.009,-0.007,1.527,23.39,24,-0.2420,2589,11587.49,17713.68,290,1,0
32837,0.644,0.647,1.100,1.099,1.100,1.099,0.003,23.65,0.2365,3.743,0.000,23.65,23.65,0.00,0,0,-0.73457,23.65,23.65,0.00,0,0,23.65,0.00,0.00,0.00,0.00,1.000,1.000,0.00,0,255.00,1,26.00,23.27,2.73,0.654,0.688,3.605,3.780,-0.010,-0.007,1.510,23.65,23,0.3829,5690,5272.41,17239.37,310,1,0
32970,0.664,0.658,1.100,1.100,1.100,1.100,0.002,23.68,0.2368,3.775,0.000,23.68,23.68,0.00,0,0,-0.77477,23.68,23.68,0.00,0,0,23.68,0.00,0.00,0.00,0.00,1.000,1.000,0.00,0,255.00,1,26.08,23.41,2.67,0.665,0.697,3.653,3.744,-0.000,-0.007,1.448,23.68,23,0.4997,1647,18214.94,16662.58,323,1,0
33102,0.672,0.670,1.100,1.100,1.100,1.100,0.001,23.75,0.2375,3.805,0.000,23.75,23.75,0.00,0,0,-0.82671,23.75,23.75,0.00,0,0,23.75,0.00,0.00,0.00,0.00,1.000,1.000,0.00,0,255.00,1,26.13,23.54,2.59,0.677,0.710,3.683,3.752,-0.005,-0.006,1.366,23.75,24,0.2294,1650,18181.82,15391.29,339,1,0
33202,0.667,0.668,1.100,1.100,1.100,1.100,0.001,24.03,0.2403,3.823,0.000,24.03,24.03,0.00,0,0,-0.85257,24.03,24.03,0.00,0,0,24.03,0.00,0.00,0.00,0.00,1.000,1.000,0.00,0,255.00,1,26.38,23.77,2.60,0.675,0.708,3.712,3.850,-0.008,-0.006,1.374,24.03,24,0.1284,1855,16172.51,15874.01,354,1,0
33330,0.680,0.679,1.100,1.100,1.100,1.100,0.000,24.12,0.2412,3.855,0.000,24.12,24.12,0.00,0,0,-0.90338,24.12,24.12,0.00,0,0,24.12,0.00,0.00,0.00,0.00,1.000,1.000,0.00,0,255.00,1,26.48,23.94,2.54,0.686,0.718,3.754,3.843,-0.006,-0.006,1.310,24.12,24,0.2968,423,70921.98,26425.16,377,1,0
33463,0.691,0.689,1.100,1.100,1.100,1.100,0.000,24.24,0.2424,3.884,0.000,24.24,24.24,0.00,0,0,-0.95317,24.24,24.24,0.00,0,0,24.24,0.00,0.00,0.00,0.00,1.000,1.000,0.00,0,255.00,1,26.58,24.10,2.48,0.695,0.727,3.790,3.851,-0.004,-0.005,1.254,24.24,24,0.0885,16035,1870.91,15658.70,389,1,0
33596,0.700,0.699,1.100,1.100,1.100,1.100,0.000,24.32,0.2432,3.907,0.000,24.32,24.32,0.00,0,0,-1.00162,24.32,24.32,0.00,0,0,24.32,0.00,0.00,0.00,0.00,1.000,1.000,0.00,0,255.00,1,26.62,24.20,2.42,0.705,0.737,3.809,3.858,-0.005,-0.005,1.189,24.32,24,0.1142,1652,18159.81,17116.20,405,1,0
33731,0.707,0.703,1.100,1.100,1.100,1.100,0.000,24.49,0.2449,3.927,0.000,24.49,24.49,0.00,0,0,-1.03763,24.49,24.49,0.00,0,0,24.49,0.00,0.00,0.00,0.00,1.000,1.000,0.00,0,255.00,1,26.78,24.38,2.39,0.709,0.741,3.839,3.899,-0.003,-0.005,1.165,24.49,25,-0.4149,5035,5958.29,13438.90,424,1,0
33861,0.710,0.708,1.100,1.100,1.100,1.100,0.000,24.62,0.2462,3.946,0.000,24.62,24.62,0.00,0,0,-1.07306,24.62,24.62,0.00,0,0,24.62,0.00,0.00,0.00,0.00,1.000,1.000,0.00,0,255.00,1,26.88,24.52,2.36,0.714,0.745,3.862,3.925,-0.004,-0.005,1.136,24.62,24,0.3261,1651,18170.80,17085.71,441,1,0
33994,0.717,0.716,1.100,1.100,1.100,1.100,0.000,24.64,0.2464,3.961,0.000,24.64,24.64,0.00,0,0,-1.10774,24.64,24.64,0.00,0,0,24.64,0.00,0.00,0.00,0.00,1.000,1.000,0.00,0,255.00,1,26.87,24.56,2.31,0.723,0.754,3.873,3.912,-0.006,-0.005,1.086,24.64,25,0.1098,5211,5757.05,14618.56,457,1,0
34123,0.719,0.720,1.100,1.100,1.100,1.100,0.000,24.81,0.2481,3.976,0.000,24.81,24.81,0.00,0,0,-1.14195,24.81,24.81,0.00,0,0,24.81,0.00,0.00,0.00,0.00,1.000,1.000,0.00,0,255.00,1,27.00,24.70,2.29,0.726,0.757,3.890,3.963,-0.007,-0.005,1.065,24.81,25,0.2268,709,42313.12,19531.59,467,1,0
34256,0.731,0.727,1.100,1.100,1.100,1.100,0.000,24.93,0.2493,4.002,0.000,24.93,24.93,0.00,0,0,-1.18723,24.93,24.93,0.00,0,0,24.93,0.00,0.00,0.00,0.00,1.000,1.000,0.00,0,255.00,1,27.12,24.87,2.25,0.733,0.763,3.927,3.969,-0.002,-0.004,1.029,24.93,25,0.0135,1163,25795.36,18672.38,485,1,0
34386,0.741,0.738,1.100,1.100,1.100,1.100,0.000,24.82,0.2482,4.013,0.000,24.82,24.82,0.00,0,0,-1.22017,24.82,24.82,0.00,0,0,24.82,0.00,0.00,0.00,0.00,1.000,1.000,0.00,0,255.00,1,27.00,24.82,2.18,0.744,0.773,3.930,3.913,-0.002,-0.004,0.972,24.82,25,-0.3375,1074,27932.96,16568.69,498,1,0
34523,0.734,0.737,1.100,1.100,1.100,1.100,0.000,25.16,0.2516,4.026,0.000,25.16,25.16,0.00,0,0,-1.25270,25.16,25.16,0.00,0,0,25.16,0.00,0.00,0.00,0.00,1.000,1.000,0.00,0,255.00,1,27.24,25.05,2.19,0.743,0.772,3.944,4.034,-0.009,-0.004,0.972,25.16,26,-0.3538,1661,18061.41,17297.48,515,1,0
34654,0.748,0.745,1.100,1.100,1.100,1.100,0.000,25.14,0.2514,4.042,0.000,25.14,25.14,0.00,0,0,-1.28501,25.14,25.14,0.00,0,0,25.14,0.00,0.00,0.00,0.00,1.000,1.000,0.00,0,255.00,1,27.24,25.10,2.14,0.751,0.779,3.966,3.996,-0.003,-0.004,0.933,25.14,25,0.1913,1659,18083.18,18948.70,528,1,0
34793,0.751,0.751,1.100,1.100,1.100,1.100,0.000,25.19,0.2519,4.051,0.000,25.19,25.19,0.00,0,0,-1.31650,25.19,25.19,0.00,0,0,25.19,0.00,0.00,0.00,0.00,1.000,1.000,0.00,0,255.00,1,27.25,25.15,2.11,0.756,0.785,3.972,4.008,-0.005,-0.004,0.902,25.19,26,-0.4562,4739,6330.45,16151.95,545,1,0
34924,0.746,0.748,1.100,1.100,1.100,1.100,0.000,25.57,0.2557,4.070,0.000,25.57,25.57,0.00,0,0,-1.34805,25.57,25.57,0.00,0,0,25.57,0.00,0.00,0.00,0.00,1.000,1.000,0.00,0,255.00,1,27.57,25.44,2.12,0.753,0.782,4.004,4.126,-0.008,-0.004,0.913,25.57,26,-0.2305,1644,18248.18,14420.56,561,1,0
35058,0.776,0.767,1.100,1.100,1.100,1.100,0.000,25.12,0.2512,4.082,0.000,25.12,25.12,0.00,0,0,-1.37889,25.12,25.12,0.00,0,0,25.12,0.00,0.00,0.00,0.00,1.000,1.000,0.00,0,255.00,1,27.23,25.21,2.01,0.772,0.796,4.010,3.930,0.005,-0.004,0.837,25.12,25,-0.0934,433,69284.06,26635.43,579,1,0
35192,0.766,0.765,1.100,1.100,1.100,1.100,0.000,25.42,0.2542,4.088,0.000,25.42,25.42,0.00,0,0,-1.40892,25.42,25.42,0.00,0,0,25.42,0.00,0.00,0.00,0.00,1.000,1.000,0.00,0,255.00,1,27.39,25.38,2.02,0.771,0.797,4.010,4.047,-0.005,-0.004,0.830,25.42,26,-0.1951,5044,5947.66,20020.96,596,1,0
35329,0.764,0.760,1.100,1.100,1.100,1.100,0.000,25.86,0.2586,4.113,0.000,25.86,25.86,0.00,0,0,-1.43957,25.86,25.86,0.00,0,0,25.86,0.00,0.00,0.00,0.00,1.000,1.000,0.00,0,255.00,1,27.81,25.76,2.05,0.766,0.793,4.058,4.175,-0.001,-0.004,0.852,25.86,26,0.2496,1670,17964.07,16318.71,608,1,0
35464,0.784,0.780,1.100,1.100,1.100,1.100,0.000,25.38,0.2538,4.120,0.000,25.38,25.38,0.00,0,0,-1.46898,25.38,25.38,0.00,0,0,25.38,0.00,0.00,0.00,0.00,1.000,1.000,0.00,0,255.00,1,27.41,25.48,1.93,0.784,0.808,4.051,3.980,0.000,-0.004,0.774,25.38,26,-0.1214,15213,1972.00,13845.23,626,1,0
35598,0.776,0.777,1.100,1.100,1.100,1.100,0.000,25.72,0.2572,4.127,0.000,25.72,25.72,0.00,0,0,-1.49790,25.72,25.72,0.00,0,0,25.72,0.00,0.00,0.00,0.00,1.000,1.000,0.00,0,255.00,1,27.62,25.67,1.95,0.782,0.808,4.055,4.109,-0.007,-0.004,0.772,25.72,26,-0.3859,655,45801.53,21450.15,644,1,0
35733,0.779,0.779,1.100,1.100,1.100,1.100,0.000,25.91,0.2591,4.144,0.000,25.91,25.91,0.00,0,0,-1.52695,25.91,25.91,0.00,0,0,25.91,0.00,0.00,0.00,0.00,1.000,1.000,0.00,0,255.00,1,27.79,25.86,1.94,0.784,0.809,4.083,4.152,-0.005,-0.004,0.765,25.91,26,0.2686,1654,18137.85,18268.83,659,1,0
35863,0.786,0.787,1.100,1.100,1.100,1.100,0.000,25.82,0.2582,4.152,0.000,25.82,25.82,0.00,0,0,-1.55524,25.82,25.82,0.00,0,0,25.82,0.00,0.00,0.00,0.00,1.000,1.000,0.00,0,255.00,1,27.71,25.82,1.89,0.792,0.816,4.087,4.107,-0.006,-0.004,0.729,25.82,26,-0.3598,1648,18203.88,16456.51,674,1,0
36003,0.786,0.787,1.100,1.100,1.100,1.100,0.000,26.06,0.2606,4.164,0.000,26.06,26.06,0.00,0,0,-1.58330,26.06,26.06,0.00,0,0,26.06,0.00,0.00,0.00,0.00,1.000,1.000,0.00,0,255.00,1,27.89,26.00,1.89,0.792,0.817,4.104,4.183,-0.006,-0.004,0.724,26.06,26,0.4377,2098,14299.33,14239.04,694,1,0
36134,0.789,0.789,1.100,1.100,1.100,1.100,0.000,26.20,0.2620,4.184,0.000,26.20,26.20,0.00,0,0,-1.61144,26.20,26.20,0.00,0,0,26.20,0.00,0.00,0.00,0.00,1.000,1.000,0.00,0,255.00,1,28.04,26.17,1.87,0.794,0.818,4.135,4.203,-0.005,-0.004,0.718,26.20,26,0.0435,3827,7839.04,14075.26,714,1,0
36269,0.809,0.805,1.100,1.100,1.100,1.100,0.000,25.81,0.2581,4.188,0.000,25.81,25.81,0.00,0,0,-1.63850,25.81,25.81,0.00,0,0,25.81,0.00,0.00,0.00,0.00,1.000,1.000,0.00,0,255.00,1,27.71,25.92,1.78,0.809,0.830,4.125,4.055,0.000,-0.003,0.660,25.81,26,-0.0965,4442,6753.71,12364.59,727,2,0
36402,0.802,0.801,1.100,1.100,1.100,1.100,0.000,26.17,0.2617,4.195,0.000,26.17,26.17,0.00,0,0,-1.66527,26.17,26.17,0.00,0,0,26.17,0.00,0.00,0.00,0.00,1.000,1.000,0.00,0,255.00,1,27.94,26.14,1.80,0.806,0.829,4.131,4.184,-0.005,-0.004,0.662,26.17,26,0.0513,1634,18359.85,12191.01,741,3,0
36536,0.803,0.798,1.100,1.100,1.100,1.100,0.000,26.55,0.2655,4.221,0.000,26.55,26.55,0.00,0,0,-1.69274,26.55,26.55,0.00,0,0,26.55,0.00,0.00,0.00,0.00,1.000,1.000,0.00,0,255.00,1,28.32,26.49,1.82,0.802,0.825,4.183,4.277,0.000,-0.004,0.680,26.55,27,-0.1665,7721,3885.51,12519.35,756,3,0
36666,0.830,0.822,1.100,1.100,1.100,1.100,0.000,25.78,0.2578,4.221,0.000,25.78,25.78,0.00,0,0,-1.71866,25.78,25.78,0.00,0,0,25.78,0.00,0.00,0.00,0.00,1.000,1.000,0.00,0,255.00,1,27.68,26.00,1.68,0.826,0.844,4.160,3.996,0.005,-0.003,0.596,25.78,26,0.1891,3484,8610.79,13170.85,775,3,0
36806,0.796,0.807,1.100,1.100,1.100,1.100,0.000,26.61,0.2661,4.224,0.000,26.61,26.61,0.00,0,0,-1.74417,26.61,26.61,0.00,0,0,26.61,0.00,0.00,0.00,0.00,1.000,1.000,0.00,0,255.00,1,28.22,26.46,1.76,0.812,0.837,4.159,4.314,-0.017,-0.004,0.626,26.61,27,-0.3977,628,47770.70,21522.77,792,3,0
36936,0.816,0.807,1.100,1.100,1.100,1.100,0.000,26.83,0.2683,4.257,0.000,26.83,26.83,0.00,0,0,-1.77100,26.83,26.83,0.00,0,0,26.83,0.00,0.00,0.00,0.00,1.000,1.000,0.00,0,255.00,1,28.55,26.78,1.77,0.812,0.834,4.229,4.329,0.004,-0.004,0.638,26.83,27,-0.4867,1649,18192.84,17275.78,809,3,0
37036,0.843,0.834,1.100,1.100,1.100,1.100,0.000,25.85,0.2585,4.249,0.000,25.85,25.85,0.00,0,0,-1.78728,25.85,25.85,0.00,0,0,25.85,0.00,0.00,0.00,0.00,1.000,1.000,0.00,0,255.00,1,27.74,26.13,1.61,0.837,0.854,4.190,3.987,0.007,-0.003,0.551,25.85,26,-0.4111,2313,12970.17,15909.35,817,3,0
37166,0.806,0.817,1.100,1.100,1.100,1.100,0.000,26.78,0.2678,4.246,0.000,26.78,26.78,0.00,0,0,-1.81168,26.78,26.78,0.00,0,0,26.78,0.00,0.00,0.00,0.00,1.000,1.000,0.00,0,255.00,1,28.32,26.61,1.71,0.822,0.846,4.179,4.347,-0.017,-0.004,0.583,26.78,27,0.1600,4275,7017.54,13945.68,832,3,0
37306,0.813,0.809,1.100,1.100,1.100,1.100,0.000,27.31,0.2731,4.288,0.000,27.31,27.31,0.00,0,0,-1.83804,27.31,27.31,0.00,0,0,27.31,0.00,0.00,0.00,0.00,1.000,1.000,0.00,0,255.00,1,28.91,27.16,1.75,0.814,0.837,4.270,4.458,-0.001,-0.004,0.621,27.31,27,0.1331,3275,9160.31,14177.47,850,3,0
37436,0.867,0.858,1.100,1.100,1.100,1.100,0.000,25.39,0.2539,4.260,0.000,25.39,25.39,0.00,0,0,-1.86094,25.39,25.39,0.00,0,0,25.39,0.00,0.00,0.00,0.00,1.000,1.000,0.00,0,255.00,1,27.31,25.85,1.46,0.861,0.875,4.178,3.822,0.007,-0.002,0.468,25.39,26,-0.1836,3991,7516.91,13763.54,865,3,0
37539,0.816,0.828,1.100,1.100,1.100,1.100,0.000,26.90,0.2690,4.253,0.000,26.90,26.90,0.00,0,0,-1.88402,26.90,26.90,0.00,0,0,26.90,0.00,0.00,0.00,0.00,1.000,1.000,0.00,0,255.00,1,28.28,26.65,1.63,0.834,0.859,4.171,4.387,-0.019,-0.003,0.526,26.90,27,0.3146,1663,18039.69,15646.21,875,3,0
37669,0.821,0.810,1.100,1.100,1.100,1.100,0.000,27.88,0.2788,4.320,0.000,27.88,27.88,0.00,0,0,-1.91058,27.88,27.88,0.00,0,0,27.88,0.00,0.00,0.00,0.00,1.000,1.000,0.00,0,255.00,1,29.39,27.64,1.75,0.815,0.838,4.329,4.613,0.006,-0.004,0.613,27.88,27,0.4063,1649,18192.84,17243.56,895,3,0
37809,0.902,0.887,1.100,1.100,1.100,1.100,0.000,24.69,0.2469,4.273,0.000,24.69,24.69,0.00,0,0,-1.93179,24.69,24.69,0.00,0,0,24.69,0.00,0.00,0.00,0.00,1.000,1.000,0.00,0,255.00,1,26.76,25.46,1.30,0.888,0.897,4.180,3.563,0.015,-0.001,0.393,24.69,24,0.3496,3196,9386.73,16970.15,914,3,0
37938,0.766,0.804,1.100,1.100,1.100,1.100,0.000,28.50,0.2850,4.289,0.000,28.50,28.50,0.00,0,0,-1.95497,28.50,28.50,0.00,0,0,28.50,0.00,0.00,0.00,0.00,1.000,1.000,0.00,0,255.00,1,29.49,27.72,1.77,0.811,0.843,4.238,4.920,-0.048,-0.005,0.591,28.50,29,-0.2862,3533,8491.37,14581.10,929,3,0
38076,0.873,0.839,1.100,1.100,1.100,1.100,0.000,27.26,0.2726,4.361,0.000,27.26,27.26,0.00,0,0,-1.98118,27.26,27.26,0.00,0,0,27.26,0.00,0.00,0.00,0.00,1.000,1.000,0.00,0,255.00,1,29.04,27.46,1.58,0.842,0.857,4.386,4.304,0.032,-0.003,0.532,27.26,27,0.0612,4864,6167.76,13782.95,947,3,0
38208,0.902,0.911,1.100,1.100,1.100,1.100,0.000,24.11,0.2411,4.247,0.000,24.11,24.11,0.00,0,0,-1.99847,24.11,24.11,0.00,0,0,24.11,0.00,0.00,0.00,0.00,1.000,1.000,0.00,0,255.00,1,26.04,24.89,1.15,0.912,0.921,4.090,3.435,-0.009,-0.000,0.311,24.11,24,-0.3680,1691,17740.98,12083.58,963,3,0
38344,0.727,0.766,1.100,1.100,1.100,1.100,0.000,30.56,0.3056,4.335,0.000,30.56,30.56,0.00,0,0,-2.02391,30.56,30.56,0.00,0,0,30.56,0.00,0.00,0.00,0.00,1.000,1.000,0.00,0,255.00,1,31.16,29.17,1.99,0.775,0.815,4.346,5.614,-0.051,-0.007,0.726,30.56,31,-0.2012,3174,9451.80,13207.66,982,3,0
38472,0.924,0.869,1.100,1.100,1.100,1.100,0.000,26.52,0.2652,4.401,0.000,26.52,26.52,0.00,0,0,-2.04941,26.52,26.52,0.00,0,0,26.52,0.00,0.00,0.00,0.00,1.000,1.000,0.00,0,255.00,1,28.64,27.23,1.41,0.870,0.876,4.449,3.960,0.056,-0.002,0.464,26.52,27,-0.2103,2979,10070.49,13992.55,996,3,0
38572,1.007,0.977,1.100,1.100,1.100,1.100,0.000,21.26,0.2126,4.257,0.000,21.26,21.26,0.00,0,0,-2.05775,21.26,21.26,0.00,0,0,21.26,0.00,0.00,0.00,0.00,1.000,1.000,0.00,0,255.00,1,24.05,23.28,0.77,0.975,0.963,4.076,2.462,0.035,0.003,0.233,21.26,21,-0.0512,1753,17113.52,15304.76,1006,3,0
38708,0.669,0.748,1.100,1.100,1.100,1.100,0.000,31.73,0.3173,4.320,0.000,31.73,31.73,0.00,0,0,-2.08110,31.73,31.73,0.00,0,0,31.73,0.00,0.00,0.00,0.00,1.000,1.000,0.00,0,255.00,1,31.78,29.68,2.09,0.758,0.809,4.302,6.095,-0.095,-0.008,0.770,31.73,32,0.1190,402,74626.87,25794.78,1019,3,0
38844,0.992,0.864,1.100,1.100,1.100,1.100,0.000,27.26,0.2726,4.485,0.000,27.26,27.26,0.00,0,0,-2.11127,27.26,27.26,0.00,0,0,27.26,0.00,0.00,0.00,0.00,1.000,1.000,0.00,0,255.00,1,29.63,28.19,1.45,0.864,0.864,4.641,4.023,0.134,-0.003,0.512,27.26,27,0.3810,1763,17016.45,21678.84,1041,3,0
38972,1.025,1.036,1.100,1.100,1.100,1.100,0.000,18.79,0.1879,4.170,0.000,18.79,18.79,0.00,0,0,-2.11874,18.79,18.79,0.00,0,0,18.79,0.00,0.00,0.00,0.00,1.000,1.000,0.00,0,255.00,1,21.65,21.24,0.41,1.033,1.017,3.836,1.813,-0.005,0.005,0.146,18.79,19,0.0855,7697,3897.62,17516.33,1057,3,0
39111,0.530,0.648,1.100,1.100,1.100,1.100,0.000,35.32,0.3532,4.349,0.000,35.32,35.32,0.00,0,0,-2.13230,35.32,35.32,0.00,0,0,35.32,0.00,0.00,0.00,0.00,1.000,1.000,0.00,0,255.00,1,34.72,32.04,2.68,0.662,0.730,4.437,7.522,-0.141,-0.013,1.258,35.32,35,0.0796,1076,27881.04,20340.37,1077,3,0
39244,1.027,0.896,1.100,1.100,1.100,1.100,0.000,26.23,0.2623,4.525,4.816,26.23,26.23,0.00,0,0,-2.16355,26.23,26.23,0.00,0,0,26.23,0.00,0.00,0.00,0.00,1.000,1.000,0.00,0,255.00,1,29.16,27.89,1.27,0.893,0.881,4.738,3.504,0.140,-0.001,0.470,26.23,26,-0.0392,2409,12453.30,21510.61,1095,3,0
39380,0.976,1.061,1.100,1.100,1.100,1.100,0.000,18.98,0.1898,4.153,4.769,18.98,18.98,0.00,0,0,-2.16346,18.98,18.98,0.00,0,0,18.98,0.00,0.00,0.00,0.00,1.000,1.000,0.00,0,255.00,1,21.21,20.96,0.25,1.060,1.054,3.702,1.861,-0.090,0.006,0.075,18.98,19,-0.0414,887,33821.87,21424.26,1113,3,0
39508,0.511,0.609,1.100,1.100,1.100,1.100,0.000,36.08,0.3659,4.355,4.748,36.59,36.08,0.51,1,0,-2.16346,36.59,36.59,0.00,0,0,36.59,0.00,0.00,0.00,0.00,1.000,1.000,0.00,0,255.00,1,35.50,32.58,2.92,0.623,0.692,4.479,8.031,-0.118,-0.015,1.513,36.08,36,0.1009,1697,17678.26,21006.67,1128,3,0
39644,1.014,0.872,1.100,1.100,1.100,1.100,0.000,27.64,0.2764,4.586,4.765,27.64,27.64,0.00,0,0,-2.19777,27.64,27.64,0.00,0,0,27.64,0.00,0.00,0.00,0.00,1.000,1.000,0.00,0,255.00,1,30.55,29.14,1.41,0.869,0.859,4.903,3.850,0.151,-0.003,0.552,27.64,27,0.1804,7384,4062.84,15901.50,1146,3,0
39773,1.098,1.125,1.100,1.100,1.100,1.100,0.000,18.76,0.1876,4.213,4.759,18.76,18.76,0.00,0,0,-2.19540,18.76,18.76,0.00,0,0,18.76,0.00,0.00,0.00,0.00,1.000,1.000,0.00,0,255.00,1,20.84,20.99,-0.14,1.124,1.118,3.753,1.297,-0.025,0.009,0.055,18.76,18,0.4714,1926,15576.32,14754.86,1165,3,0
39912,0.542,0.668,1.100,1.100,1.100,1.100,0.000,32.46,0.3530,4.255,4.737,35.30,32.46,2.84,1,0,-2.19828,35.30,35.30,0.00,0,0,35.30,0.00,0.00,0.00,0.00,1.000,1.000,0.00,0,255.00,1,32.40,29.82,2.58,0.679,0.732,4.208,7.202,-0.145,-0.012,1.206,32.46,33,-0.2439,1664,18028.85,14402.02,1183,3,0
40040,0.946,0.781,1.100,1.100,1.100,1.100,0.000,31.82,0.3182,4.616,4.737,31.82,31.82,0.00,0,0,-2.23795,31.82,31.82,0.00,0,0,31.82,0.00,0.00,0.00,0.00,1.000,1.000,0.00,0,255.00,1,33.76,31.82,1.94,0.783,0.795,5.037,5.300,0.171,-0.007,0.811,31.82,32,0.2591,1668,17985.61,17268.24,1204,4,0
40140,1.311,1.150,1.100,1.100,1.100,1.100,0.000,18.96,0.1896,4.417,4.769,18.96,18.96,0.00,0,0,-2.24030,18.96,18.96,0.00,0,0,18.96,0.00,0.00,0.00,0.00,1.000,1.000,0.00,0,255.00,1,22.42,22.68,-0.26,1.143,1.111,4.311,0.585,0.183,0.010,0.149,18.96,19,0.3826,6125,4897.96,14229.07,1215,4,0
40270,0.764,0.897,1.100,1.100,1.100,1.100,0.000,25.48,0.2681,4.189,4.762,26.81,25.48,1.33,1,0,-2.24122,26.81,26.81,0.00,0,0,26.81,0.00,0.00,0.00,0.00,1.000,1.000,0.00,0,255.00,1,26.14,24.94,1.21,0.903,0.932,3.842,4.382,-0.145,-0.002,0.262,25.48,26,-0.2184,1650,18181.82,15829.21,1231,4,0
40409,0.645,0.633,1.100,1.100,1.100,1.100,0.000,36.76,0.3676,4.558,4.762,36.76,36.76,0.00,0,0,-2.25524,36.76,36.76,0.00,0,0,36.76,0.00,0.00,0.00,0.00,1.000,1.000,0.00,0,255.00,1,36.99,34.19,2.80,0.643,0.695,4.914,7.655,-0.001,-0.014,1.443,36.76,37,-0.3957,1801,16657.41,14063.96,1250,4,0
40538,1.286,1.148,1.100,1.100,1.100,1.100,0.000,19.18,0.1918,4.373,4.811,19.18,19.18,0.00,0,0,-2.26511,19.18,19.18,0.00,0,0,19.18,0.00,0.00,0.00,0.00,1.000,1.000,0.00,0,255.00,1,22.23,22.49,-0.26,1.143,1.118,4.200,0.801,0.158,0.010,0.118,19.18,19,0.4879,1690,17751.48,13864.74,1264,4,0
40674,0.650,0.851,1.100,1.100,1.100,1.100,0.000,25.47,0.2916,4.154,4.797,29.16,25.47,3.69,1,0,-2.26408,29.16,29.16,0.00,0,0,29.16,0.00,0.00,0.00,0.00,1.000,1.000,0.00,0,255.00,1,26.32,24.82,1.50,0.856,0.880,3.802,4.909,-0.220,-0.005,0.430,25.47,26,-0.2235,1709,17554.12,13934.60,1277,4,0
=== SHOT TELEMETRY END ===
