# SHOT START
# legend_version=3
# time_base=ms_since_boot
# units: pressure=bar, flow=ml_s, output=percent, derivative=bar_s
# raw_p = raw pressure sensor reading
# flt_p = filtered pressure used by controller
# sp_raw = raw incoming pressure setpoint currently held by the profile engine
# sp_flt = filtered pressure setpoint actually used internally by the controller
# sp_recipe = visual recipe reference; ideal profile target for display/comparison
# sp_ctrl = control reference after internal conditioning; command seen by control logic
# sp_flt_d = derivative of filtered pressure setpoint
# ctrl_out = final controller output command in percent
# pump_duty = internal normalized pressure-branch duty estimate
# pump_flow = estimated pump flow
# coffee_flow = estimated outflow through puck / coffee flow
# u_raw = pressure branch output after clamp and before final slew limiter
# u_applied = pressure branch output after final slew limiter
# u_delta = u_raw - u_applied; limiter intervention magnitude
# limiter_active_up = 1 when rise slew limiter is active
# limiter_active_down = 1 when drop slew limiter is active
# error_integral = integral state of legacy pressure controller
# u_unclamped_raw = controller output before 0..100 clamp
# u_clamped_raw = controller output after 0..100 clamp and before slew limiter
# u_clamp_delta = u_unclamped_raw - u_clamped_raw
# clamp_active_high = 1 when output was clipped by upper clamp
# clamp_active_low = 1 when output was clipped by lower clamp
# u_fb = legacy pressure feedback contribution
# u_ff_hold = static feedforward contribution
# u_ff_dyn = dynamic feedforward contribution
# u_ff_dyn_raw = raw dynamic feedforward request before FF-path LPF and slew limiting
# ff_pressure_w = pressure-window weight applied to dynamic FF
# ff_above_w = above-target suppression weight applied to dynamic FF
# ff_gamma = ramp-dependent gamma multiplier applied to dynamic FF
# u_ff_total = total feedforward contribution
# ramp_hold_active = 1 when the downstream drop-rate hold is active during ramp-up
# drop_rate_active = active downstream output drop-rate cap in percent per second
# mpc_shadow_enabled = 1 when shadow MPC is being computed in parallel
# mpc_u_shadow = total output suggested by shadow MPC; not applied to actuator in shadow stage
# mpc_u_ss = steady-state component suggested by shadow MPC
# mpc_u_trim = corrective trim component suggested by shadow MPC
# mpc_p1_pred = one-step pressure prediction from shadow MPC model
# mpc_pn_pred = terminal pressure prediction at end of shadow MPC horizon
# mpc_qout_est = estimated outflow / load used by shadow MPC model
# mpc_qout_raw = instantaneous outflow / load estimate before shadow-MPC LPF
# mpc_residual = measured minus predicted pressure residual for shadow MPC
# mpc_residual_bias = low-pass residual bias term added to shadow predictions
# mpc_cost = shadow MPC objective value
# power_cmd = floating-point power command sent to pump stage before integer quantization
# power_psm_quantized = integer power actually sent to PSM
# power_quant_residual = sigma-delta residual kept for next quantization step
# tach_period_us = measured time between valid tach pulses in microseconds
# tach_rpm_inst = instantaneous RPM derived from tach_period_us and pulses-per-revolution
# tach_rpm_ema = exponentially filtered published RPM intended for easier visual analysis
# tach_rpm_count_window = RPM derived from ISR-accepted pulse counts over a fixed time window
# tach_rpm_count_window_pcnt_raw = RPM derived from raw PCNT hardware counts over the same window (diagnostic only)
# tach_pcnt_ratio = raw PCNT pulse count divided by ISR-accepted pulse count in the current window
# tach_rpm_pub = RPM value selected for operational use after comparing period and count-window estimates
# tach_quality_ok = 1 when period and count-window RPM agree within tolerance
# tach_rpm_source = 0=none, 1=period branch, 2=count-window fallback
# tach_pulse_count = total number of valid tach pulses seen since the last reset
# tach_glitch_rejects = number of tach edges rejected as implausibly fast glitches or plausibility failures
# tach_pcnt_healthy = 1 when raw PCNT windows have matched ISR-accepted windows for multiple consecutive updates
# tach_timeout = 1 when no recent tach pulse is available and RPM is forced to zero
ms,raw_p,flt_p,sp_raw,sp_flt,sp_recipe,sp_ctrl,sp_flt_d,ctrl_out,pump_duty,pump_flow,coffee_flow,u_raw,u_applied,u_delta,limiter_active_up,limiter_active_down,error_integral,u_unclamped_raw,u_clamped_raw,u_clamp_delta,clamp_active_high,clamp_active_low,u_fb,u_ff_hold,u_ff_dyn,u_ff_dyn_raw,ff_pressure_w,ff_above_w,ff_gamma,u_ff_total,ramp_hold_active,drop_rate_active,mpc_shadow_enabled,mpc_u_shadow,mpc_u_ss,mpc_u_trim,mpc_p1_pred,mpc_pn_pred,mpc_qout_est,mpc_qout_raw,mpc_residual,mpc_residual_bias,mpc_cost,power_cmd,power_psm_quantized,power_quant_residual,tach_period_us,tach_rpm_inst,tach_rpm_ema,tach_rpm_count_window,tach_rpm_count_window_pcnt_raw,tach_pcnt_ratio,tach_rpm_pub,tach_quality_ok,tach_rpm_source,tach_pulse_count,tach_glitch_rejects,tach_pcnt_healthy,tach_timeout
29424,0.347,0.345,9.000,0.489,9.000,0.489,12.398,5.70,0.1117,0.082,0.000,11.17,5.70,5.47,1,0,0.00000,11.17,11.17,0.00,0,0,11.17,0.00,0.00,0.00,0.00,1.000,1.000,0.00,1,60.00,1,50.21,48.13,2.07,0.523,1.379,0.103,0.940,0.000,0.000,32.277,5.70,6,-0.3000,0,0.00,0.00,0.00,0.00,0.000,0.00,0,0,0,0,0,1
29524,0.320,0.325,9.000,2.166,9.000,2.166,30.508,17.10,0.3519,0.466,0.000,35.19,17.10,18.09,1,0,0.00000,35.19,35.19,0.00,0,0,33.62,0.00,1.57,8.50,0.30,1.000,1.047,1.57,1,60.00,1,59.40,54.40,5.00,0.509,1.385,0.602,2.989,-0.193,-0.017,226.884,17.10,17,0.2000,9454,3173.26,3173.26,0.00,0.00,0.000,3173.26,0,1,8,10,0,0
29661,0.303,0.308,9.000,4.511,9.000,4.511,22.906,34.20,0.5883,1.501,0.000,58.83,34.20,24.63,1,0,0.00000,58.83,58.83,0.00,0,0,54.09,0.00,4.74,8.50,1.00,1.000,1.160,4.74,1,60.00,1,68.81,63.81,5.00,0.476,1.274,1.896,5.920,-0.180,-0.039,346.244,34.20,35,-0.3000,8811,3404.83,3289.72,0.00,0.00,0.000,3404.83,0,1,22,49,0,0
29796,0.289,0.295,9.000,6.079,9.000,6.079,15.000,51.30,0.7411,2.972,0.000,74.11,51.30,22.81,1,0,0.00000,74.11,74.11,0.00,0,0,67.65,0.00,6.46,8.50,1.00,1.000,1.160,6.46,1,60.00,1,78.22,73.22,5.00,0.443,1.140,3.659,8.815,-0.162,-0.055,409.267,51.30,52,-0.5000,8779,3417.25,3452.09,0.00,0.00,0.000,3417.25,0,1,37,95,0,0
29898,0.249,0.263,9.000,6.807,9.000,6.807,11.266,62.70,0.8116,4.146,0.000,81.16,62.70,18.46,1,0,0.00000,81.16,81.16,0.00,0,0,74.02,0.00,7.14,8.50,1.00,1.000,1.160,7.14,1,60.00,1,84.49,79.49,5.00,0.395,1.014,5.056,10.913,-0.156,-0.064,446.858,62.70,62,0.2000,7566,3965.11,3306.98,3049.01,3708.25,1.216,3049.01,0,2,47,160,0,0
30036,0.232,0.240,9.000,7.573,9.000,7.573,7.329,79.80,0.8843,6.135,0.000,88.43,79.80,8.63,1,0,0.00000,88.43,88.43,0.00,0,0,80.66,0.00,7.76,8.50,0.89,1.000,1.142,7.76,0,255.00,1,93.89,88.89,5.00,0.348,0.853,7.358,13.816,-0.125,-0.073,491.090,79.80,80,-0.5000,6503,4613.26,3181.09,3049.01,3708.25,1.216,3049.01,0,2,62,225,0,0
30136,0.231,0.233,9.000,7.929,9.000,7.929,5.503,91.20,0.9174,7.584,0.000,91.74,91.20,0.54,1,0,0.00000,91.74,91.74,0.00,0,0,83.73,0.00,8.01,8.50,0.64,1.000,1.103,8.01,0,255.00,1,100.00,95.16,5.00,0.326,0.756,8.986,15.685,-0.103,-0.076,514.646,91.20,91,0.2000,8432,3557.87,3133.54,3049.01,3708.25,1.216,3049.01,0,2,72,290,0,0
30269,0.212,0.218,9.000,8.303,9.000,8.303,3.580,99.02,0.9902,9.685,0.000,99.02,99.02,0.00,0,0,-0.47443,99.02,99.02,0.00,0,0,90.82,0.00,8.21,8.35,0.33,1.000,1.053,8.21,0,255.00,1,100.00,99.46,5.00,0.262,0.466,11.258,17.001,-0.065,-0.077,558.603,99.02,99,0.2584,7722,3885.00,3194.67,3333.40,5238.19,1.571,3333.40,0,2,88,374,0,0
30405,0.194,0.200,9.000,8.607,9.000,8.607,2.018,98.85,0.9885,11.826,0.000,98.85,98.85,0.00,0,0,-0.47443,98.85,98.85,0.00,0,0,93.46,0.00,5.39,1.76,0.12,1.000,1.020,5.39,0,255.00,1,100.00,99.37,5.00,0.206,0.236,13.389,16.960,-0.020,-0.069,596.158,98.85,99,-0.0181,6914,4339.02,3276.57,3333.40,5238.19,1.571,3333.40,0,2,105,405,0,0
30540,0.173,0.175,9.000,8.744,9.000,8.744,1.313,97.96,0.9796,12.965,0.000,97.96,97.96,0.00,0,0,-0.47443,97.96,97.96,0.00,0,0,94.68,0.00,3.28,0.52,0.05,1.000,1.009,3.28,0,255.00,1,100.00,98.88,5.00,0.167,0.133,14.428,16.887,0.002,-0.061,614.192,97.96,98,-0.2706,7176,4180.60,3304.30,3333.40,5238.19,1.571,3333.40,0,2,120,440,0,0
30675,0.196,0.185,9.000,8.834,9.000,8.834,0.854,99.39,0.9939,13.888,0.000,99.39,99.39,0.00,0,0,-0.73250,99.39,99.39,0.00,0,0,97.51,0.00,1.88,0.15,0.02,1.000,1.004,1.88,0,255.00,1,100.00,99.67,5.00,0.171,0.104,15.194,16.923,0.025,-0.052,621.064,99.39,100,-0.4922,6703,4475.61,3404.66,3509.95,5468.99,1.558,3509.95,0,2,138,471,0,0
30807,0.212,0.208,9.000,8.892,9.000,8.892,0.556,99.01,0.9901,14.568,0.000,99.01,99.01,0.00,0,0,-0.73250,99.01,99.01,0.00,0,0,97.96,0.00,1.05,0.04,0.01,1.000,1.001,1.05,0,255.00,1,100.00,99.46,5.00,0.193,0.124,15.638,16.655,0.019,-0.042,621.131,99.01,99,-0.1363,7099,4225.95,3456.04,3509.95,5468.99,1.558,3509.95,0,2,153,504,0,0
30946,0.232,0.226,9.000,8.930,9.000,8.930,0.361,98.83,0.9883,15.072,0.000,98.83,98.83,0.00,0,0,-0.73250,98.83,98.83,0.00,0,0,98.25,0.00,0.58,0.01,0.00,1.000,1.000,0.58,0,255.00,1,100.00,99.36,5.00,0.213,0.152,15.909,16.519,0.021,-0.034,619.518,98.83,99,-0.4875,7225,4152.25,3482.35,3509.95,5468.99,1.558,3509.95,0,2,168,532,0,0
31079,0.257,0.249,9.000,8.954,9.000,8.954,0.235,98.74,0.9874,15.447,0.000,98.74,98.74,0.00,0,0,-0.73250,98.74,98.74,0.00,0,0,98.42,0.00,0.32,0.00,0.00,1.000,1.000,0.32,0,255.00,1,100.00,99.31,5.00,0.239,0.191,16.066,16.396,0.021,-0.027,615.974,98.74,99,-0.1864,7225,4152.25,3517.05,3553.46,5774.37,1.625,3553.46,0,2,185,573,0,0
31180,0.280,0.268,9.000,8.993,9.000,8.993,0.036,98.74,0.9874,16.267,0.000,98.74,98.74,0.00,0,0,-0.73250,98.74,98.74,0.00,0,0,98.72,0.00,0.02,0.00,0.00,1.000,1.000,0.02,0,255.00,1,100.00,99.31,5.00,0.265,0.252,16.431,16.473,0.017,-0.011,611.176,98.74,98,0.4633,7224,4152.82,3551.46,3553.46,5774.37,1.625,3553.46,0,2,196,601,0,0
31314,8.915,6.844,9.000,8.995,9.000,8.995,0.024,83.29,0.6270,15.077,0.000,62.70,83.29,-20.58,0,1,-0.92985,62.70,62.70,0.00,0,0,62.69,0.00,0.01,0.00,0.00,1.000,1.000,0.01,0,255.00,1,95.81,90.81,5.00,6.830,6.761,12.978,0.000,2.259,0.080,41.035,83.29,83,0.2720,8097,3705.08,3582.76,3553.46,5774.37,1.625,3705.08,1,1,211,679,0,0
31453,8.607,8.483,9.000,8.997,9.000,8.997,0.015,60.34,0.2904,12.668,0.000,29.04,60.34,-31.30,0,1,-0.99807,29.04,29.04,0.00,0,0,29.03,0.00,0.01,0.00,0.00,1.000,1.000,0.01,0,255.00,1,81.27,78.18,3.09,8.487,8.509,9.176,0.000,0.146,0.080,7.245,60.34,60,0.2306,7135,4204.62,3503.11,3419.54,5454.97,1.595,3419.54,0,2,226,880,0,0
31587,5.653,6.400,9.000,8.998,9.000,8.998,0.010,63.51,0.7048,10.849,0.000,70.48,63.51,6.98,1,0,-1.02273,70.48,70.48,0.00,0,0,70.48,0.00,0.00,0.00,0.00,1.000,1.000,0.00,0,255.00,1,84.93,79.93,5.00,6.411,6.463,6.487,0.000,-0.830,-0.022,57.747,63.51,63,0.2278,7187,4174.20,3472.85,3419.54,5454.97,1.595,3419.54,0,2,241,1035,0,0
31689,4.479,4.918,9.000,8.999,9.000,8.999,0.008,74.91,0.8505,10.367,0.000,85.05,74.91,10.15,1,0,-1.02273,85.05,85.05,0.00,0,0,85.05,0.00,0.00,0.00,0.00,1.000,1.000,0.00,0,255.00,1,91.20,86.20,5.00,4.899,4.811,7.396,12.974,-0.473,-0.080,141.359,74.91,75,0.3388,8385,3577.82,3485.32,3419.54,5454.97,1.595,3577.82,1,1,252,1129,0,0
31826,6.306,5.885,9.000,8.999,9.000,8.999,0.005,79.22,0.7922,9.940,0.000,79.22,79.22,0.00,0,0,-1.22346,79.22,79.22,0.00,0,0,79.22,0.00,0.00,0.00,0.00,1.000,1.000,0.00,0,255.00,1,93.57,88.57,5.00,5.899,5.965,7.581,4.163,0.466,-0.026,77.329,79.22,80,-0.4305,8272,3626.69,3384.91,3279.57,5359.30,1.634,3279.57,0,2,266,1270,0,0
31926,7.853,7.311,9.000,8.999,9.000,8.999,0.004,63.92,0.6118,9.274,0.000,61.18,63.92,-2.74,0,1,-1.34262,61.18,61.18,0.00,0,0,61.18,0.00,0.00,0.00,0.00,1.000,1.000,0.00,0,255.00,1,82.89,77.89,5.00,7.368,7.632,6.017,0.000,0.554,0.037,21.565,63.92,64,0.0624,7277,4122.58,3346.99,3279.57,5359.30,1.634,3279.57,0,2,276,1393,0,0
32063,7.883,7.909,9.000,9.000,9.000,9.000,0.002,50.92,0.5092,8.026,0.000,50.92,50.92,0.00,0,0,-1.44252,50.92,50.92,0.00,0,0,50.92,0.00,0.00,0.00,0.00,1.000,1.000,0.00,0,255.00,1,63.22,58.22,5.00,7.970,8.262,4.254,0.000,-0.090,0.049,7.631,50.92,51,-0.0193,6385,4698.51,3314.09,3279.57,5359.30,1.634,3279.57,0,2,293,1684,0,0
32163,6.850,7.156,9.000,9.000,9.000,9.000,0.002,62.32,0.6542,7.525,0.000,65.42,62.32,3.10,1,0,-1.44252,65.42,65.42,0.00,0,0,65.42,0.00,0.00,0.00,0.00,1.000,1.000,0.00,0,255.00,1,65.56,60.56,5.00,7.203,7.428,3.701,2.979,-0.391,0.006,22.093,62.32,62,-0.0868,8564,3503.04,3361.78,3375.94,5063.92,1.500,3503.04,1,1,304,1787,0,0
32296,7.427,7.165,9.000,9.000,9.000,9.000,0.001,67.09,0.6709,7.166,0.000,67.09,67.09,0.00,0,0,-1.56126,67.09,67.09,0.00,0,0,67.09,0.00,0.00,0.00,0.00,1.000,1.000,0.00,0,255.00,1,71.37,66.37,5.00,7.208,7.412,4.150,3.698,0.248,0.001,22.395,67.09,67,-0.1852,9077,3305.06,3354.51,3375.94,5063.92,1.500,3305.06,1,1,320,1881,0,0
32437,8.637,8.346,9.000,9.000,9.000,9.000,0.001,46.06,0.4439,6.427,0.000,44.39,46.06,-1.67,0,1,-1.65426,44.39,44.39,0.00,0,0,44.39,0.00,0.00,0.00,0.00,1.000,1.000,0.00,0,255.00,1,50.12,46.52,3.61,8.404,8.684,2.984,0.000,0.263,0.046,1.695,46.06,46,-0.0614,7729,3881.49,3364.97,3375.94,5063.92,1.500,3375.94,0,2,334,2137,0,0
32573,7.206,7.574,9.000,9.000,9.000,9.000,0.000,55.78,0.6160,5.817,0.000,61.60,55.78,5.82,1,0,-1.67346,61.60,61.60,0.00,0,0,61.60,0.00,0.00,0.00,0.00,1.000,1.000,0.00,0,255.00,1,54.59,49.59,5.00,7.610,7.781,2.663,4.675,-0.453,-0.001,13.208,55.78,56,0.1851,7970,3764.12,3284.70,3200.49,4080.62,1.275,3200.49,0,2,350,2311,0,0
32675,6.687,6.878,9.000,9.000,9.000,9.000,0.000,67.18,0.7324,5.791,0.000,73.24,67.18,6.06,1,0,-1.67346,73.24,73.24,0.00,0,0,73.24,0.00,0.00,0.00,0.00,1.000,1.000,0.00,0,255.00,1,71.48,66.48,5.00,6.891,6.953,4.161,10.682,-0.229,-0.034,34.512,67.18,67,-0.1506,7212,4159.73,3254.38,3200.49,4080.62,1.275,3200.49,0,2,359,2395,0,0
32808,8.209,7.829,9.000,9.000,9.000,9.000,0.000,58.92,0.5892,5.701,0.000,58.92,58.92,0.00,0,0,-1.81672,58.92,58.92,0.00,0,0,58.92,0.00,0.00,0.00,0.00,1.000,1.000,0.00,0,255.00,1,68.41,63.41,5.00,7.859,7.999,4.368,1.062,0.396,0.010,9.974,58.92,59,-0.3466,7247,4139.64,3228.08,3200.49,4080.62,1.275,3200.49,0,2,375,2547,0,0
32946,8.563,8.538,9.000,9.000,9.000,9.000,0.000,44.33,0.4433,5.122,0.000,44.33,44.33,0.00,0,0,-1.86667,44.33,44.33,0.00,0,0,44.33,0.00,0.00,0.00,0.00,1.000,1.000,0.00,0,255.00,1,48.86,46.30,2.56,8.577,8.767,3.088,0.000,-0.010,0.033,1.021,44.33,45,-0.2829,6824,4396.25,3269.02,3311.98,4523.68,1.366,3311.98,0,2,391,2737,0,0
33080,6.687,7.215,9.000,9.000,9.000,9.000,0.000,61.43,0.7097,4.962,0.000,70.97,61.43,9.54,1,0,-1.86667,70.97,70.97,0.00,0,0,70.97,0.00,0.00,0.00,0.00,1.000,1.000,0.00,0,255.00,1,66.28,61.28,5.00,7.220,7.244,3.874,10.191,-0.605,-0.033,25.205,61.43,62,-0.0929,6760,4437.87,3271.91,3311.98,4523.68,1.366,3311.98,0,2,405,2886,0,0
33183,7.004,6.965,9.000,9.000,9.000,9.000,0.000,72.83,0.7484,5.162,0.000,74.84,72.83,2.01,1,0,-1.86667,74.84,74.84,0.00,0,0,74.84,0.00,0.00,0.00,0.00,1.000,1.000,0.00,0,255.00,1,83.01,78.01,5.00,6.966,6.972,5.347,10.981,0.046,-0.040,34.208,72.83,73,-0.1329,7505,3997.34,3286.33,3311.98,4523.68,1.366,3311.98,0,2,415,2990,0,0
33318,8.916,8.493,9.000,9.000,9.000,9.000,0.000,54.10,0.4668,5.044,0.000,46.68,54.10,-7.42,0,1,-1.96044,46.68,46.68,0.00,0,0,46.68,0.00,0.00,0.00,0.00,1.000,1.000,0.00,0,255.00,1,64.41,61.52,2.89,8.522,8.661,4.475,0.000,0.444,0.029,2.516,54.10,54,0.1124,8481,3537.32,3243.07,3197.68,4077.04,1.275,3197.68,0,2,430,3239,0,0
33456,8.441,8.575,9.000,9.000,9.000,9.000,0.000,46.11,0.4611,4.574,0.000,46.11,46.11,0.00,0,0,-1.98934,46.11,46.11,0.00,0,0,46.11,0.00,0.00,0.00,0.00,1.000,1.000,0.00,0,255.00,1,50.21,47.81,2.39,8.605,8.750,3.164,0.000,-0.178,0.024,0.962,46.11,46,0.4537,6753,4442.47,3228.38,3197.68,4077.04,1.275,3197.68,0,2,445,3436,0,0
33591,6.605,7.073,9.000,9.000,9.000,9.000,0.000,63.21,0.7508,4.604,0.000,75.08,63.21,11.87,1,0,-1.98934,75.08,75.08,0.00,0,0,75.08,0.00,0.00,0.00,0.00,1.000,1.000,0.00,0,255.00,1,72.42,67.42,5.00,7.063,7.015,4.600,10.819,-0.519,-0.046,31.976,63.21,63,-0.0281,8358,3589.38,3291.74,3507.96,5304.72,1.512,3589.38,1,1,461,3610,0,0
33693,7.120,7.035,9.000,9.000,9.000,9.000,0.000,74.61,0.7564,4.882,0.000,75.64,74.61,1.04,1,0,-1.98934,75.64,75.64,0.00,0,0,75.64,0.00,0.00,0.00,0.00,1.000,1.000,0.00,0,255.00,1,87.98,82.98,5.00,7.030,7.008,5.909,10.876,0.105,-0.042,33.640,74.61,74,0.4839,7901,3796.99,3369.58,3507.96,5304.72,1.512,3507.96,0,2,472,3707,0,0
33827,9.006,8.516,9.000,9.000,9.000,9.000,0.000,52.89,0.4855,4.799,0.000,48.55,52.89,-4.34,0,1,-2.07858,48.55,48.55,0.00,0,0,48.55,0.00,0.00,0.00,0.00,1.000,1.000,0.00,0,255.00,1,66.57,63.76,2.80,8.537,8.635,4.885,0.000,0.528,0.027,3.543,52.89,53,0.1019,8087,3709.66,3454.28,3507.96,5304.72,1.512,3507.96,0,2,487,3953,0,0
33965,8.324,8.507,9.000,9.000,9.000,9.000,0.000,49.23,0.4923,4.415,0.000,49.23,49.23,0.00,0,0,-2.10887,49.23,49.23,0.00,0,0,49.23,0.00,0.00,0.00,0.00,1.000,1.000,0.00,0,255.00,1,54.57,51.74,2.83,8.533,8.655,3.475,0.192,-0.227,0.019,1.578,49.23,49,-0.2092,8537,3514.11,3437.33,3287.31,4848.78,1.475,3287.31,0,2,501,4183,0,0
34099,6.878,7.154,9.000,9.000,9.000,9.000,0.000,66.33,0.7566,4.548,0.000,75.66,66.33,9.33,1,0,-2.10887,75.66,75.66,0.00,0,0,75.66,0.00,0.00,0.00,0.00,1.000,1.000,0.00,0,255.00,1,77.25,72.25,5.00,7.144,7.101,5.040,10.698,-0.300,-0.043,29.798,66.33,67,-0.3285,6769,4431.97,3364.12,3287.31,4848.78,1.475,3287.31,0,2,515,4297,0,0
34201,7.652,7.367,9.000,9.000,9.000,9.000,0.000,73.01,0.7301,4.813,0.000,73.01,73.01,0.00,0,0,-2.15787,73.01,73.01,0.00,0,0,73.01,0.00,0.00,0.00,0.00,1.000,1.000,0.00,0,255.00,1,87.90,82.90,5.00,7.365,7.360,6.022,8.866,0.323,-0.029,24.127,73.01,73,-0.2903,7938,3779.29,3336.47,3287.31,4848.78,1.475,3287.31,0,2,525,4436,0,0
34340,9.079,8.755,9.000,9.000,9.000,9.000,0.000,50.06,0.4789,4.638,0.000,47.89,50.06,-2.17,0,1,-2.21509,47.89,47.89,0.00,0,0,47.89,0.00,0.00,0.00,0.00,1.000,1.000,0.00,0,255.00,1,61.00,59.66,1.34,8.778,8.888,4.526,0.000,0.338,0.033,1.637,50.06,50,-0.1564,6507,4610.42,3278.19,3077.28,4181.94,1.359,3077.28,0,2,540,4715,0,0
34478,8.252,8.466,9.000,9.000,9.000,9.000,0.000,52.25,0.5225,4.328,0.000,52.25,52.25,0.00,0,0,-2.24391,52.25,52.25,0.00,0,0,52.25,0.00,0.00,0.00,0.00,1.000,1.000,0.00,0,255.00,1,55.91,52.82,3.09,8.489,8.602,3.394,1.775,-0.261,0.013,1.724,52.25,52,0.2493,7412,4047.49,3180.15,3077.28,4181.94,1.359,3077.28,0,2,555,4972,0,0
34612,7.042,7.251,9.000,9.000,9.000,9.000,0.000,69.35,0.7622,4.534,0.000,76.22,69.35,6.87,1,0,-2.24391,76.22,76.22,0.00,0,0,76.22,0.00,0.00,0.00,0.00,1.000,1.000,0.00,0,255.00,1,79.57,74.57,5.00,7.243,7.206,5.133,10.551,-0.227,-0.042,26.609,69.35,69,0.1850,7801,3845.66,3129.95,3077.28,4181.94,1.359,3077.28,0,2,570,5111,0,0
34750,8.425,8.057,9.000,9.000,9.000,9.000,0.000,63.46,0.6346,4.755,0.000,63.46,63.46,0.00,0,0,-2.36048,63.46,63.46,0.00,0,0,63.46,0.00,0.00,0.00,0.00,1.000,1.000,0.00,0,255.00,1,79.33,74.33,5.00,8.064,8.097,5.554,3.089,0.405,-0.001,9.722,63.46,63,-0.0213,7007,4281.43,3138.42,3172.22,3904.27,1.231,3172.22,0,2,584,5412,0,0
34885,8.882,8.834,9.000,9.000,9.000,9.000,0.000,50.09,0.5009,4.451,0.000,50.09,50.09,0.00,0,0,-2.38540,50.09,50.09,0.00,0,0,50.09,0.00,0.00,0.00,0.00,1.000,1.000,0.00,0,255.00,1,56.28,55.42,0.86,8.858,8.976,3.927,0.000,0.032,0.030,0.511,50.09,51,-0.4164,8426,3560.41,3154.92,3172.22,3904.27,1.231,3172.22,0,2,601,5616,0,0
34987,8.087,8.329,9.000,9.000,9.000,9.000,0.000,58.54,0.5854,4.365,0.000,58.54,58.54,0.00,0,0,-2.41765,58.54,58.54,0.00,0,0,58.54,0.00,0.00,0.00,0.00,1.000,1.000,0.00,0,255.00,1,61.82,57.88,3.94,8.349,8.444,3.618,3.820,-0.290,0.003,2.932,58.54,59,-0.4111,7820,3836.32,3161.15,3172.22,3904.27,1.231,3172.22,0,2,612,5760,0,0
35124,7.690,7.703,9.000,9.000,9.000,9.000,0.000,71.96,0.7196,4.608,0.000,71.96,71.96,0.00,0,0,-2.45655,71.96,71.96,0.00,0,0,71.96,0.00,0.00,0.00,0.00,1.000,1.000,0.00,0,255.00,1,80.80,75.80,5.00,7.706,7.717,5.104,8.976,-0.019,-0.025,14.198,71.96,72,-0.2648,8570,3500.58,3284.76,3405.30,4593.20,1.349,3500.58,1,1,626,5902,0,0
35264,8.961,8.722,9.000,9.000,9.000,9.000,0.000,53.94,0.5394,4.483,0.000,53.94,53.94,0.00,0,0,-2.50756,53.94,53.94,0.00,0,0,53.94,0.00,0.00,0.00,0.00,1.000,1.000,0.00,0,255.00,1,60.42,58.85,1.57,8.741,8.832,4.112,0.000,0.251,0.021,0.839,53.94,54,0.0089,6555,4576.66,3343.58,3405.30,4593.20,1.349,3405.30,0,2,642,6178,0,0
35398,8.196,8.403,9.000,9.000,9.000,9.000,0.000,59.10,0.5910,4.325,0.000,59.10,59.10,0.00,0,0,-2.54193,59.10,59.10,0.00,0,0,59.10,0.00,0.00,0.00,0.00,1.000,1.000,0.00,0,255.00,1,60.77,57.26,3.50,8.421,8.507,3.488,3.970,-0.249,0.001,2.242,59.10,59,0.2580,7260,4132.23,3377.61,3405.30,4593.20,1.349,3405.30,0,2,659,6402,0,0
35501,7.808,7.955,9.000,9.000,9.000,9.000,0.000,69.16,0.6916,4.442,0.000,69.16,69.16,0.00,0,0,-2.57327,69.16,69.16,0.00,0,0,69.16,0.00,0.00,0.00,0.00,1.000,1.000,0.00,0,255.00,1,73.61,68.61,5.00,7.963,7.998,4.307,8.090,-0.174,-0.020,8.483,69.16,69,0.2207,8066,3719.32,3386.52,3402.36,4941.53,1.452,3402.36,0,2,669,6507,0,0
35637,8.846,8.597,9.000,9.000,9.000,9.000,0.000,57.93,0.5793,4.460,0.000,57.93,57.93,0.00,0,0,-2.63650,57.93,57.93,0.00,0,0,57.93,0.00,0.00,0.00,0.00,1.000,1.000,0.00,0,255.00,1,64.09,61.74,2.36,8.610,8.673,4.209,1.343,0.265,0.010,1.442,57.93,58,-0.1016,7509,3995.21,3398.26,3402.36,4941.53,1.452,3402.36,0,2,684,6761,0,0
35739,8.819,8.786,9.000,9.000,9.000,9.000,0.000,55.86,0.5586,4.336,0.000,55.86,55.86,0.00,0,0,-2.65043,55.86,55.86,0.00,0,0,55.86,0.00,0.00,0.00,0.00,1.000,1.000,0.00,0,255.00,1,56.36,55.19,1.17,8.807,8.910,3.447,0.619,0.017,0.016,0.146,55.86,56,-0.0435,8559,3505.08,3420.28,3402.36,4941.53,1.452,3505.08,1,1,694,6842,0,0
35873,8.077,8.236,9.000,9.000,9.000,9.000,0.000,65.67,0.6567,4.343,0.000,65.67,65.67,0.00,0,0,-2.70206,65.67,65.67,0.00,0,0,65.67,0.00,0.00,0.00,0.00,1.000,1.000,0.00,0,255.00,1,67.76,63.20,4.56,8.247,8.300,3.815,6.416,-0.189,-0.012,4.195,65.67,66,0.0280,8309,3610.54,3327.40,3168.65,3643.95,1.150,3168.65,0,2,709,7011,0,0
36011,8.580,8.421,9.000,9.000,9.000,9.000,0.000,62.78,0.6278,4.426,0.000,62.78,62.78,0.00,0,0,-2.76625,62.78,62.78,0.00,0,0,62.78,0.00,0.00,0.00,0.00,1.000,1.000,0.00,0,255.00,1,68.32,64.86,3.46,8.429,8.466,4.274,3.998,0.167,-0.004,2.769,62.78,63,0.0995,8584,3494.87,3249.93,3168.65,3643.95,1.150,3168.65,0,2,725,7175,0,0
36144,8.788,8.766,9.000,9.000,9.000,9.000,0.000,58.84,0.5884,4.315,0.000,58.84,58.84,0.00,0,0,-2.79188,58.84,58.84,0.00,0,0,58.84,0.00,0.00,0.00,0.00,1.000,1.000,0.00,0,255.00,1,58.77,57.46,1.31,8.783,8.866,3.536,1.686,0.008,0.010,0.224,58.84,59,0.0237,9664,3104.30,3202.41,3168.65,3643.95,1.150,3104.30,1,1,738,7327,0,0
36284,8.469,8.530,9.000,9.000,9.000,9.000,0.000,62.27,0.6227,4.285,0.000,62.27,62.27,0.00,0,0,-2.82805,62.27,62.27,0.00,0,0,62.27,0.00,0.00,0.00,0.00,1.000,1.000,0.00,0,255.00,1,62.58,59.81,2.77,8.542,8.598,3.602,4.431,-0.081,-0.004,1.433,62.27,63,-0.2432,7252,4136.79,3192.73,3182.56,4243.42,1.333,3182.56,0,2,754,7531,0,0
36384,8.547,8.507,9.000,9.000,9.000,9.000,0.000,63.10,0.6310,4.303,0.000,63.10,63.10,0.00,0,0,-2.85897,63.10,63.10,0.00,0,0,63.10,0.00,0.00,0.00,0.00,1.000,1.000,0.00,0,255.00,1,64.93,62.00,2.93,8.516,8.558,3.846,4.562,0.035,-0.005,1.717,63.10,63,0.1527,9183,3266.91,3205.94,3182.56,4243.42,1.333,3266.91,1,1,764,7679,0,0
36523,8.667,8.640,9.000,9.000,9.000,9.000,0.000,62.29,0.6229,4.292,0.000,62.29,62.29,0.00,0,0,-2.89465,62.29,62.29,0.00,0,0,62.29,0.00,0.00,0.00,0.00,1.000,1.000,0.00,0,255.00,1,63.45,61.33,2.12,8.650,8.699,3.814,3.522,0.021,-0.000,0.833,62.29,63,-0.4020,7031,4266.82,3194.53,3182.56,4243.42,1.333,3182.56,0,2,780,7848,0,0
36656,8.686,8.682,9.000,9.000,9.000,9.000,0.000,62.35,0.6235,4.267,0.000,62.35,62.35,0.00,0,0,-2.92365,62.35,62.35,0.00,0,0,62.35,0.00,0.00,0.00,0.00,1.000,1.000,0.00,0,255.00,1,62.46,60.61,1.86,8.693,8.745,3.708,3.537,-0.007,0.000,0.604,62.35,62,0.2544,6904,4345.31,3296.35,3403.18,4748.63,1.395,3403.18,0,2,796,8036,0,0
36795,8.677,8.678,9.000,9.000,9.000,9.000,0.000,62.95,0.6295,4.258,0.000,62.95,62.95,0.00,0,0,-2.95296,62.95,62.95,0.00,0,0,62.95,0.00,0.00,0.00,0.00,1.000,1.000,0.00,0,255.00,1,63.04,61.15,1.89,8.688,8.733,3.737,3.857,-0.011,-0.001,0.647,62.95,63,-0.3103,6331,4738.59,3348.49,3403.18,4748.63,1.395,3403.18,0,2,813,8225,0,0
36895,8.670,8.672,9.000,9.000,9.000,9.000,0.000,63.40,0.6340,4.258,0.000,63.40,63.40,0.00,0,0,-2.97260,63.40,63.40,0.00,0,0,63.40,0.00,0.00,0.00,0.00,1.000,1.000,0.00,0,255.00,1,63.73,61.79,1.94,8.680,8.720,3.793,4.045,-0.011,-0.002,0.698,63.40,63,0.2740,6629,4525.57,3368.18,3403.18,4748.63,1.395,3403.18,0,2,824,8352,0,0
37036,8.709,8.710,9.000,9.000,9.000,9.000,0.000,63.64,0.6364,4.256,0.000,63.64,63.64,0.00,0,0,-3.00818,63.64,63.64,0.00,0,0,63.64,0.00,0.00,0.00,0.00,1.000,1.000,0.00,0,255.00,1,63.94,62.23,1.71,8.718,8.755,3.836,3.954,-0.009,-0.002,0.539,63.64,64,0.1411,6440,4658.39,3437.45,3470.68,4439.24,1.279,3470.68,0,2,840,8525,0,0
37171,8.758,8.754,9.000,9.000,9.000,9.000,0.000,63.58,0.6358,4.248,0.000,63.58,63.58,0.00,0,0,-3.03121,63.58,63.58,0.00,0,0,63.58,0.00,0.00,0.00,0.00,1.000,1.000,0.00,0,255.00,1,63.52,62.08,1.44,8.762,8.800,3.820,3.774,-0.004,-0.001,0.368,63.58,64,-0.2010,6757,4439.84,3453.67,3470.68,4439.24,1.279,3470.68,0,2,857,8722,0,0
37310,8.762,8.763,9.000,9.000,9.000,9.000,0.000,63.89,0.6389,4.243,0.000,63.89,63.89,0.00,0,0,-3.05254,63.89,63.89,0.00,0,0,63.89,0.00,0.00,0.00,0.00,1.000,1.000,0.00,0,255.00,1,63.72,62.33,1.39,8.770,8.804,3.831,3.926,-0.008,-0.001,0.350,63.89,64,0.0564,7173,4182.35,3514.02,3730.94,5511.62,1.477,3730.94,0,2,873,8899,0,0
37446,8.792,8.777,9.000,9.000,9.000,9.000,0.000,64.14,0.6414,4.244,0.000,64.14,64.14,0.00,0,0,-3.07381,64.14,64.14,0.00,0,0,64.14,0.00,0.00,0.00,0.00,1.000,1.000,0.00,0,255.00,1,64.14,62.83,1.31,8.784,8.814,3.883,3.934,0.009,-0.001,0.312,64.14,65,-0.4645,6191,4845.74,3619.88,3730.94,5511.62,1.477,3730.94,0,2,889,9087,0,0
37549,8.814,8.800,9.000,9.000,9.000,9.000,0.000,64.12,0.6412,4.241,0.000,64.12,64.12,0.00,0,0,-3.08628,64.12,64.12,0.00,0,0,64.12,0.00,0.00,0.00,0.00,1.000,1.000,0.00,0,255.00,1,64.00,62.83,1.17,8.806,8.836,3.883,3.846,0.009,-0.001,0.246,64.12,64,-0.1637,7682,3905.23,3690.14,3730.94,5511.62,1.477,3905.23,1,1,899,9195,0,0
37683,8.787,8.790,9.000,9.000,9.000,9.000,0.000,64.59,0.6459,4.242,0.000,64.59,64.59,0.00,0,0,-3.10469,64.59,64.59,0.00,0,0,64.59,0.00,0.00,0.00,0.00,1.000,1.000,0.00,0,255.00,1,64.60,63.36,1.24,8.796,8.821,3.922,4.102,-0.009,-0.002,0.284,64.59,65,0.0490,6948,4317.79,3621.35,3334.33,5160.27,1.548,3334.33,0,2,915,9384,0,0
37821,8.825,8.815,9.000,9.000,9.000,9.000,0.000,64.64,0.6464,4.244,0.000,64.64,64.64,0.00,0,0,-3.12227,64.64,64.64,0.00,0,0,64.64,0.00,0.00,0.00,0.00,1.000,1.000,0.00,0,255.00,1,64.72,63.63,1.09,8.820,8.844,3.956,3.988,0.006,-0.001,0.218,64.64,65,-0.0002,7025,4270.46,3481.48,3334.33,5160.27,1.548,3334.33,0,2,930,9569,0,0
37958,8.809,8.813,9.000,9.000,9.000,9.000,0.000,64.99,0.6499,4.246,0.000,64.99,64.99,0.00,0,0,-3.13881,64.99,64.99,0.00,0,0,64.99,0.00,0.00,0.00,0.00,1.000,1.000,0.00,0,255.00,1,65.17,64.06,1.11,8.817,8.839,3.990,4.136,-0.009,-0.002,0.230,64.99,65,-0.4742,6869,4367.45,3409.67,3334.33,5160.27,1.548,3334.33,0,2,946,9796,0,0
38060,8.817,8.822,9.000,9.000,9.000,9.000,0.000,65.08,0.6508,4.248,0.000,65.08,65.08,0.00,0,0,-3.14931,65.08,65.08,0.00,0,0,65.08,0.00,0.00,0.00,0.00,1.000,1.000,0.00,0,255.00,1,65.29,64.24,1.05,8.827,8.847,4.008,4.121,-0.010,-0.002,0.208,65.08,66,-0.4700,6351,4723.67,3398.64,3414.76,5609.97,1.643,3414.76,0,2,957,9929,0,0
38193,8.833,8.839,9.000,9.000,9.000,9.000,0.000,65.17,0.6517,4.248,4.186,65.17,65.17,0.00,0,0,-3.16355,65.17,65.17,0.00,0,0,65.17,0.00,0.00,0.00,0.00,1.000,1.000,0.00,0,255.00,1,65.28,64.33,0.95,8.843,8.863,4.013,4.094,-0.011,-0.001,0.167,65.17,66,-0.3336,9853,3044.76,3406.51,3414.76,5609.97,1.643,3414.76,0,2,972,10093,0,0
38293,8.848,8.848,9.000,9.000,9.000,9.000,0.000,65.25,0.6525,4.249,4.186,65.25,65.25,0.00,0,0,-3.17268,65.25,65.25,0.00,0,0,65.25,0.00,0.00,0.00,0.00,1.000,1.000,0.00,0,255.00,1,65.35,64.45,0.90,8.852,8.871,4.025,4.085,-0.004,-0.001,0.149,65.25,65,0.0751,6614,4535.83,3409.48,3414.76,5609.97,1.643,3414.76,0,2,983,10183,0,0
38430,8.857,8.860,9.000,9.000,9.000,9.000,0.000,65.36,0.6536,4.249,4.187,65.36,65.36,0.00,0,0,-3.18544,65.36,65.36,0.00,0,0,65.36,0.00,0.00,0.00,0.00,1.000,1.000,0.00,0,255.00,1,65.41,64.59,0.83,8.864,8.882,4.035,4.084,-0.007,-0.001,0.126,65.36,65,-0.0350,7840,3826.53,3356.90,3275.35,3754.67,1.146,3275.35,0,2,998,10356,0,0
38567,8.874,8.863,9.000,9.000,9.000,9.000,0.000,65.58,0.6558,4.255,4.188,65.58,65.58,0.00,0,0,-3.19857,65.58,65.58,0.00,0,0,65.58,0.00,0.00,0.00,0.00,1.000,1.000,0.00,0,255.00,1,65.81,65.01,0.81,8.867,8.882,4.077,4.117,0.008,-0.001,0.124,65.58,66,-0.2365,7225,4152.25,3317.11,3275.35,3754.67,1.146,3275.35,0,2,1012,10499,0,0
38703,8.886,8.882,9.000,9.000,9.000,9.000,0.000,65.66,0.6566,4.258,4.190,65.66,65.66,0.00,0,0,-3.21402,65.66,65.66,0.00,0,0,65.66,0.00,0.00,0.00,0.00,1.000,1.000,0.00,0,255.00,1,65.81,65.12,0.69,8.886,8.901,4.086,4.057,0.000,-0.001,0.089,65.66,65,0.4944,6783,4422.82,3292.46,3275.35,3754.67,1.146,3275.35,0,2,1029,10689,0,0
38843,8.876,8.883,9.000,9.000,9.000,9.000,0.000,65.87,0.6587,4.259,4.192,65.87,65.87,0.00,0,0,-3.22453,65.87,65.87,0.00,0,0,65.87,0.00,0.00,0.00,0.00,1.000,1.000,0.00,0,255.00,1,65.98,65.29,0.69,8.885,8.899,4.095,4.153,-0.010,-0.001,0.090,65.87,66,-0.1346,6697,4479.62,3299.92,3319.28,4533.65,1.366,3319.28,0,2,1044,10867,0,0
38979,8.882,8.891,9.000,9.000,9.000,9.000,0.000,66.01,0.6601,4.259,4.194,66.01,66.01,0.00,0,0,-3.23691,66.01,66.01,0.00,0,0,66.01,0.00,0.00,0.00,0.00,1.000,1.000,0.00,0,255.00,1,66.03,65.39,0.64,8.894,8.907,4.098,4.197,-0.013,-0.001,0.077,66.01,66,0.2772,7263,4130.52,3274.35,3319.28,4533.65,1.366,3319.28,0,2,1060,11043,0,0
39082,8.886,8.893,9.000,9.000,9.000,9.000,0.000,66.17,0.6617,4.262,4.196,66.17,66.17,0.00,0,0,-3.24619,66.17,66.17,0.00,0,0,66.17,0.00,0.00,0.00,0.00,1.000,1.000,0.00,0,255.00,1,66.30,65.67,0.63,8.895,8.906,4.125,4.242,-0.010,-0.001,0.077,66.17,66,0.4732,7149,4196.39,3296.28,3319.28,4533.65,1.366,3319.28,0,2,1071,11153,0,0
39215,8.902,8.904,9.000,9.000,9.000,9.000,0.000,66.21,0.6621,4.263,4.198,66.21,66.21,0.00,0,0,-3.25454,66.21,66.21,0.00,0,0,66.21,0.00,0.00,0.00,0.00,1.000,1.000,0.00,0,255.00,1,66.32,65.75,0.57,8.906,8.917,4.133,4.202,-0.005,-0.001,0.061,66.21,66,-0.1768,7874,3810.01,3304.22,3310.16,4177.11,1.262,3310.16,0,2,1086,11339,0,0
39354,8.896,8.902,9.000,9.000,9.000,9.000,0.000,66.39,0.6639,4.266,4.200,66.39,66.39,0.00,0,0,-3.26278,66.39,66.39,0.00,0,0,66.39,0.00,0.00,0.00,0.00,1.000,1.000,0.00,0,255.00,1,66.58,66.00,0.58,8.904,8.913,4.154,4.274,-0.009,-0.001,0.066,66.39,67,-0.3799,7691,3900.66,3307.12,3310.16,4177.11,1.262,3310.16,0,2,1101,11518,0,0
39489,8.900,8.907,9.000,9.000,9.000,9.000,0.000,66.50,0.6650,4.270,4.203,66.50,66.50,0.00,0,0,-3.27092,66.50,66.50,0.00,0,0,66.50,0.00,0.00,0.00,0.00,1.000,1.000,0.00,0,255.00,1,66.78,66.22,0.55,8.908,8.916,4.176,4.270,-0.010,-0.001,0.061,66.50,67,-0.1313,6759,4438.53,3308.60,3310.16,4177.11,1.262,3310.16,0,2,1116,11717,0,0
39594,8.904,8.910,9.000,9.000,9.000,9.000,0.000,66.67,0.6667,4.275,4.207,66.67,66.67,0.00,0,0,-3.28128,66.67,66.67,0.00,0,0,66.67,0.00,0.00,0.00,0.00,1.000,1.000,0.00,0,255.00,1,67.01,66.47,0.54,8.911,8.918,4.199,4.290,-0.009,-0.001,0.058,66.67,67,0.0632,6315,4750.59,3283.16,3265.50,4490.06,1.375,3265.50,0,2,1128,11830,0,0
39731,8.919,8.922,9.000,9.000,9.000,9.000,0.000,66.68,0.6668,4.278,4.211,66.68,66.68,0.00,0,0,-3.28839,66.68,66.68,0.00,0,0,66.68,0.00,0.00,0.00,0.00,1.000,1.000,0.00,0,255.00,1,66.96,66.50,0.46,8.923,8.931,4.202,4.221,-0.005,-0.001,0.043,66.68,67,-0.0225,6700,4477.61,3257.80,3265.50,4490.06,1.375,3265.50,0,2,1143,12030,0,0
39870,8.956,8.944,9.000,9.000,9.000,9.000,0.000,66.54,0.6654,4.278,4.214,66.54,66.54,0.00,0,0,-3.29435,66.54,66.54,0.00,0,0,66.54,0.00,0.00,0.00,0.00,1.000,1.000,0.00,0,255.00,1,66.63,66.30,0.33,8.946,8.955,4.184,4.075,0.012,0.000,0.019,66.54,67,-0.1655,7248,4139.07,3261.56,3265.50,4490.06,1.375,3265.50,0,2,1159,12195,0,0
40003,8.927,8.932,9.000,9.000,9.000,9.000,0.000,66.78,0.6678,4.278,4.217,66.78,66.78,0.00,0,0,-3.29992,66.78,66.78,0.00,0,0,66.78,0.00,0.00,0.00,0.00,1.000,1.000,0.00,0,255.00,1,66.83,66.44,0.40,8.934,8.942,4.185,4.253,-0.008,-0.001,0.030,66.78,67,-0.1339,8933,3358.33,3339.18,3395.40,4579.84,1.349,3358.33,1,1,1174,12390,0,0
40105,8.951,8.942,9.000,9.000,9.000,9.000,0.000,66.74,0.6674,4.279,4.219,66.74,66.74,0.00,0,0,-3.30368,66.74,66.74,0.00,0,0,66.74,0.00,0.00,0.00,0.00,1.000,1.000,0.00,0,255.00,1,66.80,66.46,0.34,8.944,8.952,4.192,4.180,0.008,-0.000,0.021,66.74,66,0.4312,6744,4448.40,3359.42,3395.40,4579.84,1.349,3395.40,0,2,1185,12538,0,0
40239,8.965,8.960,9.000,9.000,9.000,9.000,0.000,66.65,0.6665,4.274,4.223,66.65,66.65,0.00,0,0,-3.30912,66.65,66.65,0.00,0,0,66.65,0.00,0.00,0.00,0.00,1.000,1.000,0.00,0,255.00,1,66.46,66.23,0.23,8.962,8.971,4.166,4.111,0.004,0.000,0.009,66.65,67,0.1115,6674,4495.06,3380.66,3395.40,4579.84,1.349,3395.40,0,2,1200,12729,0,0
40377,8.935,8.944,9.000,9.000,9.000,9.000,0.000,66.93,0.6693,4.276,4.225,66.93,66.93,0.00,0,0,-3.31384,66.93,66.93,0.00,0,0,66.93,0.00,0.00,0.00,0.00,1.000,1.000,0.00,0,255.00,1,66.90,66.57,0.33,8.945,8.952,4.192,4.300,-0.011,-0.001,0.021,66.93,67,-0.3358,6901,4347.20,3395.56,3411.20,5035.57,1.476,3411.20,0,2,1216,12913,0,0
40511,8.950,8.955,9.000,9.000,9.000,9.000,0.000,66.88,0.6688,4.275,4.228,66.88,66.88,0.00,0,0,-3.31771,66.88,66.88,0.00,0,0,66.88,0.00,0.00,0.00,0.00,1.000,1.000,0.00,0,255.00,1,66.82,66.55,0.27,8.956,8.962,4.194,4.233,-0.007,-0.000,0.013,66.88,67,0.1439,6515,4604.76,3403.19,3411.20,5035.57,1.476,3411.20,0,2,1231,13086,0,0
40650,8.942,8.948,9.000,9.000,9.000,9.000,0.000,67.04,0.6704,4.276,4.230,67.04,67.04,0.00,0,0,-3.32166,67.04,67.04,0.00,0,0,67.04,0.00,0.00,0.00,0.00,1.000,1.000,0.00,0,255.00,1,67.07,66.76,0.31,8.949,8.953,4.211,4.329,-0.007,-0.001,0.019,67.04,67,-0.1240,6571,4565.52,3407.10,3411.20,5035.57,1.476,3411.20,0,2,1245,13225,0,0
40784,8.982,8.970,9.000,9.000,9.000,9.000,0.000,66.90,0.6690,4.277,4.235,66.90,66.90,0.00,0,0,-3.32789,66.90,66.90,0.00,0,0,66.90,0.00,0.00,0.00,0.00,1.000,1.000,0.00,0,255.00,1,66.92,66.75,0.17,8.971,8.976,4.220,4.144,0.012,0.000,0.005,66.90,67,-0.1637,7563,3966.68,3368.68,3282.51,4522.57,1.378,3282.51,0,2,1261,13407,0,0
40886,8.974,8.971,9.000,9.000,9.000,9.000,0.000,66.94,0.6694,4.276,4.236,66.94,66.94,0.00,0,0,-3.32979,66.94,66.94,0.00,0,0,66.94,0.00,0.00,0.00,0.00,1.000,1.000,0.00,0,255.00,1,66.89,66.72,0.17,8.972,8.977,4.213,4.175,0.003,-0.000,0.005,66.94,67,-0.2584,9183,3266.91,3334.54,3282.51,4522.57,1.378,3266.91,1,1,1271,13563,0,0
41019,8.983,8.977,9.000,9.000,9.000,9.000,0.000,66.92,0.6692,4.274,4.238,66.92,66.92,0.00,0,0,-3.33243,66.92,66.92,0.00,0,0,66.92,0.00,0.00,0.00,0.00,1.000,1.000,0.00,0,255.00,1,66.81,66.67,0.13,8.978,8.983,4.208,4.153,0.006,0.000,0.003,66.92,67,-0.3394,6690,4484.31,3309.15,3282.51,4522.57,1.378,3282.51,0,2,1287,13735,0,0
41160,8.977,8.976,9.000,9.000,9.000,9.000,0.000,67.00,0.6700,4.272,4.242,67.00,67.00,0.00,0,0,-3.33641,67.00,67.00,0.00,0,0,67.00,0.00,0.00,0.00,0.00,1.000,1.000,0.00,0,255.00,1,66.88,66.74,0.14,8.977,8.982,4.211,4.212,-0.001,-0.000,0.003,67.00,67,-0.3108,7625,3934.43,3310.67,3311.41,4280.60,1.293,3311.41,0,2,1301,13895,0,0
41294,8.970,8.981,9.000,9.000,9.000,9.000,0.000,66.98,0.6698,4.268,4.243,66.98,66.98,0.00,0,0,-3.33774,66.98,66.98,0.00,0,0,66.98,0.00,0.00,0.00,0.00,1.000,1.000,0.00,0,255.00,1,66.73,66.62,0.11,8.982,8.987,4.197,4.220,-0.013,-0.000,0.003,66.98,67,0.4411,6879,4361.10,3311.03,3311.41,4280.60,1.293,3311.41,0,2,1317,14083,0,0
41396,8.967,8.978,9.000,9.000,9.000,9.000,0.000,67.03,0.6703,4.267,4.244,67.03,67.03,0.00,0,0,-3.33872,67.03,67.03,0.00,0,0,67.03,0.00,0.00,0.00,0.00,1.000,1.000,0.00,0,255.00,1,66.81,66.68,0.13,8.979,8.983,4.200,4.273,-0.013,-0.000,0.003,67.03,67,0.3517,7112,4218.22,3311.17,3311.41,4280.60,1.293,3311.41,0,2,1328,14178,0,0
41532,8.972,8.979,9.000,9.000,9.000,9.000,0.000,67.05,0.6705,4.264,4.245,67.05,67.05,0.00,0,0,-3.34059,67.05,67.05,0.00,0,0,67.05,0.00,0.00,0.00,0.00,1.000,1.000,0.00,0,255.00,1,66.88,66.76,0.12,8.980,8.983,4.211,4.282,-0.009,-0.000,0.003,67.05,67,0.2606,7591,3952.05,3346.21,3370.52,4253.27,1.262,3370.52,0,2,1344,14357,0,0
41673,8.999,8.990,9.000,9.000,9.000,9.000,0.000,66.96,0.6696,4.264,4.246,66.96,66.96,0.00,0,0,-3.34200,66.96,66.96,0.00,0,0,66.96,0.00,0.00,0.00,0.00,1.000,1.000,0.00,0,255.00,1,66.83,66.77,0.06,8.990,8.993,4.219,4.192,0.010,0.000,0.001,66.96,67,0.3012,7406,4050.77,3358.07,3370.52,4253.27,1.262,3370.52,0,2,1358,14540,0,0
41805,8.983,8.978,9.000,9.000,9.000,9.000,0.000,67.13,0.6713,4.267,4.247,67.13,67.13,0.00,0,0,-3.34417,67.13,67.13,0.00,0,0,67.13,0.00,0.00,0.00,0.00,1.000,1.000,0.00,0,255.00,1,67.20,67.07,0.13,8.978,8.979,4.247,4.289,0.005,-0.000,0.004,67.13,67,-0.2595,7220,4155.12,3343.30,3304.55,4321.34,1.308,3304.55,0,2,1373,14730,0,0
41944,8.985,8.991,9.000,9.000,9.000,9.000,0.000,67.01,0.6701,4.264,4.248,67.01,67.01,0.00,0,0,-3.34504,67.01,67.01,0.00,0,0,67.01,0.00,0.00,0.00,0.00,1.000,1.000,0.00,0,255.00,1,66.93,66.87,0.05,8.991,8.994,4.229,4.199,-0.007,0.000,0.001,67.01,67,-0.2325,7914,3790.75,3324.39,3304.55,4321.34,1.308,3304.55,0,2,1388,14926,0,0
42077,8.999,8.997,9.000,9.000,9.000,9.000,0.000,66.95,0.6695,4.261,4.249,66.95,66.95,0.00,0,0,-3.34568,66.95,66.95,0.00,0,0,66.95,0.00,0.00,0.00,0.00,1.000,1.000,0.00,0,255.00,1,66.78,66.76,0.01,8.998,9.000,4.218,4.167,0.002,0.000,0.000,66.95,67,-0.2533,7688,3902.19,3314.71,3304.55,4321.34,1.308,3304.55,0,2,1403,15096,0,0
42180,8.972,8.982,9.000,9.000,9.000,9.000,0.000,67.13,0.6713,4.261,4.250,67.13,67.13,0.00,0,0,-3.34637,67.13,67.13,0.00,0,0,67.13,0.00,0.00,0.00,0.00,1.000,1.000,0.00,0,255.00,1,67.04,66.93,0.10,8.983,8.984,4.228,4.319,-0.012,-0.001,0.002,67.13,67,-0.1404,8470,3541.91,3304.76,3273.11,4664.18,1.425,3273.11,0,2,1413,15212,0,0
42314,9.015,9.004,9.000,9.000,9.000,9.000,0.000,66.89,0.6689,4.259,4.250,66.89,66.89,0.00,0,0,-3.34710,66.89,66.89,0.00,0,0,66.89,0.00,0.00,0.00,0.00,1.000,1.000,0.00,0,255.00,1,66.72,66.75,-0.03,9.005,9.007,4.220,4.126,0.012,0.000,0.001,66.89,67,-0.1002,7376,4067.25,3284.19,3273.11,4664.18,1.425,3273.11,0,2,1429,15387,0,0
42452,9.014,9.003,9.000,9.000,9.000,9.000,0.000,66.91,0.6691,4.255,4.250,66.91,66.91,0.00,0,0,-3.34711,66.91,66.91,0.00,0,0,66.91,0.00,0.00,0.00,0.00,1.000,1.000,0.00,0,255.00,1,66.68,66.70,-0.02,9.003,9.005,4.212,4.170,0.012,0.000,0.001,66.91,67,-0.2739,6914,4339.02,3278.78,3273.11,4664.18,1.425,3273.11,0,2,1444,15561,0,0
42586,9.008,9.000,9.000,9.000,9.000,9.000,0.000,66.95,0.6695,4.254,4.251,66.95,66.95,0.00,0,0,-3.34751,66.95,66.95,0.00,0,0,66.95,0.00,0.00,0.00,0.00,1.000,1.000,0.00,0,255.00,1,66.79,66.79,-0.00,9.000,9.002,4.222,4.203,0.009,0.000,0.000,66.95,67,-0.2730,7315,4101.16,3314.06,3378.80,4585.51,1.357,3378.80,0,2,1461,15730,0,0
42688,9.006,8.999,9.000,9.000,9.000,9.000,0.000,66.96,0.6696,4.254,4.251,66.96,66.96,0.00,0,0,-3.34780,66.96,66.96,0.00,0,0,66.96,0.00,0.00,0.00,0.00,1.000,1.000,0.00,0,255.00,1,66.84,66.83,0.00,8.999,9.000,4.227,4.212,0.008,-0.000,0.000,66.96,67,-0.2521,10207,2939.16,3337.36,3378.80,4585.51,1.357,3378.80,0,2,1471,15842,0,0
42825,9.005,8.999,9.000,9.000,9.000,9.000,0.000,66.98,0.6698,4.254,4.251,66.98,66.98,0.00,0,0,-3.34838,66.98,66.98,0.00,0,0,66.98,0.00,0.00,0.00,0.00,1.000,1.000,0.00,0,255.00,1,66.91,66.91,0.00,8.999,9.000,4.236,4.208,0.007,0.000,0.000,66.98,67,-0.1307,7950,3773.58,3357.58,3378.80,4585.51,1.357,3378.80,0,2,1486,16030,0,0
42962,8.995,8.996,9.000,9.000,9.000,9.000,0.000,67.03,0.6703,4.254,4.251,67.03,67.03,0.00,0,0,-3.34891,67.03,67.03,0.00,0,0,67.03,0.00,0.00,0.00,0.00,1.000,1.000,0.00,0,255.00,1,66.99,66.96,0.02,8.996,8.997,4.240,4.248,-0.001,-0.000,0.000,67.03,67,-0.0260,6809,4405.93,3335.68,3302.10,4510.19,1.366,3302.10,0,2,1501,16215,0,0
43095,8.993,8.996,9.000,9.000,9.000,9.000,0.000,67.02,0.6702,4.252,4.251,67.02,67.02,0.00,0,0,-3.34888,67.02,67.02,0.00,0,0,67.02,0.00,0.00,0.00,0.00,1.000,1.000,0.00,0,255.00,1,66.94,66.92,0.02,8.996,8.997,4.234,4.259,-0.004,-0.000,0.000,67.02,67,-0.1087,7217,4156.85,3328.17,3302.10,4510.19,1.366,3302.10,0,2,1516,16387,0,0
43198,9.000,9.004,9.000,9.000,9.000,9.000,0.000,66.93,0.6693,4.250,4.251,66.93,66.93,0.00,0,0,-3.34854,66.93,66.93,0.00,0,0,66.93,0.00,0.00,0.00,0.00,1.000,1.000,0.00,0,255.00,1,66.77,66.79,-0.02,9.004,9.006,4.224,4.205,-0.005,0.000,0.001,66.93,67,-0.2972,6893,4352.24,3318.79,3302.10,4510.19,1.366,3302.10,0,2,1528,16520,0,0
43298,8.995,9.001,9.000,9.000,9.000,9.000,0.000,66.95,0.6695,4.248,4.251,66.95,66.95,0.00,0,0,-3.34828,66.95,66.95,0.00,0,0,66.95,0.00,0.00,0.00,0.00,1.000,1.000,0.00,0,255.00,1,66.78,66.78,-0.01,9.001,9.003,4.221,4.242,-0.007,0.000,0.000,66.95,67,-0.4636,7283,4119.18,3347.26,3474.50,4974.85,1.432,3474.50,0,2,1540,16643,0,0
43435,8.994,8.994,9.000,9.000,9.000,9.000,0.000,67.05,0.6705,4.249,4.250,67.05,67.05,0.00,0,0,-3.34878,67.05,67.05,0.00,0,0,67.05,0.00,0.00,0.00,0.00,1.000,1.000,0.00,0,255.00,1,67.05,67.01,0.04,8.994,8.993,4.245,4.295,-0.000,-0.000,0.000,67.05,67,-0.3949,6709,4471.61,3422.38,3474.50,4974.85,1.432,3474.50,0,2,1555,16856,0,0
43569,8.991,8.991,9.000,9.000,9.000,9.000,0.000,67.12,0.6712,4.255,4.250,67.12,67.12,0.00,0,0,-3.35060,67.12,67.12,0.00,0,0,67.12,0.00,0.00,0.00,0.00,1.000,1.000,0.00,0,255.00,1,67.29,67.23,0.06,8.990,8.989,4.270,4.288,0.000,-0.000,0.001,67.12,67,0.2626,7814,3839.26,3478.38,3474.50,4974.85,1.432,3474.50,0,2,1571,17042,0,0
43707,9.034,9.017,9.000,9.000,9.000,9.000,0.000,66.80,0.6680,4.251,4.251,66.80,66.80,0.00,0,0,-3.35011,66.80,66.80,0.00,0,0,66.80,0.00,0.00,0.00,0.00,1.000,1.000,0.00,0,255.00,1,66.70,66.81,-0.11,9.018,9.020,4.236,4.058,0.018,0.001,0.003,66.80,67,0.0967,6772,4430.01,3457.38,3421.42,4969.21,1.452,3421.42,0,2,1587,17233,0,0
43844,9.022,9.011,9.000,9.000,9.000,9.000,0.000,66.87,0.6687,4.248,4.250,66.87,66.87,0.00,0,0,-3.34966,66.87,66.87,0.00,0,0,66.87,0.00,0.00,0.00,0.00,1.000,1.000,0.00,0,255.00,1,66.70,66.77,-0.07,9.011,9.013,4.225,4.150,0.013,0.001,0.002,66.87,67,-0.0848,7003,4283.88,3439.83,3421.42,4969.21,1.452,3421.42,0,2,1602,17414,0,0
43982,9.003,9.009,9.000,9.000,9.000,9.000,0.000,66.87,0.6687,4.245,4.250,66.87,66.87,0.00,0,0,-3.34886,66.87,66.87,0.00,0,0,66.87,0.00,0.00,0.00,0.00,1.000,1.000,0.00,0,255.00,1,66.62,66.68,-0.06,9.009,9.011,4.212,4.195,-0.007,0.000,0.002,66.87,67,-0.4414,7656,3918.50,3410.21,3421.42,4969.21,1.452,3421.42,0,2,1617,17620,0,0
44115,9.014,9.013,9.000,9.000,9.000,9.000,0.000,66.80,0.6680,4.240,4.249,66.80,66.80,0.00,0,0,-3.34766,66.80,66.80,0.00,0,0,66.80,0.00,0.00,0.00,0.00,1.000,1.000,0.00,0,255.00,1,66.47,66.55,-0.08,9.014,9.016,4.200,4.178,0.001,0.000,0.003,66.80,67,-0.0246,7422,4042.04,3279.83,3143.04,4754.86,1.513,3143.04,0,2,1631,17814,0,0
44255,9.012,9.006,9.000,9.000,9.000,9.000,0.000,66.88,0.6688,4.239,4.248,66.88,66.88,0.00,0,0,-3.34721,66.88,66.88,0.00,0,0,66.88,0.00,0.00,0.00,0.00,1.000,1.000,0.00,0,255.00,1,66.68,66.72,-0.03,9.006,9.006,4.217,4.245,0.006,-0.000,0.001,66.88,67,-0.3614,7449,4027.39,3213.08,3143.04,4754.86,1.513,3143.04,0,2,1646,17967,0,0
44388,9.016,9.007,9.000,9.000,9.000,9.000,0.000,66.85,0.6685,4.239,4.248,66.85,66.85,0.00,0,0,-3.34676,66.85,66.85,0.00,0,0,66.85,0.00,0.00,0.00,0.00,1.000,1.000,0.00,0,255.00,1,66.72,66.76,-0.05,9.008,9.008,4.226,4.219,0.009,0.000,0.001,66.85,67,0.2789,6825,4395.60,3231.95,3427.72,4370.34,1.275,3427.72,0,2,1661,18157,0,0
44490,9.026,9.018,9.000,9.000,9.000,9.000,0.000,66.70,0.6670,4.235,4.247,66.70,66.70,0.00,0,0,-3.34567,66.70,66.70,0.00,0,0,66.70,0.00,0.00,0.00,0.00,1.000,1.000,0.00,0,255.00,1,66.48,66.59,-0.11,9.018,9.019,4.213,4.131,0.009,0.000,0.003,66.70,67,-0.3738,8441,3554.08,3352.76,3427.72,4370.34,1.275,3554.08,1,1,1671,18289,0,0
44628,9.022,9.012,9.000,9.000,9.000,9.000,0.000,66.76,0.6676,4.234,4.246,66.76,66.76,0.00,0,0,-3.34500,66.76,66.76,0.00,0,0,66.76,0.00,0.00,0.00,0.00,1.000,1.000,0.00,0,255.00,1,66.59,66.66,-0.07,9.012,9.012,4.219,4.190,0.011,0.000,0.002,66.76,67,0.0776,7016,4275.94,3389.34,3427.72,4370.34,1.275,3427.72,0,2,1687,18487,0,0
44728,9.019,9.013,9.000,9.000,9.000,9.000,0.000,66.73,0.6673,4.232,4.245,66.73,66.73,0.00,0,0,-3.34439,66.73,66.73,0.00,0,0,66.73,0.00,0.00,0.00,0.00,1.000,1.000,0.00,0,255.00,1,66.56,66.64,-0.08,9.013,9.014,4.217,4.182,0.006,0.000,0.002,66.73,67,-0.3751,7808,3842.21,3403.16,3427.72,4370.34,1.275,3427.72,0,2,1697,18637,0,0
44865,9.018,9.012,9.000,9.000,9.000,9.000,0.000,66.74,0.6674,4.231,4.244,66.74,66.74,0.00,0,0,-3.34368,66.74,66.74,0.00,0,0,66.74,0.00,0.00,0.00,0.00,1.000,1.000,0.00,0,255.00,1,66.60,66.67,-0.07,9.012,9.012,4.221,4.195,0.007,0.000,0.001,66.74,67,-0.0129,7067,4245.08,3287.48,3166.12,4749.17,1.500,3166.12,0,2,1713,18828,0,0
45004,9.015,9.014,9.000,9.000,9.000,9.000,0.000,66.69,0.6669,4.229,4.243,66.69,66.69,0.00,0,0,-3.34266,66.69,66.69,0.00,0,0,66.69,0.00,0.00,0.00,0.00,1.000,1.000,0.00,0,255.00,1,66.52,66.60,-0.08,9.014,9.013,4.215,4.184,0.002,0.000,0.002,66.69,67,0.1756,8311,3609.67,3228.25,3166.12,4749.17,1.500,3166.12,0,2,1729,19024,0,0
45137,8.989,9.000,9.000,9.000,9.000,9.000,0.000,66.82,0.6682,4.227,4.242,66.82,66.82,0.00,0,0,-3.34144,66.82,66.82,0.00,0,0,66.82,0.00,0.00,0.00,0.00,1.000,1.000,0.00,0,255.00,1,66.71,66.71,-0.00,9.000,8.999,4.221,4.317,-0.013,-0.000,0.000,66.82,67,0.0408,7444,4030.09,3191.57,3166.12,4749.17,1.500,3166.12,0,2,1744,19185,0,0
45238,8.998,8.998,9.000,9.000,9.000,9.000,0.000,66.86,0.6686,4.233,4.240,66.86,66.86,0.00,0,0,-3.34172,66.86,66.86,0.00,0,0,66.86,0.00,0.00,0.00,0.00,1.000,1.000,0.00,0,255.00,1,67.02,67.00,0.02,8.997,8.994,4.259,4.273,0.001,-0.000,0.000,66.86,67,-0.0366,6240,4807.69,3346.44,3387.53,4713.09,1.391,3387.53,0,2,1760,19392,0,0
45340,9.010,9.008,9.000,9.000,9.000,9.000,0.000,66.73,0.6673,4.232,4.239,66.73,66.73,0.00,0,0,-3.34130,66.73,66.73,0.00,0,0,66.73,0.00,0.00,0.00,0.00,1.000,1.000,0.00,0,255.00,1,66.78,66.83,-0.05,9.008,9.006,4.245,4.183,0.002,-0.000,0.000,66.73,66,0.4577,9807,3059.04,3361.23,3387.53,4713.09,1.391,3387.53,0,2,1765,19431,0,0
45474,8.990,8.999,9.000,9.000,9.000,9.000,0.000,66.83,0.6683,4.232,4.239,66.83,66.83,0.00,0,0,-3.34101,66.83,66.83,0.00,0,0,66.83,0.00,0.00,0.00,0.00,1.000,1.000,0.00,0,255.00,1,66.87,66.86,0.01,8.999,8.997,4.242,4.275,-0.009,-0.000,0.000,66.83,67,-0.1891,8607,3485.53,3393.67,3387.53,4713.09,1.391,3485.53,1,1,1779,19616,0,0
45575,9.007,9.006,9.000,9.000,9.000,9.000,0.000,66.74,0.6674,4.231,4.238,66.74,66.74,0.00,0,0,-3.34067,66.74,66.74,0.00,0,0,66.74,0.00,0.00,0.00,0.00,1.000,1.000,0.00,0,255.00,1,66.73,66.77,-0.04,9.006,9.005,4.235,4.206,0.001,-0.000,0.000,66.74,66,0.3082,6407,4682.38,3359.48,3227.66,4723.41,1.463,3227.66,0,2,1790,19737,0,0
45709,9.006,9.006,9.000,9.000,9.000,9.000,0.000,66.72,0.6672,4.229,4.237,66.72,66.72,0.00,0,0,-3.33984,66.72,66.72,0.00,0,0,66.72,0.00,0.00,0.00,0.00,1.000,1.000,0.00,0,255.00,1,66.66,66.70,-0.04,9.006,9.005,4.227,4.213,0.000,-0.000,0.000,66.72,67,0.0045,6949,4317.17,3262.14,3227.66,4723.41,1.463,3227.66,0,2,1804,19901,0,0
45850,9.004,9.007,9.000,9.000,9.000,9.000,0.000,66.69,0.6669,4.227,4.236,66.69,66.69,0.00,0,0,-3.33883,66.69,66.69,0.00,0,0,66.69,0.00,0.00,0.00,0.00,1.000,1.000,0.00,0,255.00,1,66.57,66.62,-0.04,9.007,9.006,4.218,4.218,-0.003,-0.000,0.000,66.69,67,-0.2476,6760,4437.87,3241.78,3227.66,4723.41,1.463,3227.66,0,2,1820,20063,0,0
45983,9.012,9.010,9.000,9.000,9.000,9.000,0.000,66.64,0.6664,4.224,4.236,66.64,66.64,0.00,0,0,-3.33785,66.64,66.64,0.00,0,0,66.64,0.00,0.00,0.00,0.00,1.000,1.000,0.00,0,255.00,1,66.48,66.54,-0.06,9.010,9.009,4.210,4.203,0.003,-0.000,0.001,66.64,67,-0.3413,7076,4239.68,3245.54,3257.24,4723.00,1.450,3257.24,0,2,1835,20252,0,0
46085,9.011,9.009,9.000,9.000,9.000,9.000,0.000,66.64,0.6664,4.224,4.235,66.64,66.64,0.00,0,0,-3.33739,66.64,66.64,0.00,0,0,66.64,0.00,0.00,0.00,0.00,1.000,1.000,0.00,0,255.00,1,66.50,66.56,-0.05,9.009,9.007,4.213,4.211,0.003,-0.000,0.001,66.64,67,-0.0213,7022,4272.29,3249.75,3257.24,4723.00,1.450,3257.24,0,2,1847,20382,0,0
46219,9.017,9.015,9.000,9.000,9.000,9.000,0.000,66.54,0.6654,4.220,4.234,66.54,66.54,0.00,0,0,-3.33579,66.54,66.54,0.00,0,0,66.54,0.00,0.00,0.00,0.00,1.000,1.000,0.00,0,255.00,1,66.32,66.41,-0.09,9.015,9.014,4.200,4.172,0.002,-0.000,0.002,66.54,66,0.2715,7310,4103.97,3254.17,3257.24,4723.00,1.450,3257.24,0,2,1863,20533,0,0
46320,9.012,9.009,9.000,9.000,9.000,9.000,0.000,66.60,0.6660,4.219,4.233,66.60,66.60,0.00,0,0,-3.33533,66.60,66.60,0.00,0,0,66.60,0.00,0.00,0.00,0.00,1.000,1.000,0.00,0,255.00,1,66.45,66.50,-0.05,9.009,9.007,4.208,4.223,0.003,-0.000,0.001,66.60,67,-0.4882,7658,3917.47,3289.49,3428.33,4544.52,1.326,3428.33,0,2,1873,20645,0,0
46456,9.014,9.010,9.000,9.000,9.000,9.000,0.000,66.57,0.6657,4.218,4.232,66.57,66.57,0.00,0,0,-3.33452,66.57,66.57,0.00,0,0,66.57,0.00,0.00,0.00,0.00,1.000,1.000,0.00,0,255.00,1,66.44,66.50,-0.06,9.010,9.008,4.211,4.205,0.005,-0.000,0.001,66.57,66,0.2826,6775,4428.04,3357.24,3428.33,4544.52,1.326,3428.33,0,2,1888,20844,0,0
46558,9.017,9.013,9.000,9.000,9.000,9.000,0.000,66.50,0.6650,4.215,4.230,66.50,66.50,0.00,0,0,-3.33270,66.50,66.50,0.00,0,0,66.50,0.00,0.00,0.00,0.00,1.000,1.000,0.00,0,255.00,1,66.37,66.45,-0.08,9.013,9.012,4.209,4.179,0.004,0.000,0.001,66.50,67,-0.4035,8344,3595.40,3443.11,3428.33,4544.52,1.326,3595.40,1,1,1898,20946,0,0
46693,9.021,9.014,9.000,9.000,9.000,9.000,0.000,66.47,0.6647,4.213,4.228,66.47,66.47,0.00,0,0,-3.33162,66.47,66.47,0.00,0,0,66.47,0.00,0.00,0.00,0.00,1.000,1.000,0.00,0,255.00,1,66.32,66.40,-0.08,9.014,9.013,4.205,4.175,0.008,0.000,0.002,66.47,66,0.0935,7171,4183.52,3447.49,3382.65,5235.05,1.548,3382.65,0,2,1915,21144,0,0
46798,9.014,9.014,9.000,9.000,9.000,9.000,0.000,66.43,0.6643,4.209,4.226,66.43,66.43,0.00,0,0,-3.32959,66.43,66.43,0.00,0,0,66.43,0.00,0.00,0.00,0.00,1.000,1.000,0.00,0,255.00,1,66.25,66.33,-0.08,9.013,9.013,4.197,4.190,0.000,0.000,0.002,66.43,66,0.3458,7046,4257.73,3403.90,3382.65,5235.05,1.548,3382.65,0,2,1926,21286,0,0
46936,9.018,9.010,9.000,9.000,9.000,9.000,0.000,66.46,0.6646,4.209,4.225,66.46,66.46,0.00,0,0,-3.32889,66.46,66.46,0.00,0,0,66.46,0.00,0.00,0.00,0.00,1.000,1.000,0.00,0,255.00,1,66.37,66.43,-0.06,9.010,9.009,4.209,4.210,0.009,-0.000,0.001,66.46,67,-0.1802,7321,4097.80,3393.53,3382.65,5235.05,1.548,3382.65,0,2,1943,21476,0,0
47076,9.018,9.015,9.000,9.000,9.000,9.000,0.000,66.37,0.6637,4.207,4.223,66.37,66.37,0.00,0,0,-3.32750,66.37,66.37,0.00,0,0,66.37,0.00,0.00,0.00,0.00,1.000,1.000,0.00,0,255.00,1,66.24,66.33,-0.09,9.015,9.015,4.202,4.162,0.003,0.000,0.002,66.37,67,-0.4754,7371,4070.00,3414.26,3407.33,4516.69,1.326,3407.33,0,2,1958,21670,0,0
47210,9.010,9.010,9.000,9.000,9.000,9.000,0.000,66.41,0.6641,4.206,4.221,66.41,66.41,0.00,0,0,-3.32612,66.41,66.41,0.00,0,0,66.41,0.00,0.00,0.00,0.00,1.000,1.000,0.00,0,255.00,1,66.32,66.38,-0.06,9.010,9.009,4.207,4.205,0.000,0.000,0.001,66.41,67,-0.3428,8175,3669.72,3398.21,3407.33,4516.69,1.326,3407.33,0,2,1973,21848,0,0
47310,9.018,9.017,9.000,9.000,9.000,9.000,0.000,66.29,0.6629,4.202,4.220,66.29,66.29,0.00,0,0,-3.32469,66.29,66.29,0.00,0,0,66.29,0.00,0.00,0.00,0.00,1.000,1.000,0.00,0,255.00,1,66.10,66.21,-0.11,9.017,9.018,4.191,4.147,0.000,0.000,0.003,66.29,67,-0.3855,7688,3902.19,3425.67,3407.33,4516.69,1.326,3407.33,0,2,1988,22026,0,0
47445,9.019,9.014,9.000,9.000,9.000,9.000,0.000,66.31,0.6631,4.202,4.219,66.31,66.31,0.00,0,0,-3.32381,66.31,66.31,0.00,0,0,66.31,0.00,0.00,0.00,0.00,1.000,1.000,0.00,0,255.00,1,66.17,66.26,-0.09,9.014,9.014,4.197,4.168,0.005,0.000,0.002,66.31,67,-0.2767,8374,3582.52,3373.04,3166.58,4222.10,1.333,3166.58,0,2,1997,22133,0,0
47585,9.008,9.008,9.000,9.000,9.000,9.000,0.000,66.37,0.6637,4.202,4.218,66.37,66.37,0.00,0,0,-3.32317,66.37,66.37,0.00,0,0,66.37,0.00,0.00,0.00,0.00,1.000,1.000,0.00,0,255.00,1,66.31,66.35,-0.05,9.008,9.007,4.206,4.215,-0.001,-0.000,0.000,66.37,66,-0.1238,6654,4508.57,3272.28,3166.58,4222.10,1.333,3166.58,0,2,2012,22330,0,0
47718,9.000,9.005,9.000,9.000,9.000,9.000,0.000,66.35,0.6635,4.199,4.214,66.35,66.35,0.00,0,0,-3.32056,66.35,66.35,0.00,0,0,66.35,0.00,0.00,0.00,0.00,1.000,1.000,0.00,0,255.00,1,66.29,66.32,-0.03,9.005,9.004,4.202,4.246,-0.006,-0.000,0.000,66.35,66,0.3130,8210,3654.08,3184.31,3166.58,4222.10,1.333,3166.58,0,2,2027,22501,0,0
47820,9.017,9.013,9.000,9.000,9.000,9.000,0.000,66.24,0.6624,4.198,4.213,66.24,66.24,0.00,0,0,-3.31986,66.24,66.24,0.00,0,0,66.24,0.00,0.00,0.00,0.00,1.000,1.000,0.00,0,255.00,1,66.14,66.22,-0.08,9.013,9.013,4.197,4.164,0.004,0.000,0.002,66.24,66,-0.1580,7813,3839.75,3167.98,3116.85,4155.80,1.333,3116.85,0,2,2036,22608,0,0
47958,9.000,9.008,9.000,9.000,9.000,9.000,0.000,66.28,0.6628,4.196,4.212,66.28,66.28,0.00,0,0,-3.31874,66.28,66.28,0.00,0,0,66.28,0.00,0.00,0.00,0.00,1.000,1.000,0.00,0,255.00,1,66.17,66.21,-0.05,9.008,9.007,4.193,4.226,-0.009,0.000,0.001,66.28,67,-0.4533,7840,3826.53,3143.03,3116.85,4155.80,1.333,3116.85,0,2,2050,22808,0,0
48098,8.994,9.000,9.000,9.000,9.000,9.000,0.000,66.33,0.6633,4.195,4.209,66.33,66.33,0.00,0,0,-3.31661,66.33,66.33,0.00,0,0,66.33,0.00,0.00,0.00,0.00,1.000,1.000,0.00,0,255.00,1,66.34,66.34,-0.00,9.000,8.999,4.208,4.269,-0.008,-0.000,0.000,66.33,66,-0.1533,6638,4519.43,3120.36,3116.85,4155.80,1.333,3116.85,0,2,2066,22969,0,0
48236,9.016,9.011,9.000,9.000,9.000,9.000,0.000,66.18,0.6618,4.194,4.208,66.18,66.18,0.00,0,0,-3.31583,66.18,66.18,0.00,0,0,66.18,0.00,0.00,0.00,0.00,1.000,1.000,0.00,0,255.00,1,66.15,66.22,-0.07,9.011,9.011,4.201,4.159,0.005,0.000,0.001,66.18,67,-0.4880,6067,4944.78,3148.95,3232.07,4256.87,1.317,3232.07,0,2,2082,23129,0,0
48338,9.001,9.004,9.000,9.000,9.000,9.000,0.000,66.26,0.6626,4.194,4.207,66.26,66.26,0.00,0,0,-3.31547,66.26,66.26,0.00,0,0,66.26,0.00,0.00,0.00,0.00,1.000,1.000,0.00,0,255.00,1,66.25,66.27,-0.03,9.004,9.004,4.203,4.225,-0.003,0.000,0.000,66.26,66,-0.0072,6923,4333.38,3178.88,3232.07,4256.87,1.317,3232.07,0,2,2093,23251,0,0
48473,9.008,9.007,9.000,9.000,9.000,9.000,0.000,66.21,0.6621,4.193,4.206,66.21,66.21,0.00,0,0,-3.31468,66.21,66.21,0.00,0,0,66.21,0.00,0.00,0.00,0.00,1.000,1.000,0.00,0,255.00,1,66.17,66.21,-0.04,9.007,9.007,4.198,4.198,0.000,0.000,0.000,66.21,67,-0.4223,6653,4509.24,3204.83,3232.07,4256.87,1.317,3232.07,0,2,2109,23437,0,0
48574,8.997,9.001,9.000,9.000,9.000,9.000,0.000,66.24,0.6624,4.193,4.203,66.24,66.24,0.00,0,0,-3.31283,66.24,66.24,0.00,0,0,66.24,0.00,0.00,0.00,0.00,1.000,1.000,0.00,0,255.00,1,66.25,66.26,-0.01,9.001,9.000,4.203,4.234,-0.004,-0.000,0.000,66.24,66,-0.1541,6526,4597.00,3267.53,3421.08,4375.80,1.279,3421.08,0,2,2120,23547,0,0
48707,9.001,9.003,9.000,9.000,9.000,9.000,0.000,66.20,0.6620,4.192,4.202,66.20,66.20,0.00,0,0,-3.31207,66.20,66.20,0.00,0,0,66.20,0.00,0.00,0.00,0.00,1.000,1.000,0.00,0,255.00,1,66.19,66.21,-0.02,9.003,9.004,4.198,4.216,-0.003,0.000,0.000,66.20,67,-0.4672,6544,4584.35,3358.19,3421.08,4375.80,1.279,3421.08,0,2,2138,23718,0,0
48847,9.003,9.006,9.000,9.000,9.000,9.000,0.000,66.16,0.6616,4.190,4.201,66.16,66.16,0.00,0,0,-3.31118,66.16,66.16,0.00,0,0,66.16,0.00,0.00,0.00,0.00,1.000,1.000,0.00,0,255.00,1,66.08,66.11,-0.04,9.006,9.007,4.188,4.202,-0.004,0.000,0.000,66.16,66,-0.1306,7809,3841.72,3388.88,3421.08,4375.80,1.279,3421.08,0,2,2153,23930,0,0
48981,9.030,9.020,9.000,9.000,9.000,9.000,0.000,65.97,0.6597,4.187,4.200,65.97,65.97,0.00,0,0,-3.30991,65.97,65.97,0.00,0,0,65.97,0.00,0.00,0.00,0.00,1.000,1.000,0.00,0,255.00,1,65.77,65.89,-0.12,9.020,9.022,4.171,4.084,0.011,0.001,0.004,65.97,66,-0.0054,6906,4344.05,3459.25,3586.30,4727.40,1.318,3586.30,0,2,2169,24134,0,0
49125,9.017,9.009,9.000,9.000,9.000,9.000,0.000,66.09,0.6609,4.187,4.199,66.09,66.09,0.00,0,0,-3.30947,66.09,66.09,0.00,0,0,66.09,0.00,0.00,0.00,0.00,1.000,1.000,0.00,0,255.00,1,66.00,66.05,-0.05,9.009,9.009,4.185,4.178,0.009,0.000,0.001,66.09,66,0.4008,7315,4101.16,3521.25,3586.30,4727.40,1.318,3586.30,0,2,2183,24296,0,0
49259,9.024,9.021,9.000,9.000,9.000,9.000,0.000,65.90,0.6590,4.183,4.197,65.90,65.90,0.00,0,0,-3.30751,65.90,65.90,0.00,0,0,65.90,0.00,0.00,0.00,0.00,1.000,1.000,0.00,0,255.00,1,65.67,65.80,-0.13,9.021,9.023,4.163,4.079,0.004,0.001,0.005,65.90,65,0.4793,7077,4239.08,3564.99,3586.30,4727.40,1.318,3586.30,0,2,2200,24475,0,0
49361,9.013,9.009,9.000,9.000,9.000,9.000,0.000,66.04,0.6604,4.183,4.197,66.04,66.04,0.00,0,0,-3.30711,66.04,66.04,0.00,0,0,66.04,0.00,0.00,0.00,0.00,1.000,1.000,0.00,0,255.00,1,65.89,65.95,-0.05,9.009,9.009,4.174,4.193,0.004,0.000,0.001,66.04,66,-0.3878,7899,3797.95,3464.42,3285.63,4247.28,1.293,3285.63,0,2,2210,24593,0,0
49495,9.015,9.014,9.000,9.000,9.000,9.000,0.000,65.94,0.6594,4.180,4.195,65.94,65.94,0.00,0,0,-3.30524,65.94,65.94,0.00,0,0,65.94,0.00,0.00,0.00,0.00,1.000,1.000,0.00,0,255.00,1,65.78,65.87,-0.09,9.014,9.014,4.171,4.137,0.001,0.000,0.002,65.94,66,-0.3873,7140,4201.68,3386.96,3285.63,4247.28,1.293,3285.63,0,2,2225,24781,0,0
49639,9.014,9.011,9.000,9.000,9.000,9.000,0.000,65.95,0.6595,4.178,4.193,65.95,65.95,0.00,0,0,-3.30429,65.95,65.95,0.00,0,0,65.95,0.00,0.00,0.00,0.00,1.000,1.000,0.00,0,255.00,1,65.82,65.89,-0.07,9.011,9.012,4.172,4.166,0.002,0.000,0.001,65.95,66,-0.4831,7710,3891.05,3337.51,3285.63,4247.28,1.293,3285.63,0,2,2241,24966,0,0
49773,9.023,9.015,9.000,9.000,9.000,9.000,0.000,65.89,0.6589,4.177,4.192,65.89,65.89,0.00,0,0,-3.30339,65.89,65.89,0.00,0,0,65.89,0.00,0.00,0.00,0.00,1.000,1.000,0.00,0,255.00,1,65.76,65.85,-0.09,9.015,9.016,4.172,4.122,0.008,0.000,0.002,65.89,65,0.3926,6707,4472.94,3306.84,3238.11,4896.66,1.512,3238.11,0,2,2256,25139,0,0
49876,9.031,9.018,9.000,9.000,9.000,9.000,0.000,65.83,0.6583,4.178,4.190,65.83,65.83,0.00,0,0,-3.30199,65.83,65.83,0.00,0,0,65.83,0.00,0.00,0.00,0.00,1.000,1.000,0.00,0,255.00,1,65.79,65.89,-0.11,9.018,9.018,4.182,4.069,0.015,0.001,0.003,65.83,65,0.3398,9869,3039.82,3247.34,3238.11,4896.66,1.512,3238.11,0,2,2266,25290,0,0
50011,9.022,9.014,9.000,9.000,9.000,9.000,0.000,65.81,0.6581,4.171,4.187,65.81,65.81,0.00,0,0,-3.29876,65.81,65.81,0.00,0,0,65.81,0.00,0.00,0.00,0.00,1.000,1.000,0.00,0,255.00,1,65.64,65.72,-0.09,9.014,9.015,4.160,4.138,0.009,0.000,0.002,65.81,66,0.0773,9371,3201.37,3240.36,3238.11,4896.66,1.512,3201.37,1,1,2279,25480,0,0
50152,9.014,9.007,9.000,9.000,9.000,9.000,0.000,65.89,0.6589,4.173,4.185,65.89,65.89,0.00,0,0,-3.29852,65.89,65.89,0.00,0,0,65.89,0.00,0.00,0.00,0.00,1.000,1.000,0.00,0,255.00,1,65.87,65.91,-0.04,9.007,9.006,4.180,4.182,0.008,0.000,0.000,65.89,66,-0.0969,6855,4376.37,3148.10,3051.30,4255.76,1.395,3051.30,0,2,2293,25654,0,0
50287,9.019,9.019,9.000,9.000,9.000,9.000,0.000,65.70,0.6570,4.166,4.184,65.70,65.70,0.00,0,0,-3.29624,65.70,65.70,0.00,0,0,65.70,0.00,0.00,0.00,0.00,1.000,1.000,0.00,0,255.00,1,65.45,65.56,-0.12,9.019,9.020,4.146,4.101,-0.000,0.000,0.004,65.70,66,-0.2258,7536,3980.89,3090.95,3051.30,4255.76,1.395,3051.30,0,2,2308,25842,0,0
50390,9.013,9.011,9.000,9.000,9.000,9.000,0.000,65.78,0.6578,4.166,4.183,65.78,65.78,0.00,0,0,-3.29565,65.78,65.78,0.00,0,0,65.78,0.00,0.00,0.00,0.00,1.000,1.000,0.00,0,255.00,1,65.60,65.67,-0.07,9.011,9.010,4.155,4.174,0.002,-0.000,0.001,65.78,65,0.3745,10460,2868.07,3076.68,3051.30,4255.76,1.395,3051.30,0,2,2318,25983,0,0
50525,9.024,9.014,9.000,9.000,9.000,9.000,0.000,65.73,0.6573,4.166,4.182,65.73,65.73,0.00,0,0,-3.29487,65.73,65.73,0.00,0,0,65.73,0.00,0.00,0.00,0.00,1.000,1.000,0.00,0,255.00,1,65.61,65.70,-0.09,9.014,9.014,4.163,4.127,0.011,0.000,0.002,65.73,66,-0.2199,7041,4260.76,3125.99,3177.72,4369.37,1.375,3177.72,0,2,2335,26158,0,0
50669,9.004,9.011,9.000,9.000,9.000,9.000,0.000,65.75,0.6575,4.164,4.180,65.75,65.75,0.00,0,0,-3.29377,65.75,65.75,0.00,0,0,65.75,0.00,0.00,0.00,0.00,1.000,1.000,0.00,0,255.00,1,65.62,65.68,-0.06,9.011,9.010,4.159,4.168,-0.008,0.000,0.001,65.75,66,-0.0040,6883,4358.56,3151.23,3177.72,4369.37,1.375,3177.72,0,2,2351,26368,0,0
50804,9.014,9.011,9.000,9.000,9.000,9.000,0.000,65.73,0.6573,4.165,4.179,65.73,65.73,0.00,0,0,-3.29328,65.73,65.73,0.00,0,0,65.73,0.00,0.00,0.00,0.00,1.000,1.000,0.00,0,255.00,1,65.69,65.75,-0.07,9.011,9.010,4.170,4.144,0.003,0.000,0.001,65.73,65,0.4193,7502,3998.93,3249.04,3700.31,5634.56,1.523,3700.31,0,2,2368,26547,0,0
50906,9.019,9.013,9.000,9.000,9.000,9.000,0.000,65.71,0.6571,4.164,4.179,65.71,65.71,0.00,0,0,-3.29275,65.71,65.71,0.00,0,0,65.71,0.00,0.00,0.00,0.00,1.000,1.000,0.00,0,255.00,1,65.65,65.72,-0.08,9.012,9.012,4.168,4.127,0.008,0.000,0.001,65.71,66,-0.0727,8187,3664.35,3404.30,3700.31,5634.56,1.523,3664.35,1,1,2378,26694,0,0
51044,9.007,9.009,9.000,9.000,9.000,9.000,0.000,65.74,0.6574,4.163,4.178,65.74,65.74,0.00,0,0,-3.29198,65.74,65.74,0.00,0,0,65.74,0.00,0.00,0.00,0.00,1.000,1.000,0.00,0,255.00,1,65.69,65.74,-0.05,9.008,9.008,4.168,4.166,-0.001,0.000,0.001,65.74,66,0.1633,6549,4580.85,3526.99,3700.31,5634.56,1.523,3700.31,0,2,2393,26873,0,0
51186,9.010,9.010,9.000,9.000,9.000,9.000,0.000,65.68,0.6568,4.160,4.175,65.68,65.68,0.00,0,0,-3.28964,65.68,65.68,0.00,0,0,65.68,0.00,0.00,0.00,0.00,1.000,1.000,0.00,0,255.00,1,65.58,65.64,-0.06,9.010,9.010,4.159,4.155,-0.000,0.000,0.001,65.68,66,-0.2438,8247,3637.69,3429.10,3364.36,4245.50,1.262,3364.36,0,2,2410,27070,0,0
51325,9.010,9.008,9.000,9.000,9.000,9.000,0.000,65.68,0.6568,4.161,4.174,65.68,65.68,0.00,0,0,-3.28912,65.68,65.68,0.00,0,0,65.68,0.00,0.00,0.00,0.00,1.000,1.000,0.00,0,255.00,1,65.64,65.69,-0.05,9.008,9.008,4.166,4.157,0.002,0.000,0.001,65.68,66,-0.0874,6776,4427.39,3377.40,3364.36,4245.50,1.262,3364.36,0,2,2425,27232,0,0
51426,9.015,9.015,9.000,9.000,9.000,9.000,0.000,65.57,0.6557,4.156,4.172,65.57,65.57,0.00,0,0,-3.28734,65.57,65.57,0.00,0,0,65.57,0.00,0.00,0.00,0.00,1.000,1.000,0.00,0,255.00,1,65.39,65.48,-0.09,9.015,9.015,4.145,4.116,-0.000,0.000,0.002,65.57,65,0.2521,7131,4206.98,3369.70,3364.36,4245.50,1.262,3364.36,0,2,2436,27336,0,0
51559,9.017,9.014,9.000,9.000,9.000,9.000,0.000,65.57,0.6557,4.155,4.171,65.57,65.57,0.00,0,0,-3.28645,65.57,65.57,0.00,0,0,65.57,0.00,0.00,0.00,0.00,1.000,1.000,0.00,0,255.00,1,65.43,65.51,-0.08,9.013,9.013,4.148,4.125,0.004,0.000,0.002,65.57,65,0.1107,7436,4034.43,3381.14,3410.43,4124.25,1.209,3410.43,0,2,2453,27518,0,0
51698,9.029,9.022,9.000,9.000,9.000,9.000,0.000,65.44,0.6544,4.152,4.170,65.44,65.44,0.00,0,0,-3.28503,65.44,65.44,0.00,0,0,65.44,0.00,0.00,0.00,0.00,1.000,1.000,0.00,0,255.00,1,65.21,65.34,-0.14,9.022,9.023,4.135,4.051,0.007,0.001,0.005,65.44,66,-0.3128,6893,4352.24,3395.44,3410.43,4124.25,1.209,3410.43,0,2,2469,27702,0,0
51834,9.004,9.009,9.000,9.000,9.000,9.000,0.000,65.58,0.6558,4.151,4.168,65.58,65.58,0.00,0,0,-3.28415,65.58,65.58,0.00,0,0,65.58,0.00,0.00,0.00,0.00,1.000,1.000,0.00,0,255.00,1,65.44,65.49,-0.05,9.009,9.008,4.145,4.179,-0.006,-0.000,0.001,65.58,65,0.4066,6243,4805.38,3402.76,3410.43,4124.25,1.209,3410.43,0,2,2484,27879,0,0
51936,9.013,9.013,9.000,9.000,9.000,9.000,0.000,65.48,0.6548,4.147,4.166,65.48,65.48,0.00,0,0,-3.28164,65.48,65.48,0.00,0,0,65.48,0.00,0.00,0.00,0.00,1.000,1.000,0.00,0,255.00,1,65.31,65.39,-0.08,9.013,9.013,4.139,4.139,-0.000,0.000,0.002,65.48,65,0.3341,8335,3599.28,3395.15,3390.70,4036.54,1.190,3390.70,0,2,2495,27970,0,0
52068,9.021,9.016,9.000,9.000,9.000,9.000,0.000,65.43,0.6543,4.146,4.164,65.43,65.43,0.00,0,0,-3.28074,65.43,65.43,0.00,0,0,65.43,0.00,0.00,0.00,0.00,1.000,1.000,0.00,0,255.00,1,65.30,65.40,-0.10,9.016,9.016,4.144,4.103,0.005,0.000,0.002,65.43,66,-0.1516,6506,4611.13,3407.57,3390.70,4036.54,1.190,3390.70,0,2,2511,28220,0,0
52208,9.024,9.013,9.000,9.000,9.000,9.000,0.000,65.44,0.6544,4.147,4.163,65.44,65.44,0.00,0,0,-3.28004,65.44,65.44,0.00,0,0,65.44,0.00,0.00,0.00,0.00,1.000,1.000,0.00,0,255.00,1,65.38,65.46,-0.08,9.013,9.013,4.152,4.113,0.012,0.000,0.001,65.44,65,0.3921,6980,4297.99,3399.33,3390.70,4036.54,1.190,3390.70,0,2,2527,28390,0,0
52344,9.007,9.009,9.000,9.000,9.000,9.000,0.000,65.48,0.6548,4.147,4.162,65.48,65.48,0.00,0,0,-3.27943,65.48,65.48,0.00,0,0,65.48,0.00,0.00,0.00,0.00,1.000,1.000,0.00,0,255.00,1,65.45,65.51,-0.05,9.009,9.009,4.156,4.145,-0.002,0.000,0.001,65.48,66,-0.0667,7040,4261.36,3356.81,3347.89,4702.98,1.405,3347.89,0,2,2542,28546,0,0
52445,9.011,9.011,9.000,9.000,9.000,9.000,0.000,65.43,0.6543,4.145,4.160,65.43,65.43,0.00,0,0,-3.27808,65.43,65.43,0.00,0,0,65.43,0.00,0.00,0.00,0.00,1.000,1.000,0.00,0,255.00,1,65.35,65.41,-0.07,9.011,9.010,4.146,4.132,0.000,0.000,0.001,65.43,66,-0.3136,8095,3705.99,3351.54,3347.89,4702.98,1.405,3347.89,0,2,2552,28632,0,0
52579,9.024,9.015,9.000,9.000,9.000,9.000,0.000,65.37,0.6537,4.145,4.159,65.37,65.37,0.00,0,0,-3.27721,65.37,65.37,0.00,0,0,65.37,0.00,0.00,0.00,0.00,1.000,1.000,0.00,0,255.00,1,65.31,65.40,-0.09,9.015,9.015,4.149,4.084,0.011,0.000,0.002,65.37,66,-0.4445,7929,3783.58,3349.38,3347.89,4702.98,1.405,3347.89,0,2,2567,28794,0,0
52716,9.021,9.010,9.000,9.000,9.000,9.000,0.000,65.42,0.6542,4.145,4.157,65.42,65.42,0.00,0,0,-3.27652,65.42,65.42,0.00,0,0,65.42,0.00,0.00,0.00,0.00,1.000,1.000,0.00,0,255.00,1,65.42,65.48,-0.06,9.010,9.009,4.156,4.119,0.012,0.000,0.001,65.42,65,0.4191,6581,4558.58,3253.75,3150.07,3877.01,1.231,3150.07,0,2,2581,28925,0,0
52849,9.018,9.012,9.000,9.000,9.000,9.000,0.000,65.36,0.6536,4.143,4.156,65.36,65.36,0.00,0,0,-3.27557,65.36,65.36,0.00,0,0,65.36,0.00,0.00,0.00,0.00,1.000,1.000,0.00,0,255.00,1,65.29,65.37,-0.07,9.012,9.012,4.145,4.101,0.006,0.000,0.001,65.36,66,-0.4018,6236,4810.78,3203.16,3150.07,3877.01,1.231,3150.07,0,2,2596,29080,0,0
52987,9.030,9.017,9.000,9.000,9.000,9.000,0.000,65.29,0.6529,4.142,4.155,65.29,65.29,0.00,0,0,-3.27476,65.29,65.29,0.00,0,0,65.29,0.00,0.00,0.00,0.00,1.000,1.000,0.00,0,255.00,1,65.19,65.30,-0.10,9.017,9.018,4.140,4.055,0.015,0.001,0.003,65.29,66,-0.2136,8014,3743.45,3177.25,3150.07,3877.01,1.231,3150.07,0,2,2610,29261,0,0
53124,9.019,9.019,9.000,9.000,9.000,9.000,0.000,65.20,0.6520,4.134,4.153,65.20,65.20,0.00,0,0,-3.27146,65.20,65.20,0.00,0,0,65.20,0.00,0.00,0.00,0.00,1.000,1.000,0.00,0,255.00,1,64.90,65.01,-0.12,9.019,9.021,4.107,4.087,-0.000,0.001,0.004,65.20,65,0.2236,6753,4442.47,3241.50,3253.94,4067.42,1.250,3253.94,0,2,2626,29460,0,0
53224,9.016,9.016,9.000,9.000,9.000,9.000,0.000,65.21,0.6521,4.131,4.151,65.21,65.21,0.00,0,0,-3.27001,65.21,65.21,0.00,0,0,65.21,0.00,0.00,0.00,0.00,1.000,1.000,0.00,0,255.00,1,64.94,65.04,-0.10,9.016,9.017,4.110,4.117,-0.000,0.000,0.003,65.21,65,-0.1225,7463,4019.83,3247.57,3253.94,4067.42,1.250,3253.94,0,2,2637,29594,0,0
53358,8.983,8.996,9.000,9.000,9.000,9.000,0.000,65.42,0.6542,4.131,4.149,65.42,65.42,0.00,0,0,-3.26843,65.42,65.42,0.00,0,0,65.42,0.00,0.00,0.00,0.00,1.000,1.000,0.00,0,255.00,1,65.38,65.35,0.03,8.995,8.994,4.138,4.290,-0.014,-0.001,0.000,65.42,65,0.1335,6772,4430.01,3251.85,3253.94,4067.42,1.250,3253.94,0,2,2654,29769,0,0
53497,8.997,8.999,9.000,9.000,9.000,9.000,0.000,65.38,0.6538,4.133,4.147,65.38,65.38,0.00,0,0,-3.26815,65.38,65.38,0.00,0,0,65.38,0.00,0.00,0.00,0.00,1.000,1.000,0.00,0,255.00,1,65.47,65.46,0.01,8.998,8.996,4.156,4.227,-0.002,-0.000,0.000,65.38,65,0.1088,6450,4651.16,3405.80,3567.33,5594.22,1.568,3567.33,0,2,2671,29959,0,0
53633,9.010,9.010,9.000,9.000,9.000,9.000,0.000,65.23,0.6523,4.132,4.146,65.23,65.23,0.00,0,0,-3.26726,65.23,65.23,0.00,0,0,65.23,0.00,0.00,0.00,0.00,1.000,1.000,0.00,0,255.00,1,65.24,65.30,-0.06,9.009,9.009,4.145,4.121,0.000,0.000,0.001,65.23,65,-0.1932,7254,4135.65,3495.67,3567.33,5594.22,1.568,3567.33,0,2,2686,30126,0,0
53735,9.002,9.006,9.000,9.000,9.000,9.000,0.000,65.26,0.6526,4.131,4.145,65.26,65.26,0.00,0,0,-3.26644,65.26,65.26,0.00,0,0,65.26,0.00,0.00,0.00,0.00,1.000,1.000,0.00,0,255.00,1,65.24,65.28,-0.04,9.006,9.005,4.140,4.156,-0.004,0.000,0.000,65.26,65,0.4859,8383,3578.67,3532.91,3567.33,5594.22,1.568,3578.67,1,1,2695,30237,0,0
53870,9.000,9.006,9.000,9.000,9.000,9.000,0.000,65.24,0.6524,4.130,4.144,65.24,65.24,0.00,0,0,-3.26561,65.24,65.24,0.00,0,0,65.24,0.00,0.00,0.00,0.00,1.000,1.000,0.00,0,255.00,1,65.21,65.25,-0.03,9.005,9.004,4.137,4.160,-0.006,-0.000,0.000,65.24,65,0.1076,7068,4244.48,3401.32,3263.27,4138.78,1.268,3263.27,0,2,2711,30426,0,0
54010,9.006,9.011,9.000,9.000,9.000,9.000,0.000,65.16,0.6516,4.127,4.143,65.16,65.16,0.00,0,0,-3.26442,65.16,65.16,0.00,0,0,65.16,0.00,0.00,0.00,0.00,1.000,1.000,0.00,0,255.00,1,65.04,65.11,-0.07,9.011,9.011,4.124,4.119,-0.005,0.000,0.001,65.16,66,-0.4787,6732,4456.33,3333.95,3263.27,4138.78,1.268,3263.27,0,2,2726,30608,0,0
54147,8.992,9.003,9.000,9.000,9.000,9.000,0.000,65.19,0.6519,4.122,4.140,65.19,65.19,0.00,0,0,-3.26132,65.19,65.19,0.00,0,0,65.19,0.00,0.00,0.00,0.00,1.000,1.000,0.00,0,255.00,1,65.05,65.07,-0.02,9.003,9.003,4.116,4.212,-0.013,-0.000,0.000,65.19,65,0.0327,6206,4834.03,3323.93,3492.45,4599.82,1.317,3492.45,0,2,2742,30814,0,0
54248,9.016,9.014,9.000,9.000,9.000,9.000,0.000,65.05,0.6505,4.121,4.139,65.05,65.05,0.00,0,0,-3.26057,65.05,65.05,0.00,0,0,65.05,0.00,0.00,0.00,0.00,1.000,1.000,0.00,0,255.00,1,64.91,64.99,-0.08,9.014,9.013,4.116,4.104,0.003,0.000,0.002,65.05,65,0.1671,6876,4363.00,3384.60,3492.45,4599.82,1.317,3492.45,0,2,2752,30952,0,0
54385,9.000,9.008,9.000,9.000,9.000,9.000,0.000,65.10,0.6510,4.120,4.137,65.10,65.10,0.00,0,0,-3.25972,65.10,65.10,0.00,0,0,65.10,0.00,0.00,0.00,0.00,1.000,1.000,0.00,0,255.00,1,65.02,65.07,-0.04,9.007,9.006,4.122,4.155,-0.008,-0.000,0.000,65.10,65,0.4308,8174,3670.17,3437.23,3492.45,4599.82,1.317,3492.45,0,2,2768,31133,0,0
54525,9.020,9.015,9.000,9.000,9.000,9.000,0.000,65.00,0.6500,4.119,4.136,65.00,65.00,0.00,0,0,-3.25869,65.00,65.00,0.00,0,0,65.00,0.00,0.00,0.00,0.00,1.000,1.000,0.00,0,255.00,1,64.90,64.99,-0.09,9.015,9.014,4.119,4.083,0.006,0.000,0.002,65.00,65,-0.4360,6638,4519.43,3435.94,3351.28,4388.58,1.310,3351.28,0,2,2784,31291,0,0
54658,9.010,9.011,9.000,9.000,9.000,9.000,0.000,65.02,0.6502,4.118,4.135,65.02,65.02,0.00,0,0,-3.25781,65.02,65.02,0.00,0,0,65.02,0.00,0.00,0.00,0.00,1.000,1.000,0.00,0,255.00,1,64.94,65.01,-0.07,9.011,9.011,4.120,4.110,-0.002,0.000,0.001,65.02,65,-0.2918,7191,4171.88,3394.63,3351.28,4388.58,1.310,3351.28,0,2,2801,31472,0,0
54759,9.009,9.012,9.000,9.000,9.000,9.000,0.000,65.00,0.6500,4.117,4.134,65.00,65.00,0.00,0,0,-3.25704,65.00,65.00,0.00,0,0,65.00,0.00,0.00,0.00,0.00,1.000,1.000,0.00,0,255.00,1,64.90,64.97,-0.07,9.012,9.012,4.116,4.111,-0.002,0.000,0.001,65.00,65,-0.3090,8312,3609.24,3379.02,3351.28,4388.58,1.310,3351.28,0,2,2812,31575,0,0
54896,9.033,9.016,9.000,9.000,9.000,9.000,0.000,64.94,0.6494,4.118,4.133,64.94,64.94,0.00,0,0,-3.25652,64.94,64.94,0.00,0,0,64.94,0.00,0.00,0.00,0.00,1.000,1.000,0.00,0,255.00,1,64.90,64.99,-0.10,9.016,9.016,4.125,4.047,0.020,0.000,0.002,64.94,65,-0.1109,6578,4560.66,3433.76,3692.67,4977.08,1.348,3692.67,0,2,2830,31747,0,0
55037,9.014,9.005,9.000,9.000,9.000,9.000,0.000,65.07,0.6507,4.120,4.132,65.07,65.07,0.00,0,0,-3.25646,65.07,65.07,0.00,0,0,65.07,0.00,0.00,0.00,0.00,1.000,1.000,0.00,0,255.00,1,65.15,65.18,-0.03,9.005,9.003,4.141,4.129,0.010,0.000,0.000,65.07,65,0.2597,6323,4744.58,3560.11,3692.67,4977.08,1.348,3692.67,0,2,2846,31926,0,0
55171,9.029,9.021,9.000,9.000,9.000,9.000,0.000,64.85,0.6485,4.116,4.131,64.85,64.85,0.00,0,0,-3.25500,64.85,64.85,0.00,0,0,64.85,0.00,0.00,0.00,0.00,1.000,1.000,0.00,0,255.00,1,64.71,64.84,-0.13,9.021,9.022,4.110,4.001,0.009,0.001,0.004,64.85,65,0.0093,7643,3925.16,3625.03,3692.67,4977.08,1.348,3692.67,0,2,2862,32129,0,0
55276,8.991,9.003,9.000,9.000,9.000,9.000,0.000,65.05,0.6505,4.115,4.130,65.05,65.05,0.00,0,0,-3.25439,65.05,65.05,0.00,0,0,65.05,0.00,0.00,0.00,0.00,1.000,1.000,0.00,0,255.00,1,64.94,64.96,-0.02,9.003,9.003,4.112,4.179,-0.014,-0.000,0.000,65.05,65,-0.0569,6453,4649.00,3600.20,3446.74,5210.18,1.512,3446.74,0,2,2873,32254,0,0
55376,9.003,9.006,9.000,9.000,9.000,9.000,0.000,65.01,0.6501,4.115,4.129,65.01,65.01,0.00,0,0,-3.25393,65.01,65.01,0.00,0,0,65.01,0.00,0.00,0.00,0.00,1.000,1.000,0.00,0,255.00,1,64.94,64.97,-0.03,9.006,9.005,4.116,4.148,-0.004,-0.000,0.000,65.01,65,-0.0788,9996,3001.20,3567.29,3446.74,5210.18,1.512,3446.74,0,2,2884,32389,0,0
55509,9.013,9.017,9.000,9.000,9.000,9.000,0.000,64.84,0.6484,4.111,4.128,64.84,64.84,0.00,0,0,-3.25224,64.84,64.84,0.00,0,0,64.84,0.00,0.00,0.00,0.00,1.000,1.000,0.00,0,255.00,1,64.61,64.71,-0.11,9.018,9.018,4.093,4.061,-0.005,0.000,0.003,64.84,64,0.4181,7033,4265.60,3508.46,3446.74,5210.18,1.512,3446.74,0,2,2899,32577,0,0
55644,9.003,9.007,9.000,9.000,9.000,9.000,0.000,64.95,0.6495,4.111,4.127,64.95,64.95,0.00,0,0,-3.25160,64.95,64.95,0.00,0,0,64.95,0.00,0.00,0.00,0.00,1.000,1.000,0.00,0,255.00,1,64.85,64.89,-0.04,9.006,9.006,4.109,4.150,-0.004,-0.000,0.000,64.95,65,0.2737,8968,3345.23,3458.04,3217.42,4665.25,1.450,3345.23,1,1,2913,32742,0,0
55782,9.017,9.021,9.000,9.000,9.000,9.000,0.000,64.74,0.6474,4.105,4.125,64.74,64.74,0.00,0,0,-3.24962,64.74,64.74,0.00,0,0,64.74,0.00,0.00,0.00,0.00,1.000,1.000,0.00,0,255.00,1,64.46,64.58,-0.13,9.021,9.022,4.082,4.040,-0.005,0.000,0.005,64.74,65,-0.4988,6329,4740.09,3340.61,3217.42,4665.25,1.450,3217.42,0,2,2929,32932,0,0
55916,9.015,9.014,9.000,9.000,9.000,9.000,0.000,64.80,0.6480,4.105,4.124,64.80,64.80,0.00,0,0,-3.24872,64.80,64.80,0.00,0,0,64.80,0.00,0.00,0.00,0.00,1.000,1.000,0.00,0,255.00,1,64.63,64.72,-0.09,9.014,9.014,4.096,4.091,0.001,0.000,0.002,64.80,65,0.0915,8995,3335.19,3304.05,3217.42,4665.25,1.450,3335.19,1,1,2945,33137,0,0
56055,9.021,9.014,9.000,9.000,9.000,9.000,0.000,64.79,0.6479,4.106,4.123,64.79,64.79,0.00,0,0,-3.24810,64.79,64.79,0.00,0,0,64.79,0.00,0.00,0.00,0.00,1.000,1.000,0.00,0,255.00,1,64.72,64.80,-0.08,9.014,9.013,4.109,4.071,0.008,0.000,0.001,64.79,65,-0.2488,6430,4665.63,3301.38,3327.44,4301.32,1.293,3327.44,0,2,2959,33303,0,0
56189,9.024,9.016,9.000,9.000,9.000,9.000,0.000,64.75,0.6475,4.105,4.121,64.75,64.75,0.00,0,0,-3.24720,64.75,64.75,0.00,0,0,64.75,0.00,0.00,0.00,0.00,1.000,1.000,0.00,0,255.00,1,64.67,64.77,-0.10,9.016,9.015,4.107,4.049,0.010,0.000,0.002,64.75,65,0.2458,6330,4739.34,3314.09,3327.44,4301.32,1.293,3327.44,0,2,2975,33471,0,0
56333,9.019,9.009,9.000,9.000,9.000,9.000,0.000,64.82,0.6482,4.106,4.120,64.82,64.82,0.00,0,0,-3.24680,64.82,64.82,0.00,0,0,64.82,0.00,0.00,0.00,0.00,1.000,1.000,0.00,0,255.00,1,64.83,64.89,-0.06,9.009,9.008,4.119,4.093,0.011,0.000,0.001,64.82,65,-0.0952,6409,4680.92,3320.61,3327.44,4301.32,1.293,3327.44,0,2,2990,33637,0,0
56468,9.033,9.019,9.000,9.000,9.000,9.000,0.000,64.69,0.6469,4.105,4.119,64.69,64.69,0.00,0,0,-3.24590,64.69,64.69,0.00,0,0,64.69,0.00,0.00,0.00,0.00,1.000,1.000,0.00,0,255.00,1,64.62,64.74,-0.12,9.019,9.020,4.108,4.001,0.016,0.001,0.003,64.69,64,0.3270,6205,4834.81,3323.49,3326.51,3960.13,1.190,3326.51,0,2,3007,33832,0,0
56569,9.008,9.013,9.000,9.000,9.000,9.000,0.000,64.73,0.6473,4.101,4.118,64.73,64.73,0.00,0,0,-3.24437,64.73,64.73,0.00,0,0,64.73,0.00,0.00,0.00,0.00,1.000,1.000,0.00,0,255.00,1,64.55,64.63,-0.08,9.013,9.014,4.089,4.085,-0.006,0.000,0.002,64.73,64,0.4048,7620,3937.01,3324.96,3326.51,3960.13,1.190,3326.51,0,2,3018,33955,0,0
56704,8.987,8.994,9.000,9.000,9.000,9.000,0.000,64.96,0.6496,4.104,4.117,64.96,64.96,0.00,0,0,-3.24426,64.96,64.96,0.00,0,0,64.96,0.00,0.00,0.00,0.00,1.000,1.000,0.00,0,255.00,1,65.00,64.96,0.04,8.993,8.991,4.119,4.243,-0.008,-0.001,0.001,64.96,65,0.0078,8171,3671.52,3325.72,3326.51,3960.13,1.190,3326.51,0,2,3035,34162,0,0
56843,9.010,9.010,9.000,9.000,9.000,9.000,0.000,64.72,0.6472,4.100,4.114,64.72,64.72,0.00,0,0,-3.24215,64.72,64.72,0.00,0,0,64.72,0.00,0.00,0.00,0.00,1.000,1.000,0.00,0,255.00,1,64.65,64.70,-0.06,9.010,9.009,4.101,4.091,0.000,0.000,0.001,64.72,65,0.1966,6232,4813.86,3506.14,3548.35,5403.17,1.523,3548.35,0,2,3050,34317,0,0
56977,8.997,9.003,9.000,9.000,9.000,9.000,0.000,64.79,0.6479,4.099,4.113,64.79,64.79,0.00,0,0,-3.24112,64.79,64.79,0.00,0,0,64.79,0.00,0.00,0.00,0.00,1.000,1.000,0.00,0,255.00,1,64.74,64.76,-0.02,9.003,9.002,4.103,4.155,-0.007,-0.000,0.000,64.79,65,0.0979,7442,4031.17,3531.06,3548.35,5403.17,1.523,3548.35,0,2,3067,34510,0,0
57080,9.006,9.006,9.000,9.000,9.000,9.000,0.000,64.72,0.6472,4.099,4.110,64.72,64.72,0.00,0,0,-3.23968,64.72,64.72,0.00,0,0,64.72,0.00,0.00,0.00,0.00,1.000,1.000,0.00,0,255.00,1,64.72,64.75,-0.03,9.006,9.005,4.107,4.105,0.000,-0.000,0.000,64.72,65,-0.0264,6392,4693.37,3546.63,3548.35,5403.17,1.523,3548.35,0,2,3078,34630,0,0
57215,9.016,9.019,9.000,9.000,9.000,9.000,0.000,64.53,0.6453,4.094,4.109,64.53,64.53,0.00,0,0,-3.23786,64.53,64.53,0.00,0,0,64.53,0.00,0.00,0.00,0.00,1.000,1.000,0.00,0,255.00,1,64.28,64.40,-0.12,9.019,9.021,4.073,4.014,-0.004,0.001,0.004,64.53,65,-0.4473,6949,4317.17,3488.50,3427.51,5499.97,1.605,3427.51,0,2,3094,34827,0,0
57354,8.996,9.000,9.000,9.000,9.000,9.000,0.000,64.75,0.6475,4.096,4.108,64.75,64.75,0.00,0,0,-3.23751,64.75,64.75,0.00,0,0,64.75,0.00,0.00,0.00,0.00,1.000,1.000,0.00,0,255.00,1,64.74,64.74,0.00,9.000,8.998,4.104,4.169,-0.004,-0.000,0.000,64.75,64,0.4220,7109,4220.00,3452.49,3427.51,5499.97,1.605,3427.51,0,2,3109,34995,0,0
57454,9.016,9.016,9.000,9.000,9.000,9.000,0.000,64.53,0.6453,4.092,4.107,64.53,64.53,0.00,0,0,-3.23616,64.53,64.53,0.00,0,0,64.53,0.00,0.00,0.00,0.00,1.000,1.000,0.00,0,255.00,1,64.38,64.47,-0.10,9.016,9.015,4.083,4.032,0.000,0.000,0.002,64.53,64,0.0806,6591,4551.66,3487.33,3662.64,5962.44,1.628,3662.64,0,2,3126,35183,0,0
57593,9.024,9.015,9.000,9.000,9.000,9.000,0.000,64.53,0.6453,4.092,4.106,64.53,64.53,0.00,0,0,-3.23539,64.53,64.53,0.00,0,0,64.53,0.00,0.00,0.00,0.00,1.000,1.000,0.00,0,255.00,1,64.41,64.50,-0.09,9.015,9.015,4.087,4.038,0.011,0.000,0.002,64.53,65,-0.0824,6609,4539.26,3572.88,3662.64,5962.44,1.628,3662.64,0,2,3137,35282,0,0
57731,9.006,9.003,9.000,9.000,9.000,9.000,0.000,64.67,0.6467,4.094,4.105,64.67,64.67,0.00,0,0,-3.23524,64.67,64.67,0.00,0,0,64.67,0.00,0.00,0.00,0.00,1.000,1.000,0.00,0,255.00,1,64.70,64.71,-0.01,9.002,9.001,4.106,4.134,0.004,-0.000,0.000,64.67,65,-0.0270,7444,4030.09,3616.68,3662.64,5962.44,1.628,3662.64,0,2,3152,35441,0,0
57869,8.991,8.998,9.000,9.000,9.000,9.000,0.000,64.72,0.6472,4.093,4.104,64.72,64.72,0.00,0,0,-3.23464,64.72,64.72,0.00,0,0,64.72,0.00,0.00,0.00,0.00,1.000,1.000,0.00,0,255.00,1,64.75,64.73,0.01,8.998,8.996,4.105,4.177,-0.007,-0.000,0.000,64.72,65,-0.1901,7159,4190.53,3580.31,3386.13,4595.46,1.357,3386.13,0,2,3168,35608,0,0
58003,8.994,8.999,9.000,9.000,9.000,9.000,0.000,64.69,0.6470,4.094,4.103,64.69,64.69,0.00,0,0,-3.23429,64.69,64.69,0.00,0,0,64.69,0.00,0.00,0.00,0.00,1.000,1.000,0.00,0,255.00,1,64.75,64.74,0.01,8.999,8.998,4.108,4.154,-0.006,-0.000,0.000,64.69,65,-0.2693,7067,4245.08,3503.80,3386.13,4595.46,1.357,3386.13,0,2,3184,35804,0,0
58105,9.017,9.015,9.000,9.000,9.000,9.000,0.000,64.48,0.6448,4.091,4.103,64.48,64.48,0.00,0,0,-3.23343,64.48,64.48,0.00,0,0,64.48,0.00,0.00,0.00,0.00,1.000,1.000,0.00,0,255.00,1,64.40,64.49,-0.09,9.015,9.016,4.089,4.010,0.002,0.000,0.002,64.48,65,-0.2670,6318,4748.34,3461.44,3386.13,4595.46,1.357,3386.13,0,2,3196,35902,0,0
58239,9.022,9.021,9.000,9.000,9.000,9.000,0.000,64.38,0.6438,4.086,4.102,64.38,64.38,0.00,0,0,-3.23173,64.38,64.38,0.00,0,0,64.38,0.00,0.00,0.00,0.00,1.000,1.000,0.00,0,255.00,1,64.12,64.24,-0.13,9.021,9.022,4.062,3.992,0.001,0.001,0.005,64.38,64,-0.0070,7726,3882.99,3436.67,3446.05,4087.17,1.186,3446.05,0,2,3211,36054,0,0
58379,9.019,9.012,9.000,9.000,9.000,9.000,0.000,64.47,0.6447,4.088,4.099,64.47,64.47,0.00,0,0,-3.23067,64.47,64.47,0.00,0,0,64.47,0.00,0.00,0.00,0.00,1.000,1.000,0.00,0,255.00,1,64.44,64.51,-0.07,9.011,9.010,4.093,4.038,0.008,0.000,0.001,64.47,65,-0.4299,6293,4767.20,3444.47,3446.05,4087.17,1.186,3446.05,0,2,3228,36253,0,0
58513,9.012,9.003,9.000,9.000,9.000,9.000,0.000,64.58,0.6458,4.091,4.098,64.58,64.58,0.00,0,0,-3.23083,64.58,64.58,0.00,0,0,64.58,0.00,0.00,0.00,0.00,1.000,1.000,0.00,0,255.00,1,64.67,64.69,-0.02,9.003,9.001,4.110,4.097,0.010,-0.000,0.000,64.58,64,0.4842,6392,4693.37,3445.24,3446.05,4087.17,1.186,3446.05,0,2,3243,36458,0,0
58615,8.997,8.999,9.000,9.000,9.000,9.000,0.000,64.63,0.6463,4.092,4.098,64.63,64.63,0.00,0,0,-3.23086,64.63,64.63,0.00,0,0,64.63,0.00,0.00,0.00,0.00,1.000,1.000,0.00,0,255.00,1,64.75,64.74,0.01,8.998,8.997,4.113,4.132,-0.002,-0.000,0.000,64.63,65,-0.2697,6740,4451.04,3446.30,3449.91,4894.06,1.419,3449.91,0,2,3254,36557,0,0
58749,9.000,9.005,9.000,9.000,9.000,9.000,0.000,64.54,0.6454,4.090,4.098,64.54,64.54,0.00,0,0,-3.23018,64.54,64.54,0.00,0,0,64.54,0.00,0.00,0.00,0.00,1.000,1.000,0.00,0,255.00,1,64.54,64.57,-0.03,9.005,9.005,4.096,4.081,-0.005,0.000,0.000,64.54,64,0.2783,7789,3851.59,3462.18,3449.91,4894.06,1.419,3449.91,0,2,3269,36725,0,0
58888,8.994,9.004,9.000,9.000,9.000,9.000,0.000,64.54,0.6454,4.087,4.097,64.54,64.54,0.00,0,0,-3.22920,64.54,64.54,0.00,0,0,64.54,0.00,0.00,0.00,0.00,1.000,1.000,0.00,0,255.00,1,64.44,64.46,-0.02,9.004,9.004,4.081,4.116,-0.011,-0.000,0.000,64.54,65,-0.3472,6909,4342.16,3456.19,3449.91,4894.06,1.419,3449.91,0,2,3285,36895,0,0
=== SHOT TELEMETRY END ===
