# SHOT START
# legend_version=4
# time_base=ms_since_boot
# units: pressure=bar, flow=ml_s, output=percent, derivative=bar_s
# raw_p = raw pressure sensor reading
# flt_p = filtered pressure used by controller
# sp_raw = raw incoming pressure setpoint currently held by the profile engine
# sp_flt = filtered pressure setpoint actually used internally by the controller
# sp_recipe = visual recipe reference; ideal profile target for display/comparison
# sp_ctrl = control reference after internal conditioning; command seen by control logic
# sp_flt_d = derivative of filtered pressure setpoint
# ctrl_out = final controller output command in percent
# pump_duty = internal normalized pressure-branch duty estimate
# pump_flow = estimated pump flow
# coffee_flow = estimated outflow through puck / coffee flow
# u_raw = pressure branch output after clamp and before final slew limiter
# u_applied = pressure branch output after final slew limiter
# u_delta = u_raw - u_applied; limiter intervention magnitude
# limiter_active_up = 1 when rise slew limiter is active
# limiter_active_down = 1 when drop slew limiter is active
# error_integral = integral state of legacy pressure controller
# u_unclamped_raw = controller output before 0..100 clamp
# u_clamped_raw = controller output after 0..100 clamp and before slew limiter
# u_clamp_delta = u_unclamped_raw - u_clamped_raw
# clamp_active_high = 1 when output was clipped by upper clamp
# clamp_active_low = 1 when output was clipped by lower clamp
# u_fb = legacy pressure feedback contribution
# u_ff_hold = static feedforward contribution
# u_ff_dyn = dynamic feedforward contribution
# u_ff_dyn_raw = raw dynamic feedforward request before FF-path LPF and slew limiting
# ff_pressure_w = pressure-window weight applied to dynamic FF
# ff_above_w = above-target suppression weight applied to dynamic FF
# ff_gamma = ramp-dependent gamma multiplier applied to dynamic FF
# u_ff_total = total feedforward contribution
# ramp_hold_active = 1 when the downstream drop-rate hold is active during ramp-up
# drop_rate_active = active downstream output drop-rate cap in percent per second
# mpc_shadow_enabled = 1 when shadow MPC is being computed in parallel
# mpc_u_shadow = total output suggested by shadow MPC; not applied to actuator in shadow stage
# mpc_u_ss = steady-state component suggested by shadow MPC
# mpc_u_trim = corrective trim component suggested by shadow MPC
# mpc_p1_pred = one-step pressure prediction from shadow MPC model
# mpc_pn_pred = terminal pressure prediction at end of shadow MPC horizon
# mpc_qout_est = estimated outflow / load used by shadow MPC model
# mpc_qout_raw = instantaneous outflow / load estimate before shadow-MPC LPF
# mpc_residual = measured minus predicted pressure residual for shadow MPC
# mpc_residual_bias = low-pass residual bias term added to shadow predictions
# mpc_cost = shadow MPC objective value
# power_cmd = floating-point power command sent to pump stage before integer quantization
# power_psm_quantized = integer power actually sent to PSM
# power_quant_residual = sigma-delta residual kept for next quantization step
# tach_period_us = measured time between valid tach pulses in microseconds
# tach_rpm_inst = instantaneous RPM derived from tach_period_us and pulses-per-revolution
# tach_rpm_ema = exponentially filtered published RPM intended for easier visual analysis
# tach_rpm_count_window = RPM derived from ISR-accepted pulse counts over a fixed time window
# tach_rpm_count_window_pcnt_raw = RPM derived from raw PCNT hardware counts over the same window (diagnostic only)
# tach_pcnt_ratio = raw PCNT pulse count divided by ISR-accepted pulse count in the current window
# tach_rpm_pub = RPM value selected for operational use after comparing period and count-window estimates
# tach_quality_ok = 1 when period and count-window RPM agree within tolerance
# tach_rpm_source = 0=none, 1=period branch, 2=count-window fallback
# tach_pulse_count = total number of valid tach pulses seen since the last reset
# tach_glitch_rejects = number of tach edges rejected as implausibly fast glitches or plausibility failures
# tach_pcnt_healthy = 1 when raw PCNT windows have matched ISR-accepted windows for multiple consecutive updates
# tach_capture_enabled_cfg = 1 when MCPWM capture is enabled by configuration
# tach_capture_init_ok = 1 when MCPWM capture initialized successfully
# tach_capture_active = 1 after MCPWM capture has observed events in this run
# tach_capture_event_count = number of capture ISR events seen since last reset
# tach_capture_last_period_us = most recent MCPWM capture period converted to microseconds
# tach_capture_last_edge = last capture edge enum reported by MCPWM
# tach_timeout = 1 when no recent tach pulse is available and RPM is forced to zero
ms,raw_p,flt_p,sp_raw,sp_flt,sp_recipe,sp_ctrl,sp_flt_d,ctrl_out,pump_duty,pump_flow,coffee_flow,u_raw,u_applied,u_delta,limiter_active_up,limiter_active_down,error_integral,u_unclamped_raw,u_clamped_raw,u_clamp_delta,clamp_active_high,clamp_active_low,u_fb,u_ff_hold,u_ff_dyn,u_ff_dyn_raw,ff_pressure_w,ff_above_w,ff_gamma,u_ff_total,ramp_hold_active,drop_rate_active,mpc_shadow_enabled,mpc_u_shadow,mpc_u_ss,mpc_u_trim,mpc_p1_pred,mpc_pn_pred,mpc_qout_est,mpc_qout_raw,mpc_residual,mpc_residual_bias,mpc_cost,power_cmd,power_psm_quantized,power_quant_residual,tach_period_us,tach_rpm_inst,tach_rpm_ema,tach_rpm_count_window,tach_rpm_count_window_pcnt_raw,tach_pcnt_ratio,tach_rpm_pub,tach_quality_ok,tach_rpm_source,tach_pulse_count,tach_glitch_rejects,tach_pcnt_healthy,tach_capture_enabled_cfg,tach_capture_init_ok,tach_capture_active,tach_capture_event_count,tach_capture_last_period_us,tach_capture_last_edge,tach_timeout
21752,12.000,12.000,9.000,3.437,9.000,3.437,-5.494,0.00,0.0000,0.000,0.000,0.00,0.00,0.00,0,0,0.00000,-541.29,0.00,-541.29,0,1,-541.29,0.00,0.00,0.00,0.00,1.000,1.000,0.00,0,255.00,1,0.00,0.00,-5.00,12.000,12.000,0.000,0.000,0.000,0.000,684.239,0.00,0,0.0000,0,0.00,0.00,0.00,0.00,0.000,0.00,0,0,0,0,0,1,1,0,0,0,0,1
21860,0.533,1.782,9.000,4.796,9.000,4.796,19.567,11.40,0.5016,0.207,0.000,50.16,11.40,38.76,1,0,0.00000,50.16,50.16,0.00,0,0,47.31,0.00,2.85,8.50,1.00,1.000,1.160,2.85,1,60.00,1,56.27,51.27,5.00,1.792,1.842,4.226,15.711,-1.385,-0.080,265.897,11.40,11,0.1000,11179,2683.60,2683.60,0.00,0.00,0.000,2683.60,0,1,5,3,0,1,1,1,8,7107,1,0
21993,0.584,0.695,9.000,6.246,9.000,6.246,14.077,28.50,0.7285,1.043,0.000,72.85,28.50,44.35,1,0,0.00000,72.85,72.85,0.00,0,0,67.41,0.00,5.43,8.50,1.00,1.000,1.160,5.43,1,60.00,1,65.68,60.67,5.00,0.670,0.547,8.190,18.650,-0.111,-0.080,459.590,28.50,28,0.5000,9391,3194.55,2937.39,0.00,0.00,0.000,3194.55,0,1,9,10,0,1,1,1,19,29531,1,0
22127,0.573,0.582,9.000,7.208,9.000,7.208,9.202,45.60,0.8320,2.362,0.000,83.20,45.60,37.60,1,0,0.00000,83.20,83.20,0.00,0,0,76.36,0.00,6.84,8.50,1.00,1.000,1.160,6.84,0,255.00,1,75.08,70.08,5.00,0.525,0.260,11.731,20.566,0.040,-0.070,523.867,45.60,45,0.2000,12657,2370.23,2581.72,0.00,0.00,0.000,2370.23,0,1,17,317,0,1,1,1,334,4496,1,0
22265,0.646,0.634,9.000,7.834,9.000,7.834,5.988,62.70,0.8930,4.030,0.000,89.30,62.70,26.60,1,0,0.00000,89.30,89.30,0.00,0,0,81.70,0.00,7.60,8.50,0.72,1.000,1.114,7.60,0,255.00,1,84.49,79.49,5.00,0.574,0.290,14.303,20.487,0.074,-0.051,542.517,62.70,62,0.2000,6399,4688.23,2156.60,1710.58,2606.59,1.524,1710.58,0,2,31,815,0,1,1,1,845,1494,1,0
22366,0.595,0.610,9.000,8.125,9.000,8.125,4.496,74.10,0.9223,5.297,0.000,92.23,74.10,18.13,1,0,0.00000,92.23,92.23,0.00,0,0,84.33,0.00,7.90,8.50,0.48,1.000,1.077,7.90,0,255.00,1,90.75,85.75,5.00,0.553,0.289,15.584,20.524,0.043,-0.042,554.702,74.10,74,-0.3000,11339,2645.74,1996.03,1710.58,2606.59,1.524,1710.58,0,2,40,1269,0,1,1,1,1308,1800,1,0
22505,5.973,3.442,9.000,8.431,9.000,8.431,2.925,84.64,0.8464,7.032,0.000,84.64,84.64,0.00,0,0,-0.14966,84.64,84.64,0.00,0,0,77.34,0.00,7.30,4.87,0.24,1.000,1.038,7.30,0,255.00,1,96.55,91.55,5.00,3.474,3.626,14.779,0.000,2.831,0.080,219.991,84.64,85,-0.3560,7686,3903.20,1856.73,1710.58,2606.59,1.524,1710.58,0,2,55,1848,0,1,1,1,1902,3585,1,0
22605,8.016,6.699,9.000,8.572,9.000,8.572,2.196,69.34,0.5242,7.074,0.000,52.42,69.34,-16.92,0,1,-0.30359,52.42,52.42,0.00,0,0,46.66,0.00,5.76,2.22,0.14,1.000,1.023,5.76,0,255.00,1,88.14,83.14,5.00,6.699,6.702,11.729,0.000,1.436,0.080,41.102,69.34,69,-0.0179,8845,3391.75,2303.78,3098.53,4608.06,1.487,3098.53,0,2,65,2601,0,1,1,1,2664,3396,1,0
22738,7.251,7.455,9.000,8.722,9.000,8.722,1.428,46.39,0.4006,6.426,0.000,40.06,46.39,-6.33,0,1,-0.40571,40.06,40.06,0.00,0,0,36.48,0.00,3.58,0.66,0.06,1.000,1.010,3.58,0,255.00,1,75.52,70.52,5.00,7.475,7.572,8.292,0.000,-0.239,0.066,25.041,46.39,46,0.1141,10197,2942.04,2691.61,3098.53,4608.06,1.487,3098.53,0,2,78,3486,0,1,1,1,3562,3130,1,0
22844,4.524,5.527,9.000,8.791,9.000,8.791,1.073,57.79,0.7137,6.266,0.000,71.37,57.79,13.58,1,0,-0.40571,71.37,71.37,0.00,0,0,68.87,0.00,2.50,0.29,0.04,1.000,1.006,2.50,0,255.00,1,81.79,76.79,5.00,5.535,5.576,6.928,3.184,-1.124,-0.027,97.401,57.79,58,0.0022,11771,2548.64,2838.10,3098.53,4608.06,1.487,3098.53,0,2,87,3978,0,1,1,1,4063,5840,1,0
22944,4.174,4.443,9.000,8.843,9.000,8.843,0.805,69.19,0.8075,6.510,0.000,80.75,69.19,11.56,1,0,-0.40571,80.75,80.75,0.00,0,0,79.04,0.00,1.72,0.13,0.02,1.000,1.003,1.72,0,255.00,1,88.06,83.06,5.00,4.423,4.330,7.981,13.225,-0.284,-0.072,172.039,69.19,70,-0.3098,9379,3198.64,2879.44,2836.48,4648.67,1.639,2836.48,0,2,96,4485,0,1,1,1,4579,1033,1,0
23047,5.690,5.185,9.000,8.882,9.000,8.882,0.605,76.22,0.7622,6.837,0.000,76.22,76.22,0.00,0,0,-0.51662,76.22,76.22,0.00,0,0,75.06,0.00,1.16,0.05,0.01,1.000,1.001,1.16,0,255.00,1,91.92,86.92,5.00,5.194,5.235,8.179,6.623,0.567,-0.031,114.679,76.22,76,-0.1935,9025,3324.10,2863.98,2836.48,4648.67,1.639,2836.48,0,2,105,4895,0,1,1,1,4997,1843,1,0
23183,7.741,7.171,9.000,8.923,9.000,8.923,0.393,57.09,0.5317,6.648,0.000,53.17,57.09,-3.92,0,1,-0.73612,53.17,53.17,0.00,0,0,52.53,0.00,0.64,0.02,0.01,1.000,1.000,0.64,0,255.00,1,81.40,76.40,5.00,7.246,7.599,5.973,0.000,0.571,0.054,25.265,57.09,57,0.0135,7730,3880.98,2850.56,2836.48,4648.67,1.639,2836.48,0,2,120,5798,0,1,1,1,5915,6586,1,0
23329,7.637,7.651,9.000,8.950,9.000,8.950,0.256,45.72,0.4572,5.950,0.000,45.72,45.72,0.00,0,0,-0.85248,45.72,45.72,0.00,0,0,45.37,0.00,0.35,0.00,0.00,1.000,1.000,0.35,0,255.00,1,62.36,57.36,5.00,7.725,8.073,4.223,0.000,-0.091,0.057,12.046,45.72,46,-0.2191,12240,2450.98,2841.27,2797.57,5355.34,1.914,2797.57,0,2,131,6596,0,1,1,1,6724,1672,1,0
23429,6.980,7.169,9.000,8.963,9.000,8.963,0.192,56.34,0.5634,5.719,0.000,56.34,56.34,0.00,0,0,-0.90629,56.34,56.34,0.00,0,0,56.10,0.00,0.23,0.00,0.00,1.000,1.000,0.23,0,255.00,1,61.91,56.91,5.00,7.234,7.544,3.410,0.538,-0.276,0.025,19.865,56.34,57,-0.4554,6564,4570.38,2825.53,2797.57,5355.34,1.914,2797.57,0,2,140,7140,0,1,1,1,7276,3883,1,0
23569,7.532,7.386,9.000,8.976,9.000,8.976,0.125,54.97,0.5497,5.508,0.000,54.97,54.97,0.00,0,0,-1.06366,54.97,54.97,0.00,0,0,54.84,0.00,0.13,0.00,0.00,1.000,1.000,0.13,0,255.00,1,56.09,51.09,5.00,7.449,7.752,2.777,0.357,0.099,0.023,14.710,54.97,55,-0.1105,9005,3331.48,2812.41,2797.57,5355.34,1.914,2797.57,0,2,152,7882,0,1,1,1,8030,3379,1,0
23707,8.289,8.159,9.000,8.984,9.000,8.984,0.081,39.73,0.3973,4.979,0.000,39.73,39.73,0.00,0,0,-1.15407,39.73,39.73,0.00,0,0,39.66,0.00,0.07,0.00,0.00,1.000,1.000,0.07,0,255.00,1,41.16,36.55,4.60,8.226,8.553,1.964,0.000,0.074,0.045,2.667,39.73,39,0.3876,12633,2374.73,2759.10,2567.22,4045.32,1.576,2567.22,0,2,164,8701,0,1,1,1,8861,11583,1,0
23808,7.614,7.864,9.000,8.988,9.000,8.988,0.061,46.42,0.4720,4.702,0.000,47.20,46.42,0.78,1,0,-1.17949,47.20,47.20,0.00,0,0,47.15,0.00,0.05,0.00,0.00,1.000,1.000,0.05,0,255.00,1,42.71,37.71,5.00,7.921,8.198,1.634,0.697,-0.340,0.022,6.734,46.42,47,-0.4816,12678,2366.30,2704.88,2567.22,4045.32,1.576,2567.22,0,2,171,9172,0,1,1,1,9338,4384,1,0
23908,6.971,7.214,9.000,8.991,9.000,8.991,0.046,57.82,0.6022,4.685,0.000,60.22,57.82,2.40,1,0,-1.17949,60.22,60.22,0.00,0,0,60.19,0.00,0.03,0.00,0.00,1.000,1.000,0.03,0,255.00,1,55.26,50.26,5.00,7.247,7.404,2.541,7.233,-0.310,-0.013,21.915,57.82,57,0.4492,13480,2225.52,2655.32,2567.22,4045.32,1.576,2567.22,0,2,178,9700,0,1,1,1,9873,1673,1,0
24008,7.593,7.366,9.000,8.993,9.000,8.993,0.034,59.15,0.5915,4.761,0.000,59.15,59.15,0.00,0,0,-1.28459,59.15,59.15,0.00,0,0,59.13,0.00,0.02,0.00,0.00,1.000,1.000,0.02,0,255.00,1,61.85,56.85,5.00,7.396,7.538,3.383,5.318,0.221,-0.008,18.401,59.15,59,0.3840,8637,3473.43,2623.60,2567.22,4045.32,1.576,2567.22,0,2,187,10199,0,1,1,1,10381,4022,1,0
24108,8.533,8.223,9.000,8.995,9.000,8.995,0.026,43.85,0.4171,4.562,0.000,41.71,43.85,-2.14,0,1,-1.34113,41.71,41.71,0.00,0,0,41.70,0.00,0.01,0.00,0.00,1.000,1.000,0.01,0,255.00,1,48.16,43.74,4.41,8.267,8.479,2.731,0.000,0.301,0.027,3.131,43.85,44,-0.2651,11491,2610.74,2514.60,2320.82,4061.44,1.750,2320.82,0,2,197,10739,0,1,1,1,10930,2087,1,0
24247,7.939,8.203,9.000,8.997,9.000,8.997,0.017,41.44,0.4279,4.120,0.000,42.79,41.44,1.34,1,0,-1.37205,42.79,42.79,0.00,0,0,42.78,0.00,0.01,0.00,0.00,1.000,1.000,0.01,0,255.00,1,41.60,37.03,4.57,8.242,8.431,1.984,0.482,-0.333,0.016,3.295,41.44,41,0.1219,7145,4198.74,2420.04,2320.82,4061.44,1.750,2320.82,0,2,210,11475,0,1,1,1,11679,6180,1,0
24350,6.970,7.405,9.000,8.998,9.000,8.998,0.013,52.84,0.5990,4.101,0.000,59.90,52.84,7.06,1,0,-1.37205,59.90,59.90,0.00,0,0,59.90,0.00,0.00,0.00,0.00,1.000,1.000,0.00,0,255.00,1,54.29,49.29,5.00,7.417,7.474,2.833,8.098,-0.507,-0.023,19.156,52.84,53,0.1085,12004,2499.17,2384.32,2320.82,4061.44,1.750,2320.82,0,2,218,11891,0,1,1,1,12103,4489,1,0
24451,6.855,6.949,9.000,8.998,9.000,8.998,0.009,64.24,0.6766,4.312,0.000,67.66,64.24,3.41,1,0,-1.37205,67.66,67.66,0.00,0,0,67.65,0.00,0.00,0.00,0.00,1.000,1.000,0.00,0,255.00,1,72.37,67.37,5.00,6.948,6.941,4.502,11.004,-0.104,-0.042,34.612,64.24,64,-0.1049,10666,2812.68,2459.83,2809.39,3745.85,1.333,2812.68,1,1,228,12346,0,1,1,1,12568,1251,1,0
24590,8.565,8.130,9.000,8.999,9.000,8.999,0.006,49.91,0.4675,4.371,0.000,46.75,49.91,-3.15,0,1,-1.49391,46.75,46.75,0.00,0,0,46.75,0.00,0.00,0.00,0.00,1.000,1.000,0.00,0,255.00,1,62.98,57.98,5.00,8.152,8.258,4.294,0.000,0.468,0.015,6.942,49.91,50,-0.4336,6283,4774.79,2638.36,2809.39,3745.85,1.333,2809.39,0,2,241,13398,0,1,1,1,13632,5461,1,0
24690,8.848,8.695,9.000,8.999,9.000,8.999,0.005,35.41,0.3541,4.085,0.000,35.41,35.41,0.00,0,0,-1.51721,35.41,35.41,0.00,0,0,35.41,0.00,0.00,0.00,0.00,1.000,1.000,0.00,0,255.00,1,45.38,43.71,1.67,8.723,8.858,3.408,0.000,0.141,0.036,1.506,35.41,35,0.2382,11661,2572.68,2699.93,2809.39,3745.85,1.333,2809.39,0,2,250,14416,0,1,1,1,14659,4639,1,0
24833,7.386,7.774,9.000,8.999,9.000,8.999,0.003,48.72,0.5525,3.876,0.000,55.25,48.72,6.53,1,0,-1.52957,55.25,55.25,0.00,0,0,55.25,0.00,0.00,0.00,0.00,1.000,1.000,0.00,0,255.00,1,54.74,49.74,5.00,7.784,7.832,3.229,5.874,-0.450,-0.012,11.681,48.72,48,0.2854,10223,2934.56,2778.38,2805.82,4409.15,1.571,2934.56,1,1,263,15292,0,1,1,1,15548,4256,1,0
24933,6.738,6.998,9.000,9.000,9.000,9.000,0.002,60.12,0.6928,4.050,0.000,69.28,60.12,9.17,1,0,-1.52957,69.28,69.28,0.00,0,0,69.28,0.00,0.00,0.00,0.00,1.000,1.000,0.00,0,255.00,1,71.60,66.60,5.00,6.986,6.926,4.723,10.931,-0.280,-0.045,35.254,60.12,60,-0.1832,11829,2536.14,2788.26,2805.82,4409.15,1.571,2805.82,0,2,272,15741,0,1,1,1,16005,2086,1,0
25069,7.965,7.643,9.000,9.000,9.000,9.000,0.001,59.42,0.5942,4.345,0.000,59.42,59.42,0.00,0,0,-1.62159,59.42,59.42,0.00,0,0,59.42,0.00,0.00,0.00,0.00,1.000,1.000,0.00,0,255.00,1,76.93,71.93,5.00,7.646,7.659,5.528,4.233,0.357,-0.010,18.162,59.42,59,0.3437,6953,4314.68,2780.18,2805.82,4409.15,1.571,2805.82,0,2,284,16492,0,1,1,1,16768,3920,1,0
25205,8.925,8.768,9.000,9.000,9.000,9.000,0.001,37.08,0.3708,4.035,0.000,37.08,37.08,0.00,0,0,-1.66340,37.08,37.08,0.00,0,0,37.08,0.00,0.00,0.00,0.00,1.000,1.000,0.00,0,255.00,1,49.41,48.14,1.26,8.791,8.903,3.909,0.000,0.151,0.037,1.990,37.08,37,0.3049,9582,3130.87,2750.14,2680.82,3705.84,1.382,2680.82,0,2,297,17331,0,1,1,1,17620,6631,1,0
25305,8.076,8.409,9.000,9.000,9.000,9.000,0.001,42.79,0.4309,3.823,0.000,43.09,42.79,0.29,1,0,-1.67014,43.09,43.09,0.00,0,0,43.09,0.00,0.00,0.00,0.00,1.000,1.000,0.00,0,255.00,1,49.61,46.17,3.44,8.431,8.537,3.188,0.786,-0.392,0.015,2.589,42.79,43,0.1927,8876,3379.90,2725.18,2680.82,3705.84,1.382,2680.82,0,2,306,17677,0,1,1,1,17974,5672,1,0
25408,7.041,7.411,9.000,9.000,9.000,9.000,0.001,54.19,0.6456,3.874,0.000,64.56,54.19,10.36,1,0,-1.67014,64.56,64.56,0.00,0,0,64.56,0.00,0.00,0.00,0.00,1.000,1.000,0.00,0,255.00,1,64.52,59.52,5.00,7.404,7.373,4.185,9.586,-0.412,-0.031,22.155,54.19,54,-0.1195,12083,2482.83,2709.21,2680.82,3705.84,1.382,2680.82,0,2,314,18173,0,1,1,1,18478,4761,1,0
25545,7.309,7.199,9.000,9.000,9.000,9.000,0.000,69.04,0.6904,4.280,0.000,69.04,69.04,0.00,0,0,-1.72418,69.04,69.04,0.00,0,0,69.04,0.00,0.00,0.00,0.00,1.000,1.000,0.00,0,255.00,1,85.65,80.65,5.00,7.192,7.161,6.013,9.791,0.133,-0.034,30.029,69.04,69,0.4097,8551,3508.36,2684.74,2680.82,3705.84,1.382,2680.82,0,2,327,19015,0,1,1,1,19333,787,1,0
25648,8.627,8.209,9.000,9.000,9.000,9.000,0.000,53.74,0.5006,4.291,0.000,50.06,53.74,-3.69,0,1,-1.78546,50.06,50.06,0.00,0,0,50.06,0.00,0.00,0.00,0.00,1.000,1.000,0.00,0,255.00,1,70.93,66.22,4.71,8.222,8.288,5.165,0.000,0.457,0.014,7.890,53.74,54,-0.4575,8622,3479.47,2641.32,2564.15,3619.97,1.412,2564.15,0,2,337,19626,0,1,1,1,19953,6443,1,0
25783,8.833,8.828,9.000,9.000,9.000,9.000,0.000,38.89,0.3889,3.918,0.000,38.89,38.89,0.00,0,0,-1.80556,38.89,38.89,0.00,0,0,38.89,0.00,0.00,0.00,0.00,1.000,1.000,0.00,0,255.00,1,48.20,47.31,0.89,8.853,8.971,3.651,0.000,-0.016,0.035,1.098,38.89,38,0.4007,8790,3412.97,2603.66,2564.15,3619.97,1.412,2564.15,0,2,348,21001,0,1,1,1,21339,1676,1,0
25923,7.547,7.857,9.000,9.000,9.000,9.000,0.000,55.40,0.5842,3.864,0.000,58.42,55.40,3.02,1,0,-1.82056,58.42,58.42,0.00,0,0,58.42,0.00,0.00,0.00,0.00,1.000,1.000,0.00,0,255.00,1,62.15,57.15,5.00,7.865,7.904,3.759,6.935,-0.359,-0.014,10.412,55.40,55,0.4965,7668,3912.36,2584.38,2564.15,3619.97,1.412,2564.15,0,2,361,22139,0,1,1,1,22490,4093,1,0
26023,7.406,7.437,9.000,9.000,9.000,9.000,0.000,66.47,0.6647,4.091,0.000,66.47,66.47,0.00,0,0,-1.82056,66.47,66.47,0.00,0,0,66.47,0.00,0.00,0.00,0.00,1.000,1.000,0.00,0,255.00,1,77.44,72.44,5.00,7.434,7.420,5.055,10.000,-0.031,-0.031,21.284,66.47,66,0.0685,10396,2885.73,2676.16,2781.30,3973.29,1.429,2885.73,1,1,370,22579,0,1,1,1,22938,5469,1,0
26126,8.371,8.076,9.000,9.000,9.000,9.000,0.000,54.84,0.5484,4.146,0.000,54.84,54.84,0.00,0,0,-1.88577,54.84,54.84,0.00,0,0,54.84,0.00,0.00,0.00,0.00,1.000,1.000,0.00,0,255.00,1,70.26,65.26,5.00,8.082,8.111,4.945,2.939,0.325,-0.000,9.333,54.84,55,0.1020,7929,3783.58,2714.01,2781.30,3973.29,1.429,2781.30,0,2,380,23055,0,1,1,1,23424,4021,1,0
26262,8.789,8.753,9.000,9.000,9.000,9.000,0.000,42.17,0.4217,3.864,0.000,42.17,42.17,0.00,0,0,-1.91602,42.17,42.17,0.00,0,0,42.17,0.00,0.00,0.00,0.00,1.000,1.000,0.00,0,255.00,1,49.37,48.01,1.36,8.775,8.880,3.496,0.000,0.021,0.027,0.836,42.17,42,0.0762,14650,2047.78,2754.62,2781.30,3973.29,1.429,2781.30,0,2,392,23792,0,1,1,1,24173,1951,1,0
26405,7.741,7.984,9.000,9.000,9.000,9.000,0.000,57.35,0.5762,3.848,0.000,57.62,57.35,0.27,1,0,-1.93132,57.62,57.62,0.00,0,0,57.62,0.00,0.00,0.00,0.00,1.000,1.000,0.00,0,255.00,1,62.69,57.69,5.00,7.994,8.043,3.684,6.495,-0.283,-0.012,7.953,57.35,57,0.2523,6876,4363.00,2790.81,2845.67,4110.41,1.444,2845.67,0,2,407,24720,0,1,1,1,25115,2942,1,0
26544,7.971,7.840,9.000,9.000,9.000,9.000,0.000,61.85,0.6185,4.106,0.000,61.85,61.85,0.00,0,0,-2.00521,61.85,61.85,0.00,0,0,61.85,0.00,0.00,0.00,0.00,1.000,1.000,0.00,0,255.00,1,73.84,68.84,5.00,7.841,7.844,4.907,6.506,0.144,-0.017,12.441,61.85,62,0.2438,8485,3535.65,2805.05,2845.67,4110.41,1.444,2845.67,0,2,418,25525,0,1,1,1,25931,5154,1,0
26647,8.968,8.629,9.000,9.000,9.000,9.000,0.000,46.55,0.4628,4.010,0.000,46.28,46.55,-0.27,0,1,-2.03865,46.28,46.28,0.00,0,0,46.28,0.00,0.00,0.00,0.00,1.000,1.000,0.00,0,255.00,1,56.99,54.82,2.16,8.643,8.708,4.117,0.000,0.365,0.019,2.110,46.55,47,-0.0070,7318,4099.48,2819.67,2845.67,4110.41,1.444,2845.67,0,2,428,26080,0,1,1,1,26496,7318,1,0
26782,8.511,8.631,9.000,9.000,9.000,9.000,0.000,46.73,0.4673,3.777,0.000,46.73,46.73,0.00,0,0,-2.06361,46.73,46.73,0.00,0,0,46.73,0.00,0.00,0.00,0.00,1.000,1.000,0.00,0,255.00,1,49.25,47.14,2.11,8.651,8.751,3.020,1.000,-0.153,0.014,0.742,46.73,47,-0.2802,7813,3839.75,2760.29,2645.48,4046.02,1.529,2645.48,0,2,441,26837,0,1,1,1,27265,2361,1,0
26922,7.618,7.808,9.000,9.000,9.000,9.000,0.000,63.47,0.6347,3.924,0.000,63.47,63.47,0.00,0,0,-2.06361,63.47,63.47,0.00,0,0,63.47,0.00,0.00,0.00,0.00,1.000,1.000,0.00,0,255.00,1,69.41,64.41,5.00,7.810,7.818,4.157,8.653,-0.217,-0.025,11.665,63.47,64,-0.2412,7204,4164.35,2704.26,2645.48,4046.02,1.529,2645.48,0,2,454,27671,0,1,1,1,28112,3798,1,0
27022,8.291,8.115,9.000,9.000,9.000,9.000,0.000,58.08,0.5808,4.019,0.000,58.08,58.08,0.00,0,0,-2.12248,58.08,58.08,0.00,0,0,58.08,0.00,0.00,0.00,0.00,1.000,1.000,0.00,0,255.00,1,68.90,63.90,5.00,8.119,8.136,4.502,4.791,0.192,-0.009,7.460,58.08,59,-0.4482,10446,2871.91,2683.10,2645.48,4046.02,1.529,2645.48,0,2,462,28229,0,1,1,1,28678,4205,1,0
27123,8.936,8.731,9.000,9.000,9.000,9.000,0.000,46.89,0.4689,3.900,0.000,46.89,46.89,0.00,0,0,-2.14538,46.89,46.89,0.00,0,0,46.89,0.00,0.00,0.00,0.00,1.000,1.000,0.00,0,255.00,1,53.39,51.85,1.53,8.747,8.821,3.672,0.000,0.216,0.018,0.854,46.89,47,-0.1304,8283,3621.88,2737.00,2982.70,4353.13,1.459,2982.70,0,2,473,28702,0,1,1,1,29162,3522,1,0
27258,8.328,8.489,9.000,9.000,9.000,9.000,0.000,50.72,0.5072,3.754,0.000,50.72,50.72,0.00,0,0,-2.17670,50.72,50.72,0.00,0,0,50.72,0.00,0.00,0.00,0.00,1.000,1.000,0.00,0,255.00,1,52.51,49.50,3.00,8.504,8.578,3.044,3.080,-0.196,0.002,1.660,50.72,51,-0.3202,9496,3159.22,2856.90,2982.70,4353.13,1.459,2982.70,0,2,487,29497,0,1,1,1,29970,3140,1,0
27398,7.883,7.946,9.000,9.000,9.000,9.000,0.000,63.63,0.6363,3.942,0.000,63.63,63.63,0.00,0,0,-2.23781,63.63,63.63,0.00,0,0,63.63,0.00,0.00,0.00,0.00,1.000,1.000,0.00,0,255.00,1,70.02,65.02,5.00,7.948,7.954,4.230,7.757,-0.075,-0.022,9.279,63.63,63,0.3772,8196,3660.32,2918.29,2982.70,4353.13,1.459,2982.70,0,2,501,30313,0,1,1,1,30800,766,1,0
27537,8.901,8.694,9.000,9.000,9.000,9.000,0.000,50.09,0.5009,3.895,0.000,50.09,50.09,0.00,0,0,-2.28663,50.09,50.09,0.00,0,0,50.09,0.00,0.00,0.00,0.00,1.000,1.000,0.00,0,255.00,1,55.32,53.55,1.77,8.708,8.772,3.664,0.433,0.220,0.012,0.842,50.09,50,-0.2775,7725,3883.50,2959.01,3008.50,4512.74,1.500,3008.50,0,2,514,31093,0,1,1,1,31592,4723,1,0
27637,8.663,8.732,9.000,9.000,9.000,9.000,0.000,49.85,0.4985,3.790,0.000,49.85,49.85,0.00,0,0,-2.30046,49.85,49.85,0.00,0,0,49.85,0.00,0.00,0.00,0.00,1.000,1.000,0.00,0,255.00,1,50.43,48.91,1.51,8.750,8.838,3.029,1.106,-0.094,0.011,0.315,49.85,50,0.2165,8650,3468.21,2976.82,3008.50,4512.74,1.500,3008.50,0,2,523,31601,0,1,1,1,32109,6535,1,0
27773,8.124,8.237,9.000,9.000,9.000,9.000,0.000,59.53,0.5953,3.843,0.000,59.53,59.53,0.00,0,0,-2.35678,59.53,59.53,0.00,0,0,59.53,0.00,0.00,0.00,0.00,1.000,1.000,0.00,0,255.00,1,62.63,58.05,4.57,8.245,8.282,3.566,6.023,-0.135,-0.013,4.402,59.53,60,-0.1377,9873,3038.59,2998.30,3008.50,4512.74,1.500,3038.59,1,1,536,32427,0,1,1,1,32948,10006,1,0
27916,8.725,8.579,9.000,9.000,9.000,9.000,0.000,53.91,0.5391,3.875,0.000,53.91,53.91,0.00,0,0,-2.40994,53.91,53.91,0.00,0,0,53.91,0.00,0.00,0.00,0.00,1.000,1.000,0.00,0,255.00,1,58.10,55.61,2.49,8.588,8.634,3.657,2.382,0.155,0.003,1.386,53.91,54,-0.0463,9981,3005.71,2897.87,2715.71,4073.56,1.500,2715.71,0,2,549,33070,0,1,1,1,33603,1680,1,0
28016,8.779,8.746,9.000,9.000,9.000,9.000,0.000,52.06,0.5206,3.810,0.000,52.06,52.06,0.00,0,0,-2.42621,52.06,52.06,0.00,0,0,52.06,0.00,0.00,0.00,0.00,1.000,1.000,0.00,0,255.00,1,52.78,51.34,1.44,8.762,8.835,3.199,1.446,0.022,0.009,0.306,52.06,52,0.3919,7986,3756.57,2832.29,2715.71,4073.56,1.500,2715.71,0,2,557,33548,0,1,1,1,34089,3382,1,0
28154,8.455,8.531,9.000,9.000,9.000,9.000,0.000,55.43,0.5543,3.780,0.000,55.43,55.43,0.00,0,0,-2.46036,55.43,55.43,0.00,0,0,55.43,0.00,0.00,0.00,0.00,1.000,1.000,0.00,0,255.00,1,55.91,53.13,2.77,8.542,8.593,3.190,4.036,-0.097,-0.004,1.456,55.43,56,-0.4070,9424,3183.36,2775.40,2715.71,4073.56,1.500,2715.71,0,2,569,34433,0,1,1,1,34986,2954,1,0
28259,8.495,8.488,9.000,9.000,9.000,9.000,0.000,56.52,0.5652,3.804,0.000,56.52,56.52,0.00,0,0,-2.49126,56.52,56.52,0.00,0,0,56.52,0.00,0.00,0.00,0.00,1.000,1.000,0.00,0,255.00,1,58.55,55.50,3.05,8.496,8.533,3.439,4.337,-0.002,-0.006,1.901,56.52,56,0.4260,10105,2968.83,2724.04,2566.36,4199.49,1.636,2566.36,0,2,578,35105,0,1,1,1,35667,8928,1,0
28394,8.728,8.681,9.000,9.000,9.000,9.000,0.000,54.80,0.5480,3.794,0.000,54.80,54.80,0.00,0,0,-2.52546,54.80,54.80,0.00,0,0,54.80,0.00,0.00,0.00,0.00,1.000,1.000,0.00,0,255.00,1,55.80,53.93,1.87,8.692,8.742,3.352,2.727,0.042,0.002,0.626,54.80,55,-0.4679,7670,3911.34,2657.08,2566.36,4199.49,1.636,2566.36,0,2,591,35756,0,1,1,1,36330,2866,1,0
28532,8.703,8.708,9.000,9.000,9.000,9.000,0.000,55.13,0.5513,3.758,0.000,55.13,55.13,0.00,0,0,-2.56088,55.13,55.13,0.00,0,0,55.13,0.00,0.00,0.00,0.00,1.000,1.000,0.00,0,255.00,1,54.66,52.96,1.70,8.719,8.772,3.190,3.080,-0.017,0.001,0.498,55.13,55,0.2270,8371,3583.80,2603.52,2566.36,4199.49,1.636,2566.36,0,2,604,36533,0,1,1,1,37120,1683,1,0
28673,8.697,8.694,9.000,9.000,9.000,9.000,0.000,55.84,0.5584,3.752,0.000,55.84,55.84,0.00,0,0,-2.58832,55.84,55.84,0.00,0,0,55.84,0.00,0.00,0.00,0.00,1.000,1.000,0.00,0,255.00,1,55.56,53.77,1.80,8.703,8.747,3.248,3.462,-0.006,-0.001,0.585,55.84,56,0.1581,7389,4060.09,2626.29,2680.00,3898.18,1.455,2680.00,0,2,615,37286,0,1,1,1,37883,3527,1,0
28773,8.735,8.718,9.000,9.000,9.000,9.000,0.000,55.87,0.5587,3.750,0.000,55.87,55.87,0.00,0,0,-2.60585,55.87,55.87,0.00,0,0,55.87,0.00,0.00,0.00,0.00,1.000,1.000,0.00,0,255.00,1,55.69,54.03,1.66,8.726,8.768,3.283,3.359,0.011,-0.001,0.494,55.87,56,-0.0167,13064,2296.39,2641.83,2680.00,3898.18,1.455,2680.00,0,2,623,37849,0,1,1,1,38454,4544,1,0
28873,8.744,8.739,9.000,9.000,9.000,9.000,0.000,56.05,0.5605,3.745,0.000,56.05,56.05,0.00,0,0,-2.62974,56.05,56.05,0.00,0,0,56.05,0.00,0.00,0.00,0.00,1.000,1.000,0.00,0,255.00,1,55.80,54.27,1.53,8.748,8.786,3.303,3.377,-0.004,-0.001,0.418,56.05,56,-0.1219,12993,2308.94,2660.46,2680.00,3898.18,1.455,2680.00,0,2,631,38425,0,1,1,1,39038,1688,1,0
28977,8.757,8.748,9.000,9.000,9.000,9.000,0.000,56.24,0.5624,3.744,0.000,56.24,56.24,0.00,0,0,-2.64516,56.24,56.24,0.00,0,0,56.24,0.00,0.00,0.00,0.00,1.000,1.000,0.00,0,255.00,1,56.06,54.57,1.48,8.755,8.791,3.331,3.423,0.002,-0.001,0.398,56.24,56,0.3403,8364,3586.80,2645.67,2570.91,3856.36,1.500,2570.91,0,2,641,39014,0,1,1,1,39637,1726,1,0
29113,8.768,8.768,9.000,9.000,9.000,9.000,0.000,56.40,0.5640,3.740,0.000,56.40,56.40,0.00,0,0,-2.66629,56.40,56.40,0.00,0,0,56.40,0.00,0.00,0.00,0.00,1.000,1.000,0.00,0,255.00,1,56.16,54.79,1.36,8.775,8.808,3.349,3.435,-0.007,-0.001,0.337,56.40,56,0.2255,7618,3938.04,2623.30,2570.91,3856.36,1.500,2570.91,0,2,654,39672,0,1,1,1,40307,1661,1,0
29216,8.776,8.769,9.000,9.000,9.000,9.000,0.000,56.66,0.5666,3.742,0.000,56.66,56.66,0.00,0,0,-2.68043,56.66,56.66,0.00,0,0,56.66,0.00,0.00,0.00,0.00,1.000,1.000,0.00,0,255.00,1,56.58,55.22,1.36,8.775,8.804,3.389,3.524,0.002,-0.002,0.344,56.66,57,-0.4788,10794,2779.32,2604.44,2570.91,3856.36,1.500,2570.91,0,2,662,40210,0,1,1,1,40853,6924,1,0
29356,8.777,8.782,9.000,9.000,9.000,9.000,0.000,56.99,0.5699,3.744,0.000,56.99,56.99,0.00,0,0,-2.70634,56.99,56.99,0.00,0,0,56.99,0.00,0.00,0.00,0.00,1.000,1.000,0.00,0,255.00,1,57.01,55.72,1.28,8.788,8.813,3.435,3.596,-0.012,-0.002,0.309,56.99,57,-0.3677,12683,2365.37,2582.73,2561.34,4162.18,1.625,2561.34,0,2,673,41063,0,1,1,1,41717,4797,1,0
29460,8.797,8.793,9.000,9.000,9.000,9.000,0.000,57.09,0.5709,3.747,0.000,57.09,57.09,0.00,0,0,-2.71889,57.09,57.09,0.00,0,0,57.09,0.00,0.00,0.00,0.00,1.000,1.000,0.00,0,255.00,1,57.20,55.98,1.22,8.798,8.822,3.463,3.572,-0.001,-0.002,0.280,57.09,57,-0.2458,8370,3584.23,2575.03,2561.34,4162.18,1.625,2561.34,0,2,684,41514,0,1,1,1,42178,2693,1,0
29562,8.823,8.818,9.000,9.000,9.000,9.000,0.000,57.10,0.5710,3.747,0.000,57.10,57.10,0.00,0,0,-2.73583,57.10,57.10,0.00,0,0,57.10,0.00,0.00,0.00,0.00,1.000,1.000,0.00,0,255.00,1,57.11,56.04,1.07,8.823,8.847,3.471,3.481,-0.000,-0.001,0.210,57.10,57,-0.0067,10540,2846.30,2568.35,2561.34,4162.18,1.625,2561.34,0,2,694,41988,0,1,1,1,42662,3121,1,0
29704,8.847,8.838,9.000,9.000,9.000,9.000,0.000,57.14,0.5714,3.743,0.000,57.14,57.14,0.00,0,0,-2.75068,57.14,57.14,0.00,0,0,57.14,0.00,0.00,0.00,0.00,1.000,1.000,0.00,0,255.00,1,56.95,56.00,0.95,8.843,8.867,3.462,3.458,0.005,-0.001,0.162,57.14,57,0.2466,8728,3437.21,2564.93,2561.34,4162.18,1.625,2561.34,0,2,707,42648,0,1,1,1,43335,5819,1,0
29808,8.865,8.862,9.000,9.000,9.000,9.000,0.000,57.09,0.5709,3.737,0.000,57.09,57.09,0.00,0,0,-2.76350,57.09,57.09,0.00,0,0,57.09,0.00,0.00,0.00,0.00,1.000,1.000,0.00,0,255.00,1,56.64,55.83,0.81,8.867,8.891,3.443,3.414,-0.002,-0.000,0.114,57.09,57,0.4290,12497,2400.58,2707.11,2856.28,4028.09,1.410,2856.28,0,2,716,43154,0,1,1,1,43849,3208,1,0
29944,8.849,8.855,9.000,9.000,9.000,9.000,0.000,57.42,0.5742,3.735,0.000,57.42,57.42,0.00,0,0,-2.77621,57.42,57.42,0.00,0,0,57.42,0.00,0.00,0.00,0.00,1.000,1.000,0.00,0,255.00,1,57.07,56.22,0.85,8.860,8.880,3.471,3.606,-0.012,-0.001,0.132,57.42,57,0.3055,9806,3059.35,2769.95,2856.28,4028.09,1.410,2856.28,0,2,729,43832,0,1,1,1,44540,1461,1,0
30080,8.850,8.857,9.000,9.000,9.000,9.000,0.000,57.64,0.5764,3.737,0.000,57.64,57.64,0.00,0,0,-2.78866,57.64,57.64,0.00,0,0,57.64,0.00,0.00,0.00,0.00,1.000,1.000,0.00,0,255.00,1,57.48,56.64,0.85,8.860,8.877,3.513,3.683,-0.011,-0.001,0.134,57.64,58,-0.1964,8133,3688.68,2805.02,2856.28,4028.09,1.410,2856.28,0,2,741,44598,0,1,1,1,45318,2239,1,0
30222,8.850,8.854,9.000,9.000,9.000,9.000,0.000,57.92,0.5792,3.743,3.686,57.92,57.92,0.00,0,0,-2.80143,57.92,57.92,0.00,0,0,57.92,0.00,0.00,0.00,0.00,1.000,1.000,0.00,0,255.00,1,58.06,57.20,0.86,8.857,8.870,3.570,3.755,-0.008,-0.002,0.145,57.92,58,0.1810,9842,3048.16,2718.21,2627.13,4458.16,1.697,2627.13,0,2,753,45230,0,1,1,1,45961,13882,1,0
30322,8.865,8.868,9.000,9.000,9.000,9.000,0.000,57.90,0.5790,3.745,3.687,57.90,57.90,0.00,0,0,-2.80922,57.90,57.90,0.00,0,0,57.90,0.00,0.00,0.00,0.00,1.000,1.000,0.00,0,255.00,1,58.07,57.29,0.78,8.871,8.884,3.584,3.666,-0.006,-0.001,0.117,57.90,58,-0.1435,7503,3998.40,2685.42,2627.13,4458.16,1.697,2627.13,0,2,763,45643,0,1,1,1,46384,878,1,0
30459,8.915,8.905,9.000,9.000,9.000,9.000,0.000,57.62,0.5762,3.741,3.687,57.62,57.62,0.00,0,0,-2.81856,57.62,57.62,0.00,0,0,57.62,0.00,0.00,0.00,0.00,1.000,1.000,0.00,0,255.00,1,57.47,56.91,0.56,8.908,8.924,3.554,3.446,0.009,0.000,0.054,57.62,58,-0.1335,9147,3279.76,2656.98,2627.13,4458.16,1.697,2627.13,0,2,776,46327,0,1,1,1,47081,1661,1,0
30561,8.904,8.901,9.000,9.000,9.000,9.000,0.000,57.78,0.5778,3.740,3.688,57.78,57.78,0.00,0,0,-2.82458,57.78,57.78,0.00,0,0,57.78,0.00,0.00,0.00,0.00,1.000,1.000,0.00,0,255.00,1,57.58,57.00,0.58,8.904,8.920,3.553,3.557,-0.001,-0.000,0.060,57.78,57,0.4098,8490,3533.57,2691.46,2752.78,4561.74,1.657,2752.78,0,2,785,46807,0,1,1,1,47569,2685,1,0
30661,8.896,8.893,9.000,9.000,9.000,9.000,0.000,58.01,0.5801,3.742,3.688,58.01,58.01,0.00,0,0,-2.83108,58.01,58.01,0.00,0,0,58.01,0.00,0.00,0.00,0.00,1.000,1.000,0.00,0,255.00,1,57.94,57.31,0.63,8.896,8.909,3.580,3.673,0.000,-0.001,0.074,58.01,58,0.4117,9112,3292.36,2720.73,2752.78,4561.74,1.657,2752.78,0,2,793,47268,0,1,1,1,48038,4736,1,0
30765,8.883,8.884,9.000,9.000,9.000,9.000,0.000,58.27,0.5827,3.747,3.689,58.27,58.27,0.00,0,0,-2.83806,58.27,58.27,0.00,0,0,58.27,0.00,0.00,0.00,0.00,1.000,1.000,0.00,0,255.00,1,58.44,57.75,0.69,8.886,8.896,3.620,3.781,-0.003,-0.001,0.093,58.27,58,-0.1178,9501,3157.56,2732.27,2752.78,4561.74,1.657,2752.78,0,2,803,47742,0,1,1,1,48522,5767,1,0
30866,8.883,8.892,9.000,9.000,9.000,9.000,0.000,58.29,0.5829,3.749,3.690,58.29,58.29,0.00,0,0,-2.84423,58.29,58.29,0.00,0,0,58.29,0.00,0.00,0.00,0.00,1.000,1.000,0.00,0,255.00,1,58.48,57.84,0.64,8.894,8.904,3.632,3.734,-0.013,-0.001,0.080,58.29,58,0.2592,9152,3277.97,2739.65,2752.78,4561.74,1.657,2752.78,0,2,812,48181,0,1,1,1,48970,4258,1,0
30966,8.891,8.892,9.000,9.000,9.000,9.000,0.000,58.41,0.5841,3.754,3.691,58.41,58.41,0.00,0,0,-2.85067,58.41,58.41,0.00,0,0,58.41,0.00,0.00,0.00,0.00,1.000,1.000,0.00,0,255.00,1,58.72,58.07,0.64,8.894,8.903,3.655,3.755,-0.004,-0.001,0.082,58.41,58,0.0048,6835,4389.17,2742.45,2747.42,4306.76,1.568,2747.42,0,2,822,48632,0,1,1,1,49430,4181,1,0
31105,8.942,8.932,9.000,9.000,9.000,9.000,0.000,58.05,0.5805,3.751,3.693,58.05,58.05,0.00,0,0,-2.85786,58.05,58.05,0.00,0,0,58.05,0.00,0.00,0.00,0.00,1.000,1.000,0.00,0,255.00,1,58.02,57.62,0.40,8.934,8.947,3.620,3.468,0.009,0.000,0.027,58.05,58,0.4633,7623,3935.46,2744.87,2747.42,4306.76,1.568,2747.42,0,2,835,49361,0,1,1,1,50172,5886,1,0
31245,8.891,8.900,9.000,9.000,9.000,9.000,0.000,58.61,0.5861,3.755,3.695,58.61,58.61,0.00,0,0,-2.86586,58.61,58.61,0.00,0,0,58.61,0.00,0.00,0.00,0.00,1.000,1.000,0.00,0,255.00,1,58.75,58.15,0.59,8.902,8.910,3.651,3.832,-0.013,-0.001,0.069,58.61,59,-0.3002,7565,3965.63,2746.11,2747.42,4306.76,1.568,2747.42,0,2,850,50038,0,1,1,1,50864,4107,1,0
31347,8.887,8.898,9.000,9.000,9.000,9.000,0.000,58.74,0.5874,3.760,3.697,58.74,58.74,0.00,0,0,-2.87160,58.74,58.74,0.00,0,0,58.74,0.00,0.00,0.00,0.00,1.000,1.000,0.00,0,255.00,1,59.05,58.44,0.61,8.900,8.906,3.682,3.854,-0.014,-0.001,0.075,58.74,59,-0.0253,11135,2694.21,2810.87,2925.99,4586.68,1.568,2925.99,0,2,858,50523,0,1,1,1,51356,2960,1,0
31485,8.938,8.922,9.000,9.000,9.000,9.000,0.000,58.60,0.5860,3.766,3.700,58.60,58.60,0.00,0,0,-2.87970,58.60,58.60,0.00,0,0,58.60,0.00,0.00,0.00,0.00,1.000,1.000,0.00,0,255.00,1,58.95,58.49,0.46,8.924,8.931,3.699,3.642,0.016,-0.000,0.042,58.60,59,0.0908,8538,3513.70,2867.05,2925.99,4586.68,1.568,2925.99,0,2,871,51339,0,1,1,1,52185,4579,1,0
31624,8.940,8.939,9.000,9.000,9.000,9.000,0.000,58.51,0.5851,3.763,3.703,58.51,58.51,0.00,0,0,-2.88553,58.51,58.51,0.00,0,0,58.51,0.00,0.00,0.00,0.00,1.000,1.000,0.00,0,255.00,1,58.53,58.18,0.36,8.941,8.951,3.663,3.577,-0.001,0.000,0.022,58.51,59,-0.3692,6894,4351.61,2895.81,2925.99,4586.68,1.568,2925.99,0,2,885,51976,0,1,1,1,52836,3673,1,0
31765,8.889,8.898,9.000,9.000,9.000,9.000,0.000,59.19,0.5919,3.774,3.706,59.19,59.19,0.00,0,0,-2.89380,59.19,59.19,0.00,0,0,59.19,0.00,0.00,0.00,0.00,1.000,1.000,0.00,0,255.00,1,59.63,59.02,0.61,8.899,8.903,3.729,3.967,-0.011,-0.002,0.080,59.19,60,-0.3771,8188,3663.90,2894.40,2857.05,4364.94,1.528,2857.05,0,2,899,52661,0,1,1,1,53534,3874,1,0
31865,8.947,8.922,9.000,9.000,9.000,9.000,0.000,58.99,0.5899,3.780,3.709,58.99,58.99,0.00,0,0,-2.89934,58.99,58.99,0.00,0,0,58.99,0.00,0.00,0.00,0.00,1.000,1.000,0.00,0,255.00,1,59.55,59.08,0.47,8.923,8.928,3.752,3.715,0.028,-0.001,0.048,58.99,59,-0.0791,10398,2885.17,2886.58,2857.05,4364.94,1.528,2885.17,1,1,909,53186,0,1,1,1,54069,6178,1,0
32008,8.943,8.945,9.000,9.000,9.000,9.000,0.000,58.80,0.5880,3.777,3.712,58.80,58.80,0.00,0,0,-2.90449,58.80,58.80,0.00,0,0,58.80,0.00,0.00,0.00,0.00,1.000,1.000,0.00,0,255.00,1,58.92,58.60,0.32,8.947,8.956,3.700,3.588,-0.004,0.000,0.018,58.80,58,0.3124,9672,3101.74,2872.17,2857.05,4364.94,1.528,2857.05,0,2,922,53976,0,1,1,1,54872,6066,1,0
32145,8.892,8.899,9.000,9.000,9.000,9.000,0.000,59.54,0.5954,3.789,3.716,59.54,59.54,0.00,0,0,-2.91256,59.54,59.54,0.00,0,0,59.54,0.00,0.00,0.00,0.00,1.000,1.000,0.00,0,255.00,1,60.10,59.50,0.61,8.900,8.902,3.769,4.016,-0.009,-0.002,0.082,59.54,59,0.3336,9567,3135.78,2874.41,2876.77,4043.02,1.405,2876.77,0,2,936,54724,0,1,1,1,55633,8253,1,0
32284,8.956,8.945,9.000,9.000,9.000,9.000,0.000,59.08,0.5908,3.791,3.721,59.08,59.08,0.00,0,0,-2.91852,59.08,59.08,0.00,0,0,59.08,0.00,0.00,0.00,0.00,1.000,1.000,0.00,0,255.00,1,59.41,59.08,0.33,8.946,8.953,3.746,3.614,0.011,0.000,0.021,59.08,59,-0.1136,11841,2533.57,2875.56,2876.77,4043.02,1.405,2876.77,0,2,946,55546,0,1,1,1,56465,2030,1,0
32425,8.907,8.921,9.000,9.000,9.000,9.000,0.000,59.50,0.5950,3.795,3.725,59.50,59.50,0.00,0,0,-2.92430,59.50,59.50,0.00,0,0,59.50,0.00,0.00,0.00,0.00,1.000,1.000,0.00,0,255.00,1,59.81,59.34,0.47,8.922,8.926,3.750,3.899,-0.017,-0.001,0.047,59.50,60,-0.3146,10182,2946.38,2893.24,2809.77,5108.67,1.818,2946.38,1,1,960,56263,0,1,1,1,57196,1662,1,0
32530,8.933,8.921,9.000,9.000,9.000,9.000,0.000,59.60,0.5960,3.803,3.728,59.60,59.60,0.00,0,0,-2.92943,59.60,59.60,0.00,0,0,59.60,0.00,0.00,0.00,0.00,1.000,1.000,0.00,0,255.00,1,60.13,59.66,0.47,8.922,8.925,3.787,3.868,0.012,-0.001,0.050,59.60,60,-0.0064,7790,3851.09,2863.19,2809.77,5108.67,1.818,2809.77,0,2,968,56788,0,1,1,1,57728,2941,1,0
32664,8.952,8.949,9.000,9.000,9.000,9.000,0.000,59.35,0.5935,3.803,3.732,59.35,59.35,0.00,0,0,-2.93460,59.35,59.35,0.00,0,0,59.35,0.00,0.00,0.00,0.00,1.000,1.000,0.00,0,255.00,1,59.61,59.31,0.30,8.950,8.956,3.758,3.654,0.003,0.000,0.018,59.35,59,0.1835,10313,2908.95,2871.75,2809.77,5108.67,1.818,2908.95,1,1,982,57655,0,1,1,1,58609,5991,1,0
32809,8.899,8.910,9.000,9.000,9.000,9.000,0.000,59.97,0.5997,3.812,3.737,59.97,59.97,0.00,0,0,-2.94128,59.97,59.97,0.00,0,0,59.97,0.00,0.00,0.00,0.00,1.000,1.000,0.00,0,255.00,1,60.50,59.96,0.54,8.910,8.912,3.801,4.031,-0.013,-0.002,0.066,59.97,60,0.3442,7999,3750.47,2831.15,2758.00,4964.40,1.800,2758.00,0,2,995,58394,0,1,1,1,59361,6086,1,0
32946,8.956,8.945,9.000,9.000,9.000,9.000,0.000,59.65,0.5965,3.819,3.742,59.65,59.65,0.00,0,0,-2.94759,59.65,59.65,0.00,0,0,59.65,0.00,0.00,0.00,0.00,1.000,1.000,0.00,0,255.00,1,60.14,59.81,0.33,8.946,8.950,3.804,3.690,0.011,-0.000,0.024,59.65,60,-0.2286,8863,3384.86,2795.45,2758.00,4964.40,1.800,2758.00,0,2,1011,59153,0,1,1,1,60135,1691,1,0
33051,8.940,8.942,9.000,9.000,9.000,9.000,0.000,59.76,0.5976,3.820,3.745,59.76,59.76,0.00,0,0,-2.95096,59.76,59.76,0.00,0,0,59.76,0.00,0.00,0.00,0.00,1.000,1.000,0.00,0,255.00,1,60.11,59.76,0.34,8.943,8.948,3.790,3.757,-0.004,-0.000,0.025,59.76,60,0.2087,10081,2975.90,2781.97,2758.00,4964.40,1.800,2758.00,0,2,1020,59629,0,1,1,1,60620,3192,1,0
33187,8.920,8.919,9.000,9.000,9.000,9.000,0.000,60.20,0.6020,3.833,3.751,60.20,60.20,0.00,0,0,-2.95825,60.20,60.20,0.00,0,0,60.20,0.00,0.00,0.00,0.00,1.000,1.000,0.00,0,255.00,1,60.87,60.38,0.49,8.919,8.920,3.842,3.957,0.002,-0.001,0.057,60.20,61,-0.3616,7937,3779.77,2824.23,3027.82,4813.45,1.590,3027.82,0,2,1034,60416,0,1,1,1,61421,9725,1,0
33290,8.956,8.944,9.000,9.000,9.000,9.000,0.000,59.95,0.5995,3.835,3.755,59.95,59.95,0.00,0,0,-2.96198,59.95,59.95,0.00,0,0,59.95,0.00,0.00,0.00,0.00,1.000,1.000,0.00,0,255.00,1,60.47,60.14,0.33,8.945,8.949,3.828,3.722,0.013,-0.000,0.025,59.95,60,-0.3372,9254,3241.84,2906.65,3027.82,4813.45,1.590,3027.82,0,2,1042,60893,0,1,1,1,61905,1784,1,0
33427,8.907,8.913,9.000,9.000,9.000,9.000,0.000,60.47,0.6047,3.846,3.760,60.47,60.47,0.00,0,0,-2.96890,60.47,60.47,0.00,0,0,60.47,0.00,0.00,0.00,0.00,1.000,1.000,0.00,0,255.00,1,61.19,60.67,0.52,8.914,8.914,3.862,4.018,-0.008,-0.002,0.065,60.47,61,-0.4341,8147,3682.34,2965.78,3027.82,4813.45,1.590,3027.82,0,2,1056,61515,0,1,1,1,62541,2726,1,0
33569,8.959,8.945,9.000,9.000,9.000,9.000,0.000,60.20,0.6020,3.853,3.767,60.20,60.20,0.00,0,0,-2.97516,60.20,60.20,0.00,0,0,60.20,0.00,0.00,0.00,0.00,1.000,1.000,0.00,0,255.00,1,60.79,60.47,0.33,8.946,8.949,3.854,3.718,0.015,-0.000,0.026,60.20,61,-0.3964,7501,3999.47,2944.81,2871.42,4307.12,1.500,2871.42,0,2,1070,62183,0,1,1,1,63223,4641,1,0
33704,8.904,8.918,9.000,9.000,9.000,9.000,0.000,60.65,0.6065,3.860,3.773,60.65,60.65,0.00,0,0,-2.98136,60.65,60.65,0.00,0,0,60.65,0.00,0.00,0.00,0.00,1.000,1.000,0.00,0,255.00,1,61.28,60.79,0.49,8.919,8.921,3.864,4.001,-0.017,-0.001,0.056,60.65,61,-0.0401,7655,3919.01,2908.99,2871.42,4307.12,1.500,2871.42,0,2,1084,62927,0,1,1,1,63980,1663,1,0
33812,8.951,8.944,9.000,9.000,9.000,9.000,0.000,60.41,0.6041,3.863,3.777,60.41,60.41,0.00,0,0,-2.98496,60.41,60.41,0.00,0,0,60.41,0.00,0.00,0.00,0.00,1.000,1.000,0.00,0,255.00,1,60.89,60.56,0.33,8.945,8.949,3.851,3.770,0.007,-0.000,0.025,60.41,61,-0.1588,9371,3201.37,2895.47,2871.42,4307.12,1.500,2871.42,0,2,1092,63452,0,1,1,1,64513,1841,1,0
33949,8.912,8.924,9.000,9.000,9.000,9.000,0.000,60.77,0.6077,3.869,3.783,60.77,60.77,0.00,0,0,-2.99088,60.77,60.77,0.00,0,0,60.77,0.00,0.00,0.00,0.00,1.000,1.000,0.00,0,255.00,1,61.30,60.84,0.45,8.925,8.928,3.863,3.984,-0.014,-0.001,0.047,60.77,61,-0.3473,9379,3198.64,2887.71,2891.30,4688.59,1.622,2891.30,0,2,1107,64149,0,1,1,1,65225,1786,1,0
34049,8.942,8.939,9.000,9.000,9.000,9.000,0.000,60.70,0.6070,3.875,3.789,60.70,60.70,0.00,0,0,-2.99663,60.70,60.70,0.00,0,0,60.70,0.00,0.00,0.00,0.00,1.000,1.000,0.00,0,255.00,1,61.19,60.82,0.37,8.940,8.943,3.866,3.853,0.003,-0.000,0.030,60.70,61,-0.2460,8519,3521.54,2889.46,2891.30,4688.59,1.622,2891.30,0,2,1119,64805,0,1,1,1,65892,2070,1,0
34184,8.920,8.931,9.000,9.000,9.000,9.000,0.000,60.95,0.6095,3.883,3.798,60.95,60.95,0.00,0,0,-3.00394,60.95,60.95,0.00,0,0,60.95,0.00,0.00,0.00,0.00,1.000,1.000,0.00,0,255.00,1,61.41,60.99,0.41,8.932,8.934,3.871,3.962,-0.013,-0.001,0.038,60.95,61,-0.0922,14012,2141.02,2890.54,2891.30,4688.59,1.622,2891.30,0,2,1126,65417,0,1,1,1,66511,14012,1,0
34324,8.956,8.947,9.000,9.000,9.000,9.000,0.000,60.85,0.6085,3.888,3.804,60.85,60.85,0.00,0,0,-3.00934,60.85,60.85,0.00,0,0,60.85,0.00,0.00,0.00,0.00,1.000,1.000,0.00,0,255.00,1,61.27,60.95,0.32,8.948,8.952,3.872,3.819,0.010,-0.000,0.022,60.85,61,-0.3762,11863,2528.87,2783.18,2352.62,4867.50,2.069,2352.62,0,2,1136,66162,0,1,1,1,67266,12064,1,0
34425,8.927,8.932,9.000,9.000,9.000,9.000,0.000,61.11,0.6111,3.893,3.808,61.11,61.11,0.00,0,0,-3.01322,61.11,61.11,0.00,0,0,61.11,0.00,0.00,0.00,0.00,1.000,1.000,0.00,0,255.00,1,61.60,61.20,0.41,8.933,8.936,3.886,3.968,-0.007,-0.001,0.037,61.11,61,-0.2658,10805,2776.49,2628.18,2352.62,4867.50,2.069,2352.62,0,2,1146,66719,0,1,1,1,67832,4042,1,0
34526,8.942,8.941,9.000,9.000,9.000,9.000,0.000,61.11,0.6111,3.899,3.814,61.11,61.11,0.00,0,0,-3.01862,61.11,61.11,0.00,0,0,61.11,0.00,0.00,0.00,0.00,1.000,1.000,0.00,0,255.00,1,61.57,61.22,0.35,8.942,8.945,3.890,3.891,0.000,-0.001,0.028,61.11,61,0.0037,10499,2857.42,2493.71,2352.62,4867.50,2.069,2352.62,0,2,1155,67215,0,1,1,1,68337,5123,1,0
34631,8.956,8.952,9.000,9.000,9.000,9.000,0.000,61.03,0.6103,3.900,3.818,61.03,61.03,0.00,0,0,-3.02163,61.03,61.03,0.00,0,0,61.03,0.00,0.00,0.00,0.00,1.000,1.000,0.00,0,255.00,1,61.37,61.09,0.28,8.953,8.957,3.877,3.815,0.003,-0.000,0.017,61.03,61,0.0973,10545,2844.95,2442.92,2352.62,4867.50,2.069,2352.62,0,2,1164,67989,0,1,1,1,69120,1699,1,0
34767,8.942,8.947,9.000,9.000,9.000,9.000,0.000,61.20,0.6120,3.904,3.824,61.20,61.20,0.00,0,0,-3.02649,61.20,61.20,0.00,0,0,61.20,0.00,0.00,0.00,0.00,1.000,1.000,0.00,0,255.00,1,61.51,61.20,0.32,8.948,8.952,3.880,3.891,-0.006,-0.000,0.021,61.20,62,-0.3763,7413,4046.94,2507.62,2575.51,4507.15,1.750,2575.51,0,2,1177,68856,0,1,1,1,69999,5059,1,0
34871,8.949,8.950,9.000,9.000,9.000,9.000,0.000,61.21,0.6121,3.906,3.828,61.21,61.21,0.00,0,0,-3.02944,61.21,61.21,0.00,0,0,61.21,0.00,0.00,0.00,0.00,1.000,1.000,0.00,0,255.00,1,61.48,61.19,0.30,8.951,8.956,3.877,3.879,-0.003,-0.000,0.018,61.21,61,-0.0012,11417,2627.66,2542.49,2575.51,4507.15,1.750,2627.66,1,1,1187,69321,0,1,1,1,70474,2729,1,0
35012,8.951,8.958,9.000,9.000,9.000,9.000,0.000,61.19,0.6119,3.906,3.834,61.19,61.19,0.00,0,0,-3.03297,61.19,61.19,0.00,0,0,61.19,0.00,0.00,0.00,0.00,1.000,1.000,0.00,0,255.00,1,61.29,61.04,0.25,8.959,8.965,3.859,3.859,-0.008,-0.000,0.011,61.19,61,0.3835,8613,3483.11,2558.61,2575.51,4507.15,1.750,2575.51,0,2,1201,69967,0,1,1,1,71134,4989,1,0
35114,8.937,8.943,9.000,9.000,9.000,9.000,0.000,61.43,0.6143,3.910,3.837,61.43,61.43,0.00,0,0,-3.03619,61.43,61.43,0.00,0,0,61.43,0.00,0.00,0.00,0.00,1.000,1.000,0.00,0,255.00,1,61.68,61.34,0.34,8.944,8.947,3.882,3.998,-0.007,-0.001,0.024,61.43,61,0.1358,8553,3507.54,2745.08,3076.60,4575.46,1.487,3076.60,0,2,1212,70336,0,1,1,1,71513,2935,1,0
35249,8.961,8.963,9.000,9.000,9.000,9.000,0.000,61.26,0.6126,3.911,3.842,61.26,61.26,0.00,0,0,-3.03976,61.26,61.26,0.00,0,0,61.26,0.00,0.00,0.00,0.00,1.000,1.000,0.00,0,255.00,1,61.38,61.16,0.22,8.964,8.969,3.870,3.837,-0.003,0.000,0.009,61.26,61,-0.0561,9393,3193.87,2964.55,3076.60,4575.46,1.487,3193.87,1,1,1225,71124,0,1,1,1,72314,6479,1,0
35354,8.936,8.946,9.000,9.000,9.000,9.000,0.000,61.53,0.6153,3.914,3.846,61.53,61.53,0.00,0,0,-3.04267,61.53,61.53,0.00,0,0,61.53,0.00,0.00,0.00,0.00,1.000,1.000,0.00,0,255.00,1,61.76,61.44,0.32,8.947,8.950,3.889,4.006,-0.012,-0.001,0.022,61.53,62,-0.1696,6819,4399.47,2999.45,3076.60,4575.46,1.487,3076.60,0,2,1234,71614,0,1,1,1,72813,1232,1,0
35489,8.977,8.970,9.000,9.000,9.000,9.000,0.000,61.30,0.6130,3.915,3.851,61.30,61.30,0.00,0,0,-3.04611,61.30,61.30,0.00,0,0,61.30,0.00,0.00,0.00,0.00,1.000,1.000,0.00,0,255.00,1,61.43,61.25,0.18,8.971,8.976,3.879,3.800,0.007,0.000,0.006,61.30,61,-0.0317,7725,3883.50,2943.63,2816.96,4303.69,1.528,2816.96,0,2,1248,72288,0,1,1,1,73500,4607,1,0
35628,8.941,8.943,9.000,9.000,9.000,9.000,0.000,61.72,0.6172,3.922,3.856,61.72,61.72,0.00,0,0,-3.05069,61.72,61.72,0.00,0,0,61.72,0.00,0.00,0.00,0.00,1.000,1.000,0.00,0,255.00,1,62.09,61.74,0.34,8.943,8.945,3.916,4.047,-0.003,-0.001,0.026,61.72,62,-0.1885,7256,4134.51,2881.81,2816.96,4303.69,1.528,2816.96,0,2,1262,72916,0,1,1,1,74142,3402,1,0
35764,8.945,8.953,9.000,9.000,9.000,9.000,0.000,61.68,0.6168,3.926,3.861,61.68,61.68,0.00,0,0,-3.05464,61.68,61.68,0.00,0,0,61.68,0.00,0.00,0.00,0.00,1.000,1.000,0.00,0,255.00,1,62.02,61.74,0.28,8.953,8.955,3.919,3.962,-0.010,-0.001,0.018,61.68,62,-0.3499,11939,2512.77,2850.17,2816.96,4303.69,1.528,2816.96,0,2,1275,73733,0,1,1,1,74972,1659,1,0
35867,8.969,8.960,9.000,9.000,9.000,9.000,0.000,61.65,0.6165,3.929,3.864,61.65,61.65,0.00,0,0,-3.05734,61.65,61.65,0.00,0,0,61.65,0.00,0.00,0.00,0.00,1.000,1.000,0.00,0,255.00,1,61.98,61.74,0.24,8.961,8.964,3.922,3.893,0.009,-0.000,0.013,61.65,62,0.0367,8802,3408.32,2849.18,2847.43,4962.66,1.743,2847.43,0,2,1283,74159,0,1,1,1,75405,3319,1,0
36005,8.938,8.954,9.000,9.000,9.000,9.000,0.000,61.78,0.6178,3.931,3.869,61.78,61.78,0.00,0,0,-3.06061,61.78,61.78,0.00,0,0,61.78,0.00,0.00,0.00,0.00,1.000,1.000,0.00,0,255.00,1,62.03,61.75,0.27,8.955,8.958,3.912,3.987,-0.018,-0.001,0.016,61.78,62,-0.0413,8282,3622.31,2848.32,2847.43,4962.66,1.743,2847.43,0,2,1298,74779,0,1,1,1,76040,1655,1,0
36144,8.970,8.972,9.000,9.000,9.000,9.000,0.000,61.62,0.6162,3.931,3.873,61.62,61.62,0.00,0,0,-3.06348,61.62,61.62,0.00,0,0,61.62,0.00,0.00,0.00,0.00,1.000,1.000,0.00,0,255.00,1,61.72,61.56,0.17,8.973,8.978,3.898,3.847,-0.002,0.000,0.005,61.62,62,-0.0927,7363,4074.43,2860.96,2847.43,4962.66,1.743,2847.43,0,2,1311,75520,0,1,1,1,76794,7112,1,0
36279,8.983,8.968,9.000,9.000,9.000,9.000,0.000,61.73,0.6173,3.934,3.877,61.73,61.73,0.00,0,0,-3.06684,61.73,61.73,0.00,0,0,61.73,0.00,0.00,0.00,0.00,1.000,1.000,0.00,0,255.00,1,61.90,61.71,0.19,8.969,8.973,3.911,3.888,0.016,0.000,0.007,61.73,61,0.2416,8980,3340.76,2928.54,2999.46,3946.65,1.316,2999.46,0,2,1325,76273,0,1,1,1,77560,2781,1,0
36383,8.960,8.964,9.000,9.000,9.000,9.000,0.000,61.83,0.6183,3.936,3.880,61.83,61.83,0.00,0,0,-3.06890,61.83,61.83,0.00,0,0,61.83,0.00,0.00,0.00,0.00,1.000,1.000,0.00,0,255.00,1,62.00,61.78,0.21,8.965,8.968,3.913,3.943,-0.005,-0.000,0.009,61.83,62,-0.1721,7808,3842.21,2962.81,2999.46,3946.65,1.316,2999.46,0,2,1334,76730,0,1,1,1,78026,702,1,0
36518,8.989,8.972,9.000,9.000,9.000,9.000,0.000,61.80,0.6180,3.940,3.885,61.80,61.80,0.00,0,0,-3.07241,61.80,61.80,0.00,0,0,61.80,0.00,0.00,0.00,0.00,1.000,1.000,0.00,0,255.00,1,62.03,61.86,0.17,8.973,8.976,3.927,3.860,0.019,0.000,0.006,61.80,62,-0.4356,6536,4589.96,2980.69,2999.46,3946.65,1.316,2999.46,0,2,1348,77362,0,1,1,1,78672,1633,1,0
36660,8.955,8.959,9.000,9.000,9.000,9.000,0.000,62.02,0.6202,3.944,3.889,62.02,62.02,0.00,0,0,-3.07580,62.02,62.02,0.00,0,0,62.02,0.00,0.00,0.00,0.00,1.000,1.000,0.00,0,255.00,1,62.30,62.06,0.24,8.960,8.962,3.938,3.992,-0.005,-0.000,0.013,62.02,62,0.4430,6635,4521.48,2933.58,2884.15,4085.87,1.417,2884.15,0,2,1362,77970,0,1,1,1,79293,3272,1,0
36795,8.985,8.981,9.000,9.000,9.000,9.000,0.000,61.79,0.6179,3.943,3.893,61.79,61.79,0.00,0,0,-3.07799,61.79,61.79,0.00,0,0,61.79,0.00,0.00,0.00,0.00,1.000,1.000,0.00,0,255.00,1,61.86,61.75,0.11,8.982,8.987,3.911,3.816,0.003,0.000,0.002,61.79,62,-0.0111,12741,2354.60,2909.45,2884.15,4085.87,1.417,2884.15,0,2,1374,78736,0,1,1,1,80071,5326,1,0
36895,8.979,8.983,9.000,9.000,9.000,9.000,0.000,61.79,0.6179,3.940,3.895,61.79,61.79,0.00,0,0,-3.07888,61.79,61.79,0.00,0,0,61.79,0.00,0.00,0.00,0.00,1.000,1.000,0.00,0,255.00,1,61.70,61.60,0.10,8.984,8.989,3.891,3.843,-0.006,0.000,0.001,61.79,62,-0.4967,11696,2564.98,2900.34,2884.15,4085.87,1.417,2884.15,0,2,1382,79211,0,1,1,1,80554,1673,1,0
37031,8.947,8.960,9.000,9.000,9.000,9.000,0.000,62.12,0.6212,3.942,3.898,62.12,62.12,0.00,0,0,-3.08126,62.12,62.12,0.00,0,0,62.12,0.00,0.00,0.00,0.00,1.000,1.000,0.00,0,255.00,1,62.17,61.93,0.24,8.960,8.962,3.912,4.079,-0.015,-0.001,0.012,62.12,62,0.3012,7933,3781.67,2803.56,2702.02,4768.27,1.765,2702.02,0,2,1394,79940,0,1,1,1,81294,2339,1,0
37172,8.983,8.983,9.000,9.000,9.000,9.000,0.000,61.90,0.6190,3.940,3.904,61.90,61.90,0.00,0,0,-3.08460,61.90,61.90,0.00,0,0,61.90,0.00,0.00,0.00,0.00,1.000,1.000,0.00,0,255.00,1,61.83,61.73,0.10,8.984,8.988,3.901,3.896,-0.001,0.000,0.002,61.90,62,-0.3181,12070,2485.50,2719.52,2702.02,4768.27,1.765,2702.02,0,2,1406,80762,0,1,1,1,82128,1735,1,0
37307,8.966,8.973,9.000,9.000,9.000,9.000,0.000,62.07,0.6207,3.942,3.907,62.07,62.07,0.00,0,0,-3.08671,62.07,62.07,0.00,0,0,62.07,0.00,0.00,0.00,0.00,1.000,1.000,0.00,0,255.00,1,62.12,61.96,0.16,8.973,8.975,3.920,3.998,-0.008,-0.000,0.005,62.07,62,-0.2901,10006,2998.20,2719.03,2714.89,5090.41,1.875,2714.89,0,2,1418,81592,0,1,1,1,82970,3094,1,0
37411,8.964,8.970,9.000,9.000,9.000,9.000,0.000,62.13,0.6213,3.944,3.909,62.13,62.13,0.00,0,0,-3.08827,62.13,62.13,0.00,0,0,62.13,0.00,0.00,0.00,0.00,1.000,1.000,0.00,0,255.00,1,62.27,62.09,0.18,8.971,8.972,3.933,4.015,-0.007,-0.001,0.007,62.13,62,-0.1292,9126,3287.31,2717.54,2714.89,5090.41,1.875,2714.89,0,2,1427,82063,0,1,1,1,83449,1760,1,0
37545,9.004,8.995,9.000,9.000,9.000,9.000,0.000,61.87,0.6187,3.945,3.911,61.87,61.87,0.00,0,0,-3.08999,61.87,61.87,0.00,0,0,61.87,0.00,0.00,0.00,0.00,1.000,1.000,0.00,0,255.00,1,61.90,61.87,0.03,8.995,8.999,3.923,3.788,0.009,0.001,0.000,61.87,62,-0.0367,7219,4155.70,2716.24,2714.89,5090.41,1.875,2714.89,0,2,1440,82927,0,1,1,1,84326,5101,1,0
37687,8.956,8.964,9.000,9.000,9.000,9.000,0.000,62.29,0.6229,3.949,3.914,62.29,62.29,0.00,0,0,-3.09236,62.29,62.29,0.00,0,0,62.29,0.00,0.00,0.00,0.00,1.000,1.000,0.00,0,255.00,1,62.49,62.28,0.22,8.964,8.964,3.948,4.081,-0.009,-0.001,0.011,62.29,62,0.4240,6997,4287.55,2752.93,2901.65,4674.88,1.611,2901.65,0,2,1454,83604,0,1,1,1,85017,2640,1,0
37825,8.979,8.982,9.000,9.000,9.000,9.000,0.000,62.10,0.6210,3.949,3.917,62.10,62.10,0.00,0,0,-3.09390,62.10,62.10,0.00,0,0,62.10,0.00,0.00,0.00,0.00,1.000,1.000,0.00,0,255.00,1,62.20,62.09,0.11,8.982,8.984,3.936,3.926,-0.004,-0.000,0.002,62.10,62,-0.3401,7191,4171.88,2832.94,2901.65,4674.88,1.611,2901.65,0,2,1467,84298,0,1,1,1,85723,2625,1,0
37928,9.001,8.995,9.000,9.000,9.000,9.000,0.000,61.94,0.6194,3.946,3.918,61.94,61.94,0.00,0,0,-3.09435,61.94,61.94,0.00,0,0,61.94,0.00,0.00,0.00,0.00,1.000,1.000,0.00,0,255.00,1,61.89,61.87,0.02,8.996,9.000,3.916,3.822,0.005,0.000,0.000,61.94,62,-0.3817,7949,3774.06,2857.68,2901.65,4674.88,1.611,2901.65,0,2,1477,84769,0,1,1,1,86204,1642,1,0
38063,8.965,8.975,9.000,9.000,9.000,9.000,0.000,62.23,0.6223,3.947,3.920,62.23,62.23,0.00,0,0,-3.09577,62.23,62.23,0.00,0,0,62.23,0.00,0.00,0.00,0.00,1.000,1.000,0.00,0,255.00,1,62.25,62.10,0.15,8.975,8.976,3.928,4.038,-0.011,-0.001,0.005,62.23,62,-0.0897,8210,3654.08,2911.15,2977.27,4622.60,1.553,2977.27,0,2,1492,85560,0,1,1,1,87010,6038,1,0
38164,9.000,8.993,9.000,9.000,9.000,9.000,0.000,62.02,0.6202,3.946,3.921,62.02,62.02,0.00,0,0,-3.09645,62.02,62.02,0.00,0,0,62.02,0.00,0.00,0.00,0.00,1.000,1.000,0.00,0,255.00,1,61.99,61.95,0.04,8.993,8.996,3.922,3.867,0.008,0.000,0.000,62.02,62,0.0441,9566,3136.11,2934.95,2977.27,4622.60,1.553,2977.27,0,2,1501,86004,0,1,1,1,87462,1448,1,0
38265,8.960,8.970,9.000,9.000,9.000,9.000,0.000,62.32,0.6232,3.950,3.923,62.32,62.32,0.00,0,0,-3.09789,62.32,62.32,0.00,0,0,62.32,0.00,0.00,0.00,0.00,1.000,1.000,0.00,0,255.00,1,62.46,62.28,0.18,8.970,8.970,3.945,4.077,-0.011,-0.001,0.007,62.32,63,-0.4621,8089,3708.74,2950.19,2977.27,4622.60,1.553,2977.27,0,2,1510,86498,0,1,1,1,87965,4587,1,0
38404,8.994,8.988,9.000,9.000,9.000,9.000,0.000,62.14,0.6214,3.952,3.925,62.14,62.14,0.00,0,0,-3.09966,62.14,62.14,0.00,0,0,62.14,0.00,0.00,0.00,0.00,1.000,1.000,0.00,0,255.00,1,62.27,62.20,0.07,8.989,8.990,3.949,3.890,0.006,0.000,0.001,62.14,62,0.2208,10423,2878.25,2922.90,2977.27,4622.60,1.553,2878.25,1,1,1523,87322,0,1,1,1,88802,2036,1,0
38539,9.009,8.998,9.000,9.000,9.000,9.000,0.000,62.05,0.6205,3.952,3.927,62.05,62.05,0.00,0,0,-3.10085,62.05,62.05,0.00,0,0,62.05,0.00,0.00,0.00,0.00,1.000,1.000,0.00,0,255.00,1,62.07,62.06,0.01,8.998,9.001,3.936,3.817,0.012,0.001,0.000,62.05,62,-0.2493,6583,4557.19,2817.02,2705.92,3908.55,1.444,2705.92,0,2,1538,87935,0,1,1,1,89429,6386,1,0
38673,8.991,8.985,9.000,9.000,9.000,9.000,0.000,62.23,0.6223,3.953,3.929,62.23,62.23,0.00,0,0,-3.10235,62.23,62.23,0.00,0,0,62.23,0.00,0.00,0.00,0.00,1.000,1.000,0.00,0,255.00,1,62.31,62.22,0.09,8.986,8.987,3.944,3.943,0.006,-0.000,0.002,62.23,62,0.4775,11272,2661.46,2762.18,2705.92,3908.55,1.444,2661.46,1,1,1550,88687,0,1,1,1,90193,1975,1,0
38774,8.994,8.994,9.000,9.000,9.000,9.000,0.000,62.14,0.6214,3.951,3.930,62.14,62.14,0.00,0,0,-3.10293,62.14,62.14,0.00,0,0,62.14,0.00,0.00,0.00,0.00,1.000,1.000,0.00,0,255.00,1,62.08,62.05,0.04,8.994,8.997,3.927,3.894,-0.000,0.000,0.000,62.14,62,-0.1170,8864,3384.48,2734.72,2705.92,3908.55,1.444,2705.92,0,2,1559,89188,0,1,1,1,90703,4330,1,0
38875,8.964,8.980,9.000,9.000,9.000,9.000,0.000,62.32,0.6232,3.951,3.931,62.32,62.32,0.00,0,0,-3.10362,62.32,62.32,0.00,0,0,62.32,0.00,0.00,0.00,0.00,1.000,1.000,0.00,0,255.00,1,62.32,62.19,0.12,8.980,8.981,3.933,4.037,-0.018,-0.000,0.003,62.32,62,0.2985,10795,2779.06,2759.06,2831.42,4206.68,1.486,2779.06,1,1,1568,89602,0,1,1,1,91125,2132,1,0
38978,8.992,8.991,9.000,9.000,9.000,9.000,0.000,62.20,0.6220,3.951,3.932,62.20,62.20,0.00,0,0,-3.10422,62.20,62.20,0.00,0,0,62.20,0.00,0.00,0.00,0.00,1.000,1.000,0.00,0,255.00,1,62.19,62.13,0.05,8.991,8.992,3.934,3.931,0.001,-0.000,0.001,62.20,62,-0.2904,9286,3230.67,2785.11,2831.42,4206.68,1.486,2831.42,0,2,1578,90108,0,1,1,1,91641,1565,1,0
39115,9.001,8.998,9.000,9.000,9.000,9.000,0.000,62.12,0.6212,3.951,3.934,62.12,62.12,0.00,0,0,-3.10494,62.12,62.12,0.00,0,0,62.12,0.00,0.00,0.00,0.00,1.000,1.000,0.00,0,255.00,1,62.06,62.05,0.01,8.998,9.001,3.929,3.872,0.003,0.000,0.000,62.12,62,0.2948,8329,3601.87,2807.71,2831.42,4206.68,1.486,2831.42,0,2,1591,90769,0,1,1,1,92315,4269,1,0
39219,8.967,8.979,9.000,9.000,9.000,9.000,0.000,62.38,0.6238,3.952,3.935,62.38,62.38,0.00,0,0,-3.10581,62.38,62.38,0.00,0,0,62.38,0.00,0.00,0.00,0.00,1.000,1.000,0.00,0,255.00,1,62.43,62.30,0.13,8.979,8.979,3.944,4.058,-0.014,-0.001,0.004,62.38,63,-0.1255,8215,3651.86,2853.98,3020.12,4609.66,1.526,3020.12,0,2,1601,91212,0,1,1,1,92768,4389,1,0
39353,8.979,8.986,9.000,9.000,9.000,9.000,0.000,62.30,0.6230,3.953,3.936,62.30,62.30,0.00,0,0,-3.10673,62.30,62.30,0.00,0,0,62.30,0.00,0.00,0.00,0.00,1.000,1.000,0.00,0,255.00,1,62.36,62.27,0.08,8.986,8.987,3.946,3.985,-0.008,-0.000,0.001,62.30,63,-0.3621,6986,4294.30,2935.06,3020.12,4609.66,1.526,3020.12,0,2,1616,91970,0,1,1,1,93540,3879,1,0
39457,9.008,8.992,9.000,9.000,9.000,9.000,0.000,62.26,0.6226,3.955,3.937,62.26,62.26,0.00,0,0,-3.10776,62.26,62.26,0.00,0,0,62.26,0.00,0.00,0.00,0.00,1.000,1.000,0.00,0,255.00,1,62.37,62.32,0.05,8.992,8.992,3.956,3.916,0.018,0.000,0.001,62.26,62,0.3650,10453,2869.99,2935.66,3020.12,4609.66,1.526,2869.99,1,1,1626,92491,0,1,1,1,94071,13328,1,0
39592,8.986,8.989,9.000,9.000,9.000,9.000,0.000,62.29,0.6229,3.953,3.938,62.29,62.29,0.00,0,0,-3.10815,62.29,62.29,0.00,0,0,62.29,0.00,0.00,0.00,0.00,1.000,1.000,0.00,0,255.00,1,62.30,62.24,0.06,8.990,8.991,3.942,3.966,-0.004,-0.000,0.001,62.29,62,-0.0038,7675,3908.79,2959.63,2903.17,4786.30,1.649,2903.17,0,2,1638,93278,0,1,1,1,94870,4805,1,0
39733,9.006,9.004,9.000,9.000,9.000,9.000,0.000,62.15,0.6215,3.952,3.941,62.15,62.15,0.00,0,0,-3.10973,62.15,62.15,0.00,0,0,62.15,0.00,0.00,0.00,0.00,1.000,1.000,0.00,0,255.00,1,62.06,62.08,-0.02,9.004,9.006,3.931,3.853,0.003,0.000,0.000,62.15,62,0.1384,9826,3053.12,2912.64,2903.17,4786.30,1.649,2903.17,0,2,1650,93998,0,1,1,1,95601,786,1,0
39869,8.995,8.993,9.000,9.000,9.000,9.000,0.000,62.30,0.6230,3.954,3.942,62.30,62.30,0.00,0,0,-3.11066,62.30,62.30,0.00,0,0,62.30,0.00,0.00,0.00,0.00,1.000,1.000,0.00,0,255.00,1,62.31,62.27,0.04,8.993,8.993,3.945,3.952,0.002,-0.000,0.000,62.30,62,0.1455,6511,4607.59,2908.02,2903.17,4786.30,1.649,2903.17,0,2,1666,94762,0,1,1,1,96381,1691,1,0
39972,8.976,8.985,9.000,9.000,9.000,9.000,0.000,62.42,0.6242,3.955,3.943,62.42,62.42,0.00,0,0,-3.11143,62.42,62.42,0.00,0,0,62.42,0.00,0.00,0.00,0.00,1.000,1.000,0.00,0,255.00,1,62.48,62.39,0.09,8.985,8.983,3.953,4.029,-0.010,-0.001,0.002,62.42,62,0.1278,8926,3360.97,2900.87,2879.27,4798.78,1.667,2879.27,0,2,1674,95292,0,1,1,1,96919,3397,1,0
40106,9.015,9.012,9.000,9.000,9.000,9.000,0.000,62.07,0.6207,3.950,3.944,62.07,62.07,0.00,0,0,-3.11086,62.07,62.07,0.00,0,0,62.07,0.00,0.00,0.00,0.00,1.000,1.000,0.00,0,255.00,1,61.88,61.95,-0.07,9.012,9.014,3.919,3.805,0.004,0.001,0.002,62.07,63,-0.4393,9328,3216.12,2890.33,2879.27,4798.78,1.667,2879.27,0,2,1688,95926,0,1,1,1,97566,956,1,0
40247,9.002,8.994,9.000,9.000,9.000,9.000,0.000,62.31,0.6231,3.953,3.944,62.31,62.31,0.00,0,0,-3.11179,62.31,62.31,0.00,0,0,62.31,0.00,0.00,0.00,0.00,1.000,1.000,0.00,0,255.00,1,62.32,62.28,0.04,8.994,8.993,3.946,3.964,0.009,-0.000,0.000,62.31,63,-0.3652,7685,3903.71,2884.73,2879.27,4798.78,1.667,2879.27,0,2,1700,96527,0,1,1,1,98179,936,1,0
40347,8.993,8.991,9.000,9.000,9.000,9.000,0.000,62.35,0.6235,3.954,3.945,62.35,62.35,0.00,0,0,-3.11235,62.35,62.35,0.00,0,0,62.35,0.00,0.00,0.00,0.00,1.000,1.000,0.00,0,255.00,1,62.41,62.36,0.05,8.991,8.990,3.954,3.978,0.002,-0.000,0.001,62.35,62,0.3559,13066,2296.04,2851.57,2723.32,3524.29,1.294,2723.32,0,2,1708,97024,0,1,1,1,98684,1769,1,0
40487,9.011,9.007,9.000,9.000,9.000,9.000,0.000,62.18,0.6218,3.953,3.946,62.18,62.18,0.00,0,0,-3.11303,62.18,62.18,0.00,0,0,62.18,0.00,0.00,0.00,0.00,1.000,1.000,0.00,0,255.00,1,62.11,62.15,-0.04,9.007,9.008,3.938,3.845,0.005,0.000,0.001,62.18,62,0.1922,7084,4234.90,2756.94,2723.32,3524.29,1.294,2723.32,0,2,1723,97697,0,1,1,1,99371,2714,1,0
40616,8.987,8.985,9.000,9.000,9.000,9.000,0.000,62.47,0.6247,3.957,3.947,62.47,62.47,0.00,0,0,-3.11433,62.47,62.47,0.00,0,0,62.47,0.00,0.00,0.00,0.00,1.000,1.000,0.00,0,255.00,1,62.62,62.52,0.09,8.985,8.982,3.968,4.032,0.003,-0.001,0.003,62.47,63,-0.4396,9597,3125.98,2740.53,2723.32,3524.29,1.294,2723.32,0,2,1734,98434,0,1,1,1,100119,4934,1,0
40755,8.977,8.985,9.000,9.000,9.000,9.000,0.000,62.49,0.6249,3.959,3.948,62.49,62.49,0.00,0,0,-3.11514,62.49,62.49,0.00,0,0,62.49,0.00,0.00,0.00,0.00,1.000,1.000,0.00,0,255.00,1,62.65,62.55,0.09,8.984,8.983,3.970,4.032,-0.009,-0.001,0.003,62.49,63,-0.2218,7998,3750.94,2746.45,2763.08,4307.16,1.559,2763.08,0,2,1747,99141,0,1,1,1,100838,1675,1,0
40856,9.018,9.010,9.000,9.000,9.000,9.000,0.000,62.18,0.6218,3.956,3.948,62.18,62.18,0.00,0,0,-3.11483,62.18,62.18,0.00,0,0,62.18,0.00,0.00,0.00,0.00,1.000,1.000,0.00,0,255.00,1,62.13,62.19,-0.06,9.010,9.012,3.944,3.808,0.009,0.001,0.001,62.18,62,0.2498,11454,2619.17,2752.44,2763.08,4307.16,1.559,2763.08,0,2,1755,99779,0,1,1,1,101484,2111,1,0
40990,9.010,8.999,9.000,9.000,9.000,9.000,0.000,62.32,0.6232,3.957,3.949,62.32,62.32,0.00,0,0,-3.11539,62.32,62.32,0.00,0,0,62.32,0.00,0.00,0.00,0.00,1.000,1.000,0.00,0,255.00,1,62.32,62.32,0.01,8.999,9.000,3.951,3.915,0.013,0.000,0.000,62.32,62,0.3941,6891,4353.50,2757.63,2763.08,4307.16,1.559,2763.08,0,2,1767,100509,0,1,1,1,102226,2881,1,0
41125,8.974,8.988,9.000,9.000,9.000,9.000,0.000,62.43,0.6243,3.948,3.949,62.43,62.43,0.00,0,0,-3.11396,62.43,62.43,0.00,0,0,62.43,0.00,0.00,0.00,0.00,1.000,1.000,0.00,0,255.00,1,62.45,62.37,0.07,8.988,8.987,3.950,4.078,-0.016,-0.001,0.001,62.43,62,0.2631,9240,3246.75,2776.39,2707.80,4858.11,1.794,2707.80,0,2,1780,101253,0,1,1,1,102982,5619,1,0
41264,8.992,8.996,9.000,9.000,9.000,9.000,0.000,62.34,0.6234,3.951,3.949,62.34,62.34,0.00,0,0,-3.11453,62.34,62.34,0.00,0,0,62.34,0.00,0.00,0.00,0.00,1.000,1.000,0.00,0,255.00,1,62.44,62.42,0.03,8.996,8.995,3.963,3.974,-0.004,-0.000,0.000,62.34,62,0.3619,7182,4177.11,2742.92,2707.80,4858.11,1.794,2707.80,0,2,1794,102042,0,1,1,1,103785,5665,1,0
41365,8.997,8.999,9.000,9.000,9.000,9.000,0.000,62.30,0.6230,3.950,3.949,62.30,62.30,0.00,0,0,-3.11451,62.30,62.30,0.00,0,0,62.30,0.00,0.00,0.00,0.00,1.000,1.000,0.00,0,255.00,1,62.35,62.35,0.00,8.999,9.000,3.957,3.944,-0.002,0.000,0.000,62.30,62,-0.0673,14700,2040.82,2730.27,2707.80,4858.11,1.794,2707.80,0,2,1802,102552,0,1,1,1,104303,1664,1,0
41503,8.977,8.986,9.000,9.000,9.000,9.000,0.000,62.47,0.6247,3.951,3.949,62.47,62.47,0.00,0,0,-3.11477,62.47,62.47,0.00,0,0,62.47,0.00,0.00,0.00,0.00,1.000,1.000,0.00,0,255.00,1,62.58,62.49,0.09,8.986,8.985,3.964,4.072,-0.010,-0.000,0.002,62.47,63,-0.0906,11624,2580.87,2694.67,2712.52,4786.80,1.765,2580.87,1,1,1813,103295,0,1,1,1,105056,1975,1,0
41638,9.013,9.010,9.000,9.000,9.000,9.000,0.000,62.16,0.6216,3.949,3.949,62.16,62.16,0.00,0,0,-3.11435,62.16,62.16,0.00,0,0,62.16,0.00,0.00,0.00,0.00,1.000,1.000,0.00,0,255.00,1,62.10,62.16,-0.06,9.011,9.012,3.941,3.850,0.003,0.001,0.001,62.16,63,-0.3902,9085,3302.15,2691.21,2712.52,4786.80,1.765,2712.52,0,2,1826,103878,0,1,1,1,105652,4321,1,0
41738,9.003,9.003,9.000,9.000,9.000,9.000,0.000,62.23,0.6223,3.947,3.949,62.23,62.23,0.00,0,0,-3.11382,62.23,62.23,0.00,0,0,62.23,0.00,0.00,0.00,0.00,1.000,1.000,0.00,0,255.00,1,62.14,62.16,-0.02,9.004,9.005,3.935,3.934,-0.001,0.000,0.000,62.23,62,-0.2038,7862,3815.82,2705.54,2712.52,4786.80,1.765,2712.52,0,2,1839,104608,0,1,1,1,106395,5522,1,0
41842,8.996,8.996,9.000,9.000,9.000,9.000,0.000,62.33,0.6233,3.949,3.949,62.33,62.33,0.00,0,0,-3.11418,62.33,62.33,0.00,0,0,62.33,0.00,0.00,0.00,0.00,1.000,1.000,0.00,0,255.00,1,62.41,62.38,0.02,8.996,8.996,3.959,3.982,-0.000,-0.000,0.000,62.33,62,-0.1154,12006,2498.75,2666.01,2636.22,4633.37,1.758,2636.22,0,2,1843,104895,0,1,1,1,106685,1674,1,0
41942,8.983,8.987,9.000,9.000,9.000,9.000,0.000,62.46,0.6246,3.952,3.949,62.46,62.46,0.00,0,0,-3.11487,62.46,62.46,0.00,0,0,62.46,0.00,0.00,0.00,0.00,1.000,1.000,0.00,0,255.00,1,62.65,62.57,0.08,8.986,8.985,3.976,4.051,-0.003,-0.000,0.002,62.46,63,-0.2433,7446,4029.01,2655.29,2636.22,4633.37,1.758,2636.22,0,2,1851,105401,0,1,1,1,107199,3130,1,0
42045,9.007,9.003,9.000,9.000,9.000,9.000,0.000,62.25,0.6225,3.951,3.949,62.25,62.25,0.00,0,0,-3.11479,62.25,62.25,0.00,0,0,62.25,0.00,0.00,0.00,0.00,1.000,1.000,0.00,0,255.00,1,62.34,62.36,-0.02,9.004,9.004,3.961,3.892,0.004,0.000,0.000,62.25,62,0.3159,7888,3803.25,2662.95,2636.22,4633.37,1.758,2636.22,0,2,1860,105892,0,1,1,1,107699,2899,1,0
42180,9.019,9.016,9.000,9.000,9.000,9.000,0.000,62.08,0.6208,3.947,3.949,62.08,62.08,0.00,0,0,-3.11394,62.08,62.08,0.00,0,0,62.08,0.00,0.00,0.00,0.00,1.000,1.000,0.00,0,255.00,1,61.93,62.03,-0.10,9.016,9.018,3.929,3.809,0.003,0.001,0.003,62.08,62,-0.1729,8182,3666.59,2649.91,2636.22,4633.37,1.758,2636.22,0,2,1873,106676,0,1,1,1,108496,1668,1,0
42281,8.973,8.987,9.000,9.000,9.000,9.000,0.000,62.45,0.6245,3.949,3.949,62.45,62.45,0.00,0,0,-3.11427,62.45,62.45,0.00,0,0,62.45,0.00,0.00,0.00,0.00,1.000,1.000,0.00,0,255.00,1,62.45,62.37,0.08,8.987,8.986,3.948,4.087,-0.016,-0.001,0.002,62.45,63,-0.4719,7191,4171.88,2590.15,2483.91,4290.39,1.727,2483.91,0,2,1881,107161,0,1,1,1,108988,705,1,0
42422,9.009,9.003,9.000,9.000,9.000,9.000,0.000,62.26,0.6226,3.951,3.949,62.26,62.26,0.00,0,0,-3.11491,62.26,62.26,0.00,0,0,62.26,0.00,0.00,0.00,0.00,1.000,1.000,0.00,0,255.00,1,62.32,62.33,-0.02,9.003,9.002,3.958,3.899,0.006,0.000,0.000,62.26,62,-0.0222,7007,4281.43,2527.43,2483.91,4290.39,1.727,2483.91,0,2,1894,107842,0,1,1,1,109682,2813,1,0
42563,9.019,9.010,9.000,9.000,9.000,9.000,0.000,62.18,0.6218,3.950,3.950,62.18,62.18,0.00,0,0,-3.11482,62.18,62.18,0.00,0,0,62.18,0.00,0.00,0.00,0.00,1.000,1.000,0.00,0,255.00,1,62.15,62.21,-0.06,9.010,9.010,3.946,3.846,0.010,0.000,0.001,62.18,62,-0.1569,9064,3309.80,2506.19,2483.91,4290.39,1.727,2483.91,0,2,1907,108546,0,1,1,1,110399,1189,1,0
42697,9.012,9.001,9.000,9.000,9.000,9.000,0.000,62.29,0.6229,3.951,3.950,62.29,62.29,0.00,0,0,-3.11504,62.29,62.29,0.00,0,0,62.29,0.00,0.00,0.00,0.00,1.000,1.000,0.00,0,255.00,1,62.30,62.31,-0.01,9.001,9.001,3.952,3.928,0.012,0.000,0.000,62.29,62,-0.1724,7961,3768.37,2618.88,2737.10,3519.14,1.286,2737.10,0,2,1920,109259,0,1,1,1,111124,3444,1,0
42803,9.005,9.002,9.000,9.000,9.000,9.000,0.000,62.27,0.6227,3.951,3.950,62.27,62.27,0.00,0,0,-3.11500,62.27,62.27,0.00,0,0,62.27,0.00,0.00,0.00,0.00,1.000,1.000,0.00,0,255.00,1,62.26,62.27,-0.01,9.002,9.002,3.948,3.922,0.003,0.000,0.000,62.27,62,0.4130,10321,2906.70,2661.44,2737.10,3519.14,1.286,2737.10,0,2,1929,109772,0,1,1,1,111646,4123,1,0
42939,9.019,9.012,9.000,9.000,9.000,9.000,0.000,62.15,0.6215,3.949,3.950,62.15,62.15,0.00,0,0,-3.11471,62.15,62.15,0.00,0,0,62.15,0.00,0.00,0.00,0.00,1.000,1.000,0.00,0,255.00,1,62.05,62.12,-0.07,9.012,9.013,3.937,3.841,0.008,0.000,0.001,62.15,62,0.1921,7085,4234.30,2698.36,2737.10,3519.14,1.286,2737.10,0,2,1942,110362,0,1,1,1,112249,2730,1,0
43079,8.980,8.987,9.000,9.000,9.000,9.000,0.000,62.46,0.6246,3.951,3.950,62.46,62.46,0.00,0,0,-3.11498,62.46,62.46,0.00,0,0,62.46,0.00,0.00,0.00,0.00,1.000,1.000,0.00,0,255.00,1,62.50,62.42,0.08,8.987,8.986,3.954,4.074,-0.008,-0.001,0.001,62.46,62,0.1826,9958,3012.65,2812.52,2876.47,4154.90,1.444,3012.65,1,1,1955,111092,0,1,1,1,112991,3418,1,0
43214,8.986,8.994,9.000,9.000,9.000,9.000,0.000,62.38,0.6238,3.951,3.950,62.38,62.38,0.00,0,0,-3.11508,62.38,62.38,0.00,0,0,62.38,0.00,0.00,0.00,0.00,1.000,1.000,0.00,0,255.00,1,62.42,62.38,0.04,8.993,8.993,3.955,4.005,-0.009,-0.000,0.000,62.38,62,0.1231,8357,3589.80,2843.73,2876.47,4154.90,1.444,2876.47,0,2,1967,111854,0,1,1,1,113765,4834,1,0
43316,9.030,9.020,9.000,9.000,9.000,9.000,0.000,62.04,0.6204,3.947,3.950,62.04,62.04,0.00,0,0,-3.11424,62.04,62.04,0.00,0,0,62.04,0.00,0.00,0.00,0.00,1.000,1.000,0.00,0,255.00,1,61.87,61.99,-0.12,9.020,9.022,3.927,3.775,0.011,0.001,0.004,62.04,62,0.3566,8185,3665.24,2855.51,2876.47,4154.90,1.444,2876.47,0,2,1976,112248,0,1,1,1,114168,4497,1,0
43416,8.971,8.994,9.000,9.000,9.000,9.000,0.000,62.35,0.6235,3.946,3.949,62.35,62.35,0.00,0,0,-3.11385,62.35,62.35,0.00,0,0,62.35,0.00,0.00,0.00,0.00,1.000,1.000,0.00,0,255.00,1,62.21,62.17,0.04,8.994,8.994,3.928,4.047,-0.026,-0.000,0.001,62.35,63,-0.2526,12171,2464.88,2771.78,2622.93,4451.03,1.697,2622.93,0,2,1984,112735,0,1,1,1,114662,1741,1,0
43517,9.016,9.006,9.000,9.000,9.000,9.000,0.000,62.22,0.6222,3.951,3.950,62.22,62.22,0.00,0,0,-3.11511,62.22,62.22,0.00,0,0,62.22,0.00,0.00,0.00,0.00,1.000,1.000,0.00,0,255.00,1,62.26,62.30,-0.04,9.006,9.006,3.955,3.870,0.011,0.000,0.000,62.22,62,-0.2089,9188,3265.13,2633.16,2622.93,4451.03,1.697,2622.93,0,2,1992,113327,0,1,1,1,115262,7453,1,0
43621,9.005,9.003,9.000,9.000,9.000,9.000,0.000,62.26,0.6226,3.951,3.950,62.26,62.26,0.00,0,0,-3.11500,62.26,62.26,0.00,0,0,62.26,0.00,0.00,0.00,0.00,1.000,1.000,0.00,0,255.00,1,62.25,62.27,-0.02,9.003,9.003,3.949,3.913,0.003,-0.000,0.000,62.26,62,0.3486,13948,2150.85,2629.47,2622.93,4451.03,1.697,2622.93,0,2,1999,113805,0,1,1,1,115747,2489,1,0
43755,9.004,9.010,9.000,9.000,9.000,9.000,0.000,62.16,0.6216,3.946,3.950,62.16,62.16,0.00,0,0,-3.11405,62.16,62.16,0.00,0,0,62.16,0.00,0.00,0.00,0.00,1.000,1.000,0.00,0,255.00,1,61.98,62.04,-0.06,9.010,9.011,3.924,3.885,-0.007,0.000,0.001,62.16,62,0.1170,7549,3974.04,2604.71,2518.46,4800.81,1.906,2518.46,0,2,2012,114520,0,1,1,1,116475,5852,1,0
43859,8.974,8.984,9.000,9.000,9.000,9.000,0.000,62.49,0.6249,3.949,3.949,62.49,62.49,0.00,0,0,-3.11466,62.49,62.49,0.00,0,0,62.49,0.00,0.00,0.00,0.00,1.000,1.000,0.00,0,255.00,1,62.52,62.43,0.10,8.984,8.982,3.953,4.109,-0.011,-0.001,0.002,62.49,63,-0.0547,11159,2688.41,2573.66,2518.46,4800.81,1.906,2518.46,0,2,2021,114984,0,1,1,1,116947,3647,1,0
43993,9.006,9.004,9.000,9.000,9.000,9.000,0.000,62.24,0.6224,3.948,3.949,62.24,62.24,0.00,0,0,-3.11435,62.24,62.24,0.00,0,0,62.24,0.00,0.00,0.00,0.00,1.000,1.000,0.00,0,255.00,1,62.21,62.23,-0.02,9.004,9.003,3.944,3.921,0.003,-0.000,0.000,62.24,63,-0.3154,12370,2425.22,2513.16,2518.46,4800.81,1.906,2425.22,1,1,2033,115746,0,1,1,1,117721,1728,1,0
44094,9.021,9.017,9.000,9.000,9.000,9.000,0.000,62.06,0.6206,3.944,3.949,62.06,62.06,0.00,0,0,-3.11349,62.06,62.06,0.00,0,0,62.06,0.00,0.00,0.00,0.00,1.000,1.000,0.00,0,255.00,1,61.87,61.97,-0.10,9.017,9.018,3.921,3.820,0.005,0.001,0.003,62.06,62,-0.1209,9316,3220.27,2515.06,2518.46,4800.81,1.906,2518.46,0,2,2041,116200,0,1,1,1,118183,1657,1,0
44228,8.978,8.989,9.000,9.000,9.000,9.000,0.000,62.40,0.6240,3.945,3.949,62.40,62.40,0.00,0,0,-3.11340,62.40,62.40,0.00,0,0,62.40,0.00,0.00,0.00,0.00,1.000,1.000,0.00,0,255.00,1,62.37,62.30,0.07,8.989,8.987,3.941,4.087,-0.012,-0.001,0.001,62.40,63,-0.3678,7614,3940.11,2504.61,2493.63,4458.31,1.788,2493.63,0,2,2053,117001,0,1,1,1,118995,5018,1,0
44367,9.016,9.008,9.000,9.000,9.000,9.000,0.000,62.17,0.6217,3.946,3.949,62.17,62.17,0.00,0,0,-3.11342,62.17,62.17,0.00,0,0,62.17,0.00,0.00,0.00,0.00,1.000,1.000,0.00,0,255.00,1,62.15,62.20,-0.05,9.008,9.007,3.946,3.885,0.009,0.000,0.000,62.17,62,0.4515,7719,3886.51,2499.25,2493.63,4458.31,1.788,2493.63,0,2,2068,117681,0,1,1,1,119690,2328,1,0
44505,9.021,9.015,9.000,9.000,9.000,9.000,0.000,62.07,0.6207,3.943,3.948,62.07,62.07,0.00,0,0,-3.11265,62.07,62.07,0.00,0,0,62.07,0.00,0.00,0.00,0.00,1.000,1.000,0.00,0,255.00,1,61.93,62.02,-0.09,9.015,9.016,3.928,3.838,0.006,0.000,0.002,62.07,62,-0.0819,9693,3095.02,2616.79,3170.79,4713.34,1.486,3095.02,1,1,2082,118459,0,1,1,1,120482,2795,1,0
44608,8.987,8.999,9.000,9.000,9.000,9.000,0.000,62.23,0.6223,3.938,3.947,62.23,62.23,0.00,0,0,-3.11111,62.23,62.23,0.00,0,0,62.23,0.00,0.00,0.00,0.00,1.000,1.000,0.00,0,255.00,1,62.07,62.06,0.00,8.999,8.999,3.922,4.019,-0.014,-0.000,0.000,62.23,62,0.4334,10335,2902.76,3005.31,3170.79,4713.34,1.486,3170.79,0,2,2090,118958,0,1,1,1,120988,3193,1,0
44742,9.000,9.008,9.000,9.000,9.000,9.000,0.000,62.10,0.6210,3.936,3.946,62.10,62.10,0.00,0,0,-3.11010,62.10,62.10,0.00,0,0,62.10,0.00,0.00,0.00,0.00,1.000,1.000,0.00,0,255.00,1,61.90,61.95,-0.05,9.009,9.009,3.917,3.935,-0.009,0.000,0.001,62.10,62,-0.3553,8005,3747.66,3086.07,3170.79,4713.34,1.486,3170.79,0,2,2104,119655,0,1,1,1,121699,4435,1,0
44882,9.003,8.995,9.000,9.000,9.000,9.000,0.000,62.27,0.6227,3.941,3.946,62.27,62.27,0.00,0,0,-3.11084,62.27,62.27,0.00,0,0,62.27,0.00,0.00,0.00,0.00,1.000,1.000,0.00,0,255.00,1,62.38,62.35,0.03,8.995,8.993,3.959,4.011,0.008,-0.000,0.000,62.27,63,-0.4164,6663,4502.48,3071.24,2889.93,4334.89,1.500,2889.93,0,2,2118,120393,0,1,1,1,122451,5120,1,0
45017,9.001,8.998,9.000,9.000,9.000,9.000,0.000,62.25,0.6225,3.943,3.946,62.25,62.25,0.00,0,0,-3.11113,62.25,62.25,0.00,0,0,62.25,0.00,0.00,0.00,0.00,1.000,1.000,0.00,0,255.00,1,62.40,62.39,0.02,8.997,8.996,3.966,3.968,0.004,-0.000,0.000,62.25,62,0.3655,7607,3943.74,2982.76,2889.93,4334.89,1.500,2889.93,0,2,2131,121113,0,1,1,1,123183,2806,1,0
45119,9.027,9.020,9.000,9.000,9.000,9.000,0.000,61.96,0.6196,3.939,3.945,61.96,61.96,0.00,0,0,-3.11016,61.96,61.96,0.00,0,0,61.96,0.00,0.00,0.00,0.00,1.000,1.000,0.00,0,255.00,1,61.87,61.99,-0.12,9.020,9.021,3.933,3.780,0.008,0.001,0.004,61.96,62,0.3842,8864,3384.48,2949.34,2889.93,4334.89,1.500,2889.93,0,2,2141,121608,0,1,1,1,123688,7576,1,0
45256,9.014,9.006,9.000,9.000,9.000,9.000,0.000,62.12,0.6212,3.939,3.945,62.12,62.12,0.00,0,0,-3.10985,62.12,62.12,0.00,0,0,62.12,0.00,0.00,0.00,0.00,1.000,1.000,0.00,0,255.00,1,62.07,62.11,-0.04,9.006,9.006,3.937,3.916,0.009,0.000,0.000,62.12,62,-0.1473,8449,3550.72,2894.46,2787.40,4937.68,1.771,2787.40,0,2,2153,122340,0,1,1,1,124432,5129,1,0
45396,8.994,8.998,9.000,9.000,9.000,9.000,0.000,62.23,0.6223,3.940,3.944,62.23,62.23,0.00,0,0,-3.10986,62.23,62.23,0.00,0,0,62.23,0.00,0.00,0.00,0.00,1.000,1.000,0.00,0,255.00,1,62.26,62.24,0.02,8.997,8.996,3.947,3.989,-0.004,-0.000,0.000,62.23,62,0.4463,6555,4576.66,2831.50,2787.40,4937.68,1.771,2787.40,0,2,2167,123018,0,1,1,1,125123,4673,1,0
45533,9.011,9.011,9.000,9.000,9.000,9.000,0.000,62.04,0.6204,3.936,3.944,62.04,62.04,0.00,0,0,-3.10863,62.04,62.04,0.00,0,0,62.04,0.00,0.00,0.00,0.00,1.000,1.000,0.00,0,255.00,1,61.89,61.96,-0.07,9.011,9.013,3.922,3.883,-0.000,0.000,0.001,62.04,62,-0.1319,9326,3216.81,2801.85,2787.40,4937.68,1.771,2787.40,0,2,2181,123738,0,1,1,1,125857,3015,1,0
45636,9.000,9.002,9.000,9.000,9.000,9.000,0.000,62.15,0.6215,3.936,3.943,62.15,62.15,0.00,0,0,-3.10848,62.15,62.15,0.00,0,0,62.15,0.00,0.00,0.00,0.00,1.000,1.000,0.00,0,255.00,1,62.07,62.08,-0.01,9.002,9.002,3.930,3.971,-0.002,0.000,0.000,62.15,62,0.1433,7253,4136.22,2828.89,2948.61,4383.08,1.486,2948.61,0,2,2190,124207,0,1,1,1,126335,3068,1,0
45736,9.014,9.013,9.000,9.000,9.000,9.000,0.000,62.00,0.6200,3.934,3.943,62.00,62.00,0.00,0,0,-3.10778,62.00,62.00,0.00,0,0,62.00,0.00,0.00,0.00,0.00,1.000,1.000,0.00,0,255.00,1,61.84,61.92,-0.08,9.013,9.014,3.920,3.873,0.002,0.000,0.002,62.00,62,0.1741,6873,4364.91,2871.99,2948.61,4383.08,1.486,2948.61,0,2,2201,124675,0,1,1,1,126813,3006,1,0
45872,9.015,9.007,9.000,9.000,9.000,9.000,0.000,62.06,0.6206,3.934,3.942,62.06,62.06,0.00,0,0,-3.10741,62.06,62.06,0.00,0,0,62.06,0.00,0.00,0.00,0.00,1.000,1.000,0.00,0,255.00,1,61.98,62.03,-0.04,9.007,9.007,3.929,3.922,0.009,0.000,0.000,62.06,62,0.4733,9311,3222.00,2925.16,2948.61,4383.08,1.486,2948.61,0,2,2214,125441,0,1,1,1,127592,1780,1,0
46011,8.999,9.000,9.000,9.000,9.000,9.000,0.000,62.14,0.6214,3.934,3.942,62.14,62.14,0.00,0,0,-3.10695,62.14,62.14,0.00,0,0,62.14,0.00,0.00,0.00,0.00,1.000,1.000,0.00,0,255.00,1,62.10,62.10,0.00,9.000,8.999,3.934,3.987,-0.001,-0.000,0.000,62.14,62,-0.3024,7745,3873.47,2934.65,2938.82,4447.95,1.514,2938.82,0,2,2227,126160,0,1,1,1,128324,2449,1,0
46148,9.022,9.018,9.000,9.000,9.000,9.000,0.000,61.89,0.6189,3.930,3.941,61.89,61.89,0.00,0,0,-3.10579,61.89,61.89,0.00,0,0,61.89,0.00,0.00,0.00,0.00,1.000,1.000,0.00,0,255.00,1,61.71,61.82,-0.11,9.018,9.020,3.914,3.829,0.004,0.001,0.003,61.89,62,-0.4037,9842,3048.16,2935.44,2938.82,4447.95,1.514,3048.16,1,1,2240,126899,0,1,1,1,129075,6538,1,0
46249,9.014,9.014,9.000,9.000,9.000,9.000,0.000,61.92,0.6192,3.928,3.940,61.92,61.92,0.00,0,0,-3.10485,61.92,61.92,0.00,0,0,61.92,0.00,0.00,0.00,0.00,1.000,1.000,0.00,0,255.00,1,61.73,61.81,-0.09,9.014,9.015,3.910,3.877,-0.000,0.000,0.002,61.92,62,-0.4781,6821,4398.18,2927.18,2938.82,4447.95,1.514,2938.82,0,2,2253,127705,0,1,1,1,129894,5201,1,0
46383,8.987,8.999,9.000,9.000,9.000,9.000,0.000,62.10,0.6210,3.927,3.939,62.10,62.10,0.00,0,0,-3.10407,62.10,62.10,0.00,0,0,62.10,0.00,0.00,0.00,0.00,1.000,1.000,0.00,0,255.00,1,61.99,61.97,0.01,8.998,8.997,3.920,4.029,-0.012,-0.000,0.000,62.10,62,0.4457,7307,4105.65,2918.78,2868.44,4541.70,1.583,2868.44,0,2,2263,128134,0,1,1,1,130333,2811,1,0
46522,9.008,9.006,9.000,9.000,9.000,9.000,0.000,62.01,0.6201,3.929,3.938,62.01,62.01,0.00,0,0,-3.10414,62.01,62.01,0.00,0,0,62.01,0.00,0.00,0.00,0.00,1.000,1.000,0.00,0,255.00,1,62.03,62.06,-0.03,9.006,9.004,3.939,3.922,0.002,-0.000,0.000,62.01,62,-0.2663,10473,2864.51,2887.57,2868.44,4541.70,1.583,2864.51,1,1,2276,128865,0,1,1,1,131076,4580,1,0
46622,8.999,9.001,9.000,9.000,9.000,9.000,0.000,62.07,0.6207,3.930,3.938,62.07,62.07,0.00,0,0,-3.10401,62.07,62.07,0.00,0,0,62.07,0.00,0.00,0.00,0.00,1.000,1.000,0.00,0,255.00,1,62.11,62.12,-0.00,9.001,9.000,3.942,3.965,-0.002,-0.000,0.000,62.07,62,-0.1611,9107,3294.17,2880.68,2868.44,4541.70,1.583,2868.44,0,2,2286,129260,0,1,1,1,131481,1672,1,0
46723,9.013,9.012,9.000,9.000,9.000,9.000,0.000,61.92,0.6192,3.928,3.937,61.92,61.92,0.00,0,0,-3.10337,61.92,61.92,0.00,0,0,61.92,0.00,0.00,0.00,0.00,1.000,1.000,0.00,0,255.00,1,61.87,61.94,-0.07,9.012,9.011,3.928,3.871,0.002,0.000,0.001,61.92,62,-0.2841,11661,2572.68,2876.28,2868.44,4541.70,1.583,2868.44,0,2,2294,129798,0,1,1,1,132027,2807,1,0
46857,9.009,9.002,9.000,9.000,9.000,9.000,0.000,62.05,0.6205,3.929,3.937,62.05,62.05,0.00,0,0,-3.10329,62.05,62.05,0.00,0,0,62.05,0.00,0.00,0.00,0.00,1.000,1.000,0.00,0,255.00,1,62.09,62.09,-0.01,9.001,9.000,3.941,3.953,0.008,-0.000,0.000,62.05,62,-0.1205,6963,4308.49,2763.35,2644.88,4534.07,1.714,2644.88,0,2,2306,130483,0,1,1,1,132723,4269,1,0
46961,9.003,9.008,9.000,9.000,9.000,9.000,0.000,61.96,0.6196,3.928,3.936,61.96,61.96,0.00,0,0,-3.10266,61.96,61.96,0.00,0,0,61.96,0.00,0.00,0.00,0.00,1.000,1.000,0.00,0,255.00,1,61.91,61.95,-0.05,9.008,9.007,3.928,3.906,-0.006,0.000,0.000,61.96,62,-0.2698,10735,2794.60,2720.70,2644.88,4534.07,1.714,2644.88,0,2,2316,130949,0,1,1,1,133199,1893,1,0
47096,9.024,9.017,9.000,9.000,9.000,9.000,0.000,61.81,0.6181,3.923,3.935,61.81,61.81,0.00,0,0,-3.10130,61.81,61.81,0.00,0,0,61.81,0.00,0.00,0.00,0.00,1.000,1.000,0.00,0,255.00,1,61.61,61.71,-0.11,9.018,9.019,3.905,3.838,0.007,0.001,0.003,61.81,62,0.2681,8182,3666.59,2698.00,2644.88,4534.07,1.714,2644.88,0,2,2330,131714,0,1,1,1,133978,2073,1,0
47201,8.977,8.997,9.000,9.000,9.000,9.000,0.000,62.05,0.6205,3.923,3.935,62.05,62.05,0.00,0,0,-3.10080,62.05,62.05,0.00,0,0,62.05,0.00,0.00,0.00,0.00,1.000,1.000,0.00,0,255.00,1,61.92,61.90,0.02,8.997,8.996,3.912,4.040,-0.023,-0.001,0.000,62.05,62,0.0903,9348,3209.24,2760.44,2871.45,4546.46,1.583,2871.45,0,2,2339,132163,0,1,1,1,134435,5206,1,0
47336,9.023,9.018,9.000,9.000,9.000,9.000,0.000,61.77,0.6177,3.920,3.934,61.77,61.77,0.00,0,0,-3.09967,61.77,61.77,0.00,0,0,61.77,0.00,0.00,0.00,0.00,1.000,1.000,0.00,0,255.00,1,61.57,61.68,-0.11,9.018,9.019,3.904,3.838,0.006,0.000,0.003,61.77,62,-0.3684,7316,4100.60,2818.95,2871.45,4546.46,1.583,2871.45,0,2,2352,132895,0,1,1,1,135180,2044,1,0
47439,9.003,9.006,9.000,9.000,9.000,9.000,0.000,61.91,0.6191,3.920,3.933,61.91,61.91,0.00,0,0,-3.09921,61.91,61.91,0.00,0,0,61.91,0.00,0.00,0.00,0.00,1.000,1.000,0.00,0,255.00,1,61.78,61.81,-0.03,9.006,9.005,3.911,3.955,-0.004,-0.000,0.000,61.91,61,0.4110,6830,4392.39,2837.85,2871.45,4546.46,1.583,2871.45,0,2,2362,133365,0,1,1,1,135660,4917,1,0
47539,9.017,9.014,9.000,9.000,9.000,9.000,0.000,61.79,0.6179,3.918,3.932,61.79,61.79,0.00,0,0,-3.09843,61.79,61.79,0.00,0,0,61.79,0.00,0.00,0.00,0.00,1.000,1.000,0.00,0,255.00,1,61.62,61.71,-0.09,9.014,9.014,3.906,3.874,0.003,0.000,0.002,61.79,62,0.0337,9293,3228.24,2888.58,3064.62,4321.91,1.410,3064.62,0,2,2373,133878,0,1,1,1,136184,989,1,0
47678,9.014,9.004,9.000,9.000,9.000,9.000,0.000,61.92,0.6192,3.921,3.932,61.92,61.92,0.00,0,0,-3.09858,61.92,61.92,0.00,0,0,61.92,0.00,0.00,0.00,0.00,1.000,1.000,0.00,0,255.00,1,61.97,61.99,-0.02,9.003,9.001,3.935,3.941,0.012,-0.000,0.000,61.92,62,0.0131,8740,3432.49,2974.49,3064.62,4321.91,1.410,3064.62,0,2,2386,134629,0,1,1,1,136947,7914,1,0
47778,9.017,9.012,9.000,9.000,9.000,9.000,0.000,61.81,0.6181,3.920,3.931,61.81,61.81,0.00,0,0,-3.09801,61.81,61.81,0.00,0,0,61.81,0.00,0.00,0.00,0.00,1.000,1.000,0.00,0,255.00,1,61.78,61.85,-0.07,9.012,9.011,3.925,3.865,0.005,0.000,0.001,61.81,62,-0.2952,8554,3507.13,2996.12,3064.62,4321.91,1.410,3064.62,0,2,2395,135199,0,1,1,1,137526,8223,1,0
47914,9.024,9.012,9.000,9.000,9.000,9.000,0.000,61.81,0.6181,3.920,3.930,61.81,61.81,0.00,0,0,-3.09766,61.81,61.81,0.00,0,0,61.81,0.00,0.00,0.00,0.00,1.000,1.000,0.00,0,255.00,1,61.80,61.87,-0.07,9.011,9.011,3.927,3.861,0.015,0.000,0.001,61.81,61,0.4282,9753,3075.98,2947.84,2656.08,4748.75,1.788,2656.08,0,2,2406,135879,0,1,1,1,138217,2832,1,0
48050,8.990,8.998,9.000,9.000,9.000,9.000,0.000,61.97,0.6197,3.920,3.930,61.97,61.97,0.00,0,0,-3.09721,61.97,61.97,0.00,0,0,61.97,0.00,0.00,0.00,0.00,1.000,1.000,0.00,0,255.00,1,61.99,61.97,0.01,8.998,8.997,3.930,3.993,-0.009,-0.000,0.000,61.97,62,0.0790,9659,3105.91,2805.46,2656.08,4748.75,1.788,2656.08,0,2,2418,136557,0,1,1,1,138906,4144,1,0
48190,8.999,9.011,9.000,9.000,9.000,9.000,0.000,61.78,0.6178,3.916,3.929,61.78,61.78,0.00,0,0,-3.09578,61.78,61.78,0.00,0,0,61.78,0.00,0.00,0.00,0.00,1.000,1.000,0.00,0,255.00,1,61.61,61.68,-0.07,9.011,9.012,3.903,3.898,-0.013,0.000,0.001,61.78,62,0.2557,12276,2443.79,2732.78,2656.08,4748.75,1.788,2656.08,0,2,2431,137291,0,1,1,1,139653,1742,1,0
48326,9.026,9.017,9.000,9.000,9.000,9.000,0.000,61.69,0.6169,3.913,3.928,61.69,61.69,0.00,0,0,-3.09468,61.69,61.69,0.00,0,0,61.69,0.00,0.00,0.00,0.00,1.000,1.000,0.00,0,255.00,1,61.49,61.59,-0.10,9.017,9.018,3.898,3.846,0.010,0.000,0.003,61.69,62,-0.4950,7006,4282.04,2662.20,2563.99,4727.35,1.844,2563.99,0,2,2443,138017,0,1,1,1,140390,1324,1,0
48467,8.992,9.002,9.000,9.000,9.000,9.000,0.000,61.84,0.6184,3.912,3.926,61.84,61.84,0.00,0,0,-3.09368,61.84,61.84,0.00,0,0,61.84,0.00,0.00,0.00,0.00,1.000,1.000,0.00,0,255.00,1,61.70,61.71,-0.01,9.002,9.001,3.903,3.990,-0.011,-0.000,0.000,61.84,62,-0.2799,11813,2539.57,2609.39,2563.99,4727.35,1.844,2539.57,1,1,2455,138743,0,1,1,1,141128,1656,1,0
48605,9.010,9.014,9.000,9.000,9.000,9.000,0.000,61.67,0.6167,3.909,3.925,61.67,61.67,0.00,0,0,-3.09236,61.67,61.67,0.00,0,0,61.67,0.00,0.00,0.00,0.00,1.000,1.000,0.00,0,255.00,1,61.47,61.56,-0.08,9.014,9.014,3.894,3.886,-0.004,0.000,0.002,61.67,62,-0.2587,7626,3933.91,2584.11,2563.99,4727.35,1.844,2563.99,0,2,2468,139609,0,1,1,1,142007,7626,1,0
48746,9.001,9.007,9.000,9.000,9.000,9.000,0.000,61.75,0.6175,3.909,3.924,61.75,61.75,0.00,0,0,-3.09167,61.75,61.75,0.00,0,0,61.75,0.00,0.00,0.00,0.00,1.000,1.000,0.00,0,255.00,1,61.65,61.69,-0.04,9.006,9.006,3.906,3.944,-0.006,-0.000,0.000,61.75,62,-0.0311,9381,3197.95,2639.52,2697.66,4839.91,1.794,2697.66,0,2,2482,140358,0,1,1,1,142769,1696,1,0
48846,8.996,9.002,9.000,9.000,9.000,9.000,0.000,61.81,0.6181,3.910,3.923,61.81,61.81,0.00,0,0,-3.09140,61.81,61.81,0.00,0,0,61.81,0.00,0.00,0.00,0.00,1.000,1.000,0.00,0,255.00,1,61.78,61.79,-0.01,9.001,8.999,3.916,3.979,-0.006,-0.000,0.000,61.81,62,-0.4870,11617,2582.42,2637.40,2697.66,4839.91,1.794,2582.42,1,1,2490,140888,0,1,1,1,143307,14258,1,0
48986,9.021,9.017,9.000,9.000,9.000,9.000,0.000,61.60,0.6160,3.909,3.922,61.60,61.60,0.00,0,0,-3.09062,61.60,61.60,0.00,0,0,61.60,0.00,0.00,0.00,0.00,1.000,1.000,0.00,0,255.00,1,61.52,61.62,-0.10,9.017,9.017,3.909,3.822,0.004,0.000,0.002,61.60,62,-0.3470,9393,3193.87,2666.81,2697.66,4839.91,1.794,2697.66,0,2,2501,141570,0,1,1,1,144000,2641,1,0
49121,8.990,8.997,9.000,9.000,9.000,9.000,0.000,61.84,0.6184,3.909,3.921,61.84,61.84,0.00,0,0,-3.09015,61.84,61.84,0.00,0,0,61.84,0.00,0.00,0.00,0.00,1.000,1.000,0.00,0,255.00,1,61.86,61.84,0.02,8.996,8.995,3.920,4.015,-0.008,-0.000,0.000,61.84,62,-0.1330,9275,3234.50,2711.91,2759.24,4572.45,1.657,2759.24,0,2,2515,142277,0,1,1,1,144720,1663,1,0
49223,9.029,9.019,9.000,9.000,9.000,9.000,0.000,61.55,0.6155,3.907,3.921,61.55,61.55,0.00,0,0,-3.08935,61.55,61.55,0.00,0,0,61.55,0.00,0.00,0.00,0.00,1.000,1.000,0.00,0,255.00,1,61.46,61.57,-0.11,9.019,9.020,3.906,3.802,0.011,0.001,0.003,61.55,61,0.1206,7459,4021.99,2728.95,2759.24,4572.45,1.657,2759.24,0,2,2524,142717,0,1,1,1,145169,2247,1,0
49361,9.004,9.000,9.000,9.000,9.000,9.000,0.000,61.79,0.6179,3.909,3.920,61.79,61.79,0.00,0,0,-3.08926,61.79,61.79,0.00,0,0,61.79,0.00,0.00,0.00,0.00,1.000,1.000,0.00,0,255.00,1,61.85,61.84,0.00,8.999,8.998,3.925,3.970,0.005,-0.000,0.000,61.79,61,0.4335,9733,3082.30,2743.73,2759.24,4572.45,1.657,2759.24,0,2,2538,143491,0,1,1,1,145957,3466,1,0
49505,9.008,9.011,9.000,9.000,9.000,9.000,0.000,61.63,0.6163,3.907,3.919,61.63,61.63,0.00,0,0,-3.08839,61.63,61.63,0.00,0,0,61.63,0.00,0.00,0.00,0.00,1.000,1.000,0.00,0,255.00,1,61.58,61.65,-0.07,9.011,9.011,3.910,3.871,-0.003,0.000,0.001,61.63,61,0.3948,7067,4245.08,2755.69,2725.28,5210.09,1.912,2725.28,0,2,2550,144232,0,1,1,1,146709,4455,1,0
49640,9.023,9.024,9.000,9.000,9.000,9.000,0.000,61.42,0.6142,3.900,3.917,61.42,61.42,0.00,0,0,-3.08601,61.42,61.42,0.00,0,0,61.42,0.00,0.00,0.00,0.00,1.000,1.000,0.00,0,255.00,1,61.10,61.25,-0.15,9.024,9.027,3.870,3.790,-0.001,0.001,0.007,61.42,61,0.3708,6697,4479.62,2737.73,2725.28,5210.09,1.912,2725.28,0,2,2564,144943,0,1,1,1,147434,4781,1,0
49743,8.987,8.995,9.000,9.000,9.000,9.000,0.000,61.78,0.6178,3.902,3.917,61.78,61.78,0.00,0,0,-3.08606,61.78,61.78,0.00,0,0,61.78,0.00,0.00,0.00,0.00,1.000,1.000,0.00,0,255.00,1,61.70,61.67,0.03,8.995,8.994,3.901,4.049,-0.009,-0.001,0.000,61.78,62,-0.1728,10998,2727.77,2733.75,2725.28,5210.09,1.912,2727.77,1,1,2573,145394,0,1,1,1,147894,11140,1,0
49843,9.028,9.016,9.000,9.000,9.000,9.000,0.000,61.50,0.6150,3.901,3.916,61.50,61.50,0.00,0,0,-3.08544,61.50,61.50,0.00,0,0,61.50,0.00,0.00,0.00,0.00,1.000,1.000,0.00,0,255.00,1,61.39,61.49,-0.10,9.017,9.017,3.898,3.830,0.013,0.000,0.002,61.50,62,-0.0009,10692,2805.84,2741.65,2821.85,4859.85,1.722,2805.84,1,1,2581,145960,0,1,1,1,148467,3695,1,0
49977,8.983,8.994,9.000,9.000,9.000,9.000,0.000,61.77,0.6177,3.903,3.915,61.77,61.77,0.00,0,0,-3.08520,61.77,61.77,0.00,0,0,61.77,0.00,0.00,0.00,0.00,1.000,1.000,0.00,0,255.00,1,61.81,61.77,0.04,8.994,8.992,3.917,4.028,-0.013,-0.001,0.000,61.77,62,0.0100,8003,3748.59,2801.17,2821.85,4859.85,1.722,2821.85,0,2,2596,146621,0,1,1,1,149143,2844,1,0
50116,9.031,9.025,9.000,9.000,9.000,9.000,0.000,61.36,0.6136,3.898,3.914,61.36,61.36,0.00,0,0,-3.08357,61.36,61.36,0.00,0,0,61.36,0.00,0.00,0.00,0.00,1.000,1.000,0.00,0,255.00,1,61.15,61.31,-0.15,9.025,9.027,3.883,3.754,0.006,0.001,0.006,61.36,61,0.3817,8865,3384.09,2811.26,2821.85,4859.85,1.722,2821.85,0,2,2609,147263,0,1,1,1,149798,1094,1,0
50255,9.010,9.005,9.000,9.000,9.000,9.000,0.000,61.61,0.6161,3.899,3.913,61.61,61.61,0.00,0,0,-3.08314,61.61,61.61,0.00,0,0,61.61,0.00,0.00,0.00,0.00,1.000,1.000,0.00,0,255.00,1,61.55,61.58,-0.03,9.004,9.003,3.902,3.939,0.006,-0.000,0.000,61.61,61,0.1955,8822,3400.59,2853.93,2898.70,4509.09,1.556,2898.70,0,2,2621,147973,0,1,1,1,150519,3894,1,0
50355,9.003,9.007,9.000,9.000,9.000,9.000,0.000,61.56,0.6156,3.898,3.912,61.56,61.56,0.00,0,0,-3.08255,61.56,61.56,0.00,0,0,61.56,0.00,0.00,0.00,0.00,1.000,1.000,0.00,0,255.00,1,61.50,61.54,-0.04,9.007,9.006,3.900,3.913,-0.005,-0.000,0.000,61.56,61,0.2573,7620,3937.01,2870.05,2898.70,4509.09,1.556,2898.70,0,2,2632,148455,0,1,1,1,151012,7168,1,0
50455,8.995,9.002,9.000,9.000,9.000,9.000,0.000,61.62,0.6162,3.898,3.911,61.62,61.62,0.00,0,0,-3.08218,61.62,61.62,0.00,0,0,61.62,0.00,0.00,0.00,0.00,1.000,1.000,0.00,0,255.00,1,61.59,61.60,-0.01,9.002,9.001,3.904,3.957,-0.008,-0.000,0.000,61.62,61,0.3895,8767,3421.92,2880.36,2898.70,4509.09,1.556,2898.70,0,2,2641,148898,0,1,1,1,151464,5004,1,0
50558,9.013,9.010,9.000,9.000,9.000,9.000,0.000,61.51,0.6151,3.898,3.911,61.51,61.51,0.00,0,0,-3.08165,61.51,61.51,0.00,0,0,61.51,0.00,0.00,0.00,0.00,1.000,1.000,0.00,0,255.00,1,61.46,61.52,-0.06,9.010,9.009,3.901,3.876,0.003,0.000,0.001,61.51,61,0.4432,12821,2339.91,2885.21,2889.95,4608.29,1.595,2889.95,0,2,2650,149423,0,1,1,1,151998,1662,1,0
50692,9.005,9.001,9.000,9.000,9.000,9.000,0.000,61.63,0.6163,3.901,3.910,61.63,61.63,0.00,0,0,-3.08177,61.63,61.63,0.00,0,0,61.63,0.00,0.00,0.00,0.00,1.000,1.000,0.00,0,255.00,1,61.73,61.73,-0.00,9.000,8.998,3.921,3.941,0.006,-0.000,0.000,61.63,61,0.3963,8947,3353.08,2887.52,2889.95,4608.29,1.595,2889.95,0,2,2664,150100,0,1,1,1,152688,1010,1,0
50796,9.012,9.009,9.000,9.000,9.000,9.000,0.000,61.51,0.6151,3.900,3.909,61.51,61.51,0.00,0,0,-3.08133,61.51,61.51,0.00,0,0,61.51,0.00,0.00,0.00,0.00,1.000,1.000,0.00,0,255.00,1,61.54,61.59,-0.05,9.009,9.008,3.911,3.861,0.004,0.000,0.001,61.51,61,0.4703,7126,4209.94,2888.40,2889.95,4608.29,1.595,2889.95,0,2,2673,150605,0,1,1,1,153202,5970,1,0
50898,8.998,9.004,9.000,9.000,9.000,9.000,0.000,61.57,0.6157,3.899,3.909,61.57,61.57,0.00,0,0,-3.08093,61.57,61.57,0.00,0,0,61.57,0.00,0.00,0.00,0.00,1.000,1.000,0.00,0,255.00,1,61.58,61.60,-0.02,9.003,9.002,3.907,3.919,-0.006,-0.000,0.000,61.57,62,-0.4576,10152,2955.08,2901.98,2889.95,4608.29,1.595,2955.08,1,1,2681,151034,0,1,1,1,153639,4887,1,0
51001,9.003,9.009,9.000,9.000,9.000,9.000,0.000,61.50,0.6150,3.897,3.908,61.50,61.50,0.00,0,0,-3.08023,61.50,61.50,0.00,0,0,61.50,0.00,0.00,0.00,0.00,1.000,1.000,0.00,0,255.00,1,61.42,61.47,-0.05,9.008,9.008,3.896,3.882,-0.006,0.000,0.001,61.50,61,0.4681,8180,3667.48,2801.68,2623.37,4272.34,1.629,2623.37,0,2,2690,151457,0,1,1,1,154070,3705,1,0
51136,9.028,9.019,9.000,9.000,9.000,9.000,0.000,61.35,0.6135,3.895,3.907,61.35,61.35,0.00,0,0,-3.07930,61.35,61.35,0.00,0,0,61.35,0.00,0.00,0.00,0.00,1.000,1.000,0.00,0,255.00,1,61.21,61.32,-0.11,9.019,9.019,3.885,3.790,0.011,0.001,0.003,61.35,61,-0.1352,9836,3050.02,2719.18,2623.37,4272.34,1.629,2623.37,0,2,2702,152154,0,1,1,1,154779,4864,1,0
=== SHOT TELEMETRY END ===
