# SHOT START
# legend_version=3
# time_base=ms_since_boot
# units: pressure=bar, flow=ml_s, output=percent, derivative=bar_s
# raw_p = raw pressure sensor reading
# flt_p = filtered pressure used by controller
# sp_raw = raw incoming pressure setpoint currently held by the profile engine
# sp_flt = filtered pressure setpoint actually used internally by the controller
# sp_recipe = visual recipe reference; ideal profile target for display/comparison
# sp_ctrl = control reference after internal conditioning; command seen by control logic
# sp_flt_d = derivative of filtered pressure setpoint
# ctrl_out = final controller output command in percent
# pump_duty = internal normalized pressure-branch duty estimate
# pump_flow = estimated pump flow
# coffee_flow = estimated outflow through puck / coffee flow
# u_raw = pressure branch output after clamp and before final slew limiter
# u_applied = pressure branch output after final slew limiter
# u_delta = u_raw - u_applied; limiter intervention magnitude
# limiter_active_up = 1 when rise slew limiter is active
# limiter_active_down = 1 when drop slew limiter is active
# error_integral = integral state of legacy pressure controller
# u_unclamped_raw = controller output before 0..100 clamp
# u_clamped_raw = controller output after 0..100 clamp and before slew limiter
# u_clamp_delta = u_unclamped_raw - u_clamped_raw
# clamp_active_high = 1 when output was clipped by upper clamp
# clamp_active_low = 1 when output was clipped by lower clamp
# u_fb = legacy pressure feedback contribution
# u_ff_hold = static feedforward contribution
# u_ff_dyn = dynamic feedforward contribution
# u_ff_dyn_raw = raw dynamic feedforward request before FF-path LPF and slew limiting
# ff_pressure_w = pressure-window weight applied to dynamic FF
# ff_above_w = above-target suppression weight applied to dynamic FF
# ff_gamma = ramp-dependent gamma multiplier applied to dynamic FF
# u_ff_total = total feedforward contribution
# ramp_hold_active = 1 when the downstream drop-rate hold is active during ramp-up
# drop_rate_active = active downstream output drop-rate cap in percent per second
# mpc_shadow_enabled = 1 when shadow MPC is being computed in parallel
# mpc_u_shadow = total output suggested by shadow MPC; not applied to actuator in shadow stage
# mpc_u_ss = steady-state component suggested by shadow MPC
# mpc_u_trim = corrective trim component suggested by shadow MPC
# mpc_p1_pred = one-step pressure prediction from shadow MPC model
# mpc_pn_pred = terminal pressure prediction at end of shadow MPC horizon
# mpc_qout_est = estimated outflow / load used by shadow MPC model
# mpc_qout_raw = instantaneous outflow / load estimate before shadow-MPC LPF
# mpc_residual = measured minus predicted pressure residual for shadow MPC
# mpc_residual_bias = low-pass residual bias term added to shadow predictions
# mpc_cost = shadow MPC objective value
# power_cmd = floating-point power command sent to pump stage before integer quantization
# power_psm_quantized = integer power actually sent to PSM
# power_quant_residual = sigma-delta residual kept for next quantization step
# tach_period_us = measured time between valid tach pulses in microseconds
# tach_rpm_inst = instantaneous RPM derived from tach_period_us and pulses-per-revolution
# tach_rpm_ema = exponentially filtered published RPM intended for easier visual analysis
# tach_rpm_count_window = RPM derived from ISR-accepted pulse counts over a fixed time window
# tach_rpm_count_window_pcnt_raw = RPM derived from raw PCNT hardware counts over the same window (diagnostic only)
# tach_pcnt_ratio = raw PCNT pulse count divided by ISR-accepted pulse count in the current window
# tach_rpm_pub = RPM value selected for operational use after comparing period and count-window estimates
# tach_quality_ok = 1 when period and count-window RPM agree within tolerance
# tach_rpm_source = 0=none, 1=period branch, 2=count-window fallback
# tach_pulse_count = total number of valid tach pulses seen since the last reset
# tach_glitch_rejects = number of tach edges rejected as implausibly fast glitches or plausibility failures
# tach_pcnt_healthy = 1 when raw PCNT windows have matched ISR-accepted windows for multiple consecutive updates
# tach_timeout = 1 when no recent tach pulse is available and RPM is forced to zero
ms,raw_p,flt_p,sp_raw,sp_flt,sp_recipe,sp_ctrl,sp_flt_d,ctrl_out,pump_duty,pump_flow,coffee_flow,u_raw,u_applied,u_delta,limiter_active_up,limiter_active_down,error_integral,u_unclamped_raw,u_clamped_raw,u_clamp_delta,clamp_active_high,clamp_active_low,u_fb,u_ff_hold,u_ff_dyn,u_ff_dyn_raw,ff_pressure_w,ff_above_w,ff_gamma,u_ff_total,ramp_hold_active,drop_rate_active,mpc_shadow_enabled,mpc_u_shadow,mpc_u_ss,mpc_u_trim,mpc_p1_pred,mpc_pn_pred,mpc_qout_est,mpc_qout_raw,mpc_residual,mpc_residual_bias,mpc_cost,power_cmd,power_psm_quantized,power_quant_residual,tach_period_us,tach_rpm_inst,tach_rpm_ema,tach_rpm_count_window,tach_rpm_count_window_pcnt_raw,tach_pcnt_ratio,tach_rpm_pub,tach_quality_ok,tach_rpm_source,tach_pulse_count,tach_glitch_rejects,tach_pcnt_healthy,tach_timeout
20879,0.000,0.000,9.000,0.390,9.000,0.390,13.000,5.70,0.2100,0.084,0.000,21.00,5.70,15.30,1,0,0.00000,21.00,21.00,0.00,0,0,21.00,0.00,0.00,0.00,0.00,1.000,1.000,0.00,1,60.00,1,51.77,48.13,3.63,0.188,1.091,0.107,0.978,0.000,0.000,39.020,5.70,6,-0.3000,0,0.00,0.00,0.00,0.00,0,0,0,0,0
20979,0.008,0.005,9.000,2.098,9.000,2.098,30.921,17.10,0.3689,0.477,0.000,36.89,17.10,19.79,1,0,0.00000,36.89,36.89,0.00,0,0,35.32,0.00,1.57,8.50,0.26,1.000,1.041,1.57,1,60.00,1,59.40,54.40,5.00,0.195,1.098,0.589,2.894,-0.188,-0.016,249.628,17.10,17,0.2000,9525,3149.61,3149.61,0.00,0.00,0,0,1610612736,1084791606,0
21083,0.116,0.070,9.000,3.773,9.000,3.773,26.385,28.50,0.5295,1.125,0.000,52.95,28.50,24.45,1,0,0.00000,52.95,52.95,0.00,0,0,49.06,0.00,3.89,8.50,1.00,1.000,1.160,3.89,1,60.00,1,65.68,60.67,5.00,0.253,1.125,1.313,4.377,-0.134,-0.029,338.036,28.50,28,0.5000,8839,3394.05,3357.18,0.00,0.00,0,0,536870912,1084916761,0
21213,0.493,0.378,9.000,5.595,9.000,5.595,17.472,45.60,0.6911,2.462,0.000,69.11,45.60,23.51,1,0,0.00000,69.11,69.11,0.00,0,0,63.11,0.00,6.00,8.50,1.00,1.000,1.160,6.00,1,60.00,1,75.08,70.08,5.00,0.559,1.415,2.438,5.305,-0.054,-0.035,368.536,45.60,45,0.2000,8166,3673.77,3485.77,0.00,0.00,0,0,3758096384,1085059977,0
21313,1.269,0.989,9.000,6.444,9.000,6.444,13.128,57.00,0.7472,3.499,0.000,74.72,57.00,17.72,1,0,0.00000,74.72,74.72,0.00,0,0,67.89,0.00,6.84,8.50,1.00,1.000,1.160,6.84,1,60.00,1,81.35,76.35,5.00,1.188,2.122,2.703,3.299,0.119,-0.021,324.957,57.00,57,-0.5000,10236,2930.83,3551.12,3090.81,3741.51,-536870912,1072914000,1073741824,1084761504,0
21446,3.070,2.634,9.000,7.337,9.000,7.337,8.542,74.10,0.7583,5.041,0.000,75.83,74.10,1.73,1,0,0.00000,75.83,75.83,0.00,0,0,68.23,0.00,7.60,8.50,0.98,1.000,1.157,7.60,0,255.00,1,90.75,85.75,5.00,2.887,4.065,2.015,0.000,0.240,0.024,184.868,74.10,74,-0.3000,6648,4512.64,3323.16,3090.81,3741.51,-536870912,1072914000,1073741824,1084761504,0
21550,4.999,4.314,9.000,7.751,9.000,7.751,6.413,70.92,0.7092,5.686,0.000,70.92,70.92,0.00,0,0,-0.22307,70.92,70.92,0.00,0,0,63.02,0.00,7.90,8.50,0.78,1.000,1.124,7.90,0,255.00,1,89.01,84.01,5.00,4.581,5.826,1.599,0.000,0.489,0.073,84.840,70.92,71,0.1627,8693,3451.05,3239.51,3090.81,3741.51,-536870912,1072914000,1073741824,1084761504,0
21686,6.159,5.937,9.000,8.188,9.000,8.188,4.172,61.43,0.6143,5.886,0.000,61.43,61.43,0.00,0,0,-0.44435,61.43,61.43,0.00,0,0,53.26,0.00,8.17,8.50,0.43,1.000,1.068,8.17,0,255.00,1,81.67,76.67,5.00,6.165,7.234,1.131,0.000,0.006,0.077,32.954,61.43,62,-0.3580,9326,3216.81,3239.10,3451.60,4334.56,1610612736,1072961488,3758096384,1084946225,0
21823,5.005,5.185,9.000,8.472,9.000,8.472,2.714,76.05,0.7605,6.315,0.000,76.05,76.05,0.00,0,0,-0.54294,76.05,76.05,0.00,0,0,68.95,0.00,7.09,3.98,0.21,1.000,1.033,7.09,0,255.00,1,76.50,71.50,5.00,5.355,6.156,0.799,0.000,-0.384,0.008,69.679,76.05,76,-0.1179,8061,3721.62,3342.80,3451.60,4334.56,1610612736,1072961488,3758096384,1084946225,0
21956,6.470,6.134,9.000,8.656,9.000,8.656,1.766,68.97,0.6897,6.582,0.000,68.97,68.97,0.00,0,0,-0.80211,68.97,68.97,0.00,0,0,64.30,0.00,4.67,1.21,0.10,1.000,1.015,4.67,0,255.00,1,63.48,58.48,5.00,6.282,6.985,0.611,0.000,0.216,0.028,37.576,68.97,69,0.1149,6663,4502.48,3395.89,3451.60,4334.56,1610612736,1072961488,3758096384,1084946225,0
22057,6.803,6.665,9.000,8.742,9.000,8.742,1.326,63.33,0.6333,6.470,0.000,63.33,63.33,0.00,0,0,-0.93013,63.33,63.33,0.00,0,0,60.01,0.00,3.33,0.53,0.06,1.000,1.009,3.33,0,255.00,1,55.67,50.67,5.00,6.799,7.442,0.485,0.000,0.010,0.036,24.109,63.33,63,0.0651,9551,3141.03,3408.06,3412.15,5361.94,1073741824,1073292434,536870912,1084926027,0
22194,6.610,6.625,9.000,8.832,9.000,8.832,0.862,67.26,0.6726,6.370,0.000,67.26,67.26,0.00,0,0,-1.12444,67.26,67.26,0.00,0,0,65.35,0.00,1.91,0.15,0.02,1.000,1.004,1.91,0,255.00,1,52.66,47.66,5.00,6.734,7.260,0.343,0.000,-0.133,0.013,30.833,67.26,68,-0.4329,7048,4256.53,3410.05,3412.15,5361.94,1073741824,1073292434,536870912,1084926027,0
22297,7.160,6.931,9.000,8.874,9.000,8.874,0.648,64.58,0.6458,6.296,0.000,64.58,64.58,0.00,0,0,-1.24801,64.58,64.58,0.00,0,0,63.29,0.00,1.30,0.07,0.01,1.000,1.002,1.30,0,255.00,1,48.84,43.84,5.00,7.033,7.526,0.293,0.000,0.148,0.016,23.916,64.58,65,-0.3086,8235,3642.99,3410.81,3412.15,5361.94,1073741824,1073292434,536870912,1084926027,0
22432,7.862,7.715,9.000,8.918,9.000,8.918,0.421,52.39,0.5239,5.869,0.000,52.39,52.39,0.00,0,0,-1.37275,52.39,52.39,0.00,0,0,51.67,0.00,0.72,0.02,0.01,1.000,1.000,0.72,0,255.00,1,39.39,34.39,5.00,7.812,8.280,0.207,0.000,0.062,0.034,8.187,52.39,52,0.3284,9429,3181.67,3330.51,3007.42,4431.98,-536870912,1073189941,3758096384,1084718804,0
22574,7.155,7.320,9.000,8.947,9.000,8.947,0.274,62.58,0.6258,5.603,0.000,62.58,62.58,0.00,0,0,-1.50077,62.58,62.58,0.00,0,0,62.19,0.00,0.39,0.01,0.00,1.000,1.000,0.39,0,255.00,1,45.26,40.26,5.00,7.393,7.743,0.447,2.663,-0.263,0.001,18.678,62.58,62,0.1679,6761,4437.21,3172.84,3007.42,4431.98,-536870912,1073189941,3758096384,1084718804,0
22706,7.605,7.444,9.000,8.965,9.000,8.965,0.178,62.98,0.6298,5.561,0.000,62.98,62.98,0.00,0,0,-1.65080,62.98,62.98,0.00,0,0,62.76,0.00,0.21,0.00,0.00,1.000,1.000,0.21,0,255.00,1,51.05,46.05,5.00,7.503,7.787,1.369,2.506,0.116,-0.001,15.416,62.98,63,-0.3252,6784,4422.17,3092.11,3007.42,4431.98,-536870912,1073189941,3758096384,1084718804,0
22809,8.238,7.971,9.000,8.974,9.000,8.974,0.134,53.69,0.5369,5.365,0.000,53.69,53.69,0.00,0,0,-1.71970,53.69,53.69,0.00,0,0,53.55,0.00,0.14,0.00,0.00,1.000,1.000,0.14,0,255.00,1,44.04,39.04,5.00,8.034,8.340,1.158,0.000,0.233,0.017,5.885,53.69,54,-0.3910,8253,3635.04,3143.44,3416.50,4880.71,-1073741824,1073142637,2147483648,1084928253,0
22944,7.645,7.853,9.000,8.983,9.000,8.983,0.087,57.87,0.5787,5.059,0.000,57.87,57.87,0.00,0,0,-1.80678,57.87,57.87,0.00,0,0,57.79,0.00,0.08,0.00,0.00,1.000,1.000,0.08,0,255.00,1,45.28,40.28,5.00,7.905,8.159,1.072,2.320,-0.289,0.001,8.871,57.87,58,-0.0126,6933,4327.13,3276.69,3416.50,4880.71,-1073741824,1073142637,2147483648,1084928253,0
23088,7.324,7.367,9.000,8.989,9.000,8.989,0.057,69.41,0.6941,5.161,0.000,69.41,69.41,0.00,0,0,-1.94359,69.41,69.41,0.00,0,0,69.37,0.00,0.04,0.00,0.00,1.000,1.000,0.04,0,255.00,1,62.68,57.68,5.00,7.395,7.532,2.674,7.337,-0.081,-0.026,18.917,69.41,69,0.4038,8182,3666.59,3344.91,3416.50,4880.71,-1073741824,1073142637,2147483648,1084928253,0
23221,8.693,8.408,9.000,8.993,9.000,8.993,0.037,49.86,0.4944,4.952,0.000,49.44,49.86,-0.42,0,1,-2.02853,49.44,49.44,0.00,0,0,49.42,0.00,0.02,0.00,0.00,1.000,1.000,0.02,0,255.00,1,47.47,44.17,3.30,8.449,8.644,2.311,0.000,0.274,0.018,1.559,49.86,50,-0.0535,8547,3510.00,3338.04,3300.37,4400.50,1610612736,1073042773,536870912,1084868799,0
23322,8.364,8.428,9.000,8.995,9.000,8.995,0.028,49.59,0.4959,4.698,0.000,49.59,49.59,0.00,0,0,-2.06042,49.59,49.59,0.00,0,0,49.57,0.00,0.02,0.00,0.00,1.000,1.000,0.02,0,255.00,1,43.74,40.55,3.19,8.468,8.664,1.834,0.000,-0.111,0.014,1.775,49.59,50,-0.4359,7726,3882.99,3324.48,3300.37,4400.50,1610612736,1073042773,536870912,1084868799,0
23456,6.956,7.223,9.000,8.996,9.000,8.996,0.018,66.69,0.7375,4.764,0.000,73.75,66.69,7.07,1,0,-2.06042,73.75,73.75,0.00,0,0,73.75,0.00,0.01,0.00,0.00,1.000,1.000,0.01,0,255.00,1,67.55,62.55,5.00,7.225,7.236,3.623,10.593,-0.305,-0.043,24.985,66.69,67,-0.4759,6677,4493.04,3312.72,3300.37,4400.50,1610612736,1073042773,536870912,1084868799,0
23600,7.930,7.669,9.000,8.998,9.000,8.998,0.012,67.48,0.6748,5.007,0.000,67.48,67.48,0.00,0,0,-2.14872,67.48,67.48,0.00,0,0,67.48,0.00,0.00,0.00,0.00,1.000,1.000,0.00,0,255.00,1,76.51,71.51,5.00,7.678,7.718,4.831,5.219,0.282,-0.018,14.418,67.48,67,0.3064,8869,3382.57,3250.48,3144.22,3789.19,-2147483648,1072908340,1073741824,1084788850,0
23735,8.924,8.764,9.000,8.999,9.000,8.999,0.008,47.26,0.4726,4.684,0.000,47.26,47.26,0.00,0,0,-2.19066,47.26,47.26,0.00,0,0,47.26,0.00,0.00,0.00,0.00,1.000,1.000,0.00,0,255.00,1,51.55,50.30,1.25,8.792,8.927,3.415,0.000,0.150,0.028,0.360,47.26,48,-0.4144,6895,4350.98,3211.98,3144.22,3789.19,-2147483648,1072908340,1073741824,1084788850,0
23836,8.163,8.402,9.000,8.999,9.000,8.999,0.006,53.21,0.5321,4.494,0.000,53.21,53.21,0.00,0,0,-2.21857,53.21,53.21,0.00,0,0,53.21,0.00,0.00,0.00,0.00,1.000,1.000,0.00,0,255.00,1,53.33,49.87,3.46,8.428,8.551,2.895,1.691,-0.292,0.007,1.974,53.21,54,-0.3759,10970,2734.73,3187.58,3144.22,3789.19,-2147483648,1072908340,1073741824,1084788850,0
23973,7.063,7.255,9.000,8.999,9.000,8.999,0.004,70.31,0.7576,4.682,0.000,75.76,70.31,5.44,1,0,-2.21857,75.76,75.76,0.00,0,0,75.75,0.00,0.00,0.00,0.00,1.000,1.000,0.00,0,255.00,1,77.44,72.44,5.00,7.249,7.220,4.753,10.546,-0.209,-0.044,25.641,70.31,70,0.4667,8451,3549.88,3142.97,3079.08,4658.09,1073741824,1073230979,1610612736,1084755495,0
24109,8.358,8.026,9.000,9.000,9.000,9.000,0.002,63.66,0.6366,4.865,0.000,63.66,63.66,0.00,0,0,-2.33585,63.66,63.66,0.00,0,0,63.66,0.00,0.00,0.00,0.00,1.000,1.000,0.00,0,255.00,1,76.94,71.94,5.00,8.034,8.071,5.200,3.065,0.364,-0.005,9.229,63.66,64,-0.4890,7034,4265.00,3111.79,3079.08,4658.09,1073741824,1073230979,1610612736,1084755495,0
24246,8.844,8.781,9.000,9.000,9.000,9.000,0.002,50.44,0.5044,4.550,0.000,50.44,50.44,0.00,0,0,-2.36613,50.44,50.44,0.00,0,0,50.44,0.00,0.00,0.00,0.00,1.000,1.000,0.00,0,255.00,1,55.03,53.85,1.18,8.805,8.924,3.676,0.000,0.049,0.026,0.383,50.44,50,0.2187,6662,4503.15,3102.30,3079.08,4658.09,1073741824,1073230979,1610612736,1084755495,0
24348,7.984,8.256,9.000,9.000,9.000,9.000,0.001,59.34,0.5950,4.460,0.000,59.50,59.34,0.16,1,0,-2.37950,59.50,59.50,0.00,0,0,59.50,0.00,0.00,0.00,0.00,1.000,1.000,0.00,0,255.00,1,61.55,57.16,4.39,8.275,8.368,3.454,4.134,-0.322,-0.002,3.616,59.34,59,0.2057,9875,3037.97,3068.08,3013.03,5130.29,1073741824,1073430085,0,1084734451,1
24487,7.592,7.628,9.000,9.000,9.000,9.000,0.001,72.73,0.7273,4.707,0.000,72.73,72.73,0.00,0,0,-2.42067,72.73,72.73,0.00,0,0,72.73,0.00,0.00,0.00,0.00,1.000,1.000,0.00,0,255.00,1,80.81,75.81,5.00,7.629,7.633,5.043,9.286,-0.043,-0.029,15.765,72.73,73,-0.2768,6823,4396.89,3041.21,3013.03,5130.29,1073741824,1073430085,0,1084721679,0
24625,8.981,8.663,9.000,9.000,9.000,9.000,0.001,54.22,0.5422,4.614,0.000,54.22,54.22,0.00,0,0,-2.48317,54.22,54.22,0.00,0,0,54.22,0.00,0.00,0.00,0.00,1.000,1.000,0.00,0,255.00,1,62.02,60.08,1.94,8.680,8.760,4.262,0.000,0.340,0.018,1.318,54.22,54,0.2502,6822,4397.54,3027.46,3013.03,5130.29,1073741824,1073430085,0,1084721679,0
24760,8.365,8.538,9.000,9.000,9.000,9.000,0.000,56.29,0.5629,4.384,0.000,56.29,56.29,0.00,0,0,-2.51065,56.29,56.29,0.00,0,0,56.29,0.00,0.00,0.00,0.00,1.000,1.000,0.00,0,255.00,1,56.93,54.26,2.67,8.559,8.660,3.283,2.369,-0.213,0.007,1.158,56.29,56,0.4955,11262,2663.83,3095.44,3166.76,4195.96,1073741824,1073034035,0,1084800390,0
24901,7.658,7.777,9.000,9.000,9.000,9.000,0.000,72.12,0.7212,4.567,0.000,72.12,72.12,0.00,0,0,-2.54734,72.12,72.12,0.00,0,0,72.12,0.00,0.00,0.00,0.00,1.000,1.000,0.00,0,255.00,1,77.78,72.78,5.00,7.779,7.791,4.666,9.252,-0.137,-0.028,12.157,72.12,72,0.2869,6906,4344.05,3130.24,3166.76,4195.96,1073741824,1073034035,0,1084800390,0
25035,8.836,8.543,9.000,9.000,9.000,9.000,0.000,58.18,0.5818,4.577,0.000,58.18,58.18,0.00,0,0,-2.61589,58.18,58.18,0.00,0,0,58.18,0.00,0.00,0.00,0.00,1.000,1.000,0.00,0,255.00,1,66.22,63.52,2.70,8.554,8.608,4.441,1.188,0.316,0.009,2.138,58.18,58,0.0283,7693,3899.65,3141.73,3135.07,4575.51,536870912,1073175026,1073741824,1084784164,0
25137,8.731,8.744,9.000,9.000,9.000,9.000,0.000,56.02,0.5602,4.434,0.000,56.02,56.02,0.00,0,0,-2.63086,56.02,56.02,0.00,0,0,56.02,0.00,0.00,0.00,0.00,1.000,1.000,0.00,0,255.00,1,57.64,56.21,1.43,8.764,8.863,3.578,0.494,-0.031,0.015,0.283,56.02,56,-0.2483,7070,4243.28,3139.33,3135.07,4575.51,536870912,1073175026,1073741824,1084784164,0
25276,8.034,8.175,9.000,9.000,9.000,9.000,0.000,66.74,0.6674,4.453,0.000,66.74,66.74,0.00,0,0,-2.68996,66.74,66.74,0.00,0,0,66.74,0.00,0.00,0.00,0.00,1.000,1.000,0.00,0,255.00,1,69.90,64.97,4.93,8.186,8.239,3.982,6.475,-0.169,-0.013,4.998,66.74,66,0.4072,7147,4197.57,3137.25,3135.07,4575.51,536870912,1073175026,1073741824,1084784164,0
25378,8.441,8.268,9.000,9.000,9.000,9.000,0.000,65.66,0.6566,4.533,0.000,65.66,65.66,0.00,0,0,-2.73958,65.66,65.66,0.00,0,0,65.66,0.00,0.00,0.00,0.00,1.000,1.000,0.00,0,255.00,1,71.82,67.43,4.39,8.276,8.313,4.413,5.059,0.182,-0.009,4.382,65.66,65,0.2717,10804,2776.75,3136.47,3135.07,4575.51,536870912,1073175026,1073741824,1084784164,0
25511,8.866,8.787,9.000,9.000,9.000,9.000,0.000,58.14,0.5814,4.403,0.000,58.14,58.14,0.00,0,0,-2.76872,58.14,58.14,0.00,0,0,58.14,0.00,0.00,0.00,0.00,1.000,1.000,0.00,0,255.00,1,58.44,57.26,1.18,8.806,8.898,3.563,0.964,0.071,0.013,0.159,58.14,58,0.2274,7929,3783.58,2960.95,2776.80,4202.72,0,1073231706,2684354560,1084600728,0
25650,8.320,8.474,9.000,9.000,9.000,9.000,0.000,62.42,0.6242,4.338,0.000,62.42,62.42,0.00,0,0,-2.80306,62.42,62.42,0.00,0,0,62.42,0.00,0.00,0.00,0.00,1.000,1.000,0.00,0,255.00,1,62.23,59.12,3.10,8.488,8.551,3.493,4.736,-0.187,-0.005,1.791,62.42,63,-0.2481,6766,4433.93,2871.08,2776.80,4202.72,0,1073231706,2684354560,1084600728,0
25788,8.390,8.367,9.000,9.000,9.000,9.000,0.000,65.68,0.6568,4.413,0.000,65.68,65.68,0.00,0,0,-2.86066,65.68,65.68,0.00,0,0,65.68,0.00,0.00,0.00,0.00,1.000,1.000,0.00,0,255.00,1,69.17,65.39,3.79,8.374,8.408,4.122,5.427,0.017,-0.010,3.073,65.68,65,0.2427,6924,4332.76,3006.30,3682.94,5053.33,-536870912,1073083415,1610612736,1085064671,0
25892,8.783,8.634,9.000,9.000,9.000,9.000,0.000,62.22,0.6222,4.400,0.000,62.22,62.22,0.00,0,0,-2.88754,62.22,62.22,0.00,0,0,62.22,0.00,0.00,0.00,0.00,1.000,1.000,0.00,0,255.00,1,64.84,62.68,2.15,8.644,8.694,4.010,2.907,0.156,0.002,0.928,62.22,62,0.2738,7626,3933.91,3249.89,3682.94,5053.33,-536870912,1073083415,1610612736,1085064671,0
26027,8.715,8.718,9.000,9.000,9.000,9.000,0.000,61.74,0.6174,4.333,0.000,61.74,61.74,0.00,0,0,-2.91326,61.74,61.74,0.00,0,0,61.74,0.00,0.00,0.00,0.00,1.000,1.000,0.00,0,255.00,1,61.29,59.67,1.63,8.731,8.797,3.622,2.895,-0.017,0.004,0.420,61.74,62,0.1354,8001,3749.53,3483.00,3682.94,5053.33,-536870912,1073083415,0,1085098768,1
26167,8.562,8.586,9.000,9.000,9.000,9.000,0.000,63.86,0.6386,4.324,0.000,63.86,63.86,0.00,0,0,-2.94680,63.86,63.86,0.00,0,0,63.86,0.00,0.00,0.00,0.00,1.000,1.000,0.00,0,255.00,1,64.17,61.72,2.44,8.596,8.642,3.748,4.447,-0.038,-0.004,1.128,63.86,64,-0.3445,7752,3869.97,3449.30,3026.61,4141.68,-2147483648,1073079565,2147483648,1084728632,0
26306,8.679,8.652,9.000,9.000,9.000,9.000,0.000,63.76,0.6376,4.326,0.000,63.76,63.76,0.00,0,0,-2.98054,63.76,63.76,0.00,0,0,63.76,0.00,0.00,0.00,0.00,1.000,1.000,0.00,0,255.00,1,64.49,62.44,2.05,8.661,8.704,3.856,3.925,0.020,-0.002,0.786,63.76,64,0.2470,8341,3596.69,3243.03,3026.61,4141.68,-2147483648,1073079565,2147483648,1084728632,0
26408,8.736,8.716,9.000,9.000,9.000,9.000,0.000,63.38,0.6338,4.313,0.000,63.38,63.38,0.00,0,0,-2.99823,63.38,63.38,0.00,0,0,63.38,0.00,0.00,0.00,0.00,1.000,1.000,0.00,0,255.00,1,63.48,61.82,1.66,8.726,8.773,3.799,3.539,0.013,0.000,0.481,63.38,63,0.0982,8421,3562.52,3165.12,3026.61,4141.68,-2147483648,1073079565,2147483648,1084728632,0
26542,8.734,8.725,9.000,9.000,9.000,9.000,0.000,63.76,0.6376,4.298,0.000,63.76,63.76,0.00,0,0,-3.02334,63.76,63.76,0.00,0,0,63.76,0.00,0.00,0.00,0.00,1.000,1.000,0.00,0,255.00,1,63.49,61.88,1.61,8.735,8.778,3.778,3.777,0.000,-0.001,0.456,63.76,64,0.0422,8123,3693.22,3139.31,3235.52,3866.84,1073741824,1072897848,2147483648,1084835595,0
26685,8.721,8.722,9.000,9.000,9.000,9.000,0.000,64.26,0.6426,4.292,0.000,64.26,64.26,0.00,0,0,-3.04806,64.26,64.26,0.00,0,0,64.26,0.00,0.00,0.00,0.00,1.000,1.000,0.00,0,255.00,1,64.13,62.50,1.63,8.730,8.768,3.826,4.029,-0.010,-0.002,0.485,64.26,64,0.2574,6615,4535.15,3186.26,3235.52,3866.84,1073741824,1072897848,2147483648,1084835595,0
26821,8.769,8.756,9.000,9.000,9.000,9.000,0.000,64.32,0.6432,4.287,0.000,64.32,64.32,0.00,0,0,-3.07089,64.32,64.32,0.00,0,0,64.32,0.00,0.00,0.00,0.00,1.000,1.000,0.00,0,255.00,1,64.18,62.75,1.43,8.763,8.799,3.857,3.906,0.006,-0.001,0.369,64.32,64,0.1206,6901,4347.20,3210.30,3235.52,3866.84,1073741824,1072897848,2147483648,1084835595,0
26923,8.776,8.771,9.000,9.000,9.000,9.000,0.000,64.42,0.6442,4.283,0.000,64.42,64.42,0.00,0,0,-3.08481,64.42,64.42,0.00,0,0,64.42,0.00,0.00,0.00,0.00,1.000,1.000,0.00,0,255.00,1,64.21,62.87,1.34,8.778,8.812,3.865,3.906,-0.001,-0.001,0.323,64.42,65,-0.1010,7429,4038.23,3241.87,3347.98,4304.55,536870912,1072992841,1073741824,1084893175,0
27058,8.792,8.788,9.000,9.000,9.000,9.000,0.000,64.60,0.6460,4.276,0.000,64.60,64.60,0.00,0,0,-3.10400,64.60,64.60,0.00,0,0,64.60,0.00,0.00,0.00,0.00,1.000,1.000,0.00,0,255.00,1,64.29,63.05,1.24,8.795,8.827,3.877,3.954,-0.003,-0.001,0.276,64.60,64,0.3611,6802,4410.47,3293.65,3347.98,4304.55,536870912,1072992841,1073741824,1084893175,0
27195,8.811,8.814,9.000,9.000,9.000,9.000,0.000,64.74,0.6474,4.266,0.000,64.74,64.74,0.00,0,0,-3.12666,64.74,64.74,0.00,0,0,64.74,0.00,0.00,0.00,0.00,1.000,1.000,0.00,0,255.00,1,64.29,63.20,1.09,8.820,8.850,3.887,3.975,-0.010,-0.001,0.211,64.74,65,-0.2007,7319,4098.92,3325.73,3347.98,4304.55,536870912,1072992841,1073741824,1084893175,0
27330,8.816,8.819,9.000,9.000,9.000,9.000,0.000,64.99,0.6499,4.263,0.000,64.99,64.99,0.00,0,0,-3.14279,64.99,64.99,0.00,0,0,64.99,0.00,0.00,0.00,0.00,1.000,1.000,0.00,0,255.00,1,64.66,63.60,1.06,8.825,8.851,3.925,4.074,-0.010,-0.001,0.203,64.99,65,0.4099,7791,3850.60,3297.36,3239.02,5263.41,0,1073348608,536870912,1084837388,0
27434,8.850,8.846,9.000,9.000,9.000,9.000,0.000,64.96,0.6496,4.258,0.000,64.96,64.96,0.00,0,0,-3.15706,64.96,64.96,0.00,0,0,64.96,0.00,0.00,0.00,0.00,1.000,1.000,0.00,0,255.00,1,64.57,63.67,0.90,8.852,8.877,3.936,3.970,-0.002,-0.001,0.143,64.96,65,0.1911,6758,4439.18,3268.89,3239.02,5263.41,0,1073348608,536870912,1084837388,0
27566,8.852,8.848,9.000,9.000,9.000,9.000,0.000,65.22,0.6522,4.258,0.000,65.22,65.22,0.00,0,0,-3.17132,65.22,65.22,0.00,0,0,65.22,0.00,0.00,0.00,0.00,1.000,1.000,0.00,0,255.00,1,65.02,64.13,0.89,8.852,8.874,3.981,4.067,-0.000,-0.001,0.145,65.22,65,-0.1979,7738,3876.97,3254.32,3239.02,5263.41,0,1073348608,536870912,1084837388,0
27704,8.869,8.860,9.000,9.000,9.000,9.000,0.000,65.34,0.6534,4.259,0.000,65.34,65.34,0.00,0,0,-3.18479,65.34,65.34,0.00,0,0,65.34,0.00,0.00,0.00,0.00,1.000,1.000,0.00,0,255.00,1,65.26,64.44,0.82,8.864,8.884,4.016,4.044,0.006,-0.001,0.122,65.34,65,-0.0855,6894,4351.61,3278.76,3327.65,5113.22,-2147483648,1073255898,3221225472,1084882765,0
27837,8.861,8.865,9.000,9.000,9.000,9.000,0.000,65.52,0.6552,4.258,0.000,65.52,65.52,0.00,0,0,-3.19700,65.52,65.52,0.00,0,0,65.52,0.00,0.00,0.00,0.00,1.000,1.000,0.00,0,255.00,1,65.47,64.68,0.79,8.869,8.886,4.035,4.109,-0.008,-0.001,0.116,65.52,65,0.2830,10398,2885.17,3295.07,3327.65,5113.22,-2147483648,1073255898,3221225472,1084882765,0
27940,8.896,8.888,9.000,9.000,9.000,9.000,0.000,65.40,0.6540,4.255,0.000,65.40,65.40,0.00,0,0,-3.20401,65.40,65.40,0.00,0,0,65.40,0.00,0.00,0.00,0.00,1.000,1.000,0.00,0,255.00,1,65.21,64.55,0.66,8.892,8.910,4.027,3.976,0.005,-0.000,0.076,65.40,65,0.1289,9008,3330.37,3307.34,3327.65,5113.22,-2147483648,1073255898,0,1084884159,1
28041,8.889,8.880,9.000,9.000,9.000,9.000,0.000,65.63,0.6563,4.256,0.000,65.63,65.63,0.00,0,0,-3.21147,65.63,65.63,0.00,0,0,65.63,0.00,0.00,0.00,0.00,1.000,1.000,0.00,0,255.00,1,65.55,64.84,0.70,8.884,8.900,4.050,4.108,0.006,-0.001,0.091,65.63,65,0.4346,8995,3335.19,3262.57,3067.20,4089.60,1610612736,1073042773,0,1084749416,0
28176,8.895,8.884,9.000,9.000,9.000,9.000,0.000,65.81,0.6581,4.259,0.000,65.81,65.81,0.00,0,0,-3.22243,65.81,65.81,0.00,0,0,65.81,0.00,0.00,0.00,0.00,1.000,1.000,0.00,0,255.00,1,65.88,65.19,0.68,8.887,8.901,4.086,4.135,0.009,-0.001,0.087,65.81,66,-0.1537,6615,4535.15,3167.23,3067.20,4089.60,1610612736,1073042773,0,1084749416,0
28310,8.907,8.896,9.000,9.000,9.000,9.000,0.000,65.86,0.6586,4.261,0.000,65.86,65.86,0.00,0,0,-3.23251,65.86,65.86,0.00,0,0,65.86,0.00,0.00,0.00,0.00,1.000,1.000,0.00,0,255.00,1,65.95,65.34,0.61,8.899,8.912,4.102,4.090,0.009,-0.001,0.069,65.86,66,-0.4637,6854,4377.01,3118.42,3067.20,4089.60,1610612736,1073042773,0,1084749416,0
28450,8.916,8.914,9.000,9.000,9.000,9.000,0.000,65.87,0.6587,4.256,0.000,65.87,65.87,0.00,0,0,-3.24326,65.87,65.87,0.00,0,0,65.87,0.00,0.00,0.00,0.00,1.000,1.000,0.00,0,255.00,1,65.71,65.21,0.50,8.917,8.931,4.083,4.067,-0.001,-0.000,0.044,65.87,66,-0.1158,11214,2675.23,3163.73,3222.02,4378.65,-536870912,1073069659,1610612736,1084828683,0
28586,8.914,8.912,9.000,9.000,9.000,9.000,0.000,66.12,0.6612,4.258,0.000,66.12,66.12,0.00,0,0,-3.25439,66.12,66.12,0.00,0,0,66.12,0.00,0.00,0.00,0.00,1.000,1.000,0.00,0,255.00,1,66.13,65.61,0.52,8.914,8.924,4.120,4.169,0.001,-0.001,0.051,66.12,66,0.2461,7152,4194.63,3198.15,3222.02,4378.65,-536870912,1073069659,1610612736,1084828683,0
28726,8.934,8.929,9.000,9.000,9.000,9.000,0.000,66.06,0.6606,4.256,0.000,66.06,66.06,0.00,0,0,-3.26133,66.06,66.06,0.00,0,0,66.06,0.00,0.00,0.00,0.00,1.000,1.000,0.00,0,255.00,1,65.96,65.55,0.42,8.931,8.942,4.116,4.080,0.003,-0.000,0.031,66.06,66,0.4993,7190,4172.46,3209.80,3222.02,4378.65,-536870912,1073069659,1610612736,1084828683,0
28860,8.915,8.916,9.000,9.000,9.000,9.000,0.000,66.35,0.6635,4.259,0.000,66.35,66.35,0.00,0,0,-3.26862,66.35,66.35,0.00,0,0,66.35,0.00,0.00,0.00,0.00,1.000,1.000,0.00,0,255.00,1,66.41,65.92,0.50,8.918,8.926,4.145,4.252,-0.003,-0.001,0.048,66.35,66,0.2972,7004,4283.27,3223.71,3238.31,4581.02,1610612736,1073128023,2684354560,1084837021,0
28999,8.923,8.925,9.000,9.000,9.000,9.000,0.000,66.38,0.6638,4.261,0.000,66.38,66.38,0.00,0,0,-3.27551,66.38,66.38,0.00,0,0,66.38,0.00,0.00,0.00,0.00,1.000,1.000,0.00,0,255.00,1,66.49,66.05,0.44,8.927,8.934,4.162,4.203,-0.004,-0.001,0.038,66.38,66,0.3685,8004,3748.13,3230.83,3238.31,4581.02,1610612736,1073128023,2684354560,1084837021,0
29133,8.924,8.926,9.000,9.000,9.000,9.000,0.000,66.49,0.6649,4.262,0.000,66.49,66.49,0.00,0,0,-3.28181,66.49,66.49,0.00,0,0,66.49,0.00,0.00,0.00,0.00,1.000,1.000,0.00,0,255.00,1,66.62,66.18,0.44,8.928,8.935,4.172,4.241,-0.004,-0.001,0.037,66.49,67,-0.4099,7976,3761.28,3234.48,3238.31,4581.02,1610612736,1073128023,2684354560,1084837021,0
29236,8.920,8.923,9.000,9.000,9.000,9.000,0.000,66.62,0.6662,4.265,0.000,66.62,66.62,0.00,0,0,-3.28633,66.62,66.62,0.00,0,0,66.62,0.00,0.00,0.00,0.00,1.000,1.000,0.00,0,255.00,1,66.85,66.39,0.46,8.924,8.930,4.192,4.285,-0.004,-0.001,0.042,66.62,67,-0.2530,10115,2965.89,3264.26,3317.20,5012.65,-536870912,1073229186,1073741824,1084877413,0
29373,8.956,8.947,9.000,9.000,9.000,9.000,0.000,66.46,0.6646,4.265,0.000,66.46,66.46,0.00,0,0,-3.29177,66.46,66.46,0.00,0,0,66.46,0.00,0.00,0.00,0.00,1.000,1.000,0.00,0,255.00,1,66.54,66.23,0.31,8.948,8.956,4.181,4.110,0.009,-0.000,0.018,66.46,66,0.2600,7007,4281.43,3290.09,3317.20,5012.65,-536870912,1073229186,1073741824,1084877413,0
29473,8.926,8.934,9.000,9.000,9.000,9.000,0.000,66.67,0.6667,4.266,0.000,66.67,66.67,0.00,0,0,-3.29545,66.67,66.67,0.00,0,0,66.67,0.00,0.00,0.00,0.00,1.000,1.000,0.00,0,255.00,1,66.79,66.40,0.39,8.936,8.942,4.189,4.264,-0.011,-0.001,0.029,66.67,66,0.4621,7699,3896.61,3299.85,3317.20,5012.65,-536870912,1073229186,1073741824,1084877413,0
29606,8.958,8.948,9.000,9.000,9.000,9.000,0.000,66.66,0.6666,4.269,0.000,66.66,66.66,0.00,0,0,-3.30260,66.66,66.66,0.00,0,0,66.66,0.00,0.00,0.00,0.00,1.000,1.000,0.00,0,255.00,1,66.79,66.48,0.31,8.949,8.955,4.202,4.171,0.010,-0.000,0.018,66.66,66,0.2290,8259,3632.40,3319.38,3342.99,5173.68,1073741824,1073267468,1610612736,1084890619,0
29744,8.973,8.957,9.000,9.000,9.000,9.000,0.000,66.65,0.6665,4.270,0.000,66.65,66.65,0.00,0,0,-3.30739,66.65,66.65,0.00,0,0,66.65,0.00,0.00,0.00,0.00,1.000,1.000,0.00,0,255.00,1,66.73,66.47,0.25,8.959,8.965,4.201,4.118,0.016,0.000,0.011,66.65,66,0.4355,7445,4029.55,3330.90,3342.99,5173.68,1073741824,1073267468,1610612736,1084890619,0
29881,8.943,8.951,9.000,9.000,9.000,9.000,0.000,66.80,0.6680,4.270,0.000,66.80,66.80,0.00,0,0,-3.31168,66.80,66.80,0.00,0,0,66.80,0.00,0.00,0.00,0.00,1.000,1.000,0.00,0,255.00,1,66.85,66.56,0.29,8.952,8.958,4.201,4.230,-0.010,-0.000,0.016,66.80,67,-0.2884,7711,3890.55,3311.58,3342.99,5173.68,1073741824,1073267468,1610612736,1084890619,0
30018,8.951,8.959,9.000,9.000,9.000,9.000,0.000,66.77,0.6677,4.268,0.000,66.77,66.77,0.00,0,0,-3.31503,66.77,66.77,0.00,0,0,66.77,0.00,0.00,0.00,0.00,1.000,1.000,0.00,0,255.00,1,66.68,66.44,0.24,8.961,8.967,4.187,4.206,-0.010,-0.000,0.010,66.77,67,-0.1599,9046,3316.38,3323.64,3392.24,4765.29,-1610612736,1073117671,0,1084876996,1
30150,8.961,8.957,9.000,9.000,9.000,9.000,0.000,66.88,0.6688,4.270,0.000,66.88,66.88,0.00,0,0,-3.31911,66.88,66.88,0.00,0,0,66.88,0.00,0.00,0.00,0.00,1.000,1.000,0.00,0,255.00,1,66.91,66.66,0.25,8.958,8.964,4.209,4.241,0.004,-0.000,0.012,66.88,66,0.4831,7004,4283.27,3357.11,3392.24,4765.29,-1610612736,1073117671,3221225472,1084915834,0
30253,8.950,8.950,9.000,9.000,9.000,9.000,0.000,67.02,0.6702,4.273,0.000,67.02,67.02,0.00,0,0,-3.32214,67.02,67.02,0.00,0,0,67.02,0.00,0.00,0.00,0.00,1.000,1.000,0.00,0,255.00,1,67.19,66.89,0.30,8.951,8.955,4.231,4.312,-0.000,-0.001,0.018,67.02,68,-0.4983,8375,3582.09,3369.76,3392.24,4765.29,-1610612736,1073117671,3221225472,1084915834,0
30390,8.986,8.972,9.000,9.000,9.000,9.000,0.000,66.83,0.6683,4.273,0.000,66.83,66.83,0.00,0,0,-3.32543,66.83,66.83,0.00,0,0,66.83,0.00,0.00,0.00,0.00,1.000,1.000,0.00,0,255.00,1,66.87,66.71,0.16,8.974,8.980,4.220,4.124,0.013,0.000,0.004,66.83,67,0.2391,6802,4410.47,3353.75,3307.80,4679.33,1610612736,1073128023,1073741824,1084872603,0
30529,8.994,8.978,9.000,9.000,9.000,9.000,0.000,66.82,0.6682,4.271,0.000,66.82,66.82,0.00,0,0,-3.32829,66.82,66.82,0.00,0,0,66.82,0.00,0.00,0.00,0.00,1.000,1.000,0.00,0,255.00,1,66.76,66.64,0.12,8.979,8.986,4.211,4.111,0.016,0.000,0.002,66.82,67,-0.0088,6690,4484.31,3352.43,3307.80,4679.33,1610612736,1073128023,1073741824,1084872603,0
30663,8.981,8.981,9.000,9.000,9.000,9.000,0.000,66.86,0.6686,4.264,0.000,66.86,66.86,0.00,0,0,-3.33200,66.86,66.86,0.00,0,0,66.86,0.00,0.00,0.00,0.00,1.000,1.000,0.00,0,255.00,1,66.61,66.50,0.11,8.982,8.989,4.189,4.188,-0.001,0.000,0.002,66.86,67,0.0911,7284,4118.62,3287.75,3233.71,4510.18,-1610612736,1073107159,3221225472,1084834668,0
30801,8.965,8.970,9.000,9.000,9.000,9.000,0.000,67.04,0.6704,4.266,0.000,67.04,67.04,0.00,0,0,-3.33452,67.04,67.04,0.00,0,0,67.04,0.00,0.00,0.00,0.00,1.000,1.000,0.00,0,255.00,1,66.98,66.80,0.18,8.970,8.974,4.216,4.303,-0.006,-0.000,0.006,67.04,67,0.0794,7006,4282.04,3261.38,3233.71,4510.18,-1610612736,1073107159,3221225472,1084834668,0
30933,8.961,8.969,9.000,9.000,9.000,9.000,0.000,67.10,0.6710,4.267,0.000,67.10,67.10,0.00,0,0,-3.33689,67.10,67.10,0.00,0,0,67.10,0.00,0.00,0.00,0.00,1.000,1.000,0.00,0,255.00,1,67.12,66.94,0.18,8.969,8.972,4.232,4.315,-0.009,-0.001,0.007,67.10,67,0.1548,8935,3357.58,3292.47,3233.71,4510.18,-1610612736,1073107159,1073741824,1084898090,1
31037,8.979,8.979,9.000,9.000,9.000,9.000,0.000,67.05,0.6705,4.267,0.000,67.05,67.05,0.00,0,0,-3.34022,67.05,67.05,0.00,0,0,67.05,0.00,0.00,0.00,0.00,1.000,1.000,0.00,0,255.00,1,67.07,66.94,0.13,8.979,8.982,4.236,4.243,-0.000,-0.000,0.003,67.05,67,0.3302,8653,3467.01,3214.76,3169.00,4306.59,-536870912,1073069659,1610612736,1084801534,0
31175,8.974,8.976,9.000,9.000,9.000,9.000,0.000,67.12,0.6712,4.267,0.000,67.12,67.12,0.00,0,0,-3.34193,67.12,67.12,0.00,0,0,67.12,0.00,0.00,0.00,0.00,1.000,1.000,0.00,0,255.00,1,67.14,67.00,0.14,8.976,8.979,4.238,4.291,-0.003,-0.000,0.004,67.12,67,0.4658,7835,3828.97,3188.01,3169.00,4306.59,-536870912,1073069659,1610612736,1084801534,0
31276,8.970,8.975,9.000,9.000,9.000,9.000,0.000,67.17,0.6717,4.269,0.000,67.17,67.17,0.00,0,0,-3.34391,67.17,67.17,0.00,0,0,67.17,0.00,0.00,0.00,0.00,1.000,1.000,0.00,0,255.00,1,67.25,67.10,0.15,8.975,8.976,4.249,4.304,-0.006,-0.001,0.005,67.17,67,-0.1819,7221,4154.55,3178.73,3169.00,4306.59,-536870912,1073069659,1610612736,1084801534,0
31408,9.002,8.992,9.000,9.000,9.000,9.000,0.000,67.00,0.6700,4.267,0.000,67.00,67.00,0.00,0,0,-3.34516,67.00,67.00,0.00,0,0,67.00,0.00,0.00,0.00,0.00,1.000,1.000,0.00,0,255.00,1,66.97,66.92,0.05,8.992,8.995,4.236,4.164,0.011,0.000,0.000,67.00,67,-0.0101,6518,4602.64,3199.71,3297.63,4745.37,-2147483648,1073153598,1073741824,1084867395,0
31545,9.005,8.992,9.000,9.000,9.000,9.000,0.000,67.02,0.6702,4.267,0.000,67.02,67.02,0.00,0,0,-3.34659,67.02,67.02,0.00,0,0,67.02,0.00,0.00,0.00,0.00,1.000,1.000,0.00,0,255.00,1,66.99,66.94,0.04,8.993,8.995,4.238,4.173,0.014,0.000,0.000,67.02,67,0.3106,7278,4122.01,3247.49,3297.63,4745.37,-2147483648,1073153598,1073741824,1084867395,0
31682,8.977,8.985,9.000,9.000,9.000,9.000,0.000,67.13,0.6713,4.266,0.000,67.13,67.13,0.00,0,0,-3.34773,67.13,67.13,0.00,0,0,67.13,0.00,0.00,0.00,0.00,1.000,1.000,0.00,0,255.00,1,67.08,66.99,0.09,8.985,8.987,4.237,4.265,-0.009,-0.000,0.001,67.13,68,-0.4059,7506,3996.80,3271.96,3297.63,4745.37,-2147483648,1073153598,1073741824,1084867395,0
31784,9.005,9.001,9.000,9.000,9.000,9.000,0.000,66.95,0.6695,4.263,0.000,66.95,66.95,0.00,0,0,-3.34786,66.95,66.95,0.00,0,0,66.95,0.00,0.00,0.00,0.00,1.000,1.000,0.00,0,255.00,1,66.77,66.78,-0.01,9.001,9.005,4.220,4.138,0.005,0.000,0.001,66.95,67,-0.4439,8554,3507.13,3285.11,3317.17,5097.11,-2147483648,1073255898,0,1084877399,0
31916,8.975,8.984,9.000,9.000,9.000,9.000,0.000,67.15,0.6715,4.262,0.000,67.15,67.15,0.00,0,0,-3.34856,67.15,67.15,0.00,0,0,67.15,0.00,0.00,0.00,0.00,1.000,1.000,0.00,0,255.00,1,67.03,66.94,0.09,8.985,8.986,4.227,4.317,-0.011,-0.000,0.002,67.15,67,-0.2833,6548,4581.55,3300.76,3317.17,5097.11,-2147483648,1073255898,0,1084877399,0
32052,8.976,8.985,9.000,9.000,9.000,9.000,0.000,67.16,0.6716,4.262,0.000,67.16,67.16,0.00,0,0,-3.34931,67.16,67.16,0.00,0,0,67.16,0.00,0.00,0.00,0.00,1.000,1.000,0.00,0,255.00,1,67.08,67.00,0.09,8.985,8.986,4.235,4.315,-0.011,-0.000,0.002,67.16,67,-0.0544,7095,4228.33,3308.77,3317.17,5097.11,-2147483648,1073255898,0,1084877399,0
32189,9.009,8.997,9.000,9.000,9.000,9.000,0.000,67.08,0.6708,4.264,0.000,67.08,67.08,0.00,0,0,-3.35216,67.08,67.08,0.00,0,0,67.08,0.00,0.00,0.00,0.00,1.000,1.000,0.00,0,255.00,1,67.12,67.10,0.02,8.997,8.998,4.256,4.189,0.013,0.000,0.000,67.08,67,0.2023,6414,4677.27,3330.09,3375.60,4500.80,1610612736,1073042773,536870912,1084907315,0
32290,8.996,8.996,9.000,9.000,9.000,9.000,0.000,67.12,0.6712,4.259,0.000,67.12,67.12,0.00,0,0,-3.35390,67.12,67.12,0.00,0,0,67.12,0.00,0.00,0.00,0.00,1.000,1.000,0.00,0,255.00,1,67.07,67.05,0.02,8.997,8.998,4.245,4.253,-0.000,0.000,0.000,67.12,67,-0.1920,6942,4321.52,3374.00,3375.60,4500.80,1610612736,1073042773,536870912,1084907315,0
32424,9.003,9.001,9.000,9.000,9.000,9.000,0.000,67.07,0.6707,4.259,0.000,67.07,67.07,0.00,0,0,-3.35415,67.07,67.07,0.00,0,0,67.07,0.00,0.00,0.00,0.00,1.000,1.000,0.00,0,255.00,1,67.01,67.01,-0.01,9.001,9.002,4.244,4.212,0.002,0.000,0.000,67.07,67,0.1547,7276,4123.14,3374.78,3375.60,4500.80,1610612736,1073042773,536870912,1084907315,0
32563,8.990,8.997,9.000,9.000,9.000,9.000,0.000,67.12,0.6712,4.258,0.000,67.12,67.12,0.00,0,0,-3.35435,67.12,67.12,0.00,0,0,67.12,0.00,0.00,0.00,0.00,1.000,1.000,0.00,0,255.00,1,67.06,67.05,0.02,8.997,8.998,4.245,4.260,-0.008,-0.000,0.000,67.12,67,0.4918,6964,4307.87,3347.89,3299.80,5150.91,-2147483648,1073281473,0,1084868505,0
32697,8.995,8.995,9.000,9.000,9.000,9.000,0.000,67.19,0.6719,4.262,0.000,67.19,67.19,0.00,0,0,-3.35652,67.19,67.19,0.00,0,0,67.19,0.00,0.00,0.00,0.00,1.000,1.000,0.00,0,255.00,1,67.25,67.22,0.03,8.995,8.994,4.264,4.268,0.000,-0.000,0.000,67.19,67,-0.1277,8726,3438.00,3433.63,3299.80,5150.91,-2147483648,1073281473,3221225472,1084939264,1
32835,9.010,9.001,9.000,9.000,9.000,9.000,0.000,67.13,0.6713,4.263,0.000,67.13,67.13,0.00,0,0,-3.35723,67.13,67.13,0.00,0,0,67.13,0.00,0.00,0.00,0.00,1.000,1.000,0.00,0,255.00,1,67.18,67.19,-0.01,9.001,9.002,4.264,4.202,0.010,0.000,0.000,67.13,67,-0.2899,6580,4559.27,3354.61,3299.80,5150.91,-2147483648,1073281473,0,1084868505,0
32967,9.025,9.019,9.000,9.000,9.000,9.000,0.000,66.90,0.6690,4.257,0.000,66.90,66.90,0.00,0,0,-3.35613,66.90,66.90,0.00,0,0,66.90,0.00,0.00,0.00,0.00,1.000,1.000,0.00,0,255.00,1,66.64,66.76,-0.12,9.020,9.023,4.222,4.078,0.006,0.001,0.005,66.90,67,-0.3177,6581,4558.58,3339.85,3324.35,4621.66,1610612736,1073102448,3758096384,1084881075,0
33069,9.015,9.015,9.000,9.000,9.000,9.000,0.000,66.92,0.6692,4.250,0.000,66.92,66.92,0.00,0,0,-3.35471,66.92,66.92,0.00,0,0,66.92,0.00,0.00,0.00,0.00,1.000,1.000,0.00,0,255.00,1,66.51,66.61,-0.10,9.016,9.020,4.200,4.162,-0.001,0.001,0.005,66.92,66,0.4425,7445,4029.55,3332.28,3324.35,4621.66,1610612736,1073102448,3758096384,1084881075,0
33206,9.003,8.997,9.000,9.000,9.000,9.000,0.000,67.14,0.6714,4.253,0.000,67.14,67.14,0.00,0,0,-3.35507,67.14,67.14,0.00,0,0,67.14,0.00,0.00,0.00,0.00,1.000,1.000,0.00,0,255.00,1,67.03,67.01,0.02,8.997,8.998,4.239,4.309,0.006,-0.000,0.000,67.14,67,-0.1204,7317,4100.04,3341.17,3324.35,4621.66,1610612736,1073102448,3758096384,1084881075,0
33346,8.991,8.998,9.000,9.000,9.000,9.000,0.000,67.13,0.6713,4.253,0.000,67.13,67.13,0.00,0,0,-3.35504,67.13,67.13,0.00,0,0,67.13,0.00,0.00,0.00,0.00,1.000,1.000,0.00,0,255.00,1,67.09,67.08,0.02,8.997,8.997,4.249,4.295,-0.007,-0.000,0.000,67.13,67,0.1703,8475,3539.82,3328.54,3315.28,5255.94,-1610612736,1073307048,536870912,1084876433,0
33482,8.984,8.995,9.000,9.000,9.000,9.000,0.000,67.15,0.6715,4.252,0.000,67.15,67.15,0.00,0,0,-3.35465,67.15,67.15,0.00,0,0,67.15,0.00,0.00,0.00,0.00,1.000,1.000,0.00,0,255.00,1,67.12,67.09,0.03,8.995,8.994,4.249,4.327,-0.012,-0.000,0.000,67.15,67,0.3917,7393,4057.89,3320.71,3315.28,5255.94,-1610612736,1073307048,536870912,1084876433,0
33582,8.998,8.999,9.000,9.000,9.000,9.000,0.000,67.11,0.6711,4.252,0.000,67.11,67.11,0.00,0,0,-3.35468,67.11,67.11,0.00,0,0,67.11,0.00,0.00,0.00,0.00,1.000,1.000,0.00,0,255.00,1,67.11,67.10,0.01,8.999,8.998,4.254,4.276,-0.001,-0.000,0.000,67.11,68,-0.4101,7386,4061.74,3341.82,3315.28,5255.94,-1610612736,1073307048,536870912,1084876433,0
33717,8.997,8.999,9.000,9.000,9.000,9.000,0.000,67.11,0.6711,4.252,0.000,67.11,67.11,0.00,0,0,-3.35447,67.11,67.11,0.00,0,0,67.11,0.00,0.00,0.00,0.00,1.000,1.000,0.00,0,255.00,1,67.10,67.09,0.01,8.999,8.998,4.253,4.282,-0.002,-0.000,0.000,67.11,67,-0.2225,6971,4303.54,3187.06,3024.70,4139.06,-2147483648,1073079565,3758096384,1084727653,0
33857,9.003,8.997,9.000,9.000,9.000,9.000,0.000,67.14,0.6714,4.255,0.000,67.14,67.14,0.00,0,0,-3.35512,67.14,67.14,0.00,0,0,67.14,0.00,0.00,0.00,0.00,1.000,1.000,0.00,0,255.00,1,67.27,67.24,0.02,8.996,8.996,4.271,4.273,0.007,-0.000,0.000,67.14,67,0.3235,6987,4293.69,3107.83,3024.70,4139.06,-2147483648,1073079565,3758096384,1084727653,0
33990,9.011,9.011,9.000,9.000,9.000,9.000,0.000,66.94,0.6694,4.248,0.000,66.94,66.94,0.00,0,0,-3.35353,66.94,66.94,0.00,0,0,66.94,0.00,0.00,0.00,0.00,1.000,1.000,0.00,0,255.00,1,66.74,66.80,-0.07,9.011,9.013,4.225,4.189,-0.000,0.000,0.002,66.94,67,0.3350,8937,3356.83,3042.13,3024.70,4139.06,-2147483648,1073079565,3758096384,1084727653,0
34091,9.018,9.017,9.000,9.000,9.000,9.000,0.000,66.86,0.6686,4.245,0.000,66.86,66.86,0.00,0,0,-3.35257,66.86,66.86,0.00,0,0,66.86,0.00,0.00,0.00,0.00,1.000,1.000,0.00,0,255.00,1,66.55,66.66,-0.10,9.017,9.019,4.210,4.156,0.001,0.001,0.004,66.86,67,0.0763,6324,4743.83,3138.72,3310.42,4266.77,0,1072996170,0,1084873944,0
34224,8.992,9.000,9.000,9.000,9.000,9.000,0.000,67.05,0.6705,4.245,0.000,67.05,67.05,0.00,0,0,-3.35232,67.05,67.05,0.00,0,0,67.05,0.00,0.00,0.00,0.00,1.000,1.000,0.00,0,255.00,1,66.92,66.92,0.00,9.000,9.000,4.232,4.309,-0.009,-0.000,0.000,67.05,67,0.1242,7015,4276.55,3222.51,3310.42,4266.77,0,1072996170,0,1084873944,0
34361,8.989,8.995,9.000,9.000,9.000,9.000,0.000,67.10,0.6710,4.247,0.000,67.10,67.10,0.00,0,0,-3.35246,67.10,67.10,0.00,0,0,67.10,0.00,0.00,0.00,0.00,1.000,1.000,0.00,0,255.00,1,67.13,67.10,0.03,8.995,8.994,4.253,4.327,-0.007,-0.000,0.000,67.10,67,0.3212,6405,4683.84,3265.41,3310.42,4266.77,0,1072996170,0,1084873944,0
34495,9.019,9.009,9.000,9.000,9.000,9.000,0.000,66.94,0.6694,4.247,0.000,66.94,66.94,0.00,0,0,-3.35222,66.94,66.94,0.00,0,0,66.94,0.00,0.00,0.00,0.00,1.000,1.000,0.00,0,255.00,1,66.93,66.99,-0.05,9.009,9.009,4.250,4.187,0.011,0.000,0.001,66.94,67,0.3678,6324,4743.83,3323.82,3385.10,4755.27,-1610612736,1073117671,1073741824,1084912181,0
34632,9.019,9.012,9.000,9.000,9.000,9.000,0.000,66.89,0.6689,4.244,0.000,66.89,66.89,0.00,0,0,-3.35129,66.89,66.89,0.00,0,0,66.89,0.00,0.00,0.00,0.00,1.000,1.000,0.00,0,255.00,1,66.76,66.83,-0.07,9.012,9.013,4.233,4.180,0.008,0.000,0.001,66.89,67,0.1050,7177,4180.02,3353.73,3385.10,4755.27,-1610612736,1073117671,1073741824,1084912181,0
34767,8.990,8.999,9.000,9.000,9.000,9.000,0.000,67.02,0.6702,4.244,0.000,67.02,67.02,0.00,0,0,-3.35092,67.02,67.02,0.00,0,0,67.02,0.00,0.00,0.00,0.00,1.000,1.000,0.00,0,255.00,1,66.96,66.96,0.00,8.999,8.999,4.240,4.300,-0.011,-0.000,0.000,67.02,67,0.0192,6629,4525.57,3369.04,3385.10,4755.27,-1610612736,1073117671,1073741824,1084912181,0
34875,9.008,9.006,9.000,9.000,9.000,9.000,0.000,66.94,0.6694,4.243,0.000,66.94,66.94,0.00,0,0,-3.35059,66.94,66.94,0.00,0,0,66.94,0.00,0.00,0.00,0.00,1.000,1.000,0.00,0,255.00,1,66.87,66.91,-0.04,9.006,9.006,4.239,4.231,0.002,0.000,0.000,66.94,67,-0.0783,7810,3841.23,3317.41,3225.62,5278.28,-1610612736,1073360523,0,1084830524,0
35007,8.992,9.001,9.000,9.000,9.000,9.000,0.000,66.97,0.6697,4.241,0.000,66.97,66.97,0.00,0,0,-3.34915,66.97,66.97,0.00,0,0,66.97,0.00,0.00,0.00,0.00,1.000,1.000,0.00,0,255.00,1,66.90,66.91,-0.01,9.001,9.001,4.238,4.283,-0.010,-0.000,0.000,66.97,67,0.3249,8017,3742.05,3237.85,3225.62,5278.28,-1610612736,1073360523,0,1084830524,0
35145,8.991,8.998,9.000,9.000,9.000,9.000,0.000,67.00,0.6700,4.241,0.000,67.00,67.00,0.00,0,0,-3.34887,67.00,67.00,0.00,0,0,67.00,0.00,0.00,0.00,0.00,1.000,1.000,0.00,0,255.00,1,66.99,66.98,0.01,8.998,8.996,4.245,4.304,-0.008,-0.000,0.000,67.00,67,0.1516,7826,3833.38,3231.88,3225.62,5278.28,-1610612736,1073360523,0,1084830524,0
35283,8.991,8.995,9.000,9.000,9.000,9.000,0.000,67.03,0.6703,4.242,0.000,67.03,67.03,0.00,0,0,-3.34880,67.03,67.03,0.00,0,0,67.03,0.00,0.00,0.00,0.00,1.000,1.000,0.00,0,255.00,1,67.10,67.07,0.03,8.995,8.993,4.255,4.322,-0.004,-0.000,0.000,67.03,67,0.0477,6509,4609.00,3207.94,3224.26,4513.97,1610612736,1073112678,0,1084829831,0
35384,8.992,8.995,9.000,9.000,9.000,9.000,0.000,67.04,0.6704,4.244,0.000,67.04,67.04,0.00,0,0,-3.34904,67.04,67.04,0.00,0,0,67.04,0.00,0.00,0.00,0.00,1.000,1.000,0.00,0,255.00,1,67.17,67.14,0.03,8.994,8.992,4.264,4.307,-0.002,-0.000,0.001,67.04,67,0.0955,7686,3903.20,3213.82,3224.26,4513.97,1610612736,1073112678,0,1084829831,0
35516,9.015,9.012,9.000,9.000,9.000,9.000,0.000,66.83,0.6683,4.241,0.000,66.83,66.83,0.00,0,0,-3.34816,66.83,66.83,0.00,0,0,66.83,0.00,0.00,0.00,0.00,1.000,1.000,0.00,0,255.00,1,66.76,66.83,-0.07,9.012,9.012,4.237,4.163,0.004,0.000,0.001,66.83,67,-0.3373,7039,4261.97,3218.92,3224.26,4513.97,1610612736,1073112678,0,1084829831,0
35654,9.013,9.011,9.000,9.000,9.000,9.000,0.000,66.82,0.6682,4.238,0.000,66.82,66.82,0.00,0,0,-3.34722,66.82,66.82,0.00,0,0,66.82,0.00,0.00,0.00,0.00,1.000,1.000,0.00,0,255.00,1,66.66,66.73,-0.07,9.011,9.013,4.224,4.190,0.002,0.000,0.001,66.82,67,0.1520,7046,4257.73,3185.52,3150.48,4442.98,0,1073123433,2684354560,1084792053,0
35787,9.009,9.008,9.000,9.000,9.000,9.000,0.000,66.84,0.6684,4.237,0.000,66.84,66.84,0.00,0,0,-3.34674,66.84,66.84,0.00,0,0,66.84,0.00,0.00,0.00,0.00,1.000,1.000,0.00,0,255.00,1,66.72,66.77,-0.05,9.008,9.009,4.228,4.215,0.000,0.000,0.001,66.84,67,-0.2124,7362,4074.98,3168.42,3150.48,4442.98,0,1073123433,2684354560,1084792053,0
35887,9.019,9.018,9.000,9.000,9.000,9.000,0.000,66.71,0.6671,4.234,0.000,66.71,66.71,0.00,0,0,-3.34574,66.71,66.71,0.00,0,0,66.71,0.00,0.00,0.00,0.00,1.000,1.000,0.00,0,255.00,1,66.47,66.58,-0.11,9.018,9.019,4.211,4.142,0.002,0.001,0.003,66.71,66,0.2372,7826,3833.38,3161.96,3150.48,4442.98,0,1073123433,2684354560,1084792053,0
36021,9.001,9.008,9.000,9.000,9.000,9.000,0.000,66.81,0.6681,4.232,0.000,66.81,66.81,0.00,0,0,-3.34488,66.81,66.81,0.00,0,0,66.81,0.00,0.00,0.00,0.00,1.000,1.000,0.00,0,255.00,1,66.62,66.67,-0.05,9.008,9.008,4.216,4.245,-0.008,0.000,0.001,66.81,67,-0.3820,6907,4343.42,3235.73,3313.13,4848.48,-2147483648,1073179173,1073741824,1084875331,0
36159,9.003,9.006,9.000,9.000,9.000,9.000,0.000,66.81,0.6681,4.232,0.000,66.81,66.81,0.00,0,0,-3.34431,66.81,66.81,0.00,0,0,66.81,0.00,0.00,0.00,0.00,1.000,1.000,0.00,0,255.00,1,66.70,66.74,-0.04,9.006,9.006,4.225,4.249,-0.004,-0.000,0.000,66.81,67,0.0691,8325,3603.60,3282.24,3313.13,4848.48,-2147483648,1073179173,1073741824,1084875331,0
36294,9.010,9.008,9.000,9.000,9.000,9.000,0.000,66.78,0.6678,4.231,0.000,66.78,66.78,0.00,0,0,-3.34359,66.78,66.78,0.00,0,0,66.78,0.00,0.00,0.00,0.00,1.000,1.000,0.00,0,255.00,1,66.68,66.73,-0.05,9.008,9.007,4.227,4.230,0.003,-0.000,0.001,66.78,66,0.4166,6312,4752.85,3297.32,3313.13,4848.48,-2147483648,1073179173,1073741824,1084875331,0
36397,8.999,9.005,9.000,9.000,9.000,9.000,0.000,66.80,0.6680,4.230,0.000,66.80,66.80,0.00,0,0,-3.34307,66.80,66.80,0.00,0,0,66.80,0.00,0.00,0.00,0.00,1.000,1.000,0.00,0,255.00,1,66.71,66.74,-0.03,9.005,9.004,4.227,4.259,-0.007,-0.000,0.000,66.80,67,-0.0575,8092,3707.37,3354.37,3455.79,4999.87,-1610612736,1073161760,0,1084948372,0
36530,9.021,9.013,9.000,9.000,9.000,9.000,0.000,66.67,0.6667,4.230,0.000,66.67,66.67,0.00,0,0,-3.34158,66.67,66.67,0.00,0,0,66.67,0.00,0.00,0.00,0.00,1.000,1.000,0.00,0,255.00,1,66.61,66.69,-0.08,9.013,9.013,4.230,4.154,0.008,0.000,0.001,66.67,67,-0.1565,7877,3808.56,3444.90,3455.79,4999.87,-1610612736,1073161760,0,1084948372,0
36667,9.021,9.011,9.000,9.000,9.000,9.000,0.000,66.69,0.6669,4.229,0.000,66.69,66.69,0.00,0,0,-3.34091,66.69,66.69,0.00,0,0,66.69,0.00,0.00,0.00,0.00,1.000,1.000,0.00,0,255.00,1,66.60,66.67,-0.07,9.011,9.011,4.226,4.178,0.011,0.000,0.001,66.69,67,0.0520,7049,4255.92,3450.21,3455.79,4999.87,-1610612736,1073161760,0,1084948372,0
36798,9.006,9.002,9.000,9.000,9.000,9.000,0.000,66.79,0.6679,4.230,0.000,66.79,66.79,0.00,0,0,-3.34079,66.79,66.79,0.00,0,0,66.79,0.00,0.00,0.00,0.00,1.000,1.000,0.00,0,255.00,1,66.80,66.82,-0.01,9.002,9.001,4.238,4.251,0.005,-0.000,0.000,66.79,66,0.4551,8125,3692.31,3380.62,3307.61,4356.36,1610612736,1073025723,0,1084872503,0
36939,8.999,9.005,9.000,9.000,9.000,9.000,0.000,66.74,0.6674,4.229,0.000,66.74,66.74,0.00,0,0,-3.34029,66.74,66.74,0.00,0,0,66.74,0.00,0.00,0.00,0.00,1.000,1.000,0.00,0,255.00,1,66.72,66.75,-0.03,9.005,9.005,4.232,4.224,-0.007,-0.000,0.000,66.74,67,-0.3077,8351,3592.38,3344.99,3307.61,4356.36,1610612736,1073025723,0,1084872503,0
37075,9.001,9.001,9.000,9.000,9.000,9.000,0.000,66.78,0.6678,4.232,0.000,66.78,66.78,0.00,0,0,-3.33963,66.78,66.78,0.00,0,0,66.78,0.00,0.00,0.00,0.00,1.000,1.000,0.00,0,255.00,1,66.81,66.82,-0.01,9.001,9.001,4.239,4.236,0.000,-0.000,0.000,66.78,67,-0.3934,6733,4455.67,3333.37,3342.68,4371.19,-1073741824,1073015886,0,1084890458,0
37176,9.010,9.007,9.000,9.000,9.000,9.000,0.000,66.71,0.6671,4.231,0.000,66.71,66.71,0.00,0,0,-3.33932,66.71,66.71,0.00,0,0,66.71,0.00,0.00,0.00,0.00,1.000,1.000,0.00,0,255.00,1,66.68,66.72,-0.04,9.007,9.007,4.232,4.189,0.003,0.000,0.000,66.71,67,0.0640,8497,3530.66,3336.72,3342.68,4371.19,-1073741824,1073015886,0,1084890458,0
37308,9.001,9.010,9.000,9.000,9.000,9.000,0.000,66.64,0.6664,4.226,0.000,66.64,66.64,0.00,0,0,-3.33796,66.64,66.64,0.00,0,0,66.64,0.00,0.00,0.00,0.00,1.000,1.000,0.00,0,255.00,1,66.43,66.50,-0.06,9.010,9.011,4.204,4.197,-0.010,0.000,0.001,66.64,67,-0.1625,6842,4384.68,3339.63,3342.68,4371.19,-1073741824,1073015886,0,1084890458,0
37447,9.018,9.011,9.000,9.000,9.000,9.000,0.000,66.61,0.6661,4.224,0.000,66.61,66.61,0.00,0,0,-3.33703,66.61,66.61,0.00,0,0,66.61,0.00,0.00,0.00,0.00,1.000,1.000,0.00,0,255.00,1,66.40,66.47,-0.07,9.011,9.012,4.203,4.190,0.007,0.000,0.002,66.61,67,-0.2867,6824,4396.25,3318.77,3334.67,4961.34,-2147483648,1073204748,2147483648,1084886359,0
37585,9.025,9.021,9.000,9.000,9.000,9.000,0.000,66.44,0.6644,4.217,0.000,66.44,66.44,0.00,0,0,-3.33389,66.44,66.44,0.00,0,0,66.44,0.00,0.00,0.00,0.00,1.000,1.000,0.00,0,255.00,1,66.19,66.32,-0.13,9.021,9.023,4.196,4.114,0.005,0.001,0.005,66.44,67,-0.4015,6599,4546.14,3332.96,3334.67,4961.34,-2147483648,1073204748,2147483648,1084886359,0
37688,9.026,9.023,9.000,9.000,9.000,9.000,0.000,66.38,0.6638,4.213,0.000,66.38,66.38,0.00,0,0,-3.33258,66.38,66.38,0.00,0,0,66.38,0.00,0.00,0.00,0.00,1.000,1.000,0.00,0,255.00,1,66.03,66.18,-0.14,9.024,9.025,4.180,4.113,0.002,0.001,0.006,66.38,66,0.4036,6583,4557.19,3333.58,3334.67,4961.34,-2147483648,1073204748,2147483648,1084886359,0
37823,9.005,9.002,9.000,9.000,9.000,9.000,0.000,66.63,0.6663,4.215,0.000,66.63,66.63,0.00,0,0,-3.33241,66.63,66.63,0.00,0,0,66.63,0.00,0.00,0.00,0.00,1.000,1.000,0.00,0,255.00,1,66.56,66.57,-0.01,9.001,9.000,4.216,4.289,0.004,-0.000,0.000,66.63,66,0.2820,7361,4075.53,3273.54,3159.86,3949.82,0,1072955392,3758096384,1084796854,0
37961,9.034,9.026,9.000,9.000,9.000,9.000,0.000,66.31,0.6631,4.211,0.000,66.31,66.31,0.00,0,0,-3.33097,66.31,66.31,0.00,0,0,66.31,0.00,0.00,0.00,0.00,1.000,1.000,0.00,0,255.00,1,66.09,66.24,-0.16,9.026,9.027,4.195,4.063,0.009,0.001,0.006,66.31,67,-0.3763,7104,4222.97,3218.06,3159.86,3949.82,0,1072955392,3758096384,1084796854,0
38096,8.995,9.004,9.000,9.000,9.000,9.000,0.000,66.55,0.6655,4.210,0.000,66.55,66.55,0.00,0,0,-3.33008,66.55,66.55,0.00,0,0,66.55,0.00,0.00,0.00,0.00,1.000,1.000,0.00,0,255.00,1,66.42,66.45,-0.02,9.004,9.003,4.205,4.279,-0.010,-0.000,0.000,66.55,66,0.0929,6591,4551.66,3189.66,3159.86,3949.82,0,1072955392,3758096384,1084796854,0
38198,9.024,9.018,9.000,9.000,9.000,9.000,0.000,66.37,0.6637,4.208,0.000,66.37,66.37,0.00,0,0,-3.32918,66.37,66.37,0.00,0,0,66.37,0.00,0.00,0.00,0.00,1.000,1.000,0.00,0,255.00,1,66.19,66.30,-0.11,9.018,9.018,4.197,4.143,0.006,0.000,0.003,66.37,66,-0.0798,7971,3763.64,3186.74,3262.75,4894.12,0,1073217536,2684354560,1084849535,0
38332,9.004,9.010,9.000,9.000,9.000,9.000,0.000,66.44,0.6644,4.207,0.000,66.44,66.44,0.00,0,0,-3.32813,66.44,66.44,0.00,0,0,66.44,0.00,0.00,0.00,0.00,1.000,1.000,0.00,0,255.00,1,66.29,66.35,-0.06,9.010,9.010,4.200,4.219,-0.007,-0.000,0.001,66.44,66,0.2240,6763,4435.90,3223.83,3262.75,4894.12,0,1073217536,2684354560,1084849535,0
38472,9.008,9.005,9.000,9.000,9.000,9.000,0.000,66.49,0.6649,4.209,0.000,66.49,66.49,0.00,0,0,-3.32777,66.49,66.49,0.00,0,0,66.49,0.00,0.00,0.00,0.00,1.000,1.000,0.00,0,255.00,1,66.52,66.55,-0.03,9.005,9.003,4.224,4.233,0.003,-0.000,0.000,66.49,66,0.3198,6945,4319.65,3246.81,3262.75,4894.12,0,1073217536,2684354560,1084849535,0
38604,9.000,9.003,9.000,9.000,9.000,9.000,0.000,66.50,0.6650,4.209,0.000,66.50,66.50,0.00,0,0,-3.32697,66.50,66.50,0.00,0,0,66.50,0.00,0.00,0.00,0.00,1.000,1.000,0.00,0,255.00,1,66.50,66.52,-0.02,9.003,9.001,4.219,4.252,-0.003,-0.000,0.000,66.50,67,-0.3653,6855,4376.37,3261.23,3281.19,4881.77,-2147483648,1073204748,1073741824,1084858977,0
38705,9.002,9.008,9.000,9.000,9.000,9.000,0.000,66.43,0.6643,4.207,0.000,66.43,66.43,0.00,0,0,-3.32629,66.43,66.43,0.00,0,0,66.43,0.00,0.00,0.00,0.00,1.000,1.000,0.00,0,255.00,1,66.38,66.43,-0.05,9.008,9.007,4.211,4.212,-0.007,-0.000,0.000,66.43,66,0.4241,7646,3923.62,3268.41,3281.19,4881.77,-2147483648,1073204748,1073741824,1084858977,0
38839,9.003,9.011,9.000,9.000,9.000,9.000,0.000,66.37,0.6637,4.204,0.000,66.37,66.37,0.00,0,0,-3.32489,66.37,66.37,0.00,0,0,66.37,0.00,0.00,0.00,0.00,1.000,1.000,0.00,0,255.00,1,66.21,66.27,-0.07,9.011,9.011,4.194,4.201,-0.009,0.000,0.001,66.37,66,0.4004,7437,4033.88,3274.65,3281.19,4881.77,-2147483648,1073204748,1073741824,1084858977,0
38980,9.005,9.008,9.000,9.000,9.000,9.000,0.000,66.39,0.6639,4.202,0.000,66.39,66.39,0.00,0,0,-3.32384,66.39,66.39,0.00,0,0,66.39,0.00,0.00,0.00,0.00,1.000,1.000,0.00,0,255.00,1,66.26,66.30,-0.05,9.007,9.007,4.197,4.235,-0.003,-0.000,0.001,66.39,66,0.4371,6559,4573.87,3342.28,3460.18,4425.81,-536870912,1072985873,0,1084950620,0
39080,8.998,9.000,9.000,9.000,9.000,9.000,0.000,66.48,0.6648,4.204,0.000,66.48,66.48,0.00,0,0,-3.32380,66.48,66.48,0.00,0,0,66.48,0.00,0.00,0.00,0.00,1.000,1.000,0.00,0,255.00,1,66.48,66.48,0.00,8.999,8.998,4.215,4.289,-0.002,-0.000,0.000,66.48,66,0.3715,9204,3259.45,3384.72,3460.18,4425.81,-536870912,1072985873,0,1084950620,0
39214,9.005,9.005,9.000,9.000,9.000,9.000,0.000,66.38,0.6638,4.204,0.000,66.38,66.38,0.00,0,0,-3.32235,66.38,66.38,0.00,0,0,66.38,0.00,0.00,0.00,0.00,1.000,1.000,0.00,0,255.00,1,66.40,66.43,-0.03,9.005,9.004,4.215,4.213,0.000,-0.000,0.000,66.38,66,0.4726,7502,3998.93,3447.52,3460.18,4425.81,-536870912,1072985873,0,1084950620,0
39315,9.001,9.002,9.000,9.000,9.000,9.000,0.000,66.42,0.6642,4.205,0.000,66.42,66.42,0.00,0,0,-3.32205,66.42,66.42,0.00,0,0,66.42,0.00,0.00,0.00,0.00,1.000,1.000,0.00,0,255.00,1,66.46,66.48,-0.01,9.002,9.001,4.219,4.234,-0.001,-0.000,0.000,66.42,67,-0.3158,6467,4638.94,3414.37,3350.94,4467.92,1610612736,1073042773,3221225472,1084894688,0
39447,9.005,9.007,9.000,9.000,9.000,9.000,0.000,66.34,0.6634,4.203,0.000,66.34,66.34,0.00,0,0,-3.32123,66.34,66.34,0.00,0,0,66.34,0.00,0.00,0.00,0.00,1.000,1.000,0.00,0,255.00,1,66.30,66.34,-0.04,9.007,9.008,4.206,4.198,-0.002,0.000,0.000,66.34,67,-0.3490,7734,3878.98,3383.42,3350.94,4467.92,1610612736,1073042773,3221225472,1084894688,0
39551,9.006,9.006,9.000,9.000,9.000,9.000,0.000,66.31,0.6631,4.201,0.000,66.31,66.31,0.00,0,0,-3.31940,66.31,66.31,0.00,0,0,66.31,0.00,0.00,0.00,0.00,1.000,1.000,0.00,0,255.00,1,66.26,66.30,-0.04,9.007,9.007,4.202,4.200,-0.000,0.000,0.000,66.31,67,-0.4275,9241,3246.40,3268.30,3350.94,4467.92,1610612736,1073042773,3221225472,1084841165,1
39685,9.005,9.008,9.000,9.000,9.000,9.000,0.000,66.27,0.6627,4.198,0.000,66.27,66.27,0.00,0,0,-3.31830,66.27,66.27,0.00,0,0,66.27,0.00,0.00,0.00,0.00,1.000,1.000,0.00,0,255.00,1,66.14,66.19,-0.05,9.009,9.009,4.190,4.198,-0.004,0.000,0.001,66.27,66,0.2562,7361,4075.53,3224.68,2931.21,4396.82,0,1073217536,2684354560,1084679789,0
39787,9.005,9.010,9.000,9.000,9.000,9.000,0.000,66.23,0.6623,4.197,0.000,66.23,66.23,0.00,0,0,-3.31751,66.23,66.23,0.00,0,0,66.23,0.00,0.00,0.00,0.00,1.000,1.000,0.00,0,255.00,1,66.06,66.12,-0.06,9.011,9.011,4.184,4.187,-0.006,0.000,0.001,66.23,67,-0.3453,8093,3706.91,3119.03,2931.21,4396.82,0,1073217536,2684354560,1084679789,0
39921,8.997,9.008,9.000,9.000,9.000,9.000,0.000,66.22,0.6622,4.193,0.000,66.22,66.22,0.00,0,0,-3.31615,66.22,66.22,0.00,0,0,66.22,0.00,0.00,0.00,0.00,1.000,1.000,0.00,0,255.00,1,66.01,66.06,-0.05,9.009,9.009,4.176,4.221,-0.012,0.000,0.001,66.22,66,0.1145,8360,3588.52,3027.38,2931.21,4396.82,0,1073217536,2684354560,1084679789,0
40024,9.003,9.009,9.000,9.000,9.000,9.000,0.000,66.20,0.6620,4.192,0.000,66.20,66.20,0.00,0,0,-3.31538,66.20,66.20,0.00,0,0,66.20,0.00,0.00,0.00,0.00,1.000,1.000,0.00,0,255.00,1,66.00,66.06,-0.06,9.009,9.010,4.177,4.213,-0.007,0.000,0.001,66.20,66,0.4349,6605,4542.01,2992.76,2931.21,4396.82,0,1073217536,2684354560,1084679789,0
40158,9.004,9.011,9.000,9.000,9.000,9.000,0.000,66.15,0.6615,4.189,0.000,66.15,66.15,0.00,0,0,-3.31401,66.15,66.15,0.00,0,0,66.15,0.00,0.00,0.00,0.00,1.000,1.000,0.00,0,255.00,1,65.93,66.00,-0.07,9.011,9.011,4.173,4.203,-0.008,-0.000,0.002,66.15,66,-0.2383,6570,4566.21,3038.93,3087.37,4292.20,1610612736,1073102448,3221225472,1084759742,0
40258,9.004,9.010,9.000,9.000,9.000,9.000,0.000,66.14,0.6614,4.187,0.000,66.14,66.14,0.00,0,0,-3.31319,66.14,66.14,0.00,0,0,66.14,0.00,0.00,0.00,0.00,1.000,1.000,0.00,0,255.00,1,65.95,66.01,-0.06,9.010,9.010,4.174,4.211,-0.007,-0.000,0.001,66.14,66,-0.0245,6677,4493.04,3056.37,3087.37,4292.20,1610612736,1073102448,3221225472,1084759742,0
40392,9.005,9.005,9.000,9.000,9.000,9.000,0.000,66.17,0.6617,4.188,0.000,66.17,66.17,0.00,0,0,-3.31153,66.17,66.17,0.00,0,0,66.17,0.00,0.00,0.00,0.00,1.000,1.000,0.00,0,255.00,1,66.15,66.18,-0.03,9.005,9.004,4.197,4.224,-0.000,-0.000,0.000,66.17,66,0.0287,7181,4177.69,3080.87,3087.37,4292.20,1610612736,1073102448,3221225472,1084759742,0
40532,8.997,9.004,9.000,9.000,9.000,9.000,0.000,66.16,0.6616,4.186,0.000,66.16,66.16,0.00,0,0,-3.31059,66.16,66.16,0.00,0,0,66.16,0.00,0.00,0.00,0.00,1.000,1.000,0.00,0,255.00,1,66.13,66.15,-0.02,9.004,9.003,4.193,4.238,-0.007,-0.000,0.000,66.16,66,0.3089,8152,3680.08,3205.37,3335.99,4637.84,1610612736,1073102448,2147483648,1084887035,0
40667,9.028,9.015,9.000,9.000,9.000,9.000,0.000,66.02,0.6602,4.186,0.000,66.02,66.02,0.00,0,0,-3.30992,66.02,66.02,0.00,0,0,66.02,0.00,0.00,0.00,0.00,1.000,1.000,0.00,0,255.00,1,65.98,66.07,-0.09,9.015,9.014,4.193,4.118,0.015,0.000,0.002,66.02,66,-0.3391,7408,4049.68,3269.11,3335.99,4637.84,1610612736,1073102448,2147483648,1084887035,0
40806,9.022,9.012,9.000,9.000,9.000,9.000,0.000,66.04,0.6604,4.185,0.000,66.04,66.04,0.00,0,0,-3.30915,66.04,66.04,0.00,0,0,66.04,0.00,0.00,0.00,0.00,1.000,1.000,0.00,0,255.00,1,65.99,66.06,-0.07,9.012,9.012,4.190,4.145,0.011,0.000,0.001,66.04,66,-0.0778,9200,3260.87,3310.13,3407.45,5111.17,0,1073217536,1073741824,1084848573,1
40939,9.014,9.008,9.000,9.000,9.000,9.000,0.000,66.08,0.6608,4.186,0.000,66.08,66.08,0.00,0,0,-3.30873,66.08,66.08,0.00,0,0,66.08,0.00,0.00,0.00,0.00,1.000,1.000,0.00,0,255.00,1,66.08,66.13,-0.05,9.008,9.007,4.196,4.176,0.007,0.000,0.000,66.08,66,0.2935,9074,3306.15,3328.68,3407.45,5111.17,0,1073217536,2147483648,1084871756,1
41041,9.030,9.021,9.000,9.000,9.000,9.000,0.000,65.91,0.6591,4.184,0.000,65.91,65.91,0.00,0,0,-3.30779,65.91,65.91,0.00,0,0,65.91,0.00,0.00,0.00,0.00,1.000,1.000,0.00,0,255.00,1,65.78,65.91,-0.12,9.021,9.021,4.178,4.068,0.010,0.001,0.004,65.91,66,0.2494,9038,3319.32,3343.17,3407.45,5111.17,0,1073217536,0,1084878499,1
41175,9.019,9.013,9.000,9.000,9.000,9.000,0.000,65.98,0.6598,4.182,0.000,65.98,65.98,0.00,0,0,-3.30682,65.98,65.98,0.00,0,0,65.98,0.00,0.00,0.00,0.00,1.000,1.000,0.00,0,255.00,1,65.85,65.93,-0.08,9.013,9.013,4.176,4.148,0.007,0.000,0.002,65.98,66,0.2964,7940,3778.34,3303.36,3051.56,4818.26,1610612736,1073300318,2147483648,1084741408,0
41313,9.014,9.014,9.000,9.000,9.000,9.000,0.000,65.91,0.6591,4.176,0.000,65.91,65.91,0.00,0,0,-3.30386,65.91,65.91,0.00,0,0,65.91,0.00,0.00,0.00,0.00,1.000,1.000,0.00,0,255.00,1,65.72,65.80,-0.08,9.014,9.014,4.163,4.160,0.000,0.000,0.002,65.91,66,-0.1460,6513,4606.17,3095.13,3051.56,4818.26,1610612736,1073300318,2147483648,1084741408,0
41447,9.017,9.013,9.000,9.000,9.000,9.000,0.000,65.91,0.6591,4.176,0.000,65.91,65.91,0.00,0,0,-3.30313,65.91,65.91,0.00,0,0,65.91,0.00,0.00,0.00,0.00,1.000,1.000,0.00,0,255.00,1,65.80,65.88,-0.08,9.012,9.012,4.174,4.156,0.005,0.000,0.001,65.91,66,-0.2253,6391,4694.10,3079.50,3051.56,4818.26,1610612736,1073300318,2147483648,1084741408,0
41550,9.019,9.014,9.000,9.000,9.000,9.000,0.000,65.89,0.6589,4.175,0.000,65.89,65.89,0.00,0,0,-3.30250,65.89,65.89,0.00,0,0,65.89,0.00,0.00,0.00,0.00,1.000,1.000,0.00,0,255.00,1,65.78,65.86,-0.08,9.013,9.013,4.173,4.145,0.006,0.000,0.001,65.89,66,-0.3662,6811,4404.64,3108.61,3247.39,4302.80,1073741824,1073034035,0,1084841674,0
41683,9.024,9.017,9.000,9.000,9.000,9.000,0.000,65.84,0.6584,4.174,0.000,65.84,65.84,0.00,0,0,-3.30151,65.84,65.84,0.00,0,0,65.84,0.00,0.00,0.00,0.00,1.000,1.000,0.00,0,255.00,1,65.71,65.81,-0.10,9.016,9.016,4.171,4.114,0.008,0.000,0.002,65.84,65,0.3610,6915,4338.40,3176.34,3247.39,4302.80,1073741824,1073034035,0,1084841674,0
41823,9.024,9.021,9.000,9.000,9.000,9.000,0.000,65.76,0.6576,4.171,0.000,65.76,65.76,0.00,0,0,-3.30010,65.76,65.76,0.00,0,0,65.76,0.00,0.00,0.00,0.00,1.000,1.000,0.00,0,255.00,1,65.55,65.67,-0.13,9.021,9.021,4.157,4.087,0.004,0.000,0.004,65.76,66,-0.1525,7045,4258.34,3211.01,3247.39,4302.80,1073741824,1073034035,0,1084841674,0
41957,9.006,9.010,9.000,9.000,9.000,9.000,0.000,65.87,0.6587,4.170,0.000,65.87,65.87,0.00,0,0,-3.29919,65.87,65.87,0.00,0,0,65.87,0.00,0.00,0.00,0.00,1.000,1.000,0.00,0,255.00,1,65.73,65.79,-0.06,9.010,9.009,4.166,4.186,-0.004,-0.000,0.001,65.87,65,0.4627,8291,3618.38,3220.13,3194.85,4712.41,-1610612736,1073191321,1610612736,1084814773,0
42059,9.021,9.012,9.000,9.000,9.000,9.000,0.000,65.83,0.6583,4.170,0.000,65.83,65.83,0.00,0,0,-3.29872,65.83,65.83,0.00,0,0,65.83,0.00,0.00,0.00,0.00,1.000,1.000,0.00,0,255.00,1,65.74,65.82,-0.07,9.012,9.011,4.172,4.152,0.009,0.000,0.001,65.83,66,0.2373,9437,3178.98,3207.86,3194.85,4712.41,-1610612736,1073191321,3758096384,1084806643,1
42193,9.015,9.013,9.000,9.000,9.000,9.000,0.000,65.76,0.6576,4.166,0.000,65.76,65.76,0.00,0,0,-3.29588,65.76,65.76,0.00,0,0,65.76,0.00,0.00,0.00,0.00,1.000,1.000,0.00,0,255.00,1,65.65,65.73,-0.08,9.013,9.012,4.164,4.146,0.002,0.000,0.001,65.76,66,-0.3451,6564,4570.38,3197.04,3194.85,4712.41,-1610612736,1073191321,1610612736,1084814773,0
42333,9.023,9.017,9.000,9.000,9.000,9.000,0.000,65.69,0.6569,4.165,0.000,65.69,65.69,0.00,0,0,-3.29458,65.69,65.69,0.00,0,0,65.69,0.00,0.00,0.00,0.00,1.000,1.000,0.00,0,255.00,1,65.57,65.67,-0.10,9.017,9.016,4.162,4.106,0.008,0.000,0.002,65.69,66,-0.2429,6702,4476.28,3192.34,3187.86,4822.67,1073741824,1073230979,0,1084811194,0
42466,9.008,9.005,9.000,9.000,9.000,9.000,0.000,65.83,0.6583,4.166,0.000,65.83,65.83,0.00,0,0,-3.29417,65.83,65.83,0.00,0,0,65.83,0.00,0.00,0.00,0.00,1.000,1.000,0.00,0,255.00,1,65.83,65.86,-0.03,9.004,9.002,4.178,4.205,0.004,-0.000,0.000,65.83,66,0.2544,6526,4597.00,3190.15,3187.86,4822.67,1073741824,1073230979,0,1084811194,0
42604,9.020,9.017,9.000,9.000,9.000,9.000,0.000,65.67,0.6567,4.165,0.000,65.67,65.67,0.00,0,0,-3.29333,65.67,65.67,0.00,0,0,65.67,0.00,0.00,0.00,0.00,1.000,1.000,0.00,0,255.00,1,65.60,65.70,-0.10,9.016,9.016,4.168,4.087,0.004,0.000,0.002,65.67,66,-0.4518,6690,4484.31,3189.04,3187.86,4822.67,1073741824,1073230979,0,1084811194,0
42737,9.014,9.018,9.000,9.000,9.000,9.000,0.000,65.59,0.6559,4.156,0.000,65.59,65.59,0.00,0,0,-3.29005,65.59,65.59,0.00,0,0,65.59,0.00,0.00,0.00,0.00,1.000,1.000,0.00,0,255.00,1,65.27,65.38,-0.11,9.018,9.019,4.129,4.131,-0.005,0.000,0.004,65.59,65,0.3833,6746,4447.08,3262.24,3297.92,4343.61,1610612736,1073025723,2684354560,1084867544,0
42840,9.013,9.008,9.000,9.000,9.000,9.000,0.000,65.71,0.6571,4.157,0.000,65.71,65.71,0.00,0,0,-3.28976,65.71,65.71,0.00,0,0,65.71,0.00,0.00,0.00,0.00,1.000,1.000,0.00,0,255.00,1,65.56,65.61,-0.04,9.007,9.007,4.152,4.208,0.006,-0.000,0.001,65.71,66,-0.1326,7020,4273.50,3275.09,3297.92,4343.61,1610612736,1073025723,2684354560,1084867544,0
42974,9.020,9.016,9.000,9.000,9.000,9.000,0.000,65.58,0.6558,4.156,0.000,65.58,65.58,0.00,0,0,-3.28828,65.58,65.58,0.00,0,0,65.58,0.00,0.00,0.00,0.00,1.000,1.000,0.00,0,255.00,1,65.47,65.57,-0.10,9.016,9.016,4.156,4.106,0.004,0.000,0.002,65.58,65,0.1858,6700,4477.61,3290.44,3297.92,4343.61,1610612736,1073025723,2684354560,1084867544,0
43114,9.003,9.010,9.000,9.000,9.000,9.000,0.000,65.63,0.6563,4.155,0.000,65.63,65.63,0.00,0,0,-3.28717,65.63,65.63,0.00,0,0,65.63,0.00,0.00,0.00,0.00,1.000,1.000,0.00,0,255.00,1,65.52,65.58,-0.06,9.010,9.009,4.153,4.173,-0.008,0.000,0.001,65.63,66,0.0005,10121,2964.13,3299.98,3309.98,4198.03,1073741824,1072974573,3758096384,1084873719,0
43249,8.989,9.005,9.000,9.000,9.000,9.000,0.000,65.66,0.6566,4.152,0.000,65.66,65.66,0.00,0,0,-3.28586,65.66,65.66,0.00,0,0,65.66,0.00,0.00,0.00,0.00,1.000,1.000,0.00,0,255.00,1,65.54,65.56,-0.03,9.004,9.003,4.149,4.231,-0.017,-0.000,0.000,65.66,66,-0.3466,6709,4471.61,3304.86,3309.98,4198.03,1073741824,1072974573,3758096384,1084873719,0
43353,9.008,9.003,9.000,9.000,9.000,9.000,0.000,65.68,0.6568,4.155,0.000,65.68,65.68,0.00,0,0,-3.28587,65.68,65.68,0.00,0,0,65.68,0.00,0.00,0.00,0.00,1.000,1.000,0.00,0,255.00,1,65.71,65.72,-0.01,9.002,9.001,4.170,4.216,0.006,-0.000,0.000,65.68,66,0.0910,6765,4434.59,3306.71,3309.98,4198.03,1073741824,1072974573,3758096384,1084873719,0
43485,9.024,9.017,9.000,9.000,9.000,9.000,0.000,65.50,0.6550,4.153,0.000,65.50,65.50,0.00,0,0,-3.28491,65.50,65.50,0.00,0,0,65.50,0.00,0.00,0.00,0.00,1.000,1.000,0.00,0,255.00,1,65.44,65.54,-0.10,9.017,9.016,4.158,4.077,0.009,0.000,0.002,65.50,66,-0.1660,8169,3672.42,3279.03,3253.29,4364.17,1610612736,1073051298,2684354560,1084844691,0
43586,9.022,9.015,9.000,9.000,9.000,9.000,0.000,65.50,0.6550,4.152,0.000,65.50,65.50,0.00,0,0,-3.28420,65.50,65.50,0.00,0,0,65.50,0.00,0.00,0.00,0.00,1.000,1.000,0.00,0,255.00,1,65.41,65.50,-0.09,9.015,9.014,4.153,4.099,0.007,0.000,0.002,65.50,66,-0.0664,9125,3287.67,3276.64,3253.29,4364.17,1610612736,1073051298,2684354560,1084862295,1
43719,9.018,9.011,9.000,9.000,9.000,9.000,0.000,65.54,0.6554,4.153,0.000,65.54,65.54,0.00,0,0,-3.28362,65.54,65.54,0.00,0,0,65.54,0.00,0.00,0.00,0.00,1.000,1.000,0.00,0,255.00,1,65.51,65.57,-0.06,9.011,9.010,4.159,4.131,0.008,0.000,0.001,65.54,66,-0.2645,8630,3476.25,3265.24,3253.29,4364.17,1610612736,1073051298,2684354560,1084844691,0
43820,9.012,9.006,9.000,9.000,9.000,9.000,0.000,65.60,0.6560,4.154,0.000,65.60,65.60,0.00,0,0,-3.28344,65.60,65.60,0.00,0,0,65.60,0.00,0.00,0.00,0.00,1.000,1.000,0.00,0,255.00,1,65.62,65.65,-0.03,9.006,9.005,4.167,4.166,0.006,-0.000,0.000,65.60,66,0.0052,6934,4326.51,3202.30,3090.40,3659.69,-1073741824,1072886406,0,1084761294,0
43954,9.010,9.006,9.000,9.000,9.000,9.000,0.000,65.58,0.6558,4.153,0.000,65.58,65.58,0.00,0,0,-3.28286,65.58,65.58,0.00,0,0,65.58,0.00,0.00,0.00,0.00,1.000,1.000,0.00,0,255.00,1,65.60,65.64,-0.04,9.006,9.005,4.165,4.158,0.004,0.000,0.000,65.58,66,-0.2403,6698,4478.95,3130.65,3090.40,3659.69,-1073741824,1072886406,0,1084761294,0
44093,9.030,9.019,9.000,9.000,9.000,9.000,0.000,65.41,0.6541,4.152,0.000,65.41,65.41,0.00,0,0,-3.28199,65.41,65.41,0.00,0,0,65.41,0.00,0.00,0.00,0.00,1.000,1.000,0.00,0,255.00,1,65.33,65.44,-0.12,9.019,9.020,4.151,4.039,0.012,0.001,0.003,65.41,65,0.3595,6686,4486.99,3111.01,3090.40,3659.69,-1073741824,1072886406,0,1084761294,0
44224,9.026,9.017,9.000,9.000,9.000,9.000,0.000,65.41,0.6541,4.148,0.000,65.41,65.41,0.00,0,0,-3.28058,65.41,65.41,0.00,0,0,65.41,0.00,0.00,0.00,0.00,1.000,1.000,0.00,0,255.00,1,65.22,65.32,-0.10,9.017,9.018,4.135,4.081,0.009,0.000,0.003,65.41,66,-0.3368,6327,4741.58,3252.58,3401.12,5344.62,1073741824,1073292434,1610612736,1084920382,0
44363,9.014,9.007,9.000,9.000,9.000,9.000,0.000,65.52,0.6552,4.149,0.000,65.52,65.52,0.00,0,0,-3.28002,65.52,65.52,0.00,0,0,65.52,0.00,0.00,0.00,0.00,1.000,1.000,0.00,0,255.00,1,65.45,65.49,-0.04,9.007,9.006,4.149,4.168,0.008,-0.000,0.000,65.52,65,0.2514,7712,3890.04,3325.07,3401.12,5344.62,1073741824,1073292434,1610612736,1084920382,0
44496,9.008,9.008,9.000,9.000,9.000,9.000,0.000,65.48,0.6548,4.147,0.000,65.48,65.48,0.00,0,0,-3.27867,65.48,65.48,0.00,0,0,65.48,0.00,0.00,0.00,0.00,1.000,1.000,0.00,0,255.00,1,65.41,65.46,-0.05,9.008,9.008,4.149,4.155,-0.000,0.000,0.001,65.48,66,-0.3656,6612,4537.21,3376.20,3401.12,5344.62,1073741824,1073292434,1610612736,1084920382,0
44633,9.026,9.013,9.000,9.000,9.000,9.000,0.000,65.40,0.6540,4.147,0.000,65.40,65.40,0.00,0,0,-3.27813,65.40,65.40,0.00,0,0,65.40,0.00,0.00,0.00,0.00,1.000,1.000,0.00,0,255.00,1,65.36,65.44,-0.08,9.014,9.014,4.151,4.087,0.014,0.000,0.002,65.40,65,0.1233,7007,4281.43,3359.57,3342.13,5050.33,-536870912,1073229186,2684354560,1084890178,0
44768,9.019,9.018,9.000,9.000,9.000,9.000,0.000,65.32,0.6532,4.144,0.000,65.32,65.32,0.00,0,0,-3.27680,65.32,65.32,0.00,0,0,65.32,0.00,0.00,0.00,0.00,1.000,1.000,0.00,0,255.00,1,65.14,65.25,-0.11,9.018,9.019,4.132,4.062,0.001,0.001,0.003,65.32,65,0.2379,6208,4832.47,3345.95,3342.13,5050.33,-536870912,1073229186,2684354560,1084890178,0
44869,9.008,9.007,9.000,9.000,9.000,9.000,0.000,65.43,0.6543,4.144,0.000,65.43,65.43,0.00,0,0,-3.27536,65.43,65.43,0.00,0,0,65.43,0.00,0.00,0.00,0.00,1.000,1.000,0.00,0,255.00,1,65.41,65.45,-0.04,9.007,9.006,4.151,4.146,0.002,0.000,0.000,65.43,66,-0.1769,8037,3732.74,3342.77,3342.13,5050.33,-536870912,1073229186,2684354560,1084890178,0
45002,9.005,9.004,9.000,9.000,9.000,9.000,0.000,65.44,0.6544,4.144,0.000,65.44,65.44,0.00,0,0,-3.27477,65.44,65.44,0.00,0,0,65.44,0.00,0.00,0.00,0.00,1.000,1.000,0.00,0,255.00,1,65.44,65.46,-0.02,9.004,9.003,4.152,4.167,0.001,-0.000,0.000,65.44,65,0.0862,6223,4820.83,3320.49,3297.11,4583.79,1610612736,1073102448,1073741824,1084867128,0
45139,9.027,9.019,9.000,9.000,9.000,9.000,0.000,65.25,0.6525,4.141,0.000,65.25,65.25,0.00,0,0,-3.27369,65.25,65.25,0.00,0,0,65.25,0.00,0.00,0.00,0.00,1.000,1.000,0.00,0,255.00,1,65.12,65.23,-0.11,9.019,9.019,4.134,4.036,0.009,0.000,0.003,65.25,65,0.1091,6404,4684.57,3309.08,3297.11,4583.79,1610612736,1073102448,1073741824,1084867128,0
45273,9.004,9.007,9.000,9.000,9.000,9.000,0.000,65.37,0.6537,4.139,0.000,65.37,65.37,0.00,0,0,-3.27257,65.37,65.37,0.00,0,0,65.37,0.00,0.00,0.00,0.00,1.000,1.000,0.00,0,255.00,1,65.23,65.27,-0.04,9.006,9.005,4.130,4.171,-0.003,-0.000,0.000,65.37,65,0.0342,6379,4702.93,3303.24,3297.11,4583.79,1610612736,1073102448,1073741824,1084867128,0
45416,9.024,9.012,9.000,9.000,9.000,9.000,0.000,65.31,0.6531,4.140,0.000,65.31,65.31,0.00,0,0,-3.27233,65.31,65.31,0.00,0,0,65.31,0.00,0.00,0.00,0.00,1.000,1.000,0.00,0,255.00,1,65.27,65.34,-0.07,9.011,9.010,4.145,4.095,0.015,0.000,0.001,65.31,65,0.2898,7634,3929.79,3429.84,3562.67,4898.67,0,1073086464,536870912,1085003096,0
45548,9.024,9.013,9.000,9.000,9.000,9.000,0.000,65.29,0.6529,4.140,0.000,65.29,65.29,0.00,0,0,-3.27188,65.29,65.29,0.00,0,0,65.29,0.00,0.00,0.00,0.00,1.000,1.000,0.00,0,255.00,1,65.26,65.34,-0.08,9.013,9.013,4.146,4.076,0.013,0.000,0.001,65.29,65,0.4401,10037,2988.94,3494.66,3562.67,4898.67,0,1073086464,536870912,1085003096,0
45648,9.001,9.008,9.000,9.000,9.000,9.000,0.000,65.32,0.6532,4.139,0.000,65.32,65.32,0.00,0,0,-3.27112,65.32,65.32,0.00,0,0,65.32,0.00,0.00,0.00,0.00,1.000,1.000,0.00,0,255.00,1,65.23,65.28,-0.05,9.008,9.008,4.135,4.134,-0.008,0.000,0.001,65.32,65,-0.0100,7860,3816.79,3531.08,3562.67,4898.67,0,1073086464,536870912,1085003096,0
45785,8.991,8.999,9.000,9.000,9.000,9.000,0.000,65.42,0.6542,4.138,0.000,65.42,65.42,0.00,0,0,-3.27051,65.42,65.42,0.00,0,0,65.42,0.00,0.00,0.00,0.00,1.000,1.000,0.00,0,255.00,1,65.38,65.38,0.01,8.999,8.998,4.141,4.221,-0.009,-0.000,0.000,65.42,65,-0.0196,6984,4295.53,3274.73,3043.88,4005.11,1073741824,1073024377,2147483648,1084737474,0
45927,9.020,9.011,9.000,9.000,9.000,9.000,0.000,65.24,0.6524,4.141,0.000,65.24,65.24,0.00,0,0,-3.26883,65.24,65.24,0.00,0,0,65.24,0.00,0.00,0.00,0.00,1.000,1.000,0.00,0,255.00,1,65.18,65.25,-0.07,9.011,9.012,4.138,4.059,0.010,0.000,0.001,65.24,65,0.3994,7128,4208.75,3045.24,3043.88,4005.11,1073741824,1073024377,2147483648,1084737474,0
46060,9.010,9.007,9.000,9.000,9.000,9.000,0.000,65.28,0.6528,4.140,0.000,65.28,65.28,0.00,0,0,-3.26829,65.28,65.28,0.00,0,0,65.28,0.00,0.00,0.00,0.00,1.000,1.000,0.00,0,255.00,1,65.19,65.24,-0.05,9.007,9.008,4.133,4.109,0.003,0.000,0.001,65.28,65,0.2937,6733,4455.67,3126.95,3455.76,4635.78,1610612736,1073051298,2684354560,1084948359,0
46197,8.999,9.005,9.000,9.000,9.000,9.000,0.000,65.28,0.6528,4.136,0.000,65.28,65.28,0.00,0,0,-3.26726,65.28,65.28,0.00,0,0,65.28,0.00,0.00,0.00,0.00,1.000,1.000,0.00,0,255.00,1,65.12,65.15,-0.03,9.005,9.006,4.120,4.151,-0.008,0.000,0.001,65.28,65,-0.0634,7033,4265.60,3287.41,3455.76,4635.78,1610612736,1073051298,2684354560,1084948359,0
46330,8.997,9.000,9.000,9.000,9.000,9.000,0.000,65.34,0.6534,4.136,0.000,65.34,65.34,0.00,0,0,-3.26685,65.34,65.34,0.00,0,0,65.34,0.00,0.00,0.00,0.00,1.000,1.000,0.00,0,255.00,1,65.26,65.26,0.00,9.000,9.000,4.132,4.194,-0.003,-0.000,0.000,65.34,66,-0.2114,7051,4254.72,3369.57,3455.76,4635.78,1610612736,1073051298,2684354560,1084948359,0
46434,9.008,9.008,9.000,9.000,9.000,9.000,0.000,65.21,0.6521,4.133,0.000,65.21,65.21,0.00,0,0,-3.26554,65.21,65.21,0.00,0,0,65.21,0.00,0.00,0.00,0.00,1.000,1.000,0.00,0,255.00,1,65.09,65.14,-0.05,9.008,9.009,4.124,4.121,-0.000,0.000,0.001,65.21,65,-0.1292,6835,4389.17,3417.91,3439.49,5486.81,1610612736,1073317400,3221225472,1084940028,0
46568,9.008,9.006,9.000,9.000,9.000,9.000,0.000,65.23,0.6523,4.133,0.000,65.23,65.23,0.00,0,0,-3.26513,65.23,65.23,0.00,0,0,65.23,0.00,0.00,0.00,0.00,1.000,1.000,0.00,0,255.00,1,65.17,65.20,-0.04,9.006,9.005,4.131,4.134,0.002,-0.000,0.000,65.23,66,-0.3723,7815,3838.77,3428.44,3439.49,5486.81,1610612736,1073317400,3221225472,1084940028,0
46668,9.015,9.016,9.000,9.000,9.000,9.000,0.000,65.09,0.6509,4.129,0.000,65.09,65.09,0.00,0,0,-3.26371,65.09,65.09,0.00,0,0,65.09,0.00,0.00,0.00,0.00,1.000,1.000,0.00,0,255.00,1,64.87,64.97,-0.10,9.016,9.017,4.109,4.067,-0.000,0.000,0.003,65.09,65,-0.0843,8066,3719.32,3433.84,3439.49,5486.81,1610612736,1073317400,3221225472,1084940028,0
46805,9.014,9.014,9.000,9.000,9.000,9.000,0.000,65.08,0.6508,4.127,0.000,65.08,65.08,0.00,0,0,-3.26266,65.08,65.08,0.00,0,0,65.08,0.00,0.00,0.00,0.00,1.000,1.000,0.00,0,255.00,1,64.87,64.95,-0.09,9.014,9.015,4.108,4.086,-0.000,0.000,0.002,65.08,65,0.2817,6923,4333.38,3405.96,3286.30,4007.68,1073741824,1072923423,536870912,1084861594,0
46944,9.007,9.010,9.000,9.000,9.000,9.000,0.000,65.12,0.6512,4.125,0.000,65.12,65.12,0.00,0,0,-3.26182,65.12,65.12,0.00,0,0,65.12,0.00,0.00,0.00,0.00,1.000,1.000,0.00,0,255.00,1,64.96,65.02,-0.06,9.010,9.010,4.114,4.125,-0.003,0.000,0.001,65.12,65,-0.3211,7512,3993.61,3347.57,3286.30,4007.68,1073741824,1072923423,536870912,1084861594,0
47078,9.013,9.009,9.000,9.000,9.000,9.000,0.000,65.12,0.6512,4.126,0.000,65.12,65.12,0.00,0,0,-3.26134,65.12,65.12,0.00,0,0,65.12,0.00,0.00,0.00,0.00,1.000,1.000,0.00,0,255.00,1,65.04,65.10,-0.05,9.009,9.008,4.126,4.116,0.005,-0.000,0.001,65.12,65,0.1810,6217,4825.48,3317.67,3286.30,4007.68,1073741824,1072923423,536870912,1084861594,0
47179,9.027,9.015,9.000,9.000,9.000,9.000,0.000,65.04,0.6504,4.125,0.000,65.04,65.04,0.00,0,0,-3.26084,65.04,65.04,0.00,0,0,65.04,0.00,0.00,0.00,0.00,1.000,1.000,0.00,0,255.00,1,64.95,65.04,-0.09,9.015,9.014,4.124,4.055,0.014,0.000,0.002,65.04,65,0.4257,8270,3627.57,3323.68,3372.82,5139.53,536870912,1073242502,536870912,1084905890,0
47316,9.008,9.007,9.000,9.000,9.000,9.000,0.000,65.11,0.6511,4.124,0.000,65.11,65.11,0.00,0,0,-3.25985,65.11,65.11,0.00,0,0,65.11,0.00,0.00,0.00,0.00,1.000,1.000,0.00,0,255.00,1,65.05,65.09,-0.04,9.007,9.006,4.125,4.133,0.001,-0.000,0.000,65.11,65,-0.1562,7008,4280.82,3360.88,3372.82,5139.53,536870912,1073242502,536870912,1084905890,0
47456,9.024,9.013,9.000,9.000,9.000,9.000,0.000,65.03,0.6503,4.124,0.000,65.03,65.03,0.00,0,0,-3.25930,65.03,65.03,0.00,0,0,65.03,0.00,0.00,0.00,0.00,1.000,1.000,0.00,0,255.00,1,64.97,65.05,-0.08,9.013,9.013,4.126,4.062,0.012,0.000,0.001,65.03,65,0.2012,7011,4278.99,3366.71,3372.82,5139.53,536870912,1073242502,536870912,1084905890,0
47592,9.015,9.008,9.000,9.000,9.000,9.000,0.000,65.08,0.6508,4.124,0.000,65.08,65.08,0.00,0,0,-3.25891,65.08,65.08,0.00,0,0,65.08,0.00,0.00,0.00,0.00,1.000,1.000,0.00,0,255.00,1,65.07,65.12,-0.05,9.008,9.007,4.131,4.106,0.008,0.000,0.000,65.08,65,-0.4096,6882,4359.20,3316.30,3260.93,4772.09,-2147483648,1073179173,1073741824,1084848604,0
47692,9.008,9.011,9.000,9.000,9.000,9.000,0.000,65.03,0.6503,4.122,0.000,65.03,65.03,0.00,0,0,-3.25815,65.03,65.03,0.00,0,0,65.03,0.00,0.00,0.00,0.00,1.000,1.000,0.00,0,255.00,1,64.94,65.00,-0.07,9.011,9.011,4.119,4.089,-0.003,0.000,0.001,65.03,65,-0.3787,9121,3289.11,3302.00,3260.93,4772.09,-2147483648,1073179173,3758096384,1084863033,1
47826,8.994,9.004,9.000,9.000,9.000,9.000,0.000,65.09,0.6509,4.120,0.000,65.09,65.09,0.00,0,0,-3.25698,65.09,65.09,0.00,0,0,65.09,0.00,0.00,0.00,0.00,1.000,1.000,0.00,0,255.00,1,64.96,64.98,-0.02,9.004,9.003,4.111,4.176,-0.011,-0.000,0.000,65.09,66,-0.4112,8930,3359.46,3301.67,3260.93,4772.09,-2147483648,1073179173,3221225472,1084899052,1
47965,9.005,9.006,9.000,9.000,9.000,9.000,0.000,65.03,0.6503,4.118,0.000,65.03,65.03,0.00,0,0,-3.25510,65.03,65.03,0.00,0,0,65.03,0.00,0.00,0.00,0.00,1.000,1.000,0.00,0,255.00,1,64.98,65.01,-0.04,9.006,9.006,4.121,4.135,-0.001,0.000,0.000,65.03,65,-0.2167,6393,4692.63,3318.27,3227.09,4275.89,1073741824,1073034035,1073741824,1084831278,0
48100,8.992,9.000,9.000,9.000,9.000,9.000,0.000,65.06,0.6506,4.119,0.000,65.06,65.06,0.00,0,0,-3.25313,65.06,65.06,0.00,0,0,65.06,0.00,0.00,0.00,0.00,1.000,1.000,0.00,0,255.00,1,65.07,65.07,-0.00,9.000,8.999,4.126,4.162,-0.009,-0.000,0.000,65.06,65,0.2091,8266,3629.32,3230.30,3227.09,4275.89,1073741824,1073034035,1073741824,1084831278,0
48200,9.013,9.012,9.000,9.000,9.000,9.000,0.000,64.91,0.6491,4.117,0.000,64.91,64.91,0.00,0,0,-3.25248,64.91,64.91,0.00,0,0,64.91,0.00,0.00,0.00,0.00,1.000,1.000,0.00,0,255.00,1,64.83,64.90,-0.07,9.012,9.012,4.114,4.060,0.002,0.000,0.001,64.91,65,0.0566,6909,4342.16,3229.14,3227.09,4275.89,1073741824,1073034035,1073741824,1084831278,0
48335,9.001,9.006,9.000,9.000,9.000,9.000,0.000,64.96,0.6496,4.116,0.000,64.96,64.96,0.00,0,0,-3.25181,64.96,64.96,0.00,0,0,64.96,0.00,0.00,0.00,0.00,1.000,1.000,0.00,0,255.00,1,64.87,64.91,-0.04,9.006,9.006,4.111,4.121,-0.006,0.000,0.000,64.96,65,-0.0863,6292,4767.96,3319.89,3481.96,5020.50,1073741824,1073156572,2147483648,1084961771,0
48476,9.012,9.009,9.000,9.000,9.000,9.000,0.000,64.92,0.6492,4.116,0.000,64.92,64.92,0.00,0,0,-3.25139,64.92,64.92,0.00,0,0,64.92,0.00,0.00,0.00,0.00,1.000,1.000,0.00,0,255.00,1,64.85,64.90,-0.06,9.009,9.009,4.114,4.080,0.002,0.000,0.001,64.92,65,-0.1549,6876,4363.00,3398.98,3481.96,5020.50,1073741824,1073156572,2147483648,1084961771,0
48610,9.010,9.015,9.000,9.000,9.000,9.000,0.000,64.82,0.6482,4.111,0.000,64.82,64.82,0.00,0,0,-3.24987,64.82,64.82,0.00,0,0,64.82,0.00,0.00,0.00,0.00,1.000,1.000,0.00,0,255.00,1,64.59,64.68,-0.09,9.015,9.015,4.090,4.063,-0.005,0.000,0.002,64.82,65,0.2599,6652,4509.92,3439.48,3481.96,5020.50,1073741824,1073156572,2147483648,1084961771,0
48713,9.010,9.006,9.000,9.000,9.000,9.000,0.000,64.93,0.6493,4.112,0.000,64.93,64.93,0.00,0,0,-3.24967,64.93,64.93,0.00,0,0,64.93,0.00,0.00,0.00,0.00,1.000,1.000,0.00,0,255.00,1,64.81,64.84,-0.03,9.005,9.005,4.105,4.137,0.005,-0.000,0.000,64.93,65,0.1729,6255,4796.16,3416.09,3374.52,5704.55,-1073741824,1073417264,1073741824,1084906764,0
48814,8.998,9.003,9.000,9.000,9.000,9.000,0.000,64.95,0.6495,4.112,0.000,64.95,64.95,0.00,0,0,-3.24935,64.95,64.95,0.00,0,0,64.95,0.00,0.00,0.00,0.00,1.000,1.000,0.00,0,255.00,1,64.89,64.90,-0.02,9.002,9.001,4.111,4.157,-0.005,-0.000,0.000,64.95,65,0.0179,8295,3616.64,3401.13,3374.52,5704.55,-1073741824,1073417264,1073741824,1084906764,0
48947,9.019,9.017,9.000,9.000,9.000,9.000,0.000,64.76,0.6476,4.108,0.000,64.76,64.76,0.00,0,0,-3.24796,64.76,64.76,0.00,0,0,64.76,0.00,0.00,0.00,0.00,1.000,1.000,0.00,0,255.00,1,64.56,64.66,-0.10,9.017,9.017,4.092,4.039,0.003,0.000,0.003,64.76,64,0.3734,7258,4133.37,3388.15,3374.52,5704.55,-1073741824,1073417264,1073741824,1084906764,0
49086,9.001,9.003,9.000,9.000,9.000,9.000,0.000,64.90,0.6490,4.107,0.000,64.90,64.90,0.00,0,0,-3.24686,64.90,64.90,0.00,0,0,64.90,0.00,0.00,0.00,0.00,1.000,1.000,0.00,0,255.00,1,64.80,64.82,-0.02,9.003,9.002,4.104,4.169,-0.002,-0.000,0.000,64.90,65,-0.2970,6565,4569.69,3355.22,3257.43,4210.83,1073741824,1073000148,2147483648,1084846813,0
49224,9.005,9.006,9.000,9.000,9.000,9.000,0.000,64.85,0.6485,4.106,0.000,64.85,64.85,0.00,0,0,-3.24595,64.85,64.85,0.00,0,0,64.85,0.00,0.00,0.00,0.00,1.000,1.000,0.00,0,255.00,1,64.80,64.84,-0.03,9.006,9.006,4.109,4.132,-0.001,0.000,0.000,64.85,65,0.0392,7133,4205.80,3296.07,3257.43,4210.83,1073741824,1073000148,2147483648,1084846813,0
49357,9.011,9.009,9.000,9.000,9.000,9.000,0.000,64.79,0.6479,4.105,0.000,64.79,64.79,0.00,0,0,-3.24517,64.79,64.79,0.00,0,0,64.79,0.00,0.00,0.00,0.00,1.000,1.000,0.00,0,255.00,1,64.73,64.78,-0.06,9.009,9.010,4.107,4.095,0.002,0.000,0.001,64.79,64,0.4512,6699,4478.28,3284.01,3257.43,4210.83,1073741824,1073000148,2147483648,1084846813,0
49499,8.996,9.004,9.000,9.000,9.000,9.000,0.000,64.84,0.6484,4.104,0.000,64.84,64.84,0.00,0,0,-3.24425,64.84,64.84,0.00,0,0,64.84,0.00,0.00,0.00,0.00,1.000,1.000,0.00,0,255.00,1,64.76,64.79,-0.02,9.004,9.004,4.103,4.153,-0.009,0.000,0.000,64.84,65,-0.2467,6506,4611.13,3226.12,3165.39,4058.19,1073741824,1072989000,1610612736,1084799686,0
49633,9.003,9.009,9.000,9.000,9.000,9.000,0.000,64.75,0.6475,4.101,0.000,64.75,64.75,0.00,0,0,-3.24317,64.75,64.75,0.00,0,0,64.75,0.00,0.00,0.00,0.00,1.000,1.000,0.00,0,255.00,1,64.63,64.69,-0.06,9.009,9.010,4.096,4.107,-0.007,0.000,0.001,64.75,65,-0.0656,6195,4842.62,3196.48,3165.39,4058.19,1073741824,1072989000,1610612736,1084799686,0
49736,9.012,9.014,9.000,9.000,9.000,9.000,0.000,64.67,0.6467,4.099,0.000,64.67,64.67,0.00,0,0,-3.24222,64.67,64.67,0.00,0,0,64.67,0.00,0.00,0.00,0.00,1.000,1.000,0.00,0,255.00,1,64.48,64.57,-0.09,9.015,9.016,4.086,4.066,-0.003,0.000,0.002,64.67,64,0.2510,6155,4874.09,3185.29,3165.39,4058.19,1073741824,1072989000,1610612736,1084799686,0
49870,9.020,9.013,9.000,9.000,9.000,9.000,0.000,64.68,0.6468,4.098,0.000,64.68,64.68,0.00,0,0,-3.24137,64.68,64.68,0.00,0,0,64.68,0.00,0.00,0.00,0.00,1.000,1.000,0.00,0,255.00,1,64.55,64.62,-0.08,9.013,9.013,4.093,4.075,0.008,0.000,0.002,64.68,64,0.4127,7871,3811.46,3374.68,3573.38,5002.73,1610612736,1073112678,2147483648,1085008576,0
50009,9.015,9.011,9.000,9.000,9.000,9.000,0.000,64.69,0.6469,4.099,0.000,64.69,64.69,0.00,0,0,-3.24079,64.69,64.69,0.00,0,0,64.69,0.00,0.00,0.00,0.00,1.000,1.000,0.00,0,255.00,1,64.62,64.69,-0.07,9.011,9.011,4.101,4.079,0.005,0.000,0.001,64.69,65,-0.3539,7374,4068.35,3505.28,3573.38,5002.73,1610612736,1073112678,2147483648,1085008576,0
50144,9.025,9.014,9.000,9.000,9.000,9.000,0.000,64.64,0.6464,4.098,0.000,64.64,64.64,0.00,0,0,-3.24020,64.64,64.64,0.00,0,0,64.64,0.00,0.00,0.00,0.00,1.000,1.000,0.00,0,255.00,1,64.59,64.67,-0.09,9.014,9.014,4.103,4.038,0.012,0.000,0.002,64.64,65,-0.1621,6343,4729.62,3524.99,3505.76,5985.45,-1073741824,1073434923,0,1084973958,0
50284,9.018,9.015,9.000,9.000,9.000,9.000,0.000,64.59,0.6459,4.095,0.000,64.59,64.59,0.00,0,0,-3.23851,64.59,64.59,0.00,0,0,64.59,0.00,0.00,0.00,0.00,1.000,1.000,0.00,0,255.00,1,64.42,64.52,-0.09,9.015,9.016,4.085,4.048,0.003,0.000,0.002,64.59,64,0.2936,7192,4171.30,3513.64,3505.76,5985.45,-1073741824,1073434923,0,1084973958,0
=== SHOT TELEMETRY END ===
