# SHOT START
# legend_version=3
# time_base=ms_since_boot
# units: pressure=bar, flow=ml_s, output=percent, derivative=bar_s
# raw_p = raw pressure sensor reading
# flt_p = filtered pressure used by controller
# sp_raw = raw incoming pressure setpoint currently held by the profile engine
# sp_flt = filtered pressure setpoint actually used internally by the controller
# sp_recipe = visual recipe reference; ideal profile target for display/comparison
# sp_ctrl = control reference after internal conditioning; command seen by control logic
# sp_flt_d = derivative of filtered pressure setpoint
# ctrl_out = final controller output command in percent
# pump_duty = internal normalized pressure-branch duty estimate
# pump_flow = estimated pump flow
# coffee_flow = estimated outflow through puck / coffee flow
# u_raw = pressure branch output after clamp and before final slew limiter
# u_applied = pressure branch output after final slew limiter
# u_delta = u_raw - u_applied; limiter intervention magnitude
# limiter_active_up = 1 when rise slew limiter is active
# limiter_active_down = 1 when drop slew limiter is active
# error_integral = integral state of legacy pressure controller
# u_unclamped_raw = controller output before 0..100 clamp
# u_clamped_raw = controller output after 0..100 clamp and before slew limiter
# u_clamp_delta = u_unclamped_raw - u_clamped_raw
# clamp_active_high = 1 when output was clipped by upper clamp
# clamp_active_low = 1 when output was clipped by lower clamp
# u_fb = legacy pressure feedback contribution
# u_ff_hold = static feedforward contribution
# u_ff_dyn = dynamic feedforward contribution
# u_ff_dyn_raw = raw dynamic feedforward request before FF-path LPF and slew limiting
# ff_pressure_w = pressure-window weight applied to dynamic FF
# ff_above_w = above-target suppression weight applied to dynamic FF
# ff_gamma = ramp-dependent gamma multiplier applied to dynamic FF
# u_ff_total = total feedforward contribution
# ramp_hold_active = 1 when the downstream drop-rate hold is active during ramp-up
# drop_rate_active = active downstream output drop-rate cap in percent per second
# mpc_shadow_enabled = 1 when shadow MPC is being computed in parallel
# mpc_u_shadow = total output suggested by shadow MPC; not applied to actuator in shadow stage
# mpc_u_ss = steady-state component suggested by shadow MPC
# mpc_u_trim = corrective trim component suggested by shadow MPC
# mpc_p1_pred = one-step pressure prediction from shadow MPC model
# mpc_pn_pred = terminal pressure prediction at end of shadow MPC horizon
# mpc_qout_est = estimated outflow / load used by shadow MPC model
# mpc_qout_raw = instantaneous outflow / load estimate before shadow-MPC LPF
# mpc_residual = measured minus predicted pressure residual for shadow MPC
# mpc_residual_bias = low-pass residual bias term added to shadow predictions
# mpc_cost = shadow MPC objective value
# power_cmd = floating-point power command sent to pump stage before integer quantization
# power_psm_quantized = integer power actually sent to PSM
# power_quant_residual = sigma-delta residual kept for next quantization step
# tach_period_us = measured time between valid tach pulses in microseconds
# tach_rpm_inst = instantaneous RPM derived from tach_period_us and pulses-per-revolution
# tach_rpm_ema = exponentially filtered published RPM intended for easier visual analysis
# tach_rpm_count_window = RPM derived from ISR-accepted pulse counts over a fixed time window
# tach_rpm_count_window_pcnt_raw = RPM derived from raw PCNT hardware counts over the same window (diagnostic only)
# tach_pcnt_ratio = raw PCNT pulse count divided by ISR-accepted pulse count in the current window
# tach_rpm_pub = RPM value selected for operational use after comparing period and count-window estimates
# tach_quality_ok = 1 when period and count-window RPM agree within tolerance
# tach_rpm_source = 0=none, 1=period branch, 2=count-window fallback
# tach_pulse_count = total number of valid tach pulses seen since the last reset
# tach_glitch_rejects = number of tach edges rejected as implausibly fast glitches or plausibility failures
# tach_pcnt_healthy = 1 when raw PCNT windows have matched ISR-accepted windows for multiple consecutive updates
# tach_timeout = 1 when no recent tach pulse is available and RPM is forced to zero
ms,raw_p,flt_p,sp_raw,sp_flt,sp_recipe,sp_ctrl,sp_flt_d,ctrl_out,pump_duty,pump_flow,coffee_flow,u_raw,u_applied,u_delta,limiter_active_up,limiter_active_down,error_integral,u_unclamped_raw,u_clamped_raw,u_clamp_delta,clamp_active_high,clamp_active_low,u_fb,u_ff_hold,u_ff_dyn,u_ff_dyn_raw,ff_pressure_w,ff_above_w,ff_gamma,u_ff_total,ramp_hold_active,drop_rate_active,mpc_shadow_enabled,mpc_u_shadow,mpc_u_ss,mpc_u_trim,mpc_p1_pred,mpc_pn_pred,mpc_qout_est,mpc_qout_raw,mpc_residual,mpc_residual_bias,mpc_cost,power_cmd,power_psm_quantized,power_quant_residual,tach_period_us,tach_rpm_inst,tach_rpm_ema,tach_rpm_count_window,tach_rpm_count_window_pcnt_raw,tach_pcnt_ratio,tach_rpm_pub,tach_quality_ok,tach_rpm_source,tach_pulse_count,tach_glitch_rejects,tach_pcnt_healthy,tach_timeout
24540,0.041,0.040,9.000,0.402,9.000,0.402,12.929,5.70,0.2062,0.084,0.000,20.62,5.70,14.92,1,0,0.00000,20.62,20.62,0.00,0,0,20.62,0.00,0.00,0.00,0.00,1.000,1.000,0.00,1,60.00,1,51.58,48.13,3.45,0.227,1.125,0.106,0.973,0.000,0.000,38.163,5.70,6,-0.3000,0,0.00,0.00,0.00,0.00,0.000,0.00,0,0,0,0,0,1
24679,0.044,0.043,9.000,2.989,9.000,2.989,29.429,22.80,0.4543,0.770,0.000,45.43,22.80,22.63,1,0,0.00000,45.43,45.43,0.00,0,0,42.59,0.00,2.85,8.50,0.79,1.000,1.126,2.85,1,60.00,1,62.54,57.54,5.00,0.227,1.107,0.950,3.882,-0.187,-0.024,306.191,22.80,23,-0.0000,7582,3956.74,3757.97,0.00,0.00,0.000,3956.74,0,1,14,189,0,0
24817,0.049,0.049,9.000,5.076,9.000,5.076,20.109,39.90,0.6560,1.986,0.000,65.60,39.90,25.70,1,0,0.00000,65.60,65.60,0.00,0,0,60.17,0.00,5.43,8.50,1.00,1.000,1.160,5.43,1,60.00,1,71.94,66.94,5.00,0.217,1.012,2.394,6.776,-0.174,-0.044,392.632,39.90,40,-0.4000,6357,4719.21,4089.02,0.00,0.00,0.000,4719.21,0,1,29,313,0,0
24954,0.070,0.064,9.000,6.447,9.000,6.447,13.113,57.00,0.7852,3.604,0.000,78.52,57.00,21.52,1,0,0.00000,78.52,78.52,0.00,0,0,71.68,0.00,6.84,8.50,1.00,1.000,1.160,6.84,1,60.00,1,81.35,76.35,5.00,0.212,0.906,4.255,9.608,-0.148,-0.059,449.283,57.00,57,-0.5000,6646,4513.99,4000.78,0.00,0.00,0.000,4513.99,0,1,44,580,0,0
25091,0.304,0.213,9.000,7.339,9.000,7.339,8.532,74.10,0.8634,5.515,0.000,86.34,74.10,12.24,1,0,0.00000,86.34,86.34,0.00,0,0,78.75,0.00,7.60,8.50,0.98,1.000,1.157,7.60,0,255.00,1,90.75,85.75,5.00,0.345,0.960,6.255,11.407,-0.035,-0.063,473.447,74.10,74,-0.3000,7250,4137.93,3667.31,3317.44,3243.72,0.978,3317.44,0,2,59,852,0,0
25224,5.897,4.454,9.000,7.919,9.000,7.919,5.551,73.11,0.7240,6.754,0.000,72.40,73.11,-0.71,0,1,-0.25053,72.40,72.40,0.00,0,0,64.39,0.00,8.01,8.50,0.65,1.000,1.104,8.01,0,255.00,1,90.21,85.21,5.00,4.653,5.581,5.091,0.000,1.383,0.080,94.259,73.11,73,0.3680,7296,4111.84,3496.58,3317.44,3243.72,0.978,3317.44,0,2,74,1158,0,0
25361,7.044,6.737,9.000,8.297,9.000,8.297,3.611,50.16,0.4966,6.472,0.000,49.66,50.16,-0.50,0,1,-0.42749,49.66,49.66,0.00,0,0,41.43,0.00,8.23,8.50,0.34,1.000,1.054,8.23,0,255.00,1,77.59,72.59,5.00,6.891,7.613,3.600,0.000,0.178,0.080,24.689,50.16,50,-0.2050,6832,4391.10,3431.43,3317.44,3243.72,0.978,3317.44,0,2,89,1742,0,0
25493,4.168,4.981,9.000,8.543,9.000,8.543,2.349,67.26,0.7694,6.456,0.000,76.94,67.26,9.68,1,0,-0.42749,76.94,76.94,0.00,0,0,70.66,0.00,6.27,2.68,0.16,1.000,1.026,6.27,0,255.00,1,80.82,75.82,5.00,5.091,5.611,2.656,1.015,-1.031,-0.026,95.508,67.26,67,0.4721,6751,4443.79,3391.09,3312.13,4710.58,1.422,3312.13,0,2,104,2052,0,0
25593,4.729,4.635,9.000,8.657,9.000,8.657,1.764,78.66,0.7996,6.849,0.000,79.96,78.66,1.30,1,0,-0.42749,79.96,79.96,0.00,0,0,75.29,0.00,4.67,1.20,0.10,1.000,1.015,4.67,0,255.00,1,87.67,82.67,5.00,4.732,5.182,3.444,6.544,0.007,-0.047,120.143,78.66,79,0.0901,6941,4322.14,3362.66,3312.13,4710.58,1.422,3312.13,0,2,115,2258,0,0
25726,6.984,6.315,9.000,8.777,9.000,8.777,1.147,66.00,0.6558,6.990,0.000,65.58,66.00,-0.42,0,1,-0.70436,65.58,65.58,0.00,0,0,62.80,0.00,2.77,0.35,0.04,1.000,1.007,2.77,0,255.00,1,70.56,65.56,5.00,6.421,6.922,2.690,0.000,0.634,0.019,38.448,66.00,66,0.0190,7166,4186.44,3325.85,3312.13,4710.58,1.422,3312.13,0,2,129,2617,0,0
25865,6.089,6.346,9.000,8.855,9.000,8.855,0.746,68.33,0.6833,6.745,0.000,68.33,68.33,0.00,0,0,-0.90815,68.33,68.33,0.00,0,0,66.75,0.00,1.58,0.10,0.02,1.000,1.003,1.58,0,255.00,1,62.94,57.94,5.00,6.437,6.869,1.902,0.000,-0.382,0.003,40.527,68.33,69,-0.2502,6527,4596.29,3267.77,3206.84,5098.06,1.590,3206.84,0,2,144,3123,0,0
25997,6.073,5.885,9.000,8.905,9.000,8.905,0.486,76.75,0.7675,6.983,0.000,76.75,76.75,0.00,0,0,-1.09518,76.75,76.75,0.00,0,0,75.88,0.00,0.87,0.03,0.01,1.000,1.001,0.87,0,255.00,1,73.99,68.99,5.00,5.951,6.264,3.161,5.844,0.140,-0.026,63.664,76.75,77,0.2174,7760,3865.98,3217.96,3206.84,5098.06,1.590,3206.84,0,2,159,3453,0,0
26097,7.524,6.907,9.000,8.929,9.000,8.929,0.365,66.26,0.6533,6.900,0.000,65.33,66.26,-0.93,0,1,-1.23649,65.33,65.33,0.00,0,0,64.74,0.00,0.59,0.01,0.00,1.000,1.000,0.59,0,255.00,1,64.63,59.63,5.00,6.986,7.359,2.800,0.000,0.609,0.016,24.745,66.26,66,0.3865,6574,4563.43,3213.96,3206.84,5098.06,1.590,3206.84,0,2,170,3820,0,0
26230,8.077,7.982,9.000,8.954,9.000,8.954,0.237,46.54,0.4654,6.218,0.000,46.54,46.54,0.00,0,0,-1.33919,46.54,46.54,0.00,0,0,46.22,0.00,0.32,0.00,0.00,1.000,1.000,0.32,0,255.00,1,46.86,41.86,5.00,8.063,8.456,1.980,0.000,0.019,0.048,3.763,46.54,46,0.4984,7496,4002.13,3260.64,3309.61,5812.00,1.756,3309.61,0,2,183,4630,0,0
26367,6.687,7.093,9.000,8.970,9.000,8.970,0.154,62.14,0.6488,5.850,0.000,64.88,62.14,2.74,1,0,-1.37325,64.88,64.88,0.00,0,0,64.71,0.00,0.17,0.00,0.00,1.000,1.000,0.17,0,255.00,1,54.10,49.10,5.00,7.146,7.399,1.899,4.572,-0.516,-0.007,23.525,62.14,62,-0.1668,7382,4063.94,3282.06,3309.61,5812.00,1.756,3309.61,0,2,197,5072,0,0
26500,7.396,7.184,9.000,8.980,9.000,8.980,0.100,65.28,0.6528,5.852,0.000,65.28,65.28,0.00,0,0,-1.48790,65.28,65.28,0.00,0,0,65.18,0.00,0.09,0.00,0.00,1.000,1.000,0.09,0,255.00,1,63.16,58.16,5.00,7.228,7.438,3.007,4.005,0.190,-0.007,21.421,65.28,65,0.1432,7509,3995.21,3295.51,3309.61,5812.00,1.756,3309.61,0,2,212,5469,0,0
26600,8.526,8.124,9.000,8.985,9.000,8.985,0.075,49.98,0.4758,5.565,0.000,47.58,49.98,-2.40,0,1,-1.55275,47.58,47.58,0.00,0,0,47.51,0.00,0.06,0.00,0.00,1.000,1.000,0.06,0,255.00,1,50.00,45.13,4.87,8.183,8.466,2.387,0.000,0.389,0.031,3.295,49.98,50,-0.2566,9137,3283.35,3266.88,3131.80,4324.86,1.381,3283.35,1,1,221,5921,0,0
26733,7.899,8.072,9.000,8.990,9.000,8.990,0.049,50.07,0.5007,5.040,0.000,50.07,50.07,0.00,0,0,-1.61982,50.07,50.07,0.00,0,0,50.03,0.00,0.03,0.00,0.00,1.000,1.000,0.03,0,255.00,1,45.05,40.05,5.00,8.124,8.375,1.698,0.097,-0.244,0.016,4.457,50.07,50,0.1916,7357,4077.75,3200.96,3131.80,4324.86,1.381,3131.80,0,2,236,6548,0,0
26871,6.791,6.978,9.000,8.994,9.000,8.994,0.032,67.17,0.7084,5.091,0.000,70.84,67.17,3.67,1,0,-1.61982,70.84,70.84,0.00,0,0,70.82,0.00,0.02,0.00,0.00,1.000,1.000,0.02,0,255.00,1,67.95,62.95,5.00,6.991,7.054,3.623,10.262,-0.225,-0.037,30.963,67.17,68,-0.4047,7060,4249.29,3167.21,3131.80,4324.86,1.381,3131.80,0,2,250,6820,0,0
27004,8.298,7.861,9.000,8.996,9.000,8.996,0.021,58.22,0.5721,5.143,0.000,57.21,58.22,-1.01,0,1,-1.76068,57.21,57.21,0.00,0,0,57.20,0.00,0.01,0.00,0.00,1.000,1.000,0.01,0,255.00,1,65.84,60.84,5.00,7.888,8.018,4.035,1.094,0.462,0.005,9.183,58.22,58,0.3275,7877,3808.56,3159.09,3150.58,4039.21,1.282,3150.58,0,2,265,7326,0,0
27140,8.501,8.531,9.000,8.997,9.000,8.997,0.014,43.28,0.4328,4.674,0.000,43.28,43.28,0.00,0,0,-1.80755,43.28,43.28,0.00,0,0,43.28,0.00,0.01,0.00,0.00,1.000,1.000,0.01,0,255.00,1,46.79,44.18,2.61,8.567,8.740,2.853,0.000,-0.068,0.028,1.017,43.28,43,0.0964,6996,4288.16,3154.94,3150.58,4039.21,1.282,3150.58,0,2,281,7639,0,0
27277,6.881,7.306,9.000,8.998,9.000,8.998,0.009,59.51,0.6883,4.575,0.000,68.83,59.51,9.32,1,0,-1.82791,68.83,68.83,0.00,0,0,68.82,0.00,0.00,0.00,0.00,1.000,1.000,0.00,0,255.00,1,63.50,58.50,5.00,7.309,7.326,3.620,9.567,-0.486,-0.033,22.756,59.51,60,-0.4689,6994,4289.39,3152.81,3150.58,4039.21,1.282,3150.58,0,2,297,7982,0,0
27380,6.863,6.927,9.000,8.999,9.000,8.999,0.007,70.91,0.7479,4.809,0.000,74.79,70.91,3.88,1,0,-1.82791,74.79,74.79,0.00,0,0,74.79,0.00,0.00,0.00,0.00,1.000,1.000,0.00,0,255.00,1,80.54,75.54,5.00,6.923,6.904,5.140,11.037,-0.066,-0.046,36.000,70.91,71,-0.3458,8518,3521.95,3276.81,3466.36,4351.39,1.255,3521.95,1,1,307,8190,0,0
27512,8.756,8.296,9.000,8.999,9.000,8.999,0.004,55.95,0.5070,4.842,0.000,50.70,55.95,-5.25,0,1,-1.93891,50.70,50.70,0.00,0,0,50.70,0.00,0.00,0.00,0.00,1.000,1.000,0.00,0,255.00,1,68.11,63.99,4.12,8.319,8.429,4.675,0.000,0.493,0.018,4.776,55.95,55,0.4583,8091,3707.82,3377.02,3466.36,4351.39,1.255,3466.36,0,2,323,8694,0,0
27652,8.668,8.704,9.000,8.999,9.000,8.999,0.003,43.85,0.4385,4.410,0.000,43.85,43.85,0.00,0,0,-1.96663,43.85,43.85,0.00,0,0,43.85,0.00,0.00,0.00,0.00,1.000,1.000,0.00,0,255.00,1,49.21,47.60,1.61,8.733,8.874,3.305,0.000,-0.067,0.030,0.620,43.85,44,-0.2872,7257,4133.94,3420.61,3466.36,4351.39,1.255,3466.36,0,2,335,9053,0,0
27784,6.834,7.257,9.000,9.000,9.000,9.000,0.002,60.95,0.7183,4.406,0.000,71.83,60.95,10.88,1,0,-1.96663,71.83,71.83,0.00,0,0,71.83,0.00,0.00,0.00,0.00,1.000,1.000,0.00,0,255.00,1,69.48,64.48,5.00,7.250,7.216,4.359,10.543,-0.472,-0.039,25.977,60.95,60,0.4634,6959,4310.96,3277.48,3127.31,4249.94,1.359,3127.31,0,2,351,9369,0,0
27886,6.984,6.994,9.000,9.000,9.000,9.000,0.001,72.35,0.7590,4.683,0.000,75.90,72.35,3.55,1,0,-1.96663,75.90,75.90,0.00,0,0,75.90,0.00,0.00,0.00,0.00,1.000,1.000,0.00,0,255.00,1,85.37,80.37,5.00,6.986,6.945,5.715,10.937,0.001,-0.046,35.322,72.35,72,0.4637,9876,3037.67,3205.49,3127.31,4249.94,1.359,3037.67,1,1,361,9569,0,0
28019,8.902,8.479,9.000,9.000,9.000,9.000,0.001,55.51,0.4871,4.705,0.000,48.71,55.51,-6.80,0,1,-2.06091,48.71,48.71,0.00,0,0,48.71,0.00,0.00,0.00,0.00,1.000,1.000,0.00,0,255.00,1,68.45,65.42,3.03,8.499,8.596,4.915,0.000,0.453,0.024,3.565,55.51,56,-0.0481,6306,4757.37,3167.34,3127.31,4249.94,1.359,3127.31,0,2,376,9982,0,0
28158,8.646,8.715,9.000,9.000,9.000,9.000,0.001,45.94,0.4594,4.316,0.000,45.94,45.94,0.00,0,0,-2.08382,45.94,45.94,0.00,0,0,45.94,0.00,0.00,0.00,0.00,1.000,1.000,0.00,0,255.00,1,51.50,49.93,1.57,8.741,8.868,3.475,0.000,-0.101,0.027,0.645,45.94,46,0.4324,6436,4661.28,3178.94,3191.11,4582.10,1.436,3191.11,0,2,390,10246,0,0
28291,6.976,7.336,9.000,9.000,9.000,9.000,0.000,63.04,0.7235,4.370,0.000,72.35,63.04,9.31,1,0,-2.08382,72.35,72.35,0.00,0,0,72.35,0.00,0.00,0.00,0.00,1.000,1.000,0.00,0,255.00,1,72.53,67.53,5.00,7.329,7.294,4.630,10.423,-0.400,-0.038,24.007,63.04,63,0.4404,6227,4817.73,3184.88,3191.11,4582.10,1.436,3191.11,0,2,405,10607,0,0
28430,7.681,7.464,9.000,9.000,9.000,9.000,0.000,70.92,0.7092,4.752,0.000,70.92,70.92,0.00,0,0,-2.12990,70.92,70.92,0.00,0,0,70.92,0.00,0.00,0.00,0.00,1.000,1.000,0.00,0,255.00,1,87.34,82.34,5.00,7.461,7.446,6.106,8.031,0.244,-0.026,22.426,70.92,71,0.2509,7129,4208.16,3230.25,3338.43,4622.44,1.385,3338.43,0,2,419,11008,0,0
28561,9.073,8.819,9.000,9.000,9.000,9.000,0.000,47.97,0.4629,4.543,0.000,46.29,47.97,-1.68,0,1,-2.17886,46.29,46.29,0.00,0,0,46.29,0.00,0.00,0.00,0.00,1.000,1.000,0.00,0,255.00,1,59.59,58.62,0.97,8.840,8.939,4.541,0.000,0.262,0.035,1.707,47.97,48,0.1059,10253,2925.97,3293.73,3338.43,4622.44,1.385,3338.43,0,2,432,11612,0,0
28661,8.517,8.652,9.000,9.000,9.000,9.000,0.000,48.93,0.4893,4.320,0.000,48.93,48.93,0.00,0,0,-2.19531,48.93,48.93,0.00,0,0,48.93,0.00,0.00,0.00,0.00,1.000,1.000,0.00,0,255.00,1,54.46,52.49,1.97,8.675,8.789,3.604,0.000,-0.171,0.022,0.894,48.93,49,-0.2945,6942,4321.52,3309.82,3338.43,4622.44,1.385,3338.43,0,2,440,11827,0,0
28793,7.157,7.465,9.000,9.000,9.000,9.000,0.000,66.03,0.7194,4.419,0.000,71.94,66.03,5.91,1,0,-2.19531,71.94,71.94,0.00,0,0,71.94,0.00,0.00,0.00,0.00,1.000,1.000,0.00,0,255.00,1,75.35,70.35,5.00,7.461,7.441,4.794,10.230,-0.343,-0.033,20.296,66.03,66,-0.3032,6794,4415.66,3259.27,3015.88,4727.59,1.568,3015.88,0,2,456,12215,0,0
28931,8.150,7.880,9.000,9.000,9.000,9.000,0.000,65.54,0.6554,4.684,0.000,65.54,65.54,0.00,0,0,-2.27148,65.54,65.54,0.00,0,0,65.54,0.00,0.00,0.00,0.00,1.000,1.000,0.00,0,255.00,1,81.16,76.16,5.00,7.882,7.894,5.651,5.040,0.300,-0.010,12.788,65.54,66,-0.4454,7446,4029.01,3159.10,3015.88,4727.59,1.568,3015.88,0,2,471,12479,0,0
29065,8.911,8.810,9.000,9.000,9.000,9.000,0.000,48.84,0.4884,4.410,0.000,48.84,48.84,0.00,0,0,-2.30410,48.84,48.84,0.00,0,0,48.84,0.00,0.00,0.00,0.00,1.000,1.000,0.00,0,255.00,1,56.36,55.35,1.01,8.833,8.940,4.013,0.000,0.094,0.029,0.772,48.84,49,-0.4677,8178,3668.38,3089.21,3015.88,4727.59,1.568,3015.88,0,2,484,13019,0,0
29166,8.195,8.479,9.000,9.000,9.000,9.000,0.000,53.58,0.5358,4.260,0.000,53.58,53.58,0.00,0,0,-2.32597,53.58,53.58,0.00,0,0,53.58,0.00,0.00,0.00,0.00,1.000,1.000,0.00,0,255.00,1,56.91,53.89,3.03,8.500,8.600,3.440,2.332,-0.337,0.010,1.674,53.58,53,0.3318,9683,3098.21,3079.28,3128.50,4939.74,1.579,3098.21,1,1,494,13358,0,0
29298,7.377,7.524,9.000,9.000,9.000,9.000,0.000,70.68,0.7301,4.472,0.000,73.01,70.68,2.32,1,0,-2.32597,73.01,73.01,0.00,0,0,73.01,0.00,0.00,0.00,0.00,1.000,1.000,0.00,0,255.00,1,79.71,74.71,5.00,7.521,7.507,5.049,10.141,-0.162,-0.033,18.680,70.68,70,0.2840,7601,3946.85,3103.30,3128.50,4939.74,1.579,3128.50,0,2,510,13649,0,0
29436,8.766,8.409,9.000,9.000,9.000,9.000,0.000,57.46,0.5667,4.569,0.000,56.67,57.46,-0.80,0,1,-2.41584,56.67,56.67,0.00,0,0,56.67,0.00,0.00,0.00,0.00,1.000,1.000,0.00,0,255.00,1,70.37,66.85,3.52,8.419,8.464,4.966,1.012,0.389,0.010,4.443,57.46,58,-0.3711,8474,3540.24,3115.60,3128.50,4939.74,1.579,3128.50,0,2,527,13946,0,0
29570,8.560,8.695,9.000,9.000,9.000,9.000,0.000,52.96,0.5296,4.305,0.000,52.96,52.96,0.00,0,0,-2.43810,52.96,52.96,0.00,0,0,52.96,0.00,0.00,0.00,0.00,1.000,1.000,0.00,0,255.00,1,56.09,54.38,1.71,8.718,8.824,3.558,0.438,-0.171,0.018,0.503,52.96,53,-0.2293,6967,4306.01,3213.48,3382.90,4671.62,1.381,3382.90,0,2,541,14331,0,0
29707,7.699,7.913,9.000,9.000,9.000,9.000,0.000,67.25,0.6796,4.365,0.000,67.96,67.25,0.70,1,0,-2.45353,67.96,67.96,0.00,0,0,67.96,0.00,0.00,0.00,0.00,1.000,1.000,0.00,0,255.00,1,72.18,67.18,5.00,7.920,7.951,4.254,8.229,-0.248,-0.021,9.293,67.25,67,0.4278,7436,4034.43,3296.15,3382.90,4671.62,1.381,3382.90,0,2,556,14778,0,0
29843,8.724,8.390,9.000,9.000,9.000,9.000,0.000,59.28,0.5928,4.472,0.000,59.28,59.28,0.00,0,0,-2.53497,59.28,59.28,0.00,0,0,59.28,0.00,0.00,0.00,0.00,1.000,1.000,0.00,0,255.00,1,69.05,65.40,3.64,8.398,8.438,4.621,2.592,0.363,0.003,3.806,59.28,59,-0.1262,7642,3925.67,3338.48,3382.90,4671.62,1.381,3382.90,0,2,571,15226,0,0
29982,8.725,8.727,9.000,9.000,9.000,9.000,0.000,54.91,0.5491,4.287,0.000,54.91,54.91,0.00,0,0,-2.56221,54.91,54.91,0.00,0,0,54.91,0.00,0.00,0.00,0.00,1.000,1.000,0.00,0,255.00,1,56.15,54.63,1.52,8.748,8.850,3.441,0.852,-0.021,0.015,0.312,54.91,55,0.2765,6330,4739.34,3296.86,3253.20,3985.17,1.225,3253.20,0,2,588,15554,0,0
30114,8.041,8.212,9.000,9.000,9.000,9.000,0.000,64.67,0.6467,4.294,0.000,64.67,64.67,0.00,0,0,-2.61673,64.67,64.67,0.00,0,0,64.67,0.00,0.00,0.00,0.00,1.000,1.000,0.00,0,255.00,1,67.19,62.49,4.70,8.224,8.280,3.794,6.311,-0.203,-0.012,4.469,64.67,65,0.1403,9490,3161.22,3257.16,3253.20,3985.17,1.225,3161.22,1,1,602,16028,0,0
30216,8.272,8.191,9.000,9.000,9.000,9.000,0.000,66.03,0.6603,4.396,0.000,66.03,66.03,0.00,0,0,-2.66798,66.03,66.03,0.00,0,0,66.03,0.00,0.00,0.00,0.00,1.000,1.000,0.00,0,255.00,1,72.14,67.28,4.86,8.198,8.232,4.362,5.991,0.081,-0.012,5.328,66.03,66,-0.3711,9425,3183.02,3220.15,3253.20,3985.17,1.225,3183.02,1,1,611,16415,0,0
30353,8.841,8.756,9.000,9.000,9.000,9.000,0.000,57.21,0.5721,4.292,0.000,57.21,57.21,0.00,0,0,-2.70101,57.21,57.21,0.00,0,0,57.21,0.00,0.00,0.00,0.00,1.000,1.000,0.00,0,255.00,1,58.56,57.20,1.37,8.774,8.857,3.625,1.138,0.079,0.012,0.271,57.21,57,0.2138,9473,3166.90,3200.68,3217.80,4665.81,1.450,3166.90,1,1,625,16837,0,0
30453,8.558,8.651,9.000,9.000,9.000,9.000,0.000,58.83,0.5883,4.227,0.000,58.83,58.83,0.00,0,0,-2.71886,58.83,58.83,0.00,0,0,58.83,0.00,0.00,0.00,0.00,1.000,1.000,0.00,0,255.00,1,58.11,56.10,2.01,8.668,8.749,3.345,2.871,-0.121,0.004,0.644,58.83,58,0.4295,7492,4004.27,3206.84,3217.80,4665.81,1.450,3217.80,0,2,636,17024,0,0
30587,8.301,8.348,9.000,9.000,9.000,9.000,0.000,64.50,0.6450,4.277,0.000,64.50,64.50,0.00,0,0,-2.77166,64.50,64.50,0.00,0,0,64.50,0.00,0.00,0.00,0.00,1.000,1.000,0.00,0,255.00,1,67.04,63.14,3.90,8.356,8.395,3.898,5.729,-0.063,-0.011,3.149,64.50,65,-0.1300,7742,3874.97,3212.19,3217.80,4665.81,1.450,3217.80,0,2,651,17453,0,0
30724,8.736,8.625,9.000,9.000,9.000,9.000,0.000,60.98,0.6098,4.288,0.000,60.98,60.98,0.00,0,0,-2.81666,60.98,60.98,0.00,0,0,60.98,0.00,0.00,0.00,0.00,1.000,1.000,0.00,0,255.00,1,63.65,61.45,2.21,8.635,8.684,3.931,2.973,0.114,0.002,0.982,60.98,61,0.3148,7067,4245.08,3220.85,3229.94,4683.41,1.450,3229.94,0,2,666,17795,0,0
30856,8.662,8.685,9.000,9.000,9.000,9.000,0.000,60.80,0.6080,4.233,0.000,60.80,60.80,0.00,0,0,-2.84377,60.80,60.80,0.00,0,0,60.80,0.00,0.00,0.00,0.00,1.000,1.000,0.00,0,255.00,1,60.79,58.96,1.83,8.698,8.759,3.595,3.123,-0.038,0.002,0.561,60.80,61,-0.3028,8089,3708.74,3225.29,3229.94,4683.41,1.450,3229.94,0,2,681,18077,0,0
30995,8.556,8.581,9.000,9.000,9.000,9.000,0.000,62.65,0.6265,4.232,0.000,62.65,62.65,0.00,0,0,-2.87876,62.65,62.65,0.00,0,0,62.65,0.00,0.00,0.00,0.00,1.000,1.000,0.00,0,255.00,1,63.40,60.92,2.48,8.590,8.634,3.728,4.354,-0.037,-0.004,1.179,62.65,63,-0.0801,6969,4304.78,3227.56,3229.94,4683.41,1.450,3229.94,0,2,696,18399,0,0
31095,8.624,8.603,9.000,9.000,9.000,9.000,0.000,62.86,0.6286,4.242,0.000,62.86,62.86,0.00,0,0,-2.90330,62.86,62.86,0.00,0,0,62.86,0.00,0.00,0.00,0.00,1.000,1.000,0.00,0,255.00,1,64.18,61.82,2.36,8.611,8.650,3.839,4.169,0.015,-0.003,1.086,62.86,63,-0.3139,8961,3347.84,3264.26,3306.59,5143.58,1.556,3347.84,1,1,706,18657,0,0
31231,8.709,8.702,9.000,9.000,9.000,9.000,0.000,62.46,0.6246,4.228,0.000,62.46,62.46,0.00,0,0,-2.94155,62.46,62.46,0.00,0,0,62.46,0.00,0.00,0.00,0.00,1.000,1.000,0.00,0,255.00,1,62.82,61.07,1.75,8.711,8.756,3.764,3.613,-0.002,-0.000,0.547,62.46,62,0.4423,7686,3903.20,3289.25,3306.59,5143.58,1.556,3306.59,0,2,719,19024,0,0
31366,8.724,8.719,9.000,9.000,9.000,9.000,0.000,62.76,0.6276,4.219,0.000,62.76,62.76,0.00,0,0,-2.96724,62.76,62.76,0.00,0,0,62.76,0.00,0.00,0.00,0.00,1.000,1.000,0.00,0,255.00,1,62.74,61.10,1.65,8.728,8.771,3.745,3.746,-0.004,-0.001,0.483,62.76,62,0.3833,7153,4194.04,3297.71,3306.59,5143.58,1.556,3306.59,0,2,734,19352,0,0
31503,8.732,8.715,9.000,9.000,9.000,9.000,0.000,63.32,0.6332,4.223,0.000,63.32,63.32,0.00,0,0,-2.99400,63.32,63.32,0.00,0,0,63.32,0.00,0.00,0.00,0.00,1.000,1.000,0.00,0,255.00,1,63.64,61.96,1.68,8.723,8.758,3.824,3.948,0.011,-0.002,0.522,63.32,63,0.2494,8304,3612.72,3229.34,3157.61,4453.04,1.410,3157.61,0,2,748,19725,0,0
31637,8.769,8.749,9.000,9.000,9.000,9.000,0.000,63.38,0.6338,4.224,0.000,63.38,63.38,0.00,0,0,-3.01816,63.38,63.38,0.00,0,0,63.38,0.00,0.00,0.00,0.00,1.000,1.000,0.00,0,255.00,1,63.63,62.16,1.47,8.757,8.791,3.846,3.802,0.014,-0.001,0.394,63.38,64,-0.4324,6500,4615.38,3194.34,3157.61,4453.04,1.410,3157.61,0,2,764,20124,0,0
31738,8.748,8.752,9.000,9.000,9.000,9.000,0.000,63.64,0.6364,4.223,0.000,63.64,63.64,0.00,0,0,-3.03295,63.64,63.64,0.00,0,0,63.64,0.00,0.00,0.00,0.00,1.000,1.000,0.00,0,255.00,1,63.81,62.35,1.46,8.759,8.792,3.853,3.928,-0.011,-0.001,0.391,63.64,64,-0.3321,7975,3761.76,3181.12,3157.61,4453.04,1.410,3157.61,0,2,774,20383,0,0
31874,8.773,8.767,9.000,9.000,9.000,9.000,0.000,63.88,0.6388,4.224,0.000,63.88,63.88,0.00,0,0,-3.05449,63.88,63.88,0.00,0,0,63.88,0.00,0.00,0.00,0.00,1.000,1.000,0.00,0,255.00,1,64.06,62.69,1.37,8.774,8.804,3.883,3.949,-0.000,-0.001,0.345,63.88,64,0.1252,7837,3828.00,3168.25,3109.53,4863.62,1.564,3109.53,0,2,788,20694,0,0
32011,8.786,8.787,9.000,9.000,9.000,9.000,0.000,64.04,0.6404,4.225,0.000,64.04,64.04,0.00,0,0,-3.07439,64.04,64.04,0.00,0,0,64.04,0.00,0.00,0.00,0.00,1.000,1.000,0.00,0,255.00,1,64.16,62.91,1.26,8.793,8.821,3.900,3.934,-0.007,-0.001,0.288,64.04,64,0.1390,7995,3752.35,3139.59,3109.53,4863.62,1.564,3109.53,0,2,803,21051,0,0
32149,8.799,8.795,9.000,9.000,9.000,9.000,0.000,64.30,0.6430,4.226,0.000,64.30,64.30,0.00,0,0,-3.09298,64.30,64.30,0.00,0,0,64.30,0.00,0.00,0.00,0.00,1.000,1.000,0.00,0,255.00,1,64.42,63.22,1.20,8.801,8.827,3.924,4.008,-0.002,-0.001,0.267,64.30,65,-0.2511,6247,4802.31,3124.92,3109.53,4863.62,1.564,3109.53,0,2,818,21392,0,0
32250,8.811,8.800,9.000,9.000,9.000,9.000,0.000,64.49,0.6449,4.230,0.000,64.49,64.49,0.00,0,0,-3.10536,64.49,64.49,0.00,0,0,64.49,0.00,0.00,0.00,0.00,1.000,1.000,0.00,0,255.00,1,64.73,63.55,1.18,8.805,8.829,3.956,4.041,0.007,-0.001,0.260,64.49,65,-0.2518,10603,2829.39,3193.85,3316.38,3979.66,1.200,3316.38,0,2,828,21612,0,0
32383,8.810,8.809,9.000,9.000,9.000,9.000,0.000,64.72,0.6472,4.235,0.000,64.72,64.72,0.00,0,0,-3.12280,64.72,64.72,0.00,0,0,64.72,0.00,0.00,0.00,0.00,1.000,1.000,0.00,0,255.00,1,65.03,63.90,1.13,8.813,8.835,3.987,4.076,-0.004,-0.002,0.241,64.72,65,-0.3225,7535,3981.42,3272.41,3316.38,3979.66,1.200,3316.38,0,2,843,21977,0,0
32520,8.838,8.834,9.000,9.000,9.000,9.000,0.000,64.84,0.6484,4.236,0.000,64.84,64.84,0.00,0,0,-3.14349,64.84,64.84,0.00,0,0,64.84,0.00,0.00,0.00,0.00,1.000,1.000,0.00,0,255.00,1,65.00,64.03,0.98,8.838,8.860,3.996,4.016,-0.000,-0.001,0.177,64.84,65,-0.2735,7947,3775.01,3298.37,3316.38,3979.66,1.200,3316.38,0,2,858,22320,0,0
32658,8.833,8.834,9.000,9.000,9.000,9.000,0.000,65.13,0.6513,4.240,0.000,65.13,65.13,0.00,0,0,-3.15840,65.13,65.13,0.00,0,0,65.13,0.00,0.00,0.00,0.00,1.000,1.000,0.00,0,255.00,1,65.38,64.39,0.98,8.837,8.856,4.025,4.131,-0.005,-0.001,0.183,65.13,65,-0.1911,6508,4609.71,3223.61,3145.16,4435.48,1.410,3145.16,0,2,873,22646,0,0
32795,8.871,8.858,9.000,9.000,9.000,9.000,0.000,65.12,0.6512,4.241,0.000,65.12,65.12,0.00,0,0,-3.17185,65.12,65.12,0.00,0,0,65.12,0.00,0.00,0.00,0.00,1.000,1.000,0.00,0,255.00,1,65.26,64.42,0.84,8.862,8.881,4.030,4.010,0.010,-0.001,0.128,65.12,65,0.1535,9878,3037.05,3163.70,3145.16,4435.48,1.410,3037.05,1,1,887,22973,0,0
32927,8.863,8.860,9.000,9.000,9.000,9.000,0.000,65.34,0.6534,4.243,0.000,65.34,65.34,0.00,0,0,-3.18450,65.34,65.34,0.00,0,0,65.34,0.00,0.00,0.00,0.00,1.000,1.000,0.00,0,255.00,1,65.47,64.65,0.83,8.863,8.881,4.045,4.104,-0.000,-0.001,0.127,65.34,65,-0.0572,6277,4779.35,3193.15,3337.61,4792.47,1.436,3337.61,0,2,902,23341,0,0
33064,8.860,8.863,9.000,9.000,9.000,9.000,0.000,65.54,0.6554,4.246,0.000,65.54,65.54,0.00,0,0,-3.19659,65.54,65.54,0.00,0,0,65.54,0.00,0.00,0.00,0.00,1.000,1.000,0.00,0,255.00,1,65.72,64.91,0.81,8.866,8.881,4.066,4.170,-0.007,-0.001,0.125,65.54,65,0.2349,6831,4391.74,3263.65,3337.61,4792.47,1.436,3337.61,0,2,917,23667,0,0
33198,8.884,8.880,9.000,9.000,9.000,9.000,0.000,65.71,0.6571,4.251,0.000,65.71,65.71,0.00,0,0,-3.21546,65.71,65.71,0.00,0,0,65.71,0.00,0.00,0.00,0.00,1.000,1.000,0.00,0,255.00,1,65.93,65.22,0.71,8.883,8.897,4.097,4.127,0.001,-0.001,0.095,65.71,65,0.4243,8367,3585.51,3313.37,3337.61,4792.47,1.436,3337.61,0,2,930,24043,0,0
33300,8.883,8.883,9.000,9.000,9.000,9.000,0.000,65.82,0.6582,4.253,0.000,65.82,65.82,0.00,0,0,-3.22249,65.82,65.82,0.00,0,0,65.82,0.00,0.00,0.00,0.00,1.000,1.000,0.00,0,255.00,1,66.05,65.36,0.69,8.886,8.899,4.107,4.157,-0.003,-0.001,0.091,65.82,66,0.0009,7001,4285.10,3275.52,3104.72,5065.59,1.632,3104.72,0,2,940,24334,0,0
33432,8.891,8.887,9.000,9.000,9.000,9.000,0.000,65.98,0.6598,4.258,0.000,65.98,65.98,0.00,0,0,-3.23300,65.98,65.98,0.00,0,0,65.98,0.00,0.00,0.00,0.00,1.000,1.000,0.00,0,255.00,1,66.28,65.61,0.67,8.890,8.901,4.131,4.173,0.001,-0.001,0.086,65.98,66,-0.1295,7927,3784.53,3213.21,3104.72,5065.59,1.632,3104.72,0,2,954,24668,0,0
33569,8.910,8.903,9.000,9.000,9.000,9.000,0.000,65.98,0.6598,4.259,0.000,65.98,65.98,0.00,0,0,-3.24213,65.98,65.98,0.00,0,0,65.98,0.00,0.00,0.00,0.00,1.000,1.000,0.00,0,255.00,1,66.16,65.59,0.57,8.905,8.917,4.128,4.107,0.006,-0.001,0.062,65.98,66,-0.2202,7305,4106.78,3160.27,3104.72,5065.59,1.632,3104.72,0,2,968,24974,0,0
33704,8.905,8.902,9.000,9.000,9.000,9.000,0.000,66.17,0.6617,4.262,0.000,66.17,66.17,0.00,0,0,-3.25116,66.17,66.17,0.00,0,0,66.17,0.00,0.00,0.00,0.00,1.000,1.000,0.00,0,255.00,1,66.38,65.80,0.58,8.904,8.915,4.143,4.180,0.001,-0.001,0.064,66.17,66,0.1838,7130,4207.57,3190.97,3265.31,3755.11,1.150,3265.31,0,2,985,25344,0,0
33805,8.920,8.910,9.000,9.000,9.000,9.000,0.000,66.19,0.6619,4.264,0.000,66.19,66.19,0.00,0,0,-3.25688,66.19,66.19,0.00,0,0,66.19,0.00,0.00,0.00,0.00,1.000,1.000,0.00,0,255.00,1,66.39,65.86,0.53,8.912,8.923,4.150,4.136,0.009,-0.000,0.053,66.19,67,-0.3742,10031,2990.73,3217.74,3265.31,3755.11,1.150,3265.31,0,2,995,25620,0,0
33938,8.920,8.918,9.000,9.000,9.000,9.000,0.000,66.24,0.6624,4.264,0.000,66.24,66.24,0.00,0,0,-3.26422,66.24,66.24,0.00,0,0,66.24,0.00,0.00,0.00,0.00,1.000,1.000,0.00,0,255.00,1,66.30,65.82,0.48,8.921,8.932,4.140,4.143,-0.001,-0.000,0.042,66.24,66,0.1861,6763,4435.90,3240.96,3265.31,3755.11,1.150,3265.31,0,2,1010,25965,0,0
34078,8.939,8.930,9.000,9.000,9.000,9.000,0.000,66.24,0.6624,4.264,0.000,66.24,66.24,0.00,0,0,-3.27131,66.24,66.24,0.00,0,0,66.24,0.00,0.00,0.00,0.00,1.000,1.000,0.00,0,255.00,1,66.25,65.84,0.41,8.932,8.943,4.144,4.095,0.008,-0.000,0.030,66.24,66,0.0863,6632,4523.52,3238.32,3224.97,5079.32,1.575,3224.97,0,2,1025,26277,0,0
34212,8.946,8.939,9.000,9.000,9.000,9.000,0.000,66.26,0.6626,4.262,0.000,66.26,66.26,0.00,0,0,-3.27726,66.26,66.26,0.00,0,0,66.26,0.00,0.00,0.00,0.00,1.000,1.000,0.00,0,255.00,1,66.14,65.79,0.35,8.941,8.953,4.134,4.090,0.005,0.000,0.021,66.26,66,-0.0760,7459,4021.99,3231.80,3224.97,5079.32,1.575,3224.97,0,2,1039,26681,0,0
34313,8.940,8.935,9.000,9.000,9.000,9.000,0.000,66.38,0.6638,4.262,0.000,66.38,66.38,0.00,0,0,-3.28130,66.38,66.38,0.00,0,0,66.38,0.00,0.00,0.00,0.00,1.000,1.000,0.00,0,255.00,1,66.30,65.92,0.38,8.937,8.947,4.143,4.165,0.003,-0.000,0.026,66.38,67,-0.2975,9821,3054.68,3229.34,3224.97,5079.32,1.575,3224.97,0,2,1049,26882,0,0
34449,8.946,8.937,9.000,9.000,9.000,9.000,0.000,66.48,0.6648,4.264,0.000,66.48,66.48,0.00,0,0,-3.28754,66.48,66.48,0.00,0,0,66.48,0.00,0.00,0.00,0.00,1.000,1.000,0.00,0,255.00,1,66.51,66.15,0.37,8.939,8.947,4.168,4.176,0.008,-0.000,0.025,66.48,66,0.2551,6380,4702.19,3218.05,3199.53,4799.30,1.500,3199.53,0,2,1065,27342,0,0
34587,8.925,8.935,9.000,9.000,9.000,9.000,0.000,66.68,0.6668,4.265,0.000,66.68,66.68,0.00,0,0,-3.29632,66.68,66.68,0.00,0,0,66.68,0.00,0.00,0.00,0.00,1.000,1.000,0.00,0,255.00,1,66.73,66.35,0.39,8.936,8.943,4.180,4.284,-0.012,-0.001,0.029,66.68,67,-0.0667,7858,3817.77,3205.60,3199.53,4799.30,1.500,3199.53,0,2,1079,27734,0,0
34722,8.945,8.950,9.000,9.000,9.000,9.000,0.000,66.60,0.6660,4.264,0.000,66.60,66.60,0.00,0,0,-3.30077,66.60,66.60,0.00,0,0,66.60,0.00,0.00,0.00,0.00,1.000,1.000,0.00,0,255.00,1,66.56,66.26,0.30,8.951,8.958,4.175,4.190,-0.007,-0.000,0.016,66.60,67,-0.3838,6592,4550.97,3202.64,3199.53,4799.30,1.500,3199.53,0,2,1095,28116,0,0
34822,8.933,8.943,9.000,9.000,9.000,9.000,0.000,66.76,0.6676,4.264,0.000,66.76,66.76,0.00,0,0,-3.30528,66.76,66.76,0.00,0,0,66.76,0.00,0.00,0.00,0.00,1.000,1.000,0.00,0,255.00,1,66.79,66.45,0.34,8.944,8.950,4.188,4.291,-0.012,-0.001,0.022,66.76,67,-0.4196,7911,3792.19,3226.29,3251.11,4957.94,1.525,3251.11,0,2,1105,28388,0,0
34955,8.947,8.951,9.000,9.000,9.000,9.000,0.000,66.76,0.6676,4.265,0.000,66.76,66.76,0.00,0,0,-3.30952,66.76,66.76,0.00,0,0,66.76,0.00,0.00,0.00,0.00,1.000,1.000,0.00,0,255.00,1,66.80,66.51,0.29,8.952,8.957,4.197,4.245,-0.006,-0.001,0.016,66.76,67,-0.2952,7246,4140.22,3238.40,3251.11,4957.94,1.525,3251.11,0,2,1120,28693,0,0
35093,8.977,8.972,9.000,9.000,9.000,9.000,0.000,66.63,0.6663,4.261,0.000,66.63,66.63,0.00,0,0,-3.31478,66.63,66.63,0.00,0,0,66.63,0.00,0.00,0.00,0.00,1.000,1.000,0.00,0,255.00,1,66.47,66.31,0.16,8.973,8.979,4.179,4.130,0.005,0.000,0.005,66.63,67,0.0241,7208,4162.04,3246.94,3251.11,4957.94,1.525,3251.11,0,2,1137,29033,0,0
35224,8.973,8.968,9.000,9.000,9.000,9.000,0.000,66.73,0.6673,4.260,0.000,66.73,66.73,0.00,0,0,-3.31766,66.73,66.73,0.00,0,0,66.73,0.00,0.00,0.00,0.00,1.000,1.000,0.00,0,255.00,1,66.60,66.41,0.19,8.969,8.973,4.185,4.208,0.005,-0.000,0.007,66.73,67,0.1391,7525,3986.71,3284.93,3324.78,4541.17,1.366,3324.78,0,2,1151,29389,0,0
35324,8.961,8.964,9.000,9.000,9.000,9.000,0.000,66.83,0.6683,4.260,0.000,66.83,66.83,0.00,0,0,-3.32071,66.83,66.83,0.00,0,0,66.83,0.00,0.00,0.00,0.00,1.000,1.000,0.00,0,255.00,1,66.79,66.57,0.21,8.965,8.969,4.201,4.264,-0.004,-0.001,0.009,66.83,66,0.4964,9099,3297.07,3298.83,3324.78,4541.17,1.366,3297.07,1,1,1161,29619,0,0
35455,8.982,8.978,9.000,9.000,9.000,9.000,0.000,66.75,0.6675,4.258,0.000,66.75,66.75,0.00,0,0,-3.32464,66.75,66.75,0.00,0,0,66.75,0.00,0.00,0.00,0.00,1.000,1.000,0.00,0,255.00,1,66.64,66.51,0.13,8.979,8.984,4.198,4.176,0.004,0.000,0.003,66.75,66,0.3292,7802,3845.17,3316.28,3324.78,4541.17,1.366,3324.78,0,2,1174,29912,0,0
35591,8.977,8.978,9.000,9.000,9.000,9.000,0.000,66.79,0.6679,4.256,0.000,66.79,66.79,0.00,0,0,-3.32648,66.79,66.79,0.00,0,0,66.79,0.00,0.00,0.00,0.00,1.000,1.000,0.00,0,255.00,1,66.64,66.52,0.13,8.979,8.983,4.196,4.215,-0.002,-0.000,0.003,66.79,67,-0.4088,7246,4140.22,3234.81,3149.34,4475.37,1.421,3149.34,0,2,1188,30211,0,0
35724,8.980,8.978,9.000,9.000,9.000,9.000,0.000,66.88,0.6688,4.258,0.000,66.88,66.88,0.00,0,0,-3.33116,66.88,66.88,0.00,0,0,66.88,0.00,0.00,0.00,0.00,1.000,1.000,0.00,0,255.00,1,66.91,66.77,0.13,8.978,8.980,4.225,4.230,0.002,-0.000,0.004,66.88,67,-0.0840,8208,3654.97,3171.74,3149.34,4475.37,1.421,3149.34,0,2,1203,30595,0,0
35864,8.979,8.977,9.000,9.000,9.000,9.000,0.000,66.98,0.6698,4.262,0.000,66.98,66.98,0.00,0,0,-3.33591,66.98,66.98,0.00,0,0,66.98,0.00,0.00,0.00,0.00,1.000,1.000,0.00,0,255.00,1,67.11,66.97,0.14,8.977,8.977,4.245,4.239,0.002,-0.001,0.004,66.98,67,-0.1669,6973,4302.31,3164.39,3149.34,4475.37,1.421,3149.34,0,2,1217,30875,0,0
35996,8.979,8.983,9.000,9.000,9.000,9.000,0.000,66.96,0.6696,4.259,0.000,66.96,66.96,0.00,0,0,-3.33803,66.96,66.96,0.00,0,0,66.96,0.00,0.00,0.00,0.00,1.000,1.000,0.00,0,255.00,1,66.91,66.81,0.10,8.983,8.985,4.224,4.243,-0.005,-0.000,0.002,66.96,67,0.3631,7804,3844.18,3157.12,3153.58,4620.36,1.465,3153.58,0,2,1232,31260,0,0
36096,8.975,8.982,9.000,9.000,9.000,9.000,0.000,66.98,0.6698,4.258,0.000,66.98,66.98,0.00,0,0,-3.33884,66.98,66.98,0.00,0,0,66.98,0.00,0.00,0.00,0.00,1.000,1.000,0.00,0,255.00,1,66.92,66.81,0.10,8.983,8.984,4.223,4.261,-0.009,-0.000,0.002,66.98,67,0.2220,9481,3164.22,3157.98,3153.58,4620.36,1.465,3164.22,1,1,1241,31498,0,0
36228,8.990,8.987,9.000,9.000,9.000,9.000,0.000,66.95,0.6695,4.258,0.000,66.95,66.95,0.00,0,0,-3.34009,66.95,66.95,0.00,0,0,66.95,0.00,0.00,0.00,0.00,1.000,1.000,0.00,0,255.00,1,66.90,66.82,0.08,8.987,8.989,4.226,4.229,0.003,-0.000,0.001,66.95,67,0.0820,6766,4433.93,3155.83,3153.58,4620.36,1.465,3153.58,0,2,1257,31923,0,0
36367,8.994,8.988,9.000,9.000,9.000,9.000,0.000,66.96,0.6696,4.258,0.000,66.96,66.96,0.00,0,0,-3.34130,66.96,66.96,0.00,0,0,66.96,0.00,0.00,0.00,0.00,1.000,1.000,0.00,0,255.00,1,66.92,66.86,0.07,8.989,8.990,4.230,4.225,0.006,-0.000,0.001,66.96,67,0.0027,8025,3738.32,3225.01,3297.58,5193.69,1.575,3297.58,0,2,1272,32315,0,0
36500,8.991,8.985,9.000,9.000,9.000,9.000,0.000,67.04,0.6704,4.260,0.000,67.04,67.04,0.00,0,0,-3.34301,67.04,67.04,0.00,0,0,67.04,0.00,0.00,0.00,0.00,1.000,1.000,0.00,0,255.00,1,67.11,67.02,0.09,8.985,8.985,4.248,4.253,0.007,-0.000,0.002,67.04,67,0.2110,7025,4270.46,3260.42,3297.58,5193.69,1.575,3297.58,0,2,1288,32704,0,0
36636,8.989,8.993,9.000,9.000,9.000,9.000,0.000,66.96,0.6696,4.259,0.000,66.96,66.96,0.00,0,0,-3.34388,66.96,66.96,0.00,0,0,66.96,0.00,0.00,0.00,0.00,1.000,1.000,0.00,0,255.00,1,66.93,66.89,0.04,8.993,8.995,4.235,4.198,-0.004,0.000,0.000,66.96,67,0.1675,7476,4012.84,3278.56,3297.58,5193.69,1.575,3297.58,0,2,1303,33079,0,0
36768,8.990,8.995,9.000,9.000,9.000,9.000,0.000,66.94,0.6694,4.255,0.000,66.94,66.94,0.00,0,0,-3.34402,66.94,66.94,0.00,0,0,66.94,0.00,0.00,0.00,0.00,1.000,1.000,0.00,0,255.00,1,66.77,66.74,0.03,8.995,8.998,4.216,4.216,-0.006,0.000,0.000,66.94,67,-0.1431,6940,4322.77,3327.29,3378.42,5141.07,1.522,3378.42,0,2,1317,33448,0,0
36869,8.975,8.982,9.000,9.000,9.000,9.000,0.000,67.11,0.6711,4.256,0.000,67.11,67.11,0.00,0,0,-3.34491,67.11,67.11,0.00,0,0,67.11,0.00,0.00,0.00,0.00,1.000,1.000,0.00,0,255.00,1,67.08,66.97,0.11,8.982,8.982,4.235,4.338,-0.008,-0.001,0.003,67.11,67,-0.0162,9356,3206.50,3345.70,3378.42,5141.07,1.522,3378.42,0,2,1327,33694,0,0
37002,8.981,8.989,9.000,9.000,9.000,9.000,0.000,67.04,0.6704,4.256,0.000,67.04,67.04,0.00,0,0,-3.34562,67.04,67.04,0.00,0,0,67.04,0.00,0.00,0.00,0.00,1.000,1.000,0.00,0,255.00,1,67.01,66.94,0.07,8.989,8.990,4.236,4.273,-0.009,-0.000,0.001,67.04,67,-0.0194,6650,4511.28,3361.67,3378.42,5141.07,1.522,3378.42,0,2,1341,34100,0,0
37142,9.010,8.999,9.000,9.000,9.000,9.000,0.000,66.93,0.6693,4.255,0.000,66.93,66.93,0.00,0,0,-3.34619,66.93,66.93,0.00,0,0,66.93,0.00,0.00,0.00,0.00,1.000,1.000,0.00,0,255.00,1,66.86,66.86,0.00,9.000,9.002,4.234,4.177,0.012,0.000,0.000,66.93,67,-0.0372,6383,4699.98,3239.05,3110.40,4993.02,1.605,3110.40,0,2,1356,34415,0,0
37274,9.008,8.998,9.000,9.000,9.000,9.000,0.000,66.96,0.6696,4.255,0.000,66.96,66.96,0.00,0,0,-3.34689,66.96,66.96,0.00,0,0,66.96,0.00,0.00,0.00,0.00,1.000,1.000,0.00,0,255.00,1,66.92,66.91,0.01,8.998,9.000,4.238,4.195,0.010,0.000,0.000,66.96,67,0.0351,7672,3910.32,3176.27,3110.40,4993.02,1.605,3110.40,0,2,1371,34809,0,0
37374,9.008,9.003,9.000,9.000,9.000,9.000,0.000,66.91,0.6691,4.253,0.000,66.91,66.91,0.00,0,0,-3.34696,66.91,66.91,0.00,0,0,66.91,0.00,0.00,0.00,0.00,1.000,1.000,0.00,0,255.00,1,66.77,66.79,-0.02,9.003,9.006,4.226,4.171,0.005,0.000,0.000,66.91,67,-0.1174,7681,3905.74,3144.13,3110.40,4993.02,1.605,3110.40,0,2,1381,35098,0,0
37507,9.008,9.003,9.000,9.000,9.000,9.000,0.000,66.91,0.6691,4.250,0.000,66.91,66.91,0.00,0,0,-3.34682,66.91,66.91,0.00,0,0,66.91,0.00,0.00,0.00,0.00,1.000,1.000,0.00,0,255.00,1,66.73,66.75,-0.02,9.003,9.005,4.219,4.197,0.005,0.000,0.001,66.91,67,-0.3599,6652,4509.92,3147.84,3151.74,5252.89,1.667,3151.74,0,2,1396,35457,0,0
37647,8.983,8.990,9.000,9.000,9.000,9.000,0.000,67.07,0.6707,4.251,0.000,67.07,67.07,0.00,0,0,-3.34740,67.07,67.07,0.00,0,0,67.07,0.00,0.00,0.00,0.00,1.000,1.000,0.00,0,255.00,1,67.03,66.97,0.06,8.990,8.989,4.238,4.314,-0.007,-0.001,0.001,67.07,67,-0.3095,7158,4191.11,3149.74,3151.74,5252.89,1.667,3151.74,0,2,1411,35856,0,0
37778,8.989,8.993,9.000,9.000,9.000,9.000,0.000,67.04,0.6704,4.252,0.000,67.04,67.04,0.00,0,0,-3.34792,67.04,67.04,0.00,0,0,67.04,0.00,0.00,0.00,0.00,1.000,1.000,0.00,0,255.00,1,67.06,67.01,0.04,8.993,8.992,4.246,4.278,-0.004,-0.000,0.000,67.04,67,-0.2416,6650,4511.28,3150.71,3151.74,5252.89,1.667,3151.74,0,2,1428,36206,0,0
37917,8.987,8.993,9.000,9.000,9.000,9.000,0.000,67.04,0.6704,4.251,0.000,67.04,67.04,0.00,0,0,-3.34807,67.04,67.04,0.00,0,0,67.04,0.00,0.00,0.00,0.00,1.000,1.000,0.00,0,255.00,1,67.02,66.98,0.04,8.993,8.994,4.242,4.280,-0.007,-0.000,0.000,67.04,67,-0.3083,8498,3530.24,3321.75,3481.03,5036.38,1.447,3530.24,1,1,1442,36553,0,0
38054,8.985,8.987,9.000,9.000,9.000,9.000,0.000,67.13,0.6713,4.254,0.000,67.13,67.13,0.00,0,0,-3.34917,67.13,67.13,0.00,0,0,67.13,0.00,0.00,0.00,0.00,1.000,1.000,0.00,0,255.00,1,67.27,67.19,0.08,8.987,8.987,4.264,4.317,-0.003,-0.000,0.002,67.13,67,0.0447,7503,3998.40,3399.48,3481.03,5036.38,1.447,3481.03,0,2,1458,36937,0,0
38154,9.001,9.002,9.000,9.000,9.000,9.000,0.000,66.96,0.6696,4.252,0.000,66.96,66.96,0.00,0,0,-3.34919,66.96,66.96,0.00,0,0,66.96,0.00,0.00,0.00,0.00,1.000,1.000,0.00,0,255.00,1,66.95,66.96,-0.01,9.002,9.004,4.245,4.191,-0.001,0.000,0.000,66.96,67,0.0080,6598,4546.83,3437.19,3470.62,5078.95,1.463,3470.62,0,2,1473,37373,0,0
38286,9.010,9.009,9.000,9.000,9.000,9.000,0.000,66.87,0.6687,4.248,0.000,66.87,66.87,0.00,0,0,-3.34865,66.87,66.87,0.00,0,0,66.87,0.00,0.00,0.00,0.00,1.000,1.000,0.00,0,255.00,1,66.69,66.74,-0.06,9.009,9.012,4.222,4.161,0.001,0.001,0.001,66.87,67,-0.3012,7569,3963.54,3459.66,3470.62,5078.95,1.463,3470.62,0,2,1482,37601,0,0
38423,8.991,8.997,9.000,9.000,9.000,9.000,0.000,67.00,0.6700,4.248,0.000,67.00,67.00,0.00,0,0,-3.34864,67.00,67.00,0.00,0,0,67.00,0.00,0.00,0.00,0.00,1.000,1.000,0.00,0,255.00,1,66.89,66.88,0.01,8.998,8.999,4.230,4.277,-0.008,-0.000,0.000,67.00,67,-0.3897,6818,4400.12,3462.25,3470.62,5078.95,1.463,3470.62,0,2,1498,37952,0,0
38558,8.993,8.999,9.000,9.000,9.000,9.000,0.000,66.99,0.6699,4.248,0.000,66.99,66.99,0.00,0,0,-3.34885,66.99,66.99,0.00,0,0,66.99,0.00,0.00,0.00,0.00,1.000,1.000,0.00,0,255.00,1,66.94,66.94,0.01,8.999,8.999,4.239,4.257,-0.007,0.000,0.000,66.99,67,-0.3772,8974,3342.99,3375.20,3117.06,4429.51,1.421,3117.06,0,2,1511,38305,0,0
38658,9.013,9.012,9.000,9.000,9.000,9.000,0.000,66.82,0.6682,4.245,0.000,66.82,66.82,0.00,0,0,-3.34815,66.82,66.82,0.00,0,0,66.82,0.00,0.00,0.00,0.00,1.000,1.000,0.00,0,255.00,1,66.63,66.70,-0.08,9.013,9.015,4.220,4.147,0.001,0.001,0.002,66.82,67,0.2874,8490,3533.57,3282.27,3117.06,4429.51,1.421,3117.06,0,2,1520,38513,0,0
38791,8.987,8.996,9.000,9.000,9.000,9.000,0.000,67.01,0.6701,4.245,0.000,67.01,67.01,0.00,0,0,-3.34808,67.01,67.01,0.00,0,0,67.01,0.00,0.00,0.00,0.00,1.000,1.000,0.00,0,255.00,1,66.92,66.90,0.03,8.996,8.996,4.233,4.307,-0.009,-0.000,0.000,67.01,67,0.1440,8336,3598.85,3201.65,3117.06,4429.51,1.421,3117.06,0,2,1534,38849,0,0
38927,8.988,8.997,9.000,9.000,9.000,9.000,0.000,67.00,0.6700,4.244,0.000,67.00,67.00,0.00,0,0,-3.34788,67.00,67.00,0.00,0,0,67.00,0.00,0.00,0.00,0.00,1.000,1.000,0.00,0,255.00,1,66.94,66.92,0.02,8.997,8.996,4.236,4.295,-0.009,-0.000,0.000,67.00,67,-0.0607,7328,4093.89,3140.42,2929.77,4557.43,1.556,2929.77,0,2,1547,39174,0,0
39063,9.017,9.006,9.000,9.000,9.000,9.000,0.000,66.88,0.6688,4.244,0.000,66.88,66.88,0.00,0,0,-3.34775,66.88,66.88,0.00,0,0,66.88,0.00,0.00,0.00,0.00,1.000,1.000,0.00,0,255.00,1,66.83,66.87,-0.04,9.006,9.007,4.238,4.195,0.012,0.000,0.000,66.88,67,-0.2436,7442,4031.17,3037.62,2929.77,4557.43,1.556,2929.77,0,2,1563,39577,0,0
39199,9.017,9.005,9.000,9.000,9.000,9.000,0.000,66.91,0.6691,4.245,0.000,66.91,66.91,0.00,0,0,-3.34803,66.91,66.91,0.00,0,0,66.91,0.00,0.00,0.00,0.00,1.000,1.000,0.00,0,255.00,1,66.93,66.95,-0.03,9.005,9.004,4.249,4.197,0.014,0.000,0.000,66.91,67,-0.2525,7550,3973.51,2984.99,2929.77,4557.43,1.556,2929.77,0,2,1579,39950,0,0
39332,9.004,9.008,9.000,9.000,9.000,9.000,0.000,66.85,0.6685,4.242,0.000,66.85,66.85,0.00,0,0,-3.34722,66.85,66.85,0.00,0,0,66.85,0.00,0.00,0.00,0.00,1.000,1.000,0.00,0,255.00,1,66.72,66.77,-0.05,9.008,9.009,4.227,4.193,-0.004,0.000,0.001,66.85,67,0.2848,6965,4307.25,3151.33,3466.68,5079.09,1.465,3466.68,0,2,1595,40308,0,0
39471,8.992,9.001,9.000,9.000,9.000,9.000,0.000,66.91,0.6691,4.238,0.000,66.91,66.91,0.00,0,0,-3.34591,66.91,66.91,0.00,0,0,66.91,0.00,0.00,0.00,0.00,1.000,1.000,0.00,0,255.00,1,66.75,66.75,-0.01,9.001,9.001,4.220,4.287,-0.010,-0.000,0.000,66.91,66,0.4067,7611,3941.66,3423.08,3466.68,5079.09,1.465,3466.68,0,2,1610,40645,0,0
39602,8.995,8.994,9.000,9.000,9.000,9.000,0.000,66.99,0.6699,4.241,0.000,66.99,66.99,0.00,0,0,-3.34643,66.99,66.99,0.00,0,0,66.99,0.00,0.00,0.00,0.00,1.000,1.000,0.00,0,255.00,1,67.06,67.02,0.04,8.994,8.992,4.251,4.313,0.001,-0.001,0.000,66.99,67,0.3826,8587,3493.65,3449.75,3466.68,5079.09,1.465,3493.65,1,1,1624,40998,0,0
39703,8.992,8.996,9.000,9.000,9.000,9.000,0.000,66.97,0.6697,4.242,0.000,66.97,66.97,0.00,0,0,-3.34653,66.97,66.97,0.00,0,0,66.97,0.00,0.00,0.00,0.00,1.000,1.000,0.00,0,255.00,1,67.06,67.04,0.03,8.996,8.994,4.255,4.286,-0.004,-0.000,0.000,66.97,67,0.2802,8545,3510.82,3370.20,3228.77,4801.76,1.487,3228.77,0,2,1634,41209,0,0
39835,8.992,8.994,9.000,9.000,9.000,9.000,0.000,67.00,0.6700,4.243,0.000,67.00,67.00,0.00,0,0,-3.34676,67.00,67.00,0.00,0,0,67.00,0.00,0.00,0.00,0.00,1.000,1.000,0.00,0,255.00,1,67.13,67.09,0.04,8.994,8.992,4.260,4.297,-0.002,-0.000,0.001,67.00,67,0.1669,7702,3895.09,3303.71,3228.77,4801.76,1.487,3228.77,0,2,1648,41590,0,0
39935,8.998,8.998,9.000,9.000,9.000,9.000,0.000,66.97,0.6697,4.246,0.000,66.97,66.97,0.00,0,0,-3.34736,66.97,66.97,0.00,0,0,66.97,0.00,0.00,0.00,0.00,1.000,1.000,0.00,0,255.00,1,67.03,67.01,0.01,8.998,8.998,4.252,4.249,0.000,-0.000,0.000,66.97,67,-0.4476,8115,3696.86,3232.07,3228.77,4801.76,1.487,3228.77,0,2,1663,41865,0,0
40037,8.991,8.996,9.000,9.000,9.000,9.000,0.000,67.00,0.6700,4.246,0.000,67.00,67.00,0.00,0,0,-3.34744,67.00,67.00,0.00,0,0,67.00,0.00,0.00,0.00,0.00,1.000,1.000,0.00,0,255.00,1,67.05,67.02,0.03,8.996,8.995,4.251,4.272,-0.006,-0.000,0.000,67.00,67,0.4771,7282,4119.75,3202.51,3086.91,4828.24,1.564,3086.91,0,2,1668,41983,0,0
40172,8.995,9.000,9.000,9.000,9.000,9.000,0.000,66.94,0.6694,4.244,0.000,66.94,66.94,0.00,0,0,-3.34712,66.94,66.94,0.00,0,0,66.94,0.00,0.00,0.00,0.00,1.000,1.000,0.00,0,255.00,1,66.91,66.91,-0.00,9.000,9.000,4.239,4.247,-0.006,-0.000,0.000,66.94,67,0.1852,7476,4012.84,3146.10,3086.91,4828.24,1.564,3086.91,0,2,1683,42281,0,0
40307,9.017,9.009,9.000,9.000,9.000,9.000,0.000,66.83,0.6683,4.243,0.000,66.83,66.83,0.00,0,0,-3.34687,66.83,66.83,0.00,0,0,66.83,0.00,0.00,0.00,0.00,1.000,1.000,0.00,0,255.00,1,66.74,66.80,-0.06,9.009,9.010,4.233,4.165,0.009,0.000,0.001,66.83,67,-0.0901,8371,3583.80,3117.21,3086.91,4828.24,1.564,3086.91,0,2,1699,42630,0,0
40442,9.008,9.010,9.000,9.000,9.000,9.000,0.000,66.80,0.6680,4.239,0.000,66.80,66.80,0.00,0,0,-3.34584,66.80,66.80,0.00,0,0,66.80,0.00,0.00,0.00,0.00,1.000,1.000,0.00,0,255.00,1,66.58,66.65,-0.06,9.010,9.013,4.213,4.190,-0.002,0.000,0.002,66.80,67,0.2784,7188,4173.62,3231.26,3444.78,4593.04,1.333,3444.78,0,2,1715,42975,0,0
40580,9.001,9.004,9.000,9.000,9.000,9.000,0.000,66.87,0.6687,4.238,0.000,66.87,66.87,0.00,0,0,-3.34546,66.87,66.87,0.00,0,0,66.87,0.00,0.00,0.00,0.00,1.000,1.000,0.00,0,255.00,1,66.72,66.74,-0.02,9.004,9.006,4.222,4.248,-0.003,0.000,0.000,66.87,67,-0.1314,7296,4111.84,3311.07,3444.78,4593.04,1.333,3444.78,0,2,1730,43324,0,0
40716,9.000,9.000,9.000,9.000,9.000,9.000,0.000,66.92,0.6692,4.241,0.000,66.92,66.92,0.00,0,0,-3.34583,66.92,66.92,0.00,0,0,66.92,0.00,0.00,0.00,0.00,1.000,1.000,0.00,0,255.00,1,66.96,66.96,0.00,8.999,8.999,4.248,4.254,0.001,-0.000,0.000,66.92,67,-0.4131,6513,4606.17,3386.98,3444.78,4593.04,1.333,3444.78,0,2,1744,43675,0,0
40852,8.994,9.000,9.000,9.000,9.000,9.000,0.000,66.90,0.6690,4.239,0.000,66.90,66.90,0.00,0,0,-3.34530,66.90,66.90,0.00,0,0,66.90,0.00,0.00,0.00,0.00,1.000,1.000,0.00,0,255.00,1,66.86,66.87,-0.00,9.000,9.000,4.236,4.263,-0.007,-0.000,0.000,66.90,67,0.1032,7533,3982.48,3278.12,3163.90,4461.91,1.410,3163.90,0,2,1759,44054,0,0
40989,8.994,9.000,9.000,9.000,9.000,9.000,0.000,66.89,0.6689,4.238,0.000,66.89,66.89,0.00,0,0,-3.34477,66.89,66.89,0.00,0,0,66.89,0.00,0.00,0.00,0.00,1.000,1.000,0.00,0,255.00,1,66.82,66.82,-0.00,9.000,9.001,4.231,4.270,-0.007,-0.000,0.000,66.89,67,-0.4088,8430,3558.72,3214.46,3163.90,4461.91,1.410,3163.90,0,2,1771,44421,0,0
41123,9.014,9.005,9.000,9.000,9.000,9.000,0.000,66.84,0.6684,4.239,0.000,66.84,66.84,0.00,0,0,-3.34485,66.84,66.84,0.00,0,0,66.84,0.00,0.00,0.00,0.00,1.000,1.000,0.00,0,255.00,1,66.83,66.86,-0.03,9.005,9.006,4.241,4.206,0.010,0.000,0.000,66.84,67,0.3124,8601,3487.97,3190.13,3165.61,4620.08,1.459,3165.61,0,2,1786,44768,0,0
41261,9.010,9.006,9.000,9.000,9.000,9.000,0.000,66.82,0.6682,4.238,0.000,66.82,66.82,0.00,0,0,-3.34466,66.82,66.82,0.00,0,0,66.82,0.00,0.00,0.00,0.00,1.000,1.000,0.00,0,255.00,1,66.80,66.84,-0.04,9.006,9.006,4.239,4.200,0.005,0.000,0.000,66.82,67,-0.0739,7558,3969.30,3178.17,3165.61,4620.08,1.459,3165.61,0,2,1800,45078,0,0
41392,8.990,8.997,9.000,9.000,9.000,9.000,0.000,66.93,0.6693,4.239,0.000,66.93,66.93,0.00,0,0,-3.34467,66.93,66.93,0.00,0,0,66.93,0.00,0.00,0.00,0.00,1.000,1.000,0.00,0,255.00,1,66.96,66.94,0.02,8.997,8.996,4.244,4.284,-0.007,-0.000,0.000,66.93,67,-0.3890,7917,3789.31,3163.95,3165.61,4620.08,1.459,3165.61,0,2,1814,45467,0,0
41494,9.015,9.006,9.000,9.000,9.000,9.000,0.000,66.83,0.6683,4.240,0.000,66.83,66.83,0.00,0,0,-3.34485,66.83,66.83,0.00,0,0,66.83,0.00,0.00,0.00,0.00,1.000,1.000,0.00,0,255.00,1,66.86,66.90,-0.04,9.006,9.006,4.247,4.183,0.010,0.000,0.000,66.83,67,0.2702,9050,3314.92,3155.72,3119.59,4515.19,1.447,3119.59,0,2,1824,45698,0,0
41627,8.983,8.999,9.000,9.000,9.000,9.000,0.000,66.88,0.6688,4.237,0.000,66.88,66.88,0.00,0,0,-3.34392,66.88,66.88,0.00,0,0,66.88,0.00,0.00,0.00,0.00,1.000,1.000,0.00,0,255.00,1,66.78,66.78,0.00,8.999,8.999,4.225,4.280,-0.018,-0.000,0.000,66.88,67,-0.4432,7974,3762.23,3138.09,3119.59,4515.19,1.447,3119.59,0,2,1836,46075,0,0
41766,8.984,8.992,9.000,9.000,9.000,9.000,0.000,66.98,0.6698,4.239,0.000,66.98,66.98,0.00,0,0,-3.34435,66.98,66.98,0.00,0,0,66.98,0.00,0.00,0.00,0.00,1.000,1.000,0.00,0,255.00,1,67.04,66.99,0.05,8.991,8.990,4.248,4.329,-0.008,-0.001,0.001,66.98,67,0.3711,7964,3766.95,3129.06,3119.59,4515.19,1.447,3119.59,0,2,1850,46437,0,0
41898,8.999,9.001,9.000,9.000,9.000,9.000,0.000,66.87,0.6687,4.239,0.000,66.87,66.87,0.00,0,0,-3.34419,66.87,66.87,0.00,0,0,66.87,0.00,0.00,0.00,0.00,1.000,1.000,0.00,0,255.00,1,66.88,66.89,-0.01,9.001,9.001,4.242,4.235,-0.002,0.000,0.000,66.87,67,-0.0327,8488,3534.40,3082.15,3002.12,4543.75,1.514,3002.12,0,2,1866,46916,0,0
41999,9.000,9.005,9.000,9.000,9.000,9.000,0.000,66.81,0.6681,4.237,0.000,66.81,66.81,0.00,0,0,-3.34368,66.81,66.81,0.00,0,0,66.81,0.00,0.00,0.00,0.00,1.000,1.000,0.00,0,255.00,1,66.73,66.76,-0.03,9.006,9.006,4.229,4.211,-0.006,0.000,0.000,66.81,67,-0.4809,6718,4465.61,3053.34,3002.12,4543.75,1.514,3002.12,0,2,1876,47207,0,0
42099,9.001,9.001,9.000,9.000,9.000,9.000,0.000,66.86,0.6686,4.238,0.000,66.86,66.86,0.00,0,0,-3.34343,66.86,66.86,0.00,0,0,66.86,0.00,0.00,0.00,0.00,1.000,1.000,0.00,0,255.00,1,66.86,66.86,-0.00,9.001,9.000,4.239,4.238,0.000,-0.000,0.000,66.86,67,0.0049,7975,3761.76,3005.53,3002.12,4543.75,1.514,3002.12,0,2,1891,47581,0,0
42233,9.007,9.004,9.000,9.000,9.000,9.000,0.000,66.82,0.6682,4.237,0.000,66.82,66.82,0.00,0,0,-3.34313,66.82,66.82,0.00,0,0,66.82,0.00,0.00,0.00,0.00,1.000,1.000,0.00,0,255.00,1,66.78,66.80,-0.02,9.004,9.004,4.234,4.218,0.004,0.000,0.000,66.82,66,0.4788,6753,4442.47,3059.88,3282.20,4723.16,1.439,3282.20,0,2,1902,47831,0,0
42365,9.012,9.006,9.000,9.000,9.000,9.000,0.000,66.79,0.6679,4.237,0.000,66.79,66.79,0.00,0,0,-3.34288,66.79,66.79,0.00,0,0,66.79,0.00,0.00,0.00,0.00,1.000,1.000,0.00,0,255.00,1,66.73,66.77,-0.04,9.006,9.006,4.232,4.198,0.006,0.000,0.000,66.79,67,-0.0382,7844,3824.58,3168.37,3282.20,4723.16,1.439,3282.20,0,2,1917,48199,0,0
42501,9.013,9.006,9.000,9.000,9.000,9.000,0.000,66.79,0.6679,4.237,0.000,66.79,66.79,0.00,0,0,-3.34277,66.79,66.79,0.00,0,0,66.79,0.00,0.00,0.00,0.00,1.000,1.000,0.00,0,255.00,1,66.75,66.78,-0.04,9.006,9.007,4.234,4.195,0.008,0.000,0.000,66.79,66,0.4909,6267,4786.98,3223.92,3282.20,4723.16,1.439,3282.20,0,2,1933,48515,0,0
42633,9.014,9.013,9.000,9.000,9.000,9.000,0.000,66.68,0.6668,4.233,0.000,66.68,66.68,0.00,0,0,-3.34179,66.68,66.68,0.00,0,0,66.68,0.00,0.00,0.00,0.00,1.000,1.000,0.00,0,255.00,1,66.50,66.58,-0.08,9.013,9.015,4.213,4.152,0.001,0.000,0.002,66.68,67,-0.3569,7179,4178.85,3316.67,3460.84,5108.87,1.476,3460.84,0,2,1949,48862,0,0
42770,9.008,9.008,9.000,9.000,9.000,9.000,0.000,66.70,0.6670,4.228,0.000,66.70,66.70,0.00,0,0,-3.33969,66.70,66.70,0.00,0,0,66.70,0.00,0.00,0.00,0.00,1.000,1.000,0.00,0,255.00,1,66.54,66.59,-0.05,9.008,9.009,4.214,4.217,-0.000,0.000,0.001,66.70,67,0.1521,7866,3813.88,3441.49,3460.84,5108.87,1.476,3460.84,0,2,1963,49236,0,0
42902,8.999,9.001,9.000,9.000,9.000,9.000,0.000,66.78,0.6678,4.229,0.000,66.78,66.78,0.00,0,0,-3.33925,66.78,66.78,0.00,0,0,66.78,0.00,0.00,0.00,0.00,1.000,1.000,0.00,0,255.00,1,66.78,66.79,-0.00,9.001,9.000,4.235,4.263,-0.002,-0.000,0.000,66.78,67,-0.2876,7593,3951.01,3455.77,3460.84,5108.87,1.476,3460.84,0,2,1979,49638,0,0
43042,9.004,9.006,9.000,9.000,9.000,9.000,0.000,66.71,0.6671,4.227,0.000,66.71,66.71,0.00,0,0,-3.33859,66.71,66.71,0.00,0,0,66.71,0.00,0.00,0.00,0.00,1.000,1.000,0.00,0,255.00,1,66.65,66.68,-0.04,9.006,9.007,4.226,4.222,-0.002,0.000,0.000,66.71,67,-0.2198,6609,4539.26,3393.25,3327.66,4825.10,1.450,3327.66,0,2,1994,49975,0,0
43176,9.003,9.004,9.000,9.000,9.000,9.000,0.000,66.71,0.6671,4.226,0.000,66.71,66.71,0.00,0,0,-3.33796,66.71,66.71,0.00,0,0,66.71,0.00,0.00,0.00,0.00,1.000,1.000,0.00,0,255.00,1,66.65,66.67,-0.02,9.004,9.005,4.224,4.245,-0.002,0.000,0.000,66.71,67,-0.1799,6999,4286.33,3361.24,3327.66,4825.10,1.450,3327.66,0,2,2010,50367,0,0
43277,8.999,9.000,9.000,9.000,9.000,9.000,0.000,66.76,0.6676,4.227,0.000,66.76,66.76,0.00,0,0,-3.33793,66.76,66.76,0.00,0,0,66.76,0.00,0.00,0.00,0.00,1.000,1.000,0.00,0,255.00,1,66.76,66.76,0.00,9.000,9.001,4.233,4.272,-0.002,0.000,0.000,66.76,66,0.3271,7059,4249.89,3349.15,3327.66,4825.10,1.450,3327.66,0,2,2020,50637,0,0
43410,9.006,9.005,9.000,9.000,9.000,9.000,0.000,66.70,0.6670,4.227,0.000,66.70,66.70,0.00,0,0,-3.33750,66.70,66.70,0.00,0,0,66.70,0.00,0.00,0.00,0.00,1.000,1.000,0.00,0,255.00,1,66.68,66.71,-0.03,9.005,9.005,4.230,4.223,0.001,0.000,0.000,66.70,66,0.4166,8456,3547.78,3349.02,3348.88,5182.79,1.548,3348.88,0,2,2035,51009,0,0
43551,9.012,9.005,9.000,9.000,9.000,9.000,0.000,66.70,0.6670,4.228,0.000,66.70,66.70,0.00,0,0,-3.33751,66.70,66.70,0.00,0,0,66.70,0.00,0.00,0.00,0.00,1.000,1.000,0.00,0,255.00,1,66.73,66.76,-0.03,9.005,9.005,4.237,4.207,0.008,0.000,0.000,66.70,67,-0.3249,6701,4476.94,3365.20,3348.88,5182.79,1.548,3348.88,0,2,2049,51425,0,0
43682,9.013,9.011,9.000,9.000,9.000,9.000,0.000,66.61,0.6661,4.226,0.000,66.61,66.61,0.00,0,0,-3.33683,66.61,66.61,0.00,0,0,66.61,0.00,0.00,0.00,0.00,1.000,1.000,0.00,0,255.00,1,66.53,66.60,-0.07,9.012,9.013,4.222,4.158,0.002,0.001,0.001,66.61,67,-0.3576,8186,3664.79,3357.24,3348.88,5182.79,1.548,3348.88,0,2,2064,51808,0,0
43785,9.018,9.014,9.000,9.000,9.000,9.000,0.000,66.56,0.6656,4.223,0.000,66.56,66.56,0.00,0,0,-3.33609,66.56,66.56,0.00,0,0,66.56,0.00,0.00,0.00,0.00,1.000,1.000,0.00,0,255.00,1,66.39,66.48,-0.09,9.015,9.017,4.209,4.145,0.003,0.001,0.002,66.56,67,-0.1946,7422,4042.04,3298.16,3193.12,5198.11,1.628,3193.12,0,2,2075,52026,0,0
43917,9.004,9.004,9.000,9.000,9.000,9.000,0.000,66.65,0.6665,4.223,0.000,66.65,66.65,0.00,0,0,-3.33511,66.65,66.65,0.00,0,0,66.65,0.00,0.00,0.00,0.00,1.000,1.000,0.00,0,255.00,1,66.61,66.64,-0.03,9.004,9.005,4.224,4.229,-0.000,0.000,0.000,66.65,67,0.1143,6570,4566.21,3210.75,3193.12,5198.11,1.628,3193.12,0,2,2090,52454,0,0
44059,9.013,9.011,9.000,9.000,9.000,9.000,0.000,66.57,0.6657,4.222,0.000,66.57,66.57,0.00,0,0,-3.33459,66.57,66.57,0.00,0,0,66.57,0.00,0.00,0.00,0.00,1.000,1.000,0.00,0,255.00,1,66.49,66.55,-0.07,9.011,9.011,4.219,4.166,0.003,0.000,0.001,66.57,67,0.0042,7475,4013.38,3202.15,3193.12,5198.11,1.628,3193.12,0,2,2105,52803,0,0
44191,8.995,9.003,9.000,9.000,9.000,9.000,0.000,66.64,0.6664,4.220,0.000,66.64,66.64,0.00,0,0,-3.33364,66.64,66.64,0.00,0,0,66.64,0.00,0.00,0.00,0.00,1.000,1.000,0.00,0,255.00,1,66.53,66.54,-0.02,9.003,9.002,4.211,4.264,-0.009,-0.000,0.000,66.64,67,-0.3334,7115,4216.44,3273.01,3261.06,4772.28,1.463,3261.06,0,2,2119,53159,0,0
44292,9.005,9.005,9.000,9.000,9.000,9.000,0.000,66.60,0.6660,4.220,0.000,66.60,66.60,0.00,0,0,-3.33295,66.60,66.60,0.00,0,0,66.60,0.00,0.00,0.00,0.00,1.000,1.000,0.00,0,255.00,1,66.56,66.59,-0.03,9.005,9.004,4.220,4.227,0.000,-0.000,0.000,66.60,67,-0.2777,9241,3246.40,3256.32,3261.06,4772.28,1.463,3246.40,1,1,2129,53451,0,0
44426,8.997,8.998,9.000,9.000,9.000,9.000,0.000,66.69,0.6669,4.222,0.000,66.69,66.69,0.00,0,0,-3.33315,66.69,66.69,0.00,0,0,66.69,0.00,0.00,0.00,0.00,1.000,1.000,0.00,0,255.00,1,66.77,66.75,0.02,8.997,8.995,4.237,4.271,-0.001,-0.000,0.000,66.69,67,-0.2177,6638,4519.43,3258.63,3261.06,4772.28,1.463,3261.06,0,2,2145,53805,0,0
44564,9.004,9.006,9.000,9.000,9.000,9.000,0.000,66.59,0.6659,4.221,0.000,66.59,66.59,0.00,0,0,-3.33267,66.59,66.59,0.00,0,0,66.59,0.00,0.00,0.00,0.00,1.000,1.000,0.00,0,255.00,1,66.59,66.62,-0.03,9.005,9.005,4.226,4.200,-0.001,0.000,0.000,66.59,67,-0.4295,8390,3575.69,3228.99,3182.39,5059.19,1.590,3182.39,0,2,2158,54225,0,0
44696,9.025,9.017,9.000,9.000,9.000,9.000,0.000,66.43,0.6643,4.217,0.000,66.43,66.43,0.00,0,0,-3.33158,66.43,66.43,0.00,0,0,66.43,0.00,0.00,0.00,0.00,1.000,1.000,0.00,0,255.00,1,66.27,66.37,-0.10,9.017,9.018,4.204,4.113,0.009,0.001,0.003,66.43,66,0.0633,6245,4803.84,3211.26,3182.39,5059.19,1.590,3182.39,0,2,2174,54592,0,0
44835,8.991,8.996,9.000,9.000,9.000,9.000,0.000,66.67,0.6667,4.219,0.000,66.67,66.67,0.00,0,0,-3.33151,66.67,66.67,0.00,0,0,66.67,0.00,0.00,0.00,0.00,1.000,1.000,0.00,0,255.00,1,66.67,66.64,0.02,8.996,8.995,4.223,4.304,-0.006,-0.000,0.000,66.67,67,-0.0775,7144,4199.33,3197.17,3182.39,5059.19,1.590,3182.39,0,2,2189,54932,0,0
44967,9.025,9.016,9.000,9.000,9.000,9.000,0.000,66.44,0.6644,4.218,0.000,66.44,66.44,0.00,0,0,-3.33099,66.44,66.44,0.00,0,0,66.44,0.00,0.00,0.00,0.00,1.000,1.000,0.00,0,255.00,1,66.35,66.45,-0.10,9.016,9.017,4.214,4.109,0.010,0.001,0.002,66.44,67,-0.3983,6631,4524.20,3287.92,3383.12,4927.59,1.457,3383.12,0,2,2205,55278,0,0
45104,9.008,9.014,9.000,9.000,9.000,9.000,0.000,66.43,0.6643,4.212,0.000,66.43,66.43,0.00,0,0,-3.32937,66.43,66.43,0.00,0,0,66.43,0.00,0.00,0.00,0.00,1.000,1.000,0.00,0,255.00,1,66.17,66.25,-0.08,9.014,9.016,4.187,4.173,-0.007,0.000,0.003,66.43,67,-0.2397,6611,4537.89,3334.38,3383.12,4927.59,1.457,3383.12,0,2,2220,55653,0,0
45236,9.001,9.007,9.000,9.000,9.000,9.000,0.000,66.48,0.6648,4.211,0.000,66.48,66.48,0.00,0,0,-3.32850,66.48,66.48,0.00,0,0,66.48,0.00,0.00,0.00,0.00,1.000,1.000,0.00,0,255.00,1,66.29,66.33,-0.05,9.008,9.008,4.194,4.232,-0.007,0.000,0.001,66.48,66,0.1507,7075,4240.28,3371.20,3383.12,4927.59,1.457,3383.12,0,2,2235,56019,0,0
45336,9.023,9.018,9.000,9.000,9.000,9.000,0.000,66.34,0.6634,4.208,0.000,66.34,66.34,0.00,0,0,-3.32755,66.34,66.34,0.00,0,0,66.34,0.00,0.00,0.00,0.00,1.000,1.000,0.00,0,255.00,1,66.08,66.19,-0.11,9.019,9.020,4.185,4.134,0.005,0.001,0.004,66.34,66,-0.1078,9904,3029.08,3359.53,3338.78,5193.66,1.556,3338.78,0,2,2244,56242,0,0
45468,9.023,9.017,9.000,9.000,9.000,9.000,0.000,66.33,0.6633,4.206,0.000,66.33,66.33,0.00,0,0,-3.32643,66.33,66.33,0.00,0,0,66.33,0.00,0.00,0.00,0.00,1.000,1.000,0.00,0,255.00,1,66.09,66.20,-0.10,9.017,9.018,4.187,4.149,0.006,0.000,0.003,66.33,66,0.0675,7714,3889.03,3349.41,3338.78,5193.66,1.556,3338.78,0,2,2259,56645,0,0
45605,9.004,9.011,9.000,9.000,9.000,9.000,0.000,66.38,0.6638,4.204,0.000,66.38,66.38,0.00,0,0,-3.32525,66.38,66.38,0.00,0,0,66.38,0.00,0.00,0.00,0.00,1.000,1.000,0.00,0,255.00,1,66.17,66.23,-0.07,9.011,9.011,4.188,4.215,-0.007,0.000,0.001,66.38,66,0.1491,6445,4654.77,3368.03,3338.78,5193.66,1.556,3338.78,0,2,2274,57014,0,0
45737,9.005,9.009,9.000,9.000,9.000,9.000,0.000,66.38,0.6638,4.202,0.000,66.38,66.38,0.00,0,0,-3.32410,66.38,66.38,0.00,0,0,66.38,0.00,0.00,0.00,0.00,1.000,1.000,0.00,0,255.00,1,66.20,66.26,-0.06,9.009,9.009,4.191,4.231,-0.004,0.000,0.001,66.38,66,0.1647,7560,3968.25,3270.86,3199.80,5086.86,1.590,3199.80,0,2,2289,57336,0,0
45878,8.996,9.002,9.000,9.000,9.000,9.000,0.000,66.44,0.6644,4.202,0.000,66.44,66.44,0.00,0,0,-3.32332,66.44,66.44,0.00,0,0,66.44,0.00,0.00,0.00,0.00,1.000,1.000,0.00,0,255.00,1,66.37,66.38,-0.01,9.002,9.000,4.204,4.288,-0.007,-0.000,0.000,66.44,66,0.2675,7408,4049.68,3236.18,3199.80,5086.86,1.590,3199.80,0,2,2303,57652,0,0
46011,9.021,9.012,9.000,9.000,9.000,9.000,0.000,66.31,0.6631,4.202,0.000,66.31,66.31,0.00,0,0,-3.32270,66.31,66.31,0.00,0,0,66.31,0.00,0.00,0.00,0.00,1.000,1.000,0.00,0,255.00,1,66.27,66.34,-0.07,9.012,9.011,4.209,4.167,0.009,0.000,0.001,66.31,66,0.4068,7976,3761.28,3218.43,3199.80,5086.86,1.590,3199.80,0,2,2319,58017,0,0
46112,9.003,9.011,9.000,9.000,9.000,9.000,0.000,66.31,0.6631,4.200,0.000,66.31,66.31,0.00,0,0,-3.32181,66.31,66.31,0.00,0,0,66.31,0.00,0.00,0.00,0.00,1.000,1.000,0.00,0,255.00,1,66.20,66.27,-0.06,9.011,9.010,4.198,4.197,-0.008,0.000,0.001,66.31,66,-0.0623,9527,3148.95,3257.93,3328.16,4585.47,1.378,3328.16,0,2,2329,58221,0,0
46247,8.999,9.002,9.000,9.000,9.000,9.000,0.000,66.41,0.6641,4.201,0.000,66.41,66.41,0.00,0,0,-3.32137,66.41,66.41,0.00,0,0,66.41,0.00,0.00,0.00,0.00,1.000,1.000,0.00,0,255.00,1,66.41,66.42,-0.01,9.002,9.001,4.212,4.267,-0.003,-0.000,0.000,66.41,66,0.0540,6926,4331.50,3292.21,3328.16,4585.47,1.378,3328.16,0,2,2343,58622,0,0
46387,9.025,9.015,9.000,9.000,9.000,9.000,0.000,66.22,0.6622,4.203,0.000,66.22,66.22,0.00,0,0,-3.31936,66.22,66.22,0.00,0,0,66.22,0.00,0.00,0.00,0.00,1.000,1.000,0.00,0,255.00,1,66.16,66.25,-0.09,9.015,9.015,4.203,4.104,0.012,0.001,0.002,66.22,66,0.2127,7618,3938.04,3327.35,3328.16,4585.47,1.378,3328.16,0,2,2357,58990,0,0
46520,9.024,9.013,9.000,9.000,9.000,9.000,0.000,66.22,0.6622,4.202,0.000,66.22,66.22,0.00,0,0,-3.31878,66.22,66.22,0.00,0,0,66.22,0.00,0.00,0.00,0.00,1.000,1.000,0.00,0,255.00,1,66.13,66.21,-0.08,9.014,9.014,4.197,4.121,0.012,0.000,0.002,66.22,66,0.1305,7893,3800.84,3153.56,2947.61,4142.59,1.405,2947.61,0,2,2371,59361,0,0
46659,9.026,9.022,9.000,9.000,9.000,9.000,0.000,66.06,0.6606,4.194,0.000,66.06,66.06,0.00,0,0,-3.31613,66.06,66.06,0.00,0,0,66.06,0.00,0.00,0.00,0.00,1.000,1.000,0.00,0,255.00,1,65.75,65.89,-0.14,9.023,9.025,4.164,4.082,0.004,0.001,0.006,66.06,66,0.1852,6926,4331.50,3001.60,2947.61,4142.59,1.405,2947.61,0,2,2386,59700,0,0
46792,9.006,9.009,9.000,9.000,9.000,9.000,0.000,66.20,0.6620,4.193,0.000,66.20,66.20,0.00,0,0,-3.31526,66.20,66.20,0.00,0,0,66.20,0.00,0.00,0.00,0.00,1.000,1.000,0.00,0,255.00,1,65.99,66.05,-0.06,9.009,9.010,4.176,4.210,-0.004,0.000,0.001,66.20,66,-0.2238,6429,4666.36,2975.25,2947.61,4142.59,1.405,2947.61,0,2,2402,60067,0,0
46895,9.009,9.005,9.000,9.000,9.000,9.000,0.000,66.24,0.6624,4.194,0.000,66.24,66.24,0.00,0,0,-3.31508,66.24,66.24,0.00,0,0,66.24,0.00,0.00,0.00,0.00,1.000,1.000,0.00,0,255.00,1,66.15,66.18,-0.03,9.005,9.005,4.192,4.228,0.005,-0.000,0.000,66.24,66,0.3152,6914,4339.02,3131.58,3409.50,4669.54,1.370,3409.50,0,2,2413,60288,0,0
47028,9.009,9.008,9.000,9.000,9.000,9.000,0.000,66.20,0.6620,4.194,0.000,66.20,66.20,0.00,0,0,-3.31464,66.20,66.20,0.00,0,0,66.20,0.00,0.00,0.00,0.00,1.000,1.000,0.00,0,255.00,1,66.16,66.21,-0.05,9.008,9.007,4.198,4.184,0.001,0.000,0.000,66.20,66,0.0327,6714,4468.28,3282.96,3409.50,4669.54,1.370,3409.50,0,2,2430,60644,0,0
47166,9.014,9.013,9.000,9.000,9.000,9.000,0.000,66.13,0.6613,4.193,0.000,66.13,66.13,0.00,0,0,-3.31386,66.13,66.13,0.00,0,0,66.13,0.00,0.00,0.00,0.00,1.000,1.000,0.00,0,255.00,1,66.04,66.12,-0.08,9.013,9.012,4.191,4.142,0.002,0.000,0.001,66.13,67,-0.4177,7352,4080.52,3344.71,3409.50,4669.54,1.370,3409.50,0,2,2446,60948,0,0
47300,8.998,9.006,9.000,9.000,9.000,9.000,0.000,66.17,0.6617,4.188,0.000,66.17,66.17,0.00,0,0,-3.31188,66.17,66.17,0.00,0,0,66.17,0.00,0.00,0.00,0.00,1.000,1.000,0.00,0,255.00,1,66.01,66.05,-0.04,9.006,9.005,4.178,4.231,-0.009,-0.000,0.001,66.17,66,0.0636,7867,3813.40,3466.90,3526.45,4888.94,1.386,3526.45,0,2,2461,61366,0,0
47401,9.012,9.010,9.000,9.000,9.000,9.000,0.000,66.11,0.6611,4.188,0.000,66.11,66.11,0.00,0,0,-3.31137,66.11,66.11,0.00,0,0,66.11,0.00,0.00,0.00,0.00,1.000,1.000,0.00,0,255.00,1,66.00,66.05,-0.06,9.009,9.008,4.183,4.189,0.002,-0.000,0.001,66.11,66,0.3240,10580,2835.54,3488.34,3526.45,4888.94,1.386,3526.45,0,2,2471,61581,0,0
47535,9.001,9.007,9.000,9.000,9.000,9.000,0.000,66.13,0.6613,4.186,0.000,66.13,66.13,0.00,0,0,-3.31038,66.13,66.13,0.00,0,0,66.13,0.00,0.00,0.00,0.00,1.000,1.000,0.00,0,255.00,1,66.01,66.05,-0.04,9.007,9.005,4.182,4.217,-0.006,-0.000,0.000,66.13,67,-0.4247,8351,3592.38,3520.12,3526.45,4888.94,1.386,3592.38,1,1,2484,62006,0,0
47672,9.011,9.011,9.000,9.000,9.000,9.000,0.000,66.06,0.6606,4.186,0.000,66.06,66.06,0.00,0,0,-3.30958,66.06,66.06,0.00,0,0,66.06,0.00,0.00,0.00,0.00,1.000,1.000,0.00,0,255.00,1,65.97,66.03,-0.06,9.011,9.009,4.184,4.172,0.000,-0.000,0.001,66.06,66,-0.1431,7319,4098.92,3313.35,3085.63,4628.44,1.500,3085.63,0,2,2498,62365,0,0
47806,9.013,9.013,9.000,9.000,9.000,9.000,0.000,65.94,0.6594,4.176,0.000,65.94,65.94,0.00,0,0,-3.30476,65.94,65.94,0.00,0,0,65.94,0.00,0.00,0.00,0.00,1.000,1.000,0.00,0,255.00,1,65.77,65.85,-0.08,9.013,9.013,4.168,4.171,-0.000,0.000,0.002,65.94,65,0.4701,7696,3898.13,3105.19,3085.63,4628.44,1.500,3085.63,0,2,2514,62728,0,0
47906,9.008,9.012,9.000,9.000,9.000,9.000,0.000,65.94,0.6594,4.175,0.000,65.94,65.94,0.00,0,0,-3.30392,65.94,65.94,0.00,0,0,65.94,0.00,0.00,0.00,0.00,1.000,1.000,0.00,0,255.00,1,65.78,65.85,-0.07,9.011,9.011,4.168,4.187,-0.004,-0.000,0.001,65.94,66,0.3064,9013,3328.53,3098.15,3085.63,4628.44,1.500,3085.63,0,2,2524,62957,0,0
48044,9.009,9.009,9.000,9.000,9.000,9.000,0.000,65.96,0.6596,4.174,0.000,65.96,65.96,0.00,0,0,-3.30301,65.96,65.96,0.00,0,0,65.96,0.00,0.00,0.00,0.00,1.000,1.000,0.00,0,255.00,1,65.87,65.92,-0.05,9.008,9.006,4.176,4.205,0.001,-0.000,0.000,65.96,66,0.1411,9748,3077.55,3206.38,3319.93,5020.38,1.512,3319.93,0,2,2539,63355,0,0
48181,8.990,9.001,9.000,9.000,9.000,9.000,0.000,66.03,0.6603,4.174,0.000,66.03,66.03,0.00,0,0,-3.30222,66.03,66.03,0.00,0,0,66.03,0.00,0.00,0.00,0.00,1.000,1.000,0.00,0,255.00,1,66.01,66.01,-0.00,9.000,8.997,4.184,4.269,-0.012,-0.001,0.000,66.03,66,-0.0266,7495,4002.67,3241.08,3319.93,5020.38,1.512,3319.93,0,2,2552,63660,0,0
48315,8.993,9.002,9.000,9.000,9.000,9.000,0.000,66.00,0.6600,4.175,0.000,66.00,66.00,0.00,0,0,-3.30151,66.00,66.00,0.00,0,0,66.00,0.00,0.00,0.00,0.00,1.000,1.000,0.00,0,255.00,1,66.01,66.02,-0.01,9.002,8.999,4.187,4.242,-0.010,-0.000,0.000,66.00,66,-0.2039,6628,4526.25,3261.63,3230.28,4845.41,1.500,3230.28,0,2,2568,64055,0,0
48417,8.995,9.000,9.000,9.000,9.000,9.000,0.000,66.03,0.6603,4.176,0.000,66.03,66.03,0.00,0,0,-3.30135,66.03,66.03,0.00,0,0,66.03,0.00,0.00,0.00,0.00,1.000,1.000,0.00,0,255.00,1,66.10,66.10,0.00,8.999,8.996,4.196,4.252,-0.005,-0.001,0.000,66.03,66,-0.2117,8098,3704.62,3250.34,3230.28,4845.41,1.500,3230.28,0,2,2578,64299,0,0
48554,8.998,9.008,9.000,9.000,9.000,9.000,0.000,65.92,0.6592,4.174,0.000,65.92,65.92,0.00,0,0,-3.30024,65.92,65.92,0.00,0,0,65.92,0.00,0.00,0.00,0.00,1.000,1.000,0.00,0,255.00,1,65.87,65.91,-0.04,9.007,9.006,4.179,4.187,-0.010,-0.000,0.000,65.92,66,0.3863,7269,4127.12,3240.55,3230.28,4845.41,1.500,3230.28,0,2,2596,64734,0,0
48693,8.996,8.999,9.000,9.000,9.000,9.000,0.000,66.00,0.6600,4.181,0.000,66.00,66.00,0.00,0,0,-3.29938,66.00,66.00,0.00,0,0,66.00,0.00,0.00,0.00,0.00,1.000,1.000,0.00,0,255.00,1,66.05,66.05,0.01,8.999,8.998,4.191,4.206,-0.002,-0.000,0.000,66.00,66,-0.0568,6811,4404.64,3291.53,3536.23,5143.61,1.455,3536.23,0,2,2612,65140,0,0
48826,8.999,9.003,9.000,9.000,9.000,9.000,0.000,65.94,0.6594,4.179,0.000,65.94,65.94,0.00,0,0,-3.29865,65.94,65.94,0.00,0,0,65.94,0.00,0.00,0.00,0.00,1.000,1.000,0.00,0,255.00,1,65.87,65.89,-0.02,9.003,9.003,4.174,4.183,-0.005,0.000,0.000,65.94,66,-0.4167,7611,3941.66,3410.94,3536.23,5143.61,1.455,3536.23,0,2,2627,65491,0,0
48966,8.993,8.998,9.000,9.000,9.000,9.000,0.000,65.98,0.6598,4.177,0.000,65.98,65.98,0.00,0,0,-3.29807,65.98,65.98,0.00,0,0,65.98,0.00,0.00,0.00,0.00,1.000,1.000,0.00,0,255.00,1,65.91,65.90,0.01,8.998,8.998,4.172,4.236,-0.006,-0.000,0.000,65.98,66,0.2431,7619,3937.52,3472.08,3536.23,5143.61,1.455,3536.23,0,2,2641,65822,0,0
49101,9.023,9.010,9.000,9.000,9.000,9.000,0.000,65.83,0.6583,4.177,0.000,65.83,65.83,0.00,0,0,-3.29773,65.83,65.83,0.00,0,0,65.83,0.00,0.00,0.00,0.00,1.000,1.000,0.00,0,255.00,1,65.77,65.83,-0.06,9.010,9.011,4.173,4.113,0.014,0.000,0.001,65.83,66,-0.0185,7334,4090.54,3367.43,3158.57,4130.44,1.308,3158.57,0,2,2656,66222,0,0
49203,9.014,9.014,9.000,9.000,9.000,9.000,0.000,65.77,0.6577,4.174,0.000,65.77,65.77,0.00,0,0,-3.29689,65.77,65.77,0.00,0,0,65.77,0.00,0.00,0.00,0.00,1.000,1.000,0.00,0,255.00,1,65.59,65.68,-0.09,9.014,9.016,4.157,4.097,0.000,0.000,0.002,65.77,66,-0.4646,6632,4523.52,3280.49,3158.57,4130.44,1.308,3158.57,0,2,2666,66503,0,0
49336,9.002,9.004,9.000,9.000,9.000,9.000,0.000,65.88,0.6588,4.172,0.000,65.88,65.88,0.00,0,0,-3.29611,65.88,65.88,0.00,0,0,65.88,0.00,0.00,0.00,0.00,1.000,1.000,0.00,0,255.00,1,65.73,65.75,-0.02,9.004,9.004,4.159,4.205,-0.002,-0.000,0.000,65.88,66,0.0052,10342,2900.79,3220.99,3158.57,4130.44,1.308,3158.57,0,2,2677,66874,0,0
49437,8.997,9.004,9.000,9.000,9.000,9.000,0.000,65.86,0.6586,4.171,0.000,65.86,65.86,0.00,0,0,-3.29562,65.86,65.86,0.00,0,0,65.86,0.00,0.00,0.00,0.00,1.000,1.000,0.00,0,255.00,1,65.73,65.75,-0.03,9.004,9.004,4.161,4.200,-0.008,-0.000,0.000,65.86,66,-0.3608,9541,3144.32,3127.01,2801.00,3921.40,1.400,2801.00,0,2,2686,67107,0,0
49576,9.005,9.006,9.000,9.000,9.000,9.000,0.000,65.83,0.6583,4.171,0.000,65.83,65.83,0.00,0,0,-3.29507,65.83,65.83,0.00,0,0,65.83,0.00,0.00,0.00,0.00,1.000,1.000,0.00,0,255.00,1,65.74,65.77,-0.04,9.006,9.005,4.165,4.178,-0.001,-0.000,0.000,65.83,66,0.1367,6445,4654.77,2967.92,2801.00,3921.40,1.400,2801.00,0,2,2701,67493,0,0
49714,8.996,9.002,9.000,9.000,9.000,9.000,0.000,65.86,0.6586,4.170,0.000,65.86,65.86,0.00,0,0,-3.29435,65.86,65.86,0.00,0,0,65.86,0.00,0.00,0.00,0.00,1.000,1.000,0.00,0,255.00,1,65.78,65.79,-0.01,9.002,9.001,4.166,4.217,-0.007,-0.000,0.000,65.86,66,-0.4767,7557,3969.83,2886.46,2801.00,3921.40,1.400,2801.00,0,2,2716,67888,0,0
49851,9.009,9.005,9.000,9.000,9.000,9.000,0.000,65.83,0.6583,4.170,0.000,65.83,65.83,0.00,0,0,-3.29407,65.83,65.83,0.00,0,0,65.83,0.00,0.00,0.00,0.00,1.000,1.000,0.00,0,255.00,1,65.81,65.84,-0.03,9.004,9.003,4.175,4.178,0.005,-0.000,0.000,65.83,66,0.0620,7566,3965.11,3038.17,3338.25,4212.56,1.262,3338.25,0,2,2732,68278,0,0
49952,9.004,9.007,9.000,9.000,9.000,9.000,0.000,65.79,0.6579,4.169,0.000,65.79,65.79,0.00,0,0,-3.29358,65.79,65.79,0.00,0,0,65.79,0.00,0.00,0.00,0.00,1.000,1.000,0.00,0,255.00,1,65.74,65.78,-0.04,9.006,9.006,4.170,4.164,-0.003,0.000,0.000,65.79,66,-0.3823,9797,3062.16,3146.20,3338.25,4212.56,1.262,3338.25,0,2,2743,68501,0,0
50052,9.009,9.009,9.000,9.000,9.000,9.000,0.000,65.74,0.6574,4.166,0.000,65.74,65.74,0.00,0,0,-3.29230,65.74,65.74,0.00,0,0,65.74,0.00,0.00,0.00,0.00,1.000,1.000,0.00,0,255.00,1,65.61,65.67,-0.06,9.009,9.009,4.158,4.152,0.000,0.000,0.001,65.74,66,-0.4662,7978,3760.34,3259.59,3338.25,4212.56,1.262,3338.25,0,2,2757,68882,0,0
50185,8.992,9.001,9.000,9.000,9.000,9.000,0.000,65.83,0.6583,4.166,0.000,65.83,65.83,0.00,0,0,-3.29181,65.83,65.83,0.00,0,0,65.83,0.00,0.00,0.00,0.00,1.000,1.000,0.00,0,255.00,1,65.77,65.78,-0.00,9.001,9.000,4.166,4.228,-0.010,-0.000,0.000,65.83,66,-0.1444,9179,3268.33,3229.32,3050.90,4496.07,1.474,3050.90,0,2,2766,69078,0,0
50318,9.011,9.007,9.000,9.000,9.000,9.000,0.000,65.75,0.6575,4.167,0.000,65.75,65.75,0.00,0,0,-3.29162,65.75,65.75,0.00,0,0,65.75,0.00,0.00,0.00,0.00,1.000,1.000,0.00,0,255.00,1,65.75,65.79,-0.04,9.007,9.006,4.174,4.148,0.005,0.000,0.000,65.75,65,0.2873,9067,3308.70,3142.25,3050.90,4496.07,1.474,3050.90,0,2,2780,69437,0,0
50456,8.992,9.004,9.000,9.000,9.000,9.000,0.000,65.76,0.6576,4.164,0.000,65.76,65.76,0.00,0,0,-3.29042,65.76,65.76,0.00,0,0,65.76,0.00,0.00,0.00,0.00,1.000,1.000,0.00,0,255.00,1,65.64,65.67,-0.03,9.004,9.004,4.156,4.200,-0.014,-0.000,0.000,65.76,66,0.2571,9747,3077.87,3103.07,3050.90,4496.07,1.474,3077.87,1,1,2793,69807,0,0
50556,9.017,9.014,9.000,9.000,9.000,9.000,0.000,65.63,0.6563,4.162,0.000,65.63,65.63,0.00,0,0,-3.28970,65.63,65.63,0.00,0,0,65.63,0.00,0.00,0.00,0.00,1.000,1.000,0.00,0,255.00,1,65.47,65.55,-0.08,9.014,9.014,4.150,4.113,0.003,0.000,0.002,65.63,66,-0.4314,12362,2426.79,3049.08,2874.85,3860.52,1.343,2874.85,0,2,2801,70041,0,0
50690,9.002,9.010,9.000,9.000,9.000,9.000,0.000,65.66,0.6566,4.159,0.000,65.66,65.66,0.00,0,0,-3.28855,65.66,65.66,0.00,0,0,65.66,0.00,0.00,0.00,0.00,1.000,1.000,0.00,0,255.00,1,65.47,65.53,-0.06,9.010,9.010,4.144,4.165,-0.009,0.000,0.001,65.66,65,0.4513,6481,4628.92,2964.06,2874.85,3860.52,1.343,2874.85,0,2,2817,70408,0,0
50824,9.010,9.007,9.000,9.000,9.000,9.000,0.000,65.68,0.6568,4.162,0.000,65.68,65.68,0.00,0,0,-3.28787,65.68,65.68,0.00,0,0,65.68,0.00,0.00,0.00,0.00,1.000,1.000,0.00,0,255.00,1,65.69,65.73,-0.04,9.006,9.005,4.171,4.151,0.004,0.000,0.000,65.68,66,-0.4637,6855,4376.37,2959.10,2874.85,3860.52,1.343,2874.85,0,2,2831,70777,0,0
50955,9.017,9.020,9.000,9.000,9.000,9.000,0.000,65.48,0.6548,4.156,0.000,65.48,65.48,0.00,0,0,-3.28609,65.48,65.48,0.00,0,0,65.48,0.00,0.00,0.00,0.00,1.000,1.000,0.00,0,255.00,1,65.24,65.36,-0.12,9.020,9.022,4.135,4.060,-0.004,0.001,0.004,65.48,65,0.0370,8056,3723.93,3061.31,3272.97,4991.27,1.525,3272.97,0,2,2845,71153,0,0
51090,8.990,9.001,9.000,9.000,9.000,9.000,0.000,65.65,0.6565,4.151,0.000,65.65,65.65,0.00,0,0,-3.28354,65.65,65.65,0.00,0,0,65.65,0.00,0.00,0.00,0.00,1.000,1.000,0.00,0,255.00,1,65.49,65.50,-0.01,9.001,9.002,4.140,4.258,-0.013,-0.000,0.000,65.65,66,0.1525,7805,3843.69,3217.48,3272.97,4991.27,1.525,3272.97,0,2,2860,71497,0,0
51228,9.002,9.005,9.000,9.000,9.000,9.000,0.000,65.59,0.6559,4.151,0.000,65.59,65.59,0.00,0,0,-3.28286,65.59,65.59,0.00,0,0,65.59,0.00,0.00,0.00,0.00,1.000,1.000,0.00,0,255.00,1,65.52,65.55,-0.03,9.005,9.005,4.153,4.197,-0.004,-0.000,0.000,65.59,66,-0.1296,6784,4422.17,3264.48,3272.97,4991.27,1.525,3272.97,0,2,2873,71938,0,0
51361,8.992,8.998,9.000,9.000,9.000,9.000,0.000,65.68,0.6568,4.154,0.000,65.68,65.68,0.00,0,0,-3.28282,65.68,65.68,0.00,0,0,65.68,0.00,0.00,0.00,0.00,1.000,1.000,0.00,0,255.00,1,65.77,65.75,0.02,8.997,8.996,4.174,4.240,-0.006,-0.000,0.000,65.68,66,-0.1789,6683,4489.00,3145.69,3021.06,5388.91,1.784,3021.06,0,2,2888,72330,0,0
51498,9.003,9.007,9.000,9.000,9.000,9.000,0.000,65.55,0.6555,4.152,0.000,65.55,65.55,0.00,0,0,-3.28198,65.55,65.55,0.00,0,0,65.55,0.00,0.00,0.00,0.00,1.000,1.000,0.00,0,255.00,1,65.55,65.59,-0.04,9.007,9.006,4.161,4.153,-0.005,0.000,0.000,65.55,65,0.4273,7914,3790.75,3099.85,3021.06,5388.91,1.784,3021.06,0,2,2902,72740,0,0
51629,8.999,9.003,9.000,9.000,9.000,9.000,0.000,65.59,0.6559,4.152,0.000,65.59,65.59,0.00,0,0,-3.28131,65.59,65.59,0.00,0,0,65.59,0.00,0.00,0.00,0.00,1.000,1.000,0.00,0,255.00,1,65.59,65.60,-0.02,9.003,9.002,4.160,4.196,-0.004,-0.000,0.000,65.59,66,0.0491,8301,3614.02,3073.79,3021.06,5388.91,1.784,3021.06,0,2,2917,73067,0,0
51766,9.009,9.006,9.000,9.000,9.000,9.000,0.000,65.55,0.6555,4.153,0.000,65.55,65.55,0.00,0,0,-3.28098,65.55,65.55,0.00,0,0,65.55,0.00,0.00,0.00,0.00,1.000,1.000,0.00,0,255.00,1,65.60,65.64,-0.03,9.006,9.005,4.168,4.141,0.004,0.000,0.000,65.55,66,0.0365,6601,4544.77,3167.80,3200.11,4911.80,1.535,3200.11,0,2,2931,73463,0,0
51898,8.994,9.004,9.000,9.000,9.000,9.000,0.000,65.55,0.6555,4.151,0.000,65.55,65.55,0.00,0,0,-3.27997,65.55,65.55,0.00,0,0,65.55,0.00,0.00,0.00,0.00,1.000,1.000,0.00,0,255.00,1,65.48,65.51,-0.03,9.004,9.004,4.150,4.175,-0.011,-0.000,0.000,65.55,65,0.4521,6187,4848.88,3183.57,3200.11,4911.80,1.535,3200.11,0,2,2945,73879,0,0
51999,8.996,9.006,9.000,9.000,9.000,9.000,0.000,65.52,0.6552,4.149,0.000,65.52,65.52,0.00,0,0,-3.27932,65.52,65.52,0.00,0,0,65.52,0.00,0.00,0.00,0.00,1.000,1.000,0.00,0,255.00,1,65.42,65.45,-0.03,9.006,9.005,4.144,4.171,-0.011,-0.000,0.000,65.52,65,0.3679,10188,2944.64,3189.52,3200.11,4911.80,1.535,3200.11,0,2,2955,74124,0,0
52131,9.000,9.003,9.000,9.000,9.000,9.000,0.000,65.54,0.6554,4.149,0.000,65.54,65.54,0.00,0,0,-3.27876,65.54,65.54,0.00,0,0,65.54,0.00,0.00,0.00,0.00,1.000,1.000,0.00,0,255.00,1,65.49,65.50,-0.02,9.003,9.003,4.150,4.189,-0.003,-0.000,0.000,65.54,66,-0.1162,7741,3875.47,3119.33,3092.42,4557.25,1.474,3092.42,0,2,2968,74460,0,0
52270,9.002,9.006,9.000,9.000,9.000,9.000,0.000,65.48,0.6548,4.149,0.000,65.48,65.48,0.00,0,0,-3.27763,65.48,65.48,0.00,0,0,65.48,0.00,0.00,0.00,0.00,1.000,1.000,0.00,0,255.00,1,65.43,65.46,-0.04,9.006,9.006,4.149,4.150,-0.004,0.000,0.000,65.48,66,-0.0343,6681,4490.35,3096.94,3092.42,4557.25,1.474,3092.42,0,2,2983,74880,0,0
52403,8.993,9.003,9.000,9.000,9.000,9.000,0.000,65.50,0.6550,4.147,0.000,65.50,65.50,0.00,0,0,-3.27674,65.50,65.50,0.00,0,0,65.50,0.00,0.00,0.00,0.00,1.000,1.000,0.00,0,255.00,1,65.41,65.42,-0.02,9.003,9.003,4.142,4.191,-0.011,-0.000,0.000,65.50,65,0.2327,9362,3204.44,3126.24,3092.42,4557.25,1.474,3204.44,1,1,2997,75254,0,0
52503,9.018,9.013,9.000,9.000,9.000,9.000,0.000,65.38,0.6538,4.146,0.000,65.38,65.38,0.00,0,0,-3.27618,65.38,65.38,0.00,0,0,65.38,0.00,0.00,0.00,0.00,1.000,1.000,0.00,0,255.00,1,65.25,65.33,-0.08,9.013,9.013,4.138,4.095,0.006,0.000,0.002,65.38,65,0.0655,9362,3204.44,3141.81,3125.81,4167.75,1.333,3204.44,1,1,3006,75493,0,0
52634,9.021,9.018,9.000,9.000,9.000,9.000,0.000,65.28,0.6528,4.142,0.000,65.28,65.28,0.00,0,0,-3.27494,65.28,65.28,0.00,0,0,65.28,0.00,0.00,0.00,0.00,1.000,1.000,0.00,0,255.00,1,65.06,65.18,-0.11,9.018,9.020,4.124,4.059,0.003,0.001,0.004,65.28,65,0.1019,8581,3496.10,3134.01,3125.81,4167.75,1.333,3125.81,0,2,3020,75792,0,0
52776,9.010,9.010,9.000,9.000,9.000,9.000,0.000,65.35,0.6535,4.141,0.000,65.35,65.35,0.00,0,0,-3.27356,65.35,65.35,0.00,0,0,65.35,0.00,0.00,0.00,0.00,1.000,1.000,0.00,0,255.00,1,65.21,65.27,-0.06,9.010,9.010,4.132,4.136,-0.000,0.000,0.001,65.35,65,-0.0286,8135,3687.77,3128.50,3125.81,4167.75,1.333,3125.81,0,2,3033,76129,0,0
52910,9.004,9.004,9.000,9.000,9.000,9.000,0.000,65.36,0.6536,4.142,0.000,65.36,65.36,0.00,0,0,-3.27009,65.36,65.36,0.00,0,0,65.36,0.00,0.00,0.00,0.00,1.000,1.000,0.00,0,255.00,1,65.35,65.37,-0.02,9.004,9.003,4.146,4.142,0.000,0.000,0.000,65.36,66,-0.2860,7222,4153.97,2974.12,2973.82,4179.43,1.405,2973.82,0,2,3048,76540,0,0
53052,9.012,9.011,9.000,9.000,9.000,9.000,0.000,65.26,0.6526,4.140,0.000,65.26,65.26,0.00,0,0,-3.26953,65.26,65.26,0.00,0,0,65.26,0.00,0.00,0.00,0.00,1.000,1.000,0.00,0,255.00,1,65.17,65.24,-0.07,9.011,9.012,4.135,4.074,0.000,0.000,0.001,65.26,66,-0.3156,6364,4714.02,2973.98,2973.82,4179.43,1.405,2973.82,0,2,3064,76932,0,0
53184,8.988,8.999,9.000,9.000,9.000,9.000,0.000,65.39,0.6539,4.140,0.000,65.39,65.39,0.00,0,0,-3.26915,65.39,65.39,0.00,0,0,65.39,0.00,0.00,0.00,0.00,1.000,1.000,0.00,0,255.00,1,65.35,65.34,0.01,8.999,8.998,4.139,4.195,-0.012,-0.000,0.000,65.39,66,-0.3093,9394,3193.53,3017.84,3322.53,5196.78,1.564,3193.53,1,1,3077,77331,0,0
53286,9.023,9.015,9.000,9.000,9.000,9.000,0.000,65.20,0.6520,4.139,0.000,65.20,65.20,0.00,0,0,-3.26859,65.20,65.20,0.00,0,0,65.20,0.00,0.00,0.00,0.00,1.000,1.000,0.00,0,255.00,1,65.09,65.18,-0.09,9.015,9.016,4.132,4.042,0.010,0.001,0.002,65.20,66,-0.3956,7020,4273.50,3166.53,3322.53,5196.78,1.564,3322.53,0,2,3086,77587,0,0
53419,9.008,9.005,9.000,9.000,9.000,9.000,0.000,65.31,0.6531,4.139,0.000,65.31,65.31,0.00,0,0,-3.26827,65.31,65.31,0.00,0,0,65.31,0.00,0.00,0.00,0.00,1.000,1.000,0.00,0,255.00,1,65.26,65.29,-0.03,9.005,9.005,4.137,4.136,0.004,0.000,0.000,65.31,66,-0.4225,8005,3747.66,3240.86,3322.53,5196.78,1.564,3322.53,0,2,3101,77942,0,0
53559,9.017,9.015,9.000,9.000,9.000,9.000,0.000,65.17,0.6517,4.135,0.000,65.17,65.17,0.00,0,0,-3.26720,65.17,65.17,0.00,0,0,65.17,0.00,0.00,0.00,0.00,1.000,1.000,0.00,0,255.00,1,64.99,65.08,-0.09,9.015,9.016,4.120,4.058,0.002,0.000,0.002,65.17,65,0.2114,9424,3183.36,3252.88,3107.95,4007.62,1.289,3183.36,1,1,3115,78250,0,0
53691,9.005,9.004,9.000,9.000,9.000,9.000,0.000,65.28,0.6528,4.135,0.000,65.28,65.28,0.00,0,0,-3.26664,65.28,65.28,0.00,0,0,65.28,0.00,0.00,0.00,0.00,1.000,1.000,0.00,0,255.00,1,65.21,65.24,-0.03,9.004,9.004,4.133,4.152,0.001,-0.000,0.000,65.28,65,0.3364,6809,4405.93,3167.31,3107.95,4007.62,1.289,3107.95,0,2,3130,78600,0,0
53793,9.025,9.017,9.000,9.000,9.000,9.000,0.000,65.11,0.6511,4.133,0.000,65.11,65.11,0.00,0,0,-3.26587,65.11,65.11,0.00,0,0,65.11,0.00,0.00,0.00,0.00,1.000,1.000,0.00,0,255.00,1,64.95,65.06,-0.10,9.017,9.018,4.120,4.037,0.009,0.001,0.003,65.11,65,-0.3214,8033,3734.59,3145.94,3107.95,4007.62,1.289,3107.95,0,2,3141,78846,0,0
53926,9.003,9.003,9.000,9.000,9.000,9.000,0.000,65.26,0.6526,4.134,0.000,65.26,65.26,0.00,0,0,-3.26458,65.26,65.26,0.00,0,0,65.26,0.00,0.00,0.00,0.00,1.000,1.000,0.00,0,255.00,1,65.30,65.31,-0.01,9.002,9.001,4.144,4.145,0.000,-0.000,0.000,65.26,65,-0.2300,7025,4270.46,3264.64,3280.57,4800.83,1.463,3280.57,0,2,3156,79216,0,0
54062,8.997,8.999,9.000,9.000,9.000,9.000,0.000,65.30,0.6530,4.135,0.000,65.30,65.30,0.00,0,0,-3.26433,65.30,65.30,0.00,0,0,65.30,0.00,0.00,0.00,0.00,1.000,1.000,0.00,0,255.00,1,65.34,65.33,0.01,8.999,8.998,4.145,4.177,-0.001,-0.000,0.000,65.30,66,-0.4734,6386,4697.78,3272.42,3280.57,4800.83,1.463,3280.57,0,2,3171,79555,0,0
=== SHOT TELEMETRY END ===
