# SHOT START
# legend_version=2
# time_base=ms_since_boot
# units: pressure=bar, flow=ml_s, output=percent, derivative=bar_s
# raw_p = raw pressure sensor reading
# flt_p = filtered pressure used by controller
# sp_raw = raw incoming pressure setpoint currently held by the profile engine
# sp_flt = filtered pressure setpoint actually used internally by the controller
# sp_recipe = visual recipe reference; ideal profile target for display/comparison
# sp_ctrl = control reference after internal conditioning; command seen by control logic
# sp_flt_d = derivative of filtered pressure setpoint
# ctrl_out = final controller output command in percent
# pump_duty = internal normalized pressure-branch duty estimate
# pump_flow = estimated pump flow
# coffee_flow = estimated outflow through puck / coffee flow
# u_raw = pressure branch output after clamp and before final slew limiter
# u_applied = pressure branch output after final slew limiter
# u_delta = u_raw - u_applied; limiter intervention magnitude
# limiter_active_up = 1 when rise slew limiter is active
# limiter_active_down = 1 when drop slew limiter is active
# error_integral = integral state of legacy pressure controller
# u_unclamped_raw = controller output before 0..100 clamp
# u_clamped_raw = controller output after 0..100 clamp and before slew limiter
# u_clamp_delta = u_unclamped_raw - u_clamped_raw
# clamp_active_high = 1 when output was clipped by upper clamp
# clamp_active_low = 1 when output was clipped by lower clamp
# u_fb = legacy pressure feedback contribution
# u_ff_hold = static feedforward contribution
# u_ff_dyn = dynamic feedforward contribution
# u_ff_dyn_raw = raw dynamic feedforward request before FF-path LPF and slew limiting
# ff_pressure_w = pressure-window weight applied to dynamic FF
# ff_above_w = above-target suppression weight applied to dynamic FF
# ff_gamma = ramp-dependent gamma multiplier applied to dynamic FF
# u_ff_total = total feedforward contribution
# ramp_hold_active = 1 when the downstream drop-rate hold is active during ramp-up
# drop_rate_active = active downstream output drop-rate cap in percent per second
# mpc_shadow_enabled = 1 when shadow MPC is being computed in parallel
# mpc_u_shadow = total output suggested by shadow MPC; not applied to actuator in shadow stage
# mpc_u_ss = steady-state component suggested by shadow MPC
# mpc_u_trim = corrective trim component suggested by shadow MPC
# mpc_p1_pred = one-step pressure prediction from shadow MPC model
# mpc_pn_pred = terminal pressure prediction at end of shadow MPC horizon
# mpc_qout_est = estimated outflow / load used by shadow MPC model
# mpc_qout_raw = instantaneous outflow / load estimate before shadow-MPC LPF
# mpc_residual = measured minus predicted pressure residual for shadow MPC
# mpc_residual_bias = low-pass residual bias term added to shadow predictions
# mpc_cost = shadow MPC objective value
# power_cmd = floating-point power command sent to pump stage before integer quantization
# power_psm_quantized = integer power actually sent to PSM
# power_quant_residual = sigma-delta residual kept for next quantization step
# tach_period_us = measured time between valid tach pulses in microseconds
# tach_rpm_inst = instantaneous RPM derived from tach_period_us and pulses-per-revolution
# tach_rpm_ema = exponentially filtered published RPM intended for easier visual analysis
# tach_rpm_count_window = RPM derived from accepted pulse counts over a fixed time window
# tach_rpm_pub = RPM value selected for operational use after comparing period and count-window estimates
# tach_quality_ok = 1 when period and count-window RPM agree within tolerance
# tach_rpm_source = 0=none, 1=period branch, 2=count-window fallback
# tach_pulse_count = total number of valid tach pulses seen since the last reset
# tach_glitch_rejects = number of tach edges rejected as implausibly fast glitches or plausibility failures
# tach_timeout = 1 when no recent tach pulse is available and RPM is forced to zero
ms,raw_p,flt_p,sp_raw,sp_flt,sp_recipe,sp_ctrl,sp_flt_d,ctrl_out,pump_duty,pump_flow,coffee_flow,u_raw,u_applied,u_delta,limiter_active_up,limiter_active_down,error_integral,u_unclamped_raw,u_clamped_raw,u_clamp_delta,clamp_active_high,clamp_active_low,u_fb,u_ff_hold,u_ff_dyn,u_ff_dyn_raw,ff_pressure_w,ff_above_w,ff_gamma,u_ff_total,ramp_hold_active,drop_rate_active,mpc_shadow_enabled,mpc_u_shadow,mpc_u_ss,mpc_u_trim,mpc_p1_pred,mpc_pn_pred,mpc_qout_est,mpc_qout_raw,mpc_residual,mpc_residual_bias,mpc_cost,power_cmd,power_psm_quantized,power_quant_residual,tach_period_us,tach_rpm_inst,tach_rpm_ema,tach_rpm_count_window,tach_rpm_pub,tach_quality_ok,tach_rpm_source,tach_pulse_count,tach_glitch_rejects,tach_timeout
48468,12.000,12.000,9.000,4.448,9.000,4.448,-11.599,0.00,0.0000,0.000,0.000,0.00,0.00,0.00,0,0,0.00000,-487.94,0.00,-487.94,0,1,-487.94,0.00,0.00,0.00,0.00,1.000,1.000,0.00,0,255.00,1,0.00,0.00,-5.00,12.000,12.000,0.000,0.000,0.000,0.000,649.410,0.00,0,0.0000,0,0.00,0.00,0.00,0.00,0,0,0,0,1
48574,0.425,1.678,9.000,5.400,9.000,5.400,16.277,11.40,0.5705,0.209,0.000,57.05,11.40,45.65,1,0,0.00000,57.05,57.05,0.00,0,0,54.20,0.00,2.85,8.50,1.00,1.000,1.160,2.85,1,60.00,1,56.27,51.27,5.00,1.690,1.746,4.236,15.725,-1.391,-0.080,289.251,11.40,11,0.1000,10819,2772.90,2772.90,0.00,2772.90,0,1,4,4,0
48706,0.470,0.600,9.000,6.638,9.000,6.638,12.062,28.50,0.7670,1.050,0.000,76.70,28.50,48.20,1,0,0.00000,76.70,76.70,0.00,0,0,71.27,0.00,5.43,8.50,1.00,1.000,1.160,5.43,1,60.00,1,65.68,60.67,5.00,0.576,0.459,8.204,18.683,-0.133,-0.080,486.079,28.50,28,0.5000,9409,3188.44,2975.68,0.00,3188.44,0,1,8,10,0
48806,0.484,0.508,9.000,7.226,9.000,7.226,9.106,39.90,0.8324,1.890,0.000,83.24,39.90,43.34,1,0,0.00000,83.24,83.24,0.00,0,0,76.78,0.00,6.46,8.50,1.00,1.000,1.160,6.46,0,255.00,1,71.94,66.94,5.00,0.460,0.233,10.670,20.600,0.012,-0.074,531.588,39.90,40,-0.4000,13682,2192.66,2632.23,1088.23,1088.23,0,2,10,11,0
48943,0.515,0.510,9.000,7.846,9.000,7.846,5.929,57.00,0.8958,3.465,0.000,89.58,57.00,32.58,1,0,0.00000,89.58,89.58,0.00,0,0,82.18,0.00,7.39,8.50,0.71,1.000,1.113,7.39,0,255.00,1,81.35,76.35,5.00,0.450,0.164,13.602,20.673,0.064,-0.058,560.981,57.00,57,-0.5000,12105,2478.31,1878.76,1088.23,1088.23,0,2,19,21,0
49045,0.574,0.545,9.000,8.133,9.000,8.133,4.452,68.40,0.9236,4.682,0.000,92.36,68.40,23.96,1,0,0.00000,92.36,92.36,0.00,0,0,84.60,0.00,7.76,8.50,0.47,1.000,1.076,7.76,0,255.00,1,87.62,82.62,5.00,0.487,0.214,15.055,20.620,0.092,-0.046,565.803,68.40,69,-0.4000,17533,1711.06,1594.17,1088.23,1088.23,0,2,25,23,0
49175,4.396,2.869,9.000,8.436,9.000,8.436,2.896,85.50,0.8607,6.448,0.000,86.07,85.50,0.57,1,0,0.00000,86.07,86.07,0.00,0,0,78.89,0.00,7.18,4.75,0.23,1.000,1.037,7.18,0,255.00,1,97.02,92.02,5.00,2.916,3.135,14.345,2.740,1.708,0.070,265.238,85.50,85,0.0000,10226,2933.70,1763.21,1940.56,1940.56,0,2,36,32,0
49275,6.786,5.719,9.000,8.577,9.000,8.577,2.174,70.20,0.6603,6.723,0.000,66.03,70.20,-4.17,0,1,-0.20468,66.03,66.03,0.00,0,0,60.37,0.00,5.66,2.16,0.14,1.000,1.022,5.66,0,255.00,1,88.61,83.61,5.00,5.750,5.896,11.385,0.000,1.134,0.080,76.260,70.20,70,0.0500,10347,2899.39,1827.06,1940.56,1940.56,0,2,43,36,0
49406,6.862,6.979,9.000,8.725,9.000,8.725,1.415,49.22,0.4922,6.277,0.000,49.22,49.22,0.00,0,0,-0.35772,49.22,49.22,0.00,0,0,45.71,0.00,3.51,0.64,0.06,1.000,1.010,3.51,0,255.00,1,77.07,72.07,5.00,7.020,7.215,8.049,0.000,-0.163,0.069,33.995,49.22,50,-0.2835,10841,2767.27,2162.51,2657.55,2767.27,1,1,56,49,0
49549,4.365,5.011,9.000,8.821,9.000,8.821,0.920,66.32,0.7577,6.278,0.000,75.77,66.32,9.45,1,0,-0.35772,75.77,75.77,0.00,0,0,73.74,0.00,2.03,0.19,0.03,1.000,1.004,2.03,0,255.00,1,86.47,81.47,5.00,5.047,5.216,6.477,7.206,-0.761,-0.031,119.267,66.32,67,-0.4339,7153,4194.04,2404.09,2657.55,2657.55,0,2,68,61,0
49682,5.713,5.381,9.000,8.883,9.000,8.883,0.599,75.16,0.7516,6.753,0.000,75.16,75.16,0.00,0,0,-0.57824,75.16,75.16,0.00,0,0,74.02,0.00,1.14,0.05,0.01,1.000,1.001,1.14,0,255.00,1,91.34,86.34,5.00,5.431,5.659,6.788,4.909,0.325,-0.015,94.710,75.16,75,-0.1288,10872,2759.38,2453.84,2452.16,2452.16,0,2,79,73,0
49817,7.848,7.313,9.000,8.924,9.000,8.924,0.389,53.06,0.5108,6.453,0.000,51.08,53.06,-1.98,0,1,-0.77607,51.08,51.08,0.00,0,0,50.45,0.00,0.63,0.01,0.01,1.000,1.000,0.63,0,255.00,1,71.58,66.58,5.00,7.400,7.810,4.799,0.000,0.507,0.061,18.060,53.06,53,0.0018,8083,3711.49,2453.02,2452.16,2452.16,0,2,90,81,0
49952,7.007,7.185,9.000,8.951,9.000,8.951,0.253,56.03,0.5603,5.939,0.000,56.03,56.03,0.00,0,0,-0.91638,56.03,56.03,0.00,0,0,55.68,0.00,0.34,0.00,0.00,1.000,1.000,0.34,0,255.00,1,62.17,57.17,5.00,7.262,7.628,3.393,0.000,-0.277,0.036,18.321,56.03,56,-0.2834,11225,2672.61,2454.08,2429.84,2429.84,0,2,100,90,0
50091,6.898,6.785,9.000,8.968,9.000,8.968,0.165,64.97,0.6497,5.909,0.000,64.97,64.97,0.00,0,0,-1.05095,64.97,64.97,0.00,0,0,64.79,0.00,0.19,0.00,0.00,1.000,1.000,0.19,0,255.00,1,66.72,61.72,5.00,6.846,7.136,3.452,3.678,0.062,0.006,30.834,64.97,65,0.2538,7688,3902.19,2438.65,2429.84,2429.84,0,2,112,101,0
50223,8.118,7.805,9.000,8.979,9.000,8.979,0.107,48.51,0.4851,5.581,0.000,48.51,48.51,0.00,0,0,-1.19063,48.51,48.51,0.00,0,0,48.40,0.00,0.10,0.00,0.00,1.000,1.000,0.10,0,255.00,1,51.21,46.21,5.00,7.875,8.215,2.612,0.000,0.277,0.041,6.728,48.51,48,0.1283,10996,2728.26,2473.90,2508.77,2508.77,0,2,123,113,0
50361,7.210,7.552,9.000,8.986,9.000,8.986,0.070,52.59,0.5494,5.156,0.000,54.94,52.59,2.35,1,0,-1.25287,54.94,54.94,0.00,0,0,54.88,0.00,0.06,0.00,0.00,1.000,1.000,0.06,0,255.00,1,49.05,44.05,5.00,7.609,7.880,2.038,1.754,-0.445,0.015,12.048,52.59,52,0.1467,15298,1961.04,2490.92,2508.77,2508.77,0,2,133,123,0
50492,6.828,6.904,9.000,8.991,9.000,8.991,0.045,67.39,0.6739,5.245,0.000,67.39,67.39,0.00,0,0,-1.31550,67.39,67.39,0.00,0,0,67.36,0.00,0.03,0.00,0.00,1.000,1.000,0.03,0,255.00,1,67.64,62.64,5.00,6.936,7.089,3.545,8.297,-0.120,-0.020,30.890,67.39,68,-0.1785,9764,3072.51,2368.71,2145.09,2145.09,0,2,144,134,0
50592,7.759,7.480,9.000,8.993,9.000,8.993,0.034,59.09,0.5909,5.226,0.000,59.09,59.09,0.00,0,0,-1.41550,59.09,59.09,0.00,0,0,59.07,0.00,0.02,0.00,0.00,1.000,1.000,0.02,0,255.00,1,63.48,58.48,5.00,7.518,7.697,3.617,2.525,0.274,0.004,15.215,59.09,59,-0.2016,9180,3267.97,2288.20,2145.09,2145.09,0,2,152,137,0
50724,8.400,8.340,9.000,8.996,9.000,8.996,0.022,41.39,0.4139,4.770,0.000,41.39,41.39,0.00,0,0,-1.48621,41.39,41.39,0.00,0,0,41.38,0.00,0.01,0.00,0.00,1.000,1.000,0.01,0,255.00,1,44.80,41.12,3.69,8.388,8.617,2.557,0.000,0.017,0.034,1.936,41.39,41,0.4219,10733,2795.12,2272.97,2418.12,2418.12,0,2,161,151,0
50860,6.878,7.273,9.000,8.997,9.000,8.997,0.014,56.95,0.6442,4.611,0.000,64.42,56.95,7.46,1,0,-1.51042,64.42,64.42,0.00,0,0,64.41,0.00,0.01,0.00,0.00,1.000,1.000,0.01,0,255.00,1,58.36,53.36,5.00,7.290,7.370,3.087,8.058,-0.466,-0.022,22.040,56.95,57,0.1827,9942,3017.50,2343.81,2418.12,2418.12,0,2,172,158,0
50991,7.140,6.952,9.000,8.998,9.000,8.998,0.009,70.60,0.7060,4.941,0.000,70.60,70.60,0.00,0,0,-1.57182,70.60,70.60,0.00,0,0,70.60,0.00,0.00,0.00,0.00,1.000,1.000,0.00,0,255.00,1,81.42,76.42,5.00,6.959,6.993,5.284,9.540,0.205,-0.033,34.021,70.60,71,-0.2074,11981,2503.96,2361.55,2256.82,2256.82,0,2,181,168,0
51091,8.519,7.896,9.000,8.999,9.000,8.999,0.007,59.61,0.5482,4.970,0.000,54.82,59.61,-4.80,0,1,-1.65847,54.82,54.82,0.00,0,0,54.81,0.00,0.00,0.00,0.00,1.000,1.000,0.00,0,255.00,1,72.34,67.34,5.00,7.922,8.044,4.859,0.237,0.674,0.011,9.969,59.61,60,-0.3295,11705,2563.01,2323.84,2256.82,2256.82,0,2,189,175,0
51225,8.774,8.720,9.000,8.999,9.000,8.999,0.005,38.40,0.3840,4.512,0.000,38.40,38.40,0.00,0,0,-1.69436,38.40,38.40,0.00,0,0,38.40,0.00,0.00,0.00,0.00,1.000,1.000,0.00,0,255.00,1,47.03,45.55,1.49,8.754,8.916,3.436,0.000,0.023,0.040,1.088,38.40,38,0.3531,10568,2838.76,2291.14,2256.82,2256.82,0,2,199,191,0
51360,6.810,7.462,9.000,8.999,9.000,8.999,0.003,52.93,0.6424,4.296,0.000,64.24,52.93,11.30,1,0,-1.70853,64.24,64.24,0.00,0,0,64.24,0.00,0.00,0.00,0.00,1.000,1.000,0.00,0,255.00,1,59.42,54.42,5.00,7.465,7.482,3.561,8.495,-0.744,-0.024,19.083,52.93,53,0.0555,9427,3182.35,2292.90,2294.75,2294.75,0,2,211,196,0
51492,6.609,6.629,9.000,9.000,9.000,9.000,0.002,70.03,0.7720,4.671,0.000,77.20,70.03,7.16,1,0,-1.70853,77.20,77.20,0.00,0,0,77.20,0.00,0.00,0.00,0.00,1.000,1.000,0.00,0,255.00,1,85.03,80.03,5.00,6.617,6.557,5.846,11.485,-0.006,-0.055,49.574,70.03,70,0.0579,9169,3271.89,2293.80,2294.75,2294.75,0,2,225,207,0
51592,8.187,7.570,9.000,9.000,9.000,9.000,0.001,66.83,0.6394,4.885,0.000,63.94,66.83,-2.89,0,1,-1.81463,63.94,63.94,0.00,0,0,63.94,0.00,0.00,0.00,0.00,1.000,1.000,0.00,0,255.00,1,84.97,79.97,5.00,7.579,7.621,6.087,3.770,0.681,-0.007,19.508,66.83,66,0.3743,10357,2896.59,2513.14,2911.20,2896.59,1,1,232,214,0
51724,8.969,8.772,9.000,9.000,9.000,9.000,0.001,43.88,0.4085,4.574,0.000,40.85,43.88,-3.03,0,1,-1.86229,40.85,40.85,0.00,0,0,40.85,0.00,0.00,0.00,0.00,1.000,1.000,0.00,0,255.00,1,55.89,54.69,1.20,8.801,8.940,4.303,0.000,0.189,0.042,1.851,43.88,44,-0.0262,11293,2656.51,2705.52,2911.20,2911.20,0,2,243,229,0
51860,7.846,8.166,9.000,9.000,9.000,9.000,0.001,50.66,0.5281,4.260,0.000,52.81,50.66,2.15,1,0,-1.88582,52.81,52.81,0.00,0,0,52.81,0.00,0.00,0.00,0.00,1.000,1.000,0.00,0,255.00,1,56.66,51.75,4.91,8.189,8.301,3.365,2.954,-0.380,0.006,4.829,50.66,51,-0.2714,12212,2456.60,2611.83,2347.25,2456.60,1,1,253,242,0
51991,6.806,6.975,9.000,9.000,9.000,9.000,0.000,67.76,0.7498,4.507,0.000,74.98,67.76,7.22,1,0,-1.88582,74.98,74.98,0.00,0,0,74.98,0.00,0.00,0.00,0.00,1.000,1.000,0.00,0,255.00,1,80.06,75.06,5.00,6.965,6.921,5.324,10.966,-0.179,-0.046,35.847,67.76,68,-0.0840,8915,3365.11,2482.71,2347.25,2347.25,0,2,263,251,0
52127,8.570,8.048,9.000,9.000,9.000,9.000,0.000,60.80,0.5768,4.718,0.000,57.68,60.80,-3.12,0,1,-2.01485,57.68,57.68,0.00,0,0,57.68,0.00,0.00,0.00,0.00,1.000,1.000,0.00,0,255.00,1,77.20,72.20,5.00,8.062,8.129,5.460,1.325,0.572,0.007,9.647,60.80,61,-0.1171,7393,4057.89,2488.67,2547.42,2547.42,0,2,276,264,0
52263,8.790,8.739,9.000,9.000,9.000,9.000,0.000,44.89,0.4489,4.365,0.000,44.89,44.89,0.00,0,0,-2.04727,44.89,44.89,0.00,0,0,44.89,0.00,0.00,0.00,0.00,1.000,1.000,0.00,0,255.00,1,53.51,52.09,1.42,8.766,8.892,3.860,0.000,0.034,0.033,1.100,44.89,44,0.4728,12959,2314.99,2517.34,2547.42,2547.42,0,2,285,274,0
52398,7.171,7.601,9.000,9.000,9.000,9.000,0.000,60.64,0.6741,4.320,0.000,67.41,60.64,6.78,1,0,-2.06375,67.41,67.41,0.00,0,0,67.41,0.00,0.00,0.00,0.00,1.000,1.000,0.00,0,255.00,1,68.03,63.03,5.00,7.605,7.622,4.182,8.738,-0.491,-0.024,15.985,60.64,60,0.2814,12715,2359.42,2380.63,2126.88,2126.88,0,2,294,285,0
52533,7.695,7.545,9.000,9.000,9.000,9.000,0.000,69.12,0.6912,4.642,0.000,69.12,69.12,0.00,0,0,-2.10738,69.12,69.12,0.00,0,0,69.12,0.00,0.00,0.00,0.00,1.000,1.000,0.00,0,255.00,1,83.32,78.32,5.00,7.546,7.549,5.678,7.785,0.165,-0.022,19.290,69.12,69,0.0339,11926,2515.51,2256.80,2126.88,2126.88,0,2,306,296,0
52668,8.934,8.710,9.000,9.000,9.000,9.000,0.000,47.45,0.4745,4.441,0.000,47.45,47.45,0.00,0,0,-2.15957,47.45,47.45,0.00,0,0,47.45,0.00,0.00,0.00,0.00,1.000,1.000,0.00,0,255.00,1,57.71,56.08,1.62,8.732,8.833,4.225,0.000,0.228,0.029,1.610,47.45,48,-0.2213,11507,2607.11,2214.33,2185.03,2185.03,0,2,316,309,0
52801,7.889,8.181,9.000,9.000,9.000,9.000,0.000,56.34,0.5767,4.244,0.000,57.67,56.34,1.34,1,0,-2.18158,57.67,57.67,0.00,0,0,57.67,0.00,0.00,0.00,0.00,1.000,1.000,0.00,0,255.00,1,61.24,56.38,4.85,8.199,8.286,3.578,4.457,-0.344,-0.001,4.753,56.34,57,-0.4214,8370,3584.23,2200.03,2185.03,2185.03,0,2,326,320,0
52940,7.607,7.572,9.000,9.000,9.000,9.000,0.000,70.55,0.7055,4.511,0.000,70.55,70.55,0.00,0,0,-2.22443,70.55,70.55,0.00,0,0,70.55,0.00,0.00,0.00,0.00,1.000,1.000,0.00,0,255.00,1,80.92,75.92,5.00,7.572,7.573,5.230,9.203,0.039,-0.027,17.585,70.55,71,-0.1046,7970,3764.12,2281.41,2424.91,2424.91,0,2,338,325,0
53072,8.927,8.621,9.000,9.000,9.000,9.000,0.000,51.93,0.5120,4.462,0.000,51.20,51.93,-0.73,0,1,-2.29379,51.20,51.20,0.00,0,0,51.20,0.00,0.00,0.00,0.00,1.000,1.000,0.00,0,255.00,1,62.30,60.10,2.20,8.637,8.715,4.443,0.000,0.325,0.021,2.084,51.93,52,-0.3637,10863,2761.67,2351.44,2424.91,2424.91,0,2,349,336,0
53207,8.235,8.480,9.000,9.000,9.000,9.000,0.000,53.54,0.5354,4.222,0.000,53.54,53.54,0.00,0,0,-2.32407,53.54,53.54,0.00,0,0,53.54,0.00,0.00,0.00,0.00,1.000,1.000,0.00,0,255.00,1,56.56,53.53,3.02,8.500,8.598,3.393,2.307,-0.294,0.009,1.655,53.54,53,0.3908,8030,3735.99,2401.76,2441.18,2441.18,0,2,360,345,0
53345,7.538,7.707,9.000,9.000,9.000,9.000,0.000,70.36,0.7036,4.404,0.000,70.36,70.36,0.00,0,0,-2.36286,70.36,70.36,0.00,0,0,70.36,0.00,0.00,0.00,0.00,1.000,1.000,0.00,0,255.00,1,76.78,71.78,5.00,7.710,7.722,4.661,9.460,-0.194,-0.027,13.654,70.36,70,-0.0718,7905,3795.07,2421.00,2441.18,2441.18,0,2,371,357,0
53477,8.894,8.541,9.000,9.000,9.000,9.000,0.000,54.87,0.5486,4.424,0.000,54.86,54.87,-0.01,0,1,-2.43589,54.86,54.86,0.00,0,0,54.86,0.00,0.00,0.00,0.00,1.000,1.000,0.00,0,255.00,1,64.17,61.47,2.71,8.553,8.611,4.408,0.625,0.382,0.012,2.389,54.87,55,0.1038,11849,2531.86,2550.65,2715.44,2715.44,0,2,384,367,0
53612,8.517,8.627,9.000,9.000,9.000,9.000,0.000,54.28,0.5428,4.218,0.000,54.28,54.28,0.00,0,0,-2.46190,54.28,54.28,0.00,0,0,54.28,0.00,0.00,0.00,0.00,1.000,1.000,0.00,0,255.00,1,55.37,53.23,2.13,8.648,8.749,3.294,1.625,-0.142,0.011,0.691,54.28,54,0.1263,12077,2484.06,2631.07,2715.44,2715.44,0,2,393,380,0
53747,7.858,7.970,9.000,9.000,9.000,9.000,0.000,68.33,0.6833,4.356,0.000,68.33,68.33,0.00,0,0,-2.54055,68.33,68.33,0.00,0,0,68.33,0.00,0.00,0.00,0.00,1.000,1.000,0.00,0,255.00,1,73.02,68.02,5.00,7.976,8.006,4.289,7.881,-0.134,-0.020,8.344,68.33,69,-0.2515,12824,2339.36,2474.21,2210.12,2210.12,0,2,403,393,0
53883,8.859,8.608,9.000,9.000,9.000,9.000,0.000,57.14,0.5714,4.373,0.000,57.14,57.14,0.00,0,0,-2.60183,57.14,57.14,0.00,0,0,57.14,0.00,0.00,0.00,0.00,1.000,1.000,0.00,0,255.00,1,63.08,60.78,2.29,8.621,8.682,4.136,1.248,0.268,0.009,1.354,57.14,57,0.3603,9401,3191.15,2345.33,2210.12,2210.12,0,2,413,402,0
54014,8.632,8.690,9.000,9.000,9.000,9.000,0.000,56.60,0.5660,4.223,0.000,56.60,56.60,0.00,0,0,-2.62648,56.60,56.60,0.00,0,0,56.60,0.00,0.00,0.00,0.00,1.000,1.000,0.00,0,255.00,1,56.08,54.32,1.75,8.710,8.805,3.267,1.912,-0.084,0.009,0.438,56.60,56,0.3302,9692,3095.34,2284.68,2248.82,2248.82,0,2,424,413,0
54153,8.162,8.255,9.000,9.000,9.000,9.000,0.000,64.92,0.6492,4.269,0.000,64.92,64.92,0.00,0,0,-2.68244,64.92,64.92,0.00,0,0,64.92,0.00,0.00,0.00,0.00,1.000,1.000,0.00,0,255.00,1,67.38,62.92,4.45,8.265,8.310,3.835,6.238,-0.115,-0.013,4.072,64.92,65,0.4107,7848,3822.63,2267.18,2248.82,2248.82,0,2,435,426,0
54284,8.630,8.516,9.000,9.000,9.000,9.000,0.000,60.73,0.6073,4.303,0.000,60.73,60.73,0.00,0,0,-2.73650,60.73,60.73,0.00,0,0,60.73,0.00,0.00,0.00,0.00,1.000,1.000,0.00,0,255.00,1,64.77,61.89,2.87,8.525,8.570,4.015,3.382,0.117,-0.001,1.795,60.73,60,0.3137,10179,2947.24,2359.74,2558.28,2558.28,0,2,447,439,0
54384,8.727,8.691,9.000,9.000,9.000,9.000,0.000,59.07,0.5907,4.251,0.000,59.07,59.07,0.00,0,0,-2.75625,59.07,59.07,0.00,0,0,59.07,0.00,0.00,0.00,0.00,1.000,1.000,0.00,0,255.00,1,60.23,58.45,1.78,8.705,8.773,3.658,2.248,0.028,0.006,0.531,59.07,59,-0.2524,10525,2850.36,2431.22,2558.28,2558.28,0,2,453,449,0
54515,8.499,8.551,9.000,9.000,9.000,9.000,0.000,61.34,0.6134,4.217,0.000,61.34,61.34,0.00,0,0,-2.79062,61.34,61.34,0.00,0,0,61.34,0.00,0.00,0.00,0.00,1.000,1.000,0.00,0,255.00,1,61.92,59.27,2.65,8.562,8.616,3.596,4.145,-0.070,-0.003,1.312,61.34,62,-0.2939,9834,3050.64,2425.42,2219.26,2219.26,0,2,463,457,0
54649,8.539,8.523,9.000,9.000,9.000,9.000,0.000,62.47,0.6247,4.241,0.000,62.47,62.47,0.00,0,0,-2.83463,62.47,62.47,0.00,0,0,62.47,0.00,0.00,0.00,0.00,1.000,1.000,0.00,0,255.00,1,64.60,61.76,2.84,8.531,8.570,3.860,4.378,0.009,-0.005,1.635,62.47,63,-0.2981,14606,2053.95,2324.82,2219.26,2219.26,0,2,473,464,0
54781,8.711,8.666,9.000,9.000,9.000,9.000,0.000,61.50,0.6150,4.232,0.000,61.50,61.50,0.00,0,0,-2.86915,61.50,61.50,0.00,0,0,61.50,0.00,0.00,0.00,0.00,1.000,1.000,0.00,0,255.00,1,62.63,60.68,1.96,8.677,8.726,3.784,3.272,0.040,0.001,0.702,61.50,61,0.3046,8267,3628.89,2347.45,2589.96,2589.96,0,2,486,471,0
54919,8.655,8.660,9.000,9.000,9.000,9.000,0.000,62.14,0.6214,4.218,0.000,62.14,62.14,0.00,0,0,-2.89928,62.14,62.14,0.00,0,0,62.14,0.00,0.00,0.00,0.00,1.000,1.000,0.00,0,255.00,1,62.59,60.59,2.00,8.670,8.717,3.722,3.722,-0.016,-0.001,0.726,62.14,62,-0.0286,13034,2301.67,2467.81,2589.96,2589.96,0,2,496,486,0
55054,8.676,8.669,9.000,9.000,9.000,9.000,0.000,62.61,0.6261,4.218,0.000,62.61,62.61,0.00,0,0,-2.92966,62.61,62.61,0.00,0,0,62.61,0.00,0.00,0.00,0.00,1.000,1.000,0.00,0,255.00,1,63.09,61.14,1.95,8.678,8.721,3.762,3.868,-0.002,-0.001,0.700,62.61,62,0.4693,12167,2465.69,2454.29,2224.28,2224.28,0,2,506,494,0
55192,8.717,8.700,9.000,9.000,9.000,9.000,0.000,62.81,0.6281,4.220,0.000,62.81,62.81,0.00,0,0,-2.95845,62.81,62.81,0.00,0,0,62.81,0.00,0.00,0.00,0.00,1.000,1.000,0.00,0,255.00,1,63.27,61.50,1.76,8.708,8.749,3.798,3.777,0.010,-0.001,0.572,62.81,63,0.0475,12128,2473.61,2355.91,2224.28,2224.28,0,2,516,506,0
55323,8.716,8.708,9.000,9.000,9.000,9.000,0.000,63.22,0.6322,4.221,0.000,63.22,63.22,0.00,0,0,-2.98512,63.22,63.22,0.00,0,0,63.22,0.00,0.00,0.00,0.00,1.000,1.000,0.00,0,255.00,1,63.65,61.93,1.72,8.716,8.752,3.827,3.915,0.001,-0.002,0.550,63.22,63,0.3664,11370,2638.52,2285.78,2194.80,2194.80,0,2,526,520,0
55461,8.707,8.716,9.000,9.000,9.000,9.000,0.000,63.62,0.6362,4.224,0.000,63.62,63.62,0.00,0,0,-3.01035,63.62,63.62,0.00,0,0,63.62,0.00,0.00,0.00,0.00,1.000,1.000,0.00,0,255.00,1,64.07,62.39,1.68,8.723,8.756,3.861,4.038,-0.017,-0.002,0.530,63.62,64,-0.3988,11978,2504.59,2241.38,2194.80,2194.80,0,2,535,530,0
55593,8.728,8.733,9.000,9.000,9.000,9.000,0.000,63.88,0.6388,4.229,0.000,63.88,63.88,0.00,0,0,-3.03428,63.88,63.88,0.00,0,0,63.88,0.00,0.00,0.00,0.00,1.000,1.000,0.00,0,255.00,1,64.36,62.78,1.58,8.739,8.770,3.895,4.043,-0.012,-0.002,0.470,63.88,64,-0.2506,10807,2775.98,2203.59,2119.49,2119.49,0,2,545,539,0
55694,8.769,8.759,9.000,9.000,9.000,9.000,0.000,63.87,0.6387,4.231,0.000,63.87,63.87,0.00,0,0,-3.04909,63.87,63.87,0.00,0,0,63.87,0.00,0.00,0.00,0.00,1.000,1.000,0.00,0,255.00,1,64.25,62.83,1.42,8.765,8.796,3.903,3.911,0.004,-0.001,0.375,63.87,63,0.4818,7337,4088.86,2173.31,2119.49,2119.49,0,2,554,545,0
55827,8.770,8.763,9.000,9.000,9.000,9.000,0.000,64.25,0.6425,4.237,0.000,64.25,64.25,0.00,0,0,-3.07118,64.25,64.25,0.00,0,0,64.25,0.00,0.00,0.00,0.00,1.000,1.000,0.00,0,255.00,1,64.73,63.33,1.40,8.769,8.796,3.944,4.012,0.001,-0.002,0.370,64.25,64,0.1005,12077,2484.06,2147.05,2119.49,2119.49,0,2,566,559,0
55969,8.790,8.772,9.000,9.000,9.000,9.000,0.000,64.57,0.6457,4.248,0.000,64.57,64.57,0.00,0,0,-3.09299,64.57,64.57,0.00,0,0,64.57,0.00,0.00,0.00,0.00,1.000,1.000,0.00,0,255.00,1,65.25,63.89,1.35,8.777,8.801,3.999,4.036,0.016,-0.002,0.352,64.57,65,-0.1235,11011,2724.55,2302.56,2465.71,2465.71,0,2,577,572,0
56099,8.808,8.804,9.000,9.000,9.000,9.000,0.000,64.80,0.6480,4.253,0.000,64.80,64.80,0.00,0,0,-3.12409,64.80,64.80,0.00,0,0,64.80,0.00,0.00,0.00,0.00,1.000,1.000,0.00,0,255.00,1,65.17,64.02,1.16,8.809,8.833,3.998,3.994,-0.000,-0.001,0.250,64.80,64,0.3634,12209,2457.20,2414.03,2465.71,2457.20,1,1,587,588,0
56200,8.772,8.780,9.000,9.000,9.000,9.000,0.000,65.33,0.6533,4.262,0.000,65.33,65.33,0.00,0,0,-3.13704,65.33,65.33,0.00,0,0,65.33,0.00,0.00,0.00,0.00,1.000,1.000,0.00,0,255.00,1,65.97,64.66,1.31,8.784,8.804,4.047,4.287,-0.013,-0.002,0.337,65.33,66,-0.2043,12297,2439.62,2424.96,2339.18,2439.62,1,1,594,598,0
56334,8.841,8.826,9.000,9.000,9.000,9.000,0.000,65.13,0.6513,4.266,0.000,65.13,65.13,0.00,0,0,-3.15390,65.13,65.13,0.00,0,0,65.13,0.00,0.00,0.00,0.00,1.000,1.000,0.00,0,255.00,1,65.56,64.53,1.03,8.830,8.852,4.045,3.966,0.012,-0.001,0.198,65.13,65,0.3299,10926,2745.74,2415.24,2339.18,2339.18,0,2,604,616,0
56471,8.827,8.825,9.000,9.000,9.000,9.000,0.000,65.45,0.6545,4.269,4.196,65.45,65.45,0.00,0,0,-3.16954,65.45,65.45,0.00,0,0,65.45,0.00,0.00,0.00,0.00,1.000,1.000,0.00,0,255.00,1,65.79,64.76,1.04,8.829,8.849,4.052,4.119,-0.002,-0.001,0.203,65.45,65,0.3197,12769,2349.44,2330.33,2215.40,2215.40,0,2,614,630,0
56602,8.817,8.823,9.000,9.000,9.000,9.000,0.000,65.86,0.6586,4.277,4.197,65.86,65.86,0.00,0,0,-3.18982,65.86,65.86,0.00,0,0,65.86,0.00,0.00,0.00,0.00,1.000,1.000,0.00,0,255.00,1,66.31,65.27,1.05,8.827,8.844,4.092,4.266,-0.011,-0.002,0.214,65.86,66,-0.1880,11405,2630.43,2262.47,2215.40,2215.40,0,2,624,648,0
56703,8.839,8.841,9.000,9.000,9.000,9.000,0.000,65.85,0.6585,4.280,4.198,65.85,65.85,0.00,0,0,-3.19933,65.85,65.85,0.00,0,0,65.85,0.00,0.00,0.00,0.00,1.000,1.000,0.00,0,255.00,1,66.27,65.32,0.94,8.844,8.861,4.101,4.159,-0.005,-0.001,0.171,65.85,65,0.3958,12137,2471.78,2265.51,2315.33,2315.33,0,2,631,659,0
56839,8.855,8.859,9.000,9.000,9.000,9.000,0.000,65.88,0.6588,4.280,4.199,65.88,65.88,0.00,0,0,-3.21171,65.88,65.88,0.00,0,0,65.88,0.00,0.00,0.00,0.00,1.000,1.000,0.00,0,255.00,1,66.07,65.24,0.83,8.863,8.880,4.086,4.121,-0.009,-0.001,0.129,65.88,66,-0.3182,10039,2988.35,2289.82,2315.33,2315.33,0,2,642,668,0
56976,8.850,8.856,9.000,9.000,9.000,9.000,0.000,66.16,0.6616,4.283,4.201,66.16,66.16,0.00,0,0,-3.22407,66.16,66.16,0.00,0,0,66.16,0.00,0.00,0.00,0.00,1.000,1.000,0.00,0,255.00,1,66.40,65.55,0.85,8.859,8.874,4.108,4.246,-0.011,-0.001,0.139,66.16,66,-0.3173,10791,2780.09,2307.22,2340.07,2340.07,0,2,652,677,0
57110,8.898,8.883,9.000,9.000,9.000,9.000,0.000,66.07,0.6607,4.286,4.204,66.07,66.07,0.00,0,0,-3.23559,66.07,66.07,0.00,0,0,66.07,0.00,0.00,0.00,0.00,1.000,1.000,0.00,0,255.00,1,66.24,65.56,0.68,8.887,8.903,4.116,4.063,0.013,-0.000,0.085,66.07,66,0.0709,12374,2424.44,2340.12,2340.07,2424.44,1,1,663,692,0
57250,8.905,8.902,9.000,9.000,9.000,9.000,0.000,66.05,0.6605,4.282,4.206,66.05,66.05,0.00,0,0,-3.24498,66.05,66.05,0.00,0,0,66.05,0.00,0.00,0.00,0.00,1.000,1.000,0.00,0,255.00,1,65.94,65.37,0.57,8.905,8.922,4.091,4.021,-0.000,0.000,0.057,66.05,66,0.2504,10888,2755.33,2333.54,2253.32,2253.32,0,2,673,703,0
57382,8.898,8.898,9.000,9.000,9.000,9.000,0.000,66.27,0.6627,4.283,4.208,66.27,66.27,0.00,0,0,-3.25447,66.27,66.27,0.00,0,0,66.27,0.00,0.00,0.00,0.00,1.000,1.000,0.00,0,255.00,1,66.21,65.61,0.60,8.901,8.916,4.108,4.144,-0.003,-0.001,0.064,66.27,66,0.0182,10603,2829.39,2294.39,2253.32,2253.32,0,2,684,717,0
57482,8.915,8.905,9.000,9.000,9.000,9.000,0.000,66.31,0.6631,4.283,4.210,66.31,66.31,0.00,0,0,-3.26047,66.31,66.31,0.00,0,0,66.31,0.00,0.00,0.00,0.00,1.000,1.000,0.00,0,255.00,1,66.26,65.71,0.55,8.908,8.922,4.119,4.124,0.008,-0.000,0.055,66.31,67,-0.2928,13649,2197.96,2259.68,2253.32,2197.96,1,1,691,724,0
57616,8.914,8.914,9.000,9.000,9.000,9.000,0.000,66.38,0.6638,4.282,4.212,66.38,66.38,0.00,0,0,-3.26861,66.38,66.38,0.00,0,0,66.38,0.00,0.00,0.00,0.00,1.000,1.000,0.00,0,255.00,1,66.29,65.78,0.51,8.916,8.930,4.124,4.130,-0.003,-0.000,0.045,66.38,67,-0.1728,10895,2753.56,2214.42,2166.94,2166.94,0,2,701,735,0
57754,8.919,8.919,9.000,9.000,9.000,9.000,0.000,66.47,0.6647,4.282,4.215,66.47,66.47,0.00,0,0,-3.27634,66.47,66.47,0.00,0,0,66.47,0.00,0.00,0.00,0.00,1.000,1.000,0.00,0,255.00,1,66.40,65.92,0.48,8.921,8.934,4.137,4.151,-0.003,-0.000,0.040,66.47,66,0.2540,11815,2539.15,2191.25,2166.94,2166.94,0,2,710,743,0
57885,8.930,8.933,9.000,9.000,9.000,9.000,0.000,66.43,0.6643,4.278,4.217,66.43,66.43,0.00,0,0,-3.28235,66.43,66.43,0.00,0,0,66.43,0.00,0.00,0.00,0.00,1.000,1.000,0.00,0,255.00,1,66.17,65.78,0.39,8.935,8.948,4.120,4.118,-0.006,-0.000,0.026,66.43,66,0.4082,11746,2554.06,2198.64,2206.40,2206.40,0,2,721,760,0
57985,8.920,8.930,9.000,9.000,9.000,9.000,0.000,66.54,0.6654,4.276,4.219,66.54,66.54,0.00,0,0,-3.28623,66.54,66.54,0.00,0,0,66.54,0.00,0.00,0.00,0.00,1.000,1.000,0.00,0,255.00,1,66.28,65.87,0.41,8.933,8.944,4.124,4.199,-0.013,-0.000,0.030,66.54,66,0.3191,13393,2239.98,2208.15,2206.40,2239.98,1,1,728,767,0
58119,8.929,8.931,9.000,9.000,9.000,9.000,0.000,66.66,0.6666,4.277,4.221,66.66,66.66,0.00,0,0,-3.29266,66.66,66.66,0.00,0,0,66.66,0.00,0.00,0.00,0.00,1.000,1.000,0.00,0,255.00,1,66.57,66.16,0.41,8.932,8.942,4.156,4.229,-0.004,-0.001,0.031,66.66,66,0.2427,10749,2790.96,2210.29,2214.71,2214.71,0,2,738,776,0
58256,8.948,8.949,9.000,9.000,9.000,9.000,0.000,66.61,0.6661,4.272,4.224,66.61,66.61,0.00,0,0,-3.30057,66.61,66.61,0.00,0,0,66.61,0.00,0.00,0.00,0.00,1.000,1.000,0.00,0,255.00,1,66.38,66.08,0.30,8.951,8.960,4.149,4.170,-0.003,-0.000,0.016,66.61,67,0.0575,9780,3067.48,2213.26,2214.71,2214.71,0,2,747,789,0
58386,8.952,8.951,9.000,9.000,9.000,9.000,0.000,66.73,0.6673,4.271,4.228,66.73,66.73,0.00,0,0,-3.30821,66.73,66.73,0.00,0,0,66.73,0.00,0.00,0.00,0.00,1.000,1.000,0.00,0,255.00,1,66.63,66.34,0.29,8.952,8.959,4.176,4.212,-0.000,-0.000,0.015,66.73,67,-0.4729,11141,2692.76,2298.72,2357.81,2357.81,0,2,758,802,0
58486,8.945,8.945,9.000,9.000,9.000,9.000,0.000,66.86,0.6686,4.273,4.229,66.86,66.86,0.00,0,0,-3.31145,66.86,66.86,0.00,0,0,66.86,0.00,0.00,0.00,0.00,1.000,1.000,0.00,0,255.00,1,66.87,66.55,0.32,8.947,8.952,4.195,4.278,-0.002,-0.001,0.020,66.86,67,0.2029,10684,2807.94,2319.99,2357.81,2357.81,0,2,765,812,0
58619,8.973,8.963,9.000,9.000,9.000,9.000,0.000,66.74,0.6674,4.272,4.231,66.74,66.74,0.00,0,0,-3.31534,66.74,66.74,0.00,0,0,66.74,0.00,0.00,0.00,0.00,1.000,1.000,0.00,0,255.00,1,66.69,66.47,0.22,8.964,8.971,4.194,4.145,0.010,-0.000,0.008,66.74,67,-0.4445,10611,2827.25,2289.45,2112.82,2112.82,0,2,774,822,0
58759,8.974,8.964,9.000,9.000,9.000,9.000,0.000,66.81,0.6681,4.272,4.233,66.81,66.81,0.00,0,0,-3.31923,66.81,66.81,0.00,0,0,66.81,0.00,0.00,0.00,0.00,1.000,1.000,0.00,0,255.00,1,66.79,66.57,0.21,8.965,8.971,4.203,4.170,0.011,-0.000,0.008,66.81,67,0.1382,12390,2421.31,2203.26,2112.82,2112.82,0,2,785,837,0
58890,8.963,8.967,9.000,9.000,9.000,9.000,0.000,66.83,0.6683,4.270,4.235,66.83,66.83,0.00,0,0,-3.32231,66.83,66.83,0.00,0,0,66.83,0.00,0.00,0.00,0.00,1.000,1.000,0.00,0,255.00,1,66.73,66.54,0.20,8.968,8.973,4.196,4.191,-0.006,-0.000,0.007,66.83,67,-0.3936,12175,2464.07,2229.37,2410.42,2464.07,1,1,796,848,0
59027,8.962,8.970,9.000,9.000,9.000,9.000,0.000,66.84,0.6684,4.266,4.236,66.84,66.84,0.00,0,0,-3.32460,66.84,66.84,0.00,0,0,66.84,0.00,0.00,0.00,0.00,1.000,1.000,0.00,0,255.00,1,66.63,66.46,0.17,8.972,8.977,4.184,4.212,-0.011,-0.000,0.005,66.84,67,-0.0804,11238,2669.51,2325.50,2410.42,2410.42,0,2,806,861,0
59161,8.957,8.959,9.000,9.000,9.000,9.000,0.000,67.03,0.6703,4.268,4.237,67.03,67.03,0.00,0,0,-3.32791,67.03,67.03,0.00,0,0,67.03,0.00,0.00,0.00,0.00,1.000,1.000,0.00,0,255.00,1,67.03,66.79,0.24,8.960,8.963,4.216,4.327,-0.003,-0.001,0.012,67.03,67,-0.2036,10660,2814.26,2314.13,2141.51,2141.51,0,2,815,876,0
59261,8.967,8.966,9.000,9.000,9.000,9.000,0.000,67.08,0.6708,4.273,4.241,67.08,67.08,0.00,0,0,-3.33438,67.08,67.08,0.00,0,0,67.08,0.00,0.00,0.00,0.00,1.000,1.000,0.00,0,255.00,1,67.23,67.02,0.20,8.967,8.969,4.245,4.264,-0.000,-0.001,0.009,67.08,67,0.1024,10404,2883.51,2186.76,2141.51,2141.51,0,2,821,883,0
59392,8.975,8.979,9.000,9.000,9.000,9.000,0.000,66.96,0.6696,4.269,4.243,66.96,66.96,0.00,0,0,-3.33599,66.96,66.96,0.00,0,0,66.96,0.00,0.00,0.00,0.00,1.000,1.000,0.00,0,255.00,1,66.88,66.76,0.12,8.980,8.984,4.217,4.196,-0.005,0.000,0.003,66.96,67,-0.1541,10532,2848.46,2164.68,2141.51,2141.51,0,2,832,898,0
59532,8.989,8.985,9.000,9.000,9.000,9.000,0.000,66.93,0.6693,4.266,4.244,66.93,66.93,0.00,0,0,-3.33738,66.93,66.93,0.00,0,0,66.93,0.00,0.00,0.00,0.00,1.000,1.000,0.00,0,255.00,1,66.74,66.66,0.09,8.986,8.990,4.205,4.184,0.004,0.000,0.001,66.93,67,-0.4022,11471,2615.29,2117.04,2067.06,2067.06,0,2,842,911,0
59664,8.987,8.982,9.000,9.000,9.000,9.000,0.000,66.99,0.6699,4.266,4.245,66.99,66.99,0.00,0,0,-3.33922,66.99,66.99,0.00,0,0,66.99,0.00,0.00,0.00,0.00,1.000,1.000,0.00,0,255.00,1,66.87,66.77,0.10,8.983,8.987,4.217,4.221,0.005,-0.000,0.002,66.99,67,-0.3752,11793,2543.88,2092.65,2067.06,2067.06,0,2,852,917,0
59801,8.990,8.990,9.000,9.000,9.000,9.000,0.000,66.97,0.6697,4.260,4.247,66.97,66.97,0.00,0,0,-3.34262,66.97,66.97,0.00,0,0,66.97,0.00,0.00,0.00,0.00,1.000,1.000,0.00,0,255.00,1,66.80,66.75,0.06,8.990,8.993,4.214,4.225,-0.001,0.000,0.001,66.97,67,0.3716,12085,2482.42,2289.14,2319.60,2319.60,0,2,863,934,0
59935,8.978,8.986,9.000,9.000,9.000,9.000,0.000,67.03,0.6703,4.258,4.248,67.03,67.03,0.00,0,0,-3.34326,67.03,67.03,0.00,0,0,67.03,0.00,0.00,0.00,0.00,1.000,1.000,0.00,0,255.00,1,66.87,66.79,0.08,8.986,8.988,4.215,4.288,-0.009,-0.000,0.002,67.03,67,0.1945,10899,2752.55,2304.01,2319.60,2319.60,0,2,874,943,0
60070,8.983,8.988,9.000,9.000,9.000,9.000,0.000,67.02,0.6702,4.257,4.248,67.02,67.02,0.00,0,0,-3.34403,67.02,67.02,0.00,0,0,67.02,0.00,0.00,0.00,0.00,1.000,1.000,0.00,0,255.00,1,66.91,66.83,0.07,8.988,8.990,4.223,4.276,-0.006,-0.000,0.001,67.02,67,0.1158,11910,2518.89,2315.76,2328.09,2328.09,0,2,884,959,0
60202,9.012,9.000,9.000,9.000,9.000,9.000,0.000,66.90,0.6690,4.256,4.249,66.90,66.90,0.00,0,0,-3.34519,66.90,66.90,0.00,0,0,66.90,0.00,0.00,0.00,0.00,1.000,1.000,0.00,0,255.00,1,66.81,66.81,-0.00,9.001,9.003,4.229,4.155,0.012,0.000,0.000,66.90,67,0.1530,10324,2905.85,2323.04,2328.09,2328.09,0,2,893,968,0
60305,9.003,9.001,9.000,9.000,9.000,9.000,0.000,66.90,0.6690,4.250,4.249,66.90,66.90,0.00,0,0,-3.34538,66.90,66.90,0.00,0,0,66.90,0.00,0.00,0.00,0.00,1.000,1.000,0.00,0,255.00,1,66.71,66.72,-0.01,9.001,9.004,4.216,4.205,0.001,0.000,0.001,66.90,67,-0.4311,11887,2523.77,2258.65,2241.56,2241.56,0,2,901,973,0
60439,9.001,8.996,9.000,9.000,9.000,9.000,0.000,66.96,0.6696,4.251,4.249,66.96,66.96,0.00,0,0,-3.34597,66.96,66.96,0.00,0,0,66.96,0.00,0.00,0.00,0.00,1.000,1.000,0.00,0,255.00,1,66.89,66.87,0.02,8.997,8.998,4.232,4.241,0.005,0.000,0.000,66.96,67,-0.4531,8936,3357.21,2250.31,2241.56,2241.56,0,2,911,986,0
60575,8.997,8.999,9.000,9.000,9.000,9.000,0.000,66.94,0.6694,4.250,4.249,66.94,66.94,0.00,0,0,-3.34636,66.94,66.94,0.00,0,0,66.94,0.00,0.00,0.00,0.00,1.000,1.000,0.00,0,255.00,1,66.87,66.87,0.00,8.999,9.001,4.234,4.217,-0.002,0.000,0.000,66.94,66,0.4762,11658,2573.34,2267.42,2300.94,2300.94,0,2,922,996,0
60705,8.995,9.002,9.000,9.000,9.000,9.000,0.000,66.89,0.6689,4.244,4.248,66.89,66.89,0.00,0,0,-3.34543,66.89,66.89,0.00,0,0,66.89,0.00,0.00,0.00,0.00,1.000,1.000,0.00,0,255.00,1,66.65,66.67,-0.02,9.002,9.005,4.210,4.234,-0.009,0.000,0.001,66.89,67,-0.2270,12989,2309.65,2288.95,2300.94,2309.65,1,1,932,1011,0
60807,8.988,8.992,9.000,9.000,9.000,9.000,0.000,67.01,0.6701,4.246,4.248,67.01,67.01,0.00,0,0,-3.34577,67.01,67.01,0.00,0,0,67.01,0.00,0.00,0.00,0.00,1.000,1.000,0.00,0,255.00,1,66.92,66.87,0.05,8.992,8.993,4.229,4.319,-0.005,-0.000,0.001,67.01,67,-0.2710,13027,2302.91,2293.98,2320.20,2302.91,1,1,939,1020,0
60937,8.993,8.997,9.000,9.000,9.000,9.000,0.000,66.95,0.6695,4.246,4.248,66.95,66.95,0.00,0,0,-3.34598,66.95,66.95,0.00,0,0,66.95,0.00,0.00,0.00,0.00,1.000,1.000,0.00,0,255.00,1,66.91,66.89,0.02,8.997,8.997,4.236,4.261,-0.005,-0.000,0.000,66.95,67,-0.4321,11739,2555.58,2306.77,2320.20,2320.20,0,2,950,1034,0
61077,9.027,9.015,9.000,9.000,9.000,9.000,0.000,66.73,0.6673,4.243,4.247,66.73,66.73,0.00,0,0,-3.34544,66.73,66.73,0.00,0,0,66.73,0.00,0.00,0.00,0.00,1.000,1.000,0.00,0,255.00,1,66.55,66.65,-0.09,9.016,9.016,4.219,4.102,0.013,0.000,0.002,66.73,67,0.1043,12064,2486.74,2322.74,2367.26,2367.26,0,2,960,1048,0
61207,9.021,9.011,9.000,9.000,9.000,9.000,0.000,66.77,0.6677,4.240,4.247,66.77,66.77,0.00,0,0,-3.34482,66.77,66.77,0.00,0,0,66.77,0.00,0.00,0.00,0.00,1.000,1.000,0.00,0,255.00,1,66.56,66.63,-0.07,9.011,9.012,4.213,4.164,0.011,0.000,0.002,66.77,67,-0.4330,11903,2520.37,2344.46,2367.26,2367.26,0,2,969,1061,0
61349,9.016,9.006,9.000,9.000,9.000,9.000,0.000,66.83,0.6683,4.240,4.246,66.83,66.83,0.00,0,0,-3.34476,66.83,66.83,0.00,0,0,66.83,0.00,0.00,0.00,0.00,1.000,1.000,0.00,0,255.00,1,66.72,66.75,-0.03,9.006,9.006,4.226,4.207,0.012,0.000,0.000,66.83,67,0.2305,10966,2735.73,2298.07,2079.66,2079.66,0,2,979,1070,0
61480,9.021,9.019,9.000,9.000,9.000,9.000,0.000,66.64,0.6664,4.234,4.245,66.64,66.64,0.00,0,0,-3.34323,66.64,66.64,0.00,0,0,66.64,0.00,0.00,0.00,0.00,1.000,1.000,0.00,0,255.00,1,66.32,66.43,-0.12,9.019,9.021,4.196,4.117,0.002,0.000,0.005,66.64,66,0.2637,12683,2365.37,2191.49,2079.66,2079.66,0,2,988,1082,0
61616,8.977,8.991,9.000,9.000,9.000,9.000,0.000,66.97,0.6697,4.234,4.244,66.97,66.97,0.00,0,0,-3.34287,66.97,66.97,0.00,0,0,66.97,0.00,0.00,0.00,0.00,1.000,1.000,0.00,0,255.00,1,66.90,66.84,0.06,8.990,8.989,4.227,4.383,-0.015,-0.001,0.001,66.97,67,-0.4535,12003,2499.38,2126.12,2082.92,2082.92,0,2,998,1094,0
61748,8.995,9.000,9.000,9.000,9.000,9.000,0.000,66.85,0.6685,4.234,4.243,66.85,66.85,0.00,0,0,-3.34271,66.85,66.85,0.00,0,0,66.85,0.00,0.00,0.00,0.00,1.000,1.000,0.00,0,255.00,1,66.84,66.84,0.00,9.000,8.999,4.236,4.272,-0.005,-0.000,0.000,66.85,67,0.0520,11520,2604.17,2105.04,2082.92,2082.92,0,2,1007,1105,0
61848,9.005,9.007,9.000,9.000,9.000,9.000,0.000,66.76,0.6676,4.233,4.243,66.76,66.76,0.00,0,0,-3.34224,66.76,66.76,0.00,0,0,66.76,0.00,0.00,0.00,0.00,1.000,1.000,0.00,0,255.00,1,66.69,66.74,-0.04,9.007,9.007,4.229,4.210,-0.002,0.000,0.000,66.76,67,-0.4355,11982,2503.76,2097.08,2082.92,2082.92,0,2,1015,1117,0
61978,9.022,9.013,9.000,9.000,9.000,9.000,0.000,66.67,0.6667,4.230,4.242,66.67,66.67,0.00,0,0,-3.34136,66.67,66.67,0.00,0,0,66.67,0.00,0.00,0.00,0.00,1.000,1.000,0.00,0,255.00,1,66.53,66.61,-0.08,9.013,9.014,4.218,4.163,0.010,0.000,0.002,66.67,67,-0.2807,11898,2521.43,2096.54,2095.97,2095.97,0,2,1024,1133,0
62115,8.991,8.994,9.000,9.000,9.000,9.000,0.000,66.90,0.6690,4.232,4.241,66.90,66.90,0.00,0,0,-3.34129,66.90,66.90,0.00,0,0,66.90,0.00,0.00,0.00,0.00,1.000,1.000,0.00,0,255.00,1,66.92,66.88,0.04,8.993,8.992,4.238,4.338,-0.003,-0.000,0.000,66.90,67,0.1612,9691,3095.66,2096.26,2095.97,2095.97,0,2,1033,1145,0
62247,9.023,9.013,9.000,9.000,9.000,9.000,0.000,66.66,0.6666,4.231,4.240,66.66,66.66,0.00,0,0,-3.34088,66.66,66.66,0.00,0,0,66.66,0.00,0.00,0.00,0.00,1.000,1.000,0.00,0,255.00,1,66.61,66.70,-0.08,9.013,9.014,4.231,4.138,0.011,0.000,0.002,66.66,66,0.4702,12625,2376.24,2125.37,2133.04,2133.04,0,2,1044,1158,0
62347,9.017,9.014,9.000,9.000,9.000,9.000,0.000,66.64,0.6664,4.229,4.240,66.64,66.64,0.00,0,0,-3.34013,66.64,66.64,0.00,0,0,66.64,0.00,0.00,0.00,0.00,1.000,1.000,0.00,0,255.00,1,66.50,66.58,-0.09,9.014,9.015,4.217,4.153,0.003,0.000,0.002,66.64,67,-0.2055,11125,2696.63,2128.13,2133.04,2133.04,0,2,1051,1169,0
62479,9.009,9.009,9.000,9.000,9.000,9.000,0.000,66.68,0.6668,4.226,4.238,66.68,66.68,0.00,0,0,-3.33888,66.68,66.68,0.00,0,0,66.68,0.00,0.00,0.00,0.00,1.000,1.000,0.00,0,255.00,1,66.54,66.59,-0.05,9.009,9.009,4.215,4.212,0.000,0.000,0.001,66.68,66,0.2511,10554,2842.52,2182.06,2218.79,2218.79,0,2,1060,1182,0
62616,9.015,9.012,9.000,9.000,9.000,9.000,0.000,66.62,0.6662,4.225,4.237,66.62,66.62,0.00,0,0,-3.33824,66.62,66.62,0.00,0,0,66.62,0.00,0.00,0.00,0.00,1.000,1.000,0.00,0,255.00,1,66.49,66.56,-0.08,9.012,9.012,4.216,4.173,0.003,0.000,0.001,66.62,66,0.3148,10489,2860.14,2199.98,2218.79,2218.79,0,2,1070,1193,0
62747,9.008,9.015,9.000,9.000,9.000,9.000,0.000,66.56,0.6656,4.220,4.236,66.56,66.56,0.00,0,0,-3.33658,66.56,66.56,0.00,0,0,66.56,0.00,0.00,0.00,0.00,1.000,1.000,0.00,0,255.00,1,66.28,66.37,-0.09,9.015,9.015,4.194,4.184,-0.007,0.000,0.003,66.56,67,-0.1020,10914,2748.76,2257.28,2352.45,2352.45,0,2,1081,1208,0
62885,8.987,9.000,9.000,9.000,9.000,9.000,0.000,66.71,0.6671,4.218,4.235,66.71,66.71,0.00,0,0,-3.33558,66.71,66.71,0.00,0,0,66.71,0.00,0.00,0.00,0.00,1.000,1.000,0.00,0,255.00,1,66.54,66.54,0.00,9.000,8.999,4.205,4.328,-0.015,-0.001,0.000,66.71,67,-0.3466,11808,2540.65,2303.72,2352.45,2352.45,0,2,1091,1226,0
63017,9.026,9.017,9.000,9.000,9.000,9.000,0.000,66.50,0.6650,4.218,4.233,66.50,66.50,0.00,0,0,-3.33481,66.50,66.50,0.00,0,0,66.50,0.00,0.00,0.00,0.00,1.000,1.000,0.00,0,255.00,1,66.36,66.46,-0.10,9.016,9.016,4.210,4.150,0.011,0.000,0.002,66.50,66,0.4645,11887,2523.77,2283.27,2229.59,2229.59,0,2,1102,1237,0
63118,8.998,9.010,9.000,9.000,9.000,9.000,0.000,66.57,0.6657,4.215,4.233,66.57,66.57,0.00,0,0,-3.33386,66.57,66.57,0.00,0,0,66.57,0.00,0.00,0.00,0.00,1.000,1.000,0.00,0,255.00,1,66.38,66.44,-0.06,9.009,9.008,4.203,4.233,-0.013,-0.000,0.001,66.57,66,0.4549,10268,2921.70,2263.94,2229.59,2229.59,0,2,1109,1247,0
63249,8.997,9.003,9.000,9.000,9.000,9.000,0.000,66.62,0.6662,4.215,4.231,66.62,66.62,0.00,0,0,-3.33304,66.62,66.62,0.00,0,0,66.62,0.00,0.00,0.00,0.00,1.000,1.000,0.00,0,255.00,1,66.53,66.55,-0.02,9.003,9.001,4.213,4.286,-0.006,-0.000,0.000,66.62,66,0.1261,11948,2510.88,2260.56,2310.51,2310.51,0,2,1119,1267,0
63388,9.030,9.019,9.000,9.000,9.000,9.000,0.000,66.40,0.6640,4.213,4.228,66.40,66.40,0.00,0,0,-3.33123,66.40,66.40,0.00,0,0,66.40,0.00,0.00,0.00,0.00,1.000,1.000,0.00,0,255.00,1,66.30,66.41,-0.11,9.019,9.018,4.211,4.117,0.012,0.000,0.003,66.40,66,-0.0741,10853,2764.21,2300.04,2310.51,2310.51,0,2,1129,1280,0
63520,9.015,9.013,9.000,9.000,9.000,9.000,0.000,66.45,0.6645,4.211,4.227,66.45,66.45,0.00,0,0,-3.33014,66.45,66.45,0.00,0,0,66.45,0.00,0.00,0.00,0.00,1.000,1.000,0.00,0,255.00,1,66.31,66.39,-0.08,9.013,9.012,4.205,4.183,0.003,0.000,0.001,66.45,66,0.3297,10880,2757.35,2308.80,2328.80,2328.80,0,2,1140,1296,0
63655,9.013,9.007,9.000,9.000,9.000,9.000,0.000,66.51,0.6651,4.212,4.226,66.51,66.51,0.00,0,0,-3.32974,66.51,66.51,0.00,0,0,66.51,0.00,0.00,0.00,0.00,1.000,1.000,0.00,0,255.00,1,66.48,66.52,-0.04,9.007,9.006,4.219,4.218,0.006,0.000,0.000,66.51,67,-0.0297,11771,2548.64,2318.56,2328.80,2328.80,0,2,1149,1311,0
63787,9.004,9.008,9.000,9.000,9.000,9.000,0.000,66.49,0.6649,4.211,4.225,66.49,66.49,0.00,0,0,-3.32896,66.49,66.49,0.00,0,0,66.49,0.00,0.00,0.00,0.00,1.000,1.000,0.00,0,255.00,1,66.44,66.48,-0.05,9.008,9.007,4.215,4.215,-0.005,0.000,0.000,66.49,66,0.4230,13267,2261.25,2307.01,2246.26,2261.25,1,1,1160,1328,0
63889,9.018,9.016,9.000,9.000,9.000,9.000,0.000,66.38,0.6638,4.209,4.224,66.38,66.38,0.00,0,0,-3.32810,66.38,66.38,0.00,0,0,66.38,0.00,0.00,0.00,0.00,1.000,1.000,0.00,0,255.00,1,66.24,66.34,-0.10,9.016,9.016,4.203,4.147,0.003,0.000,0.002,66.38,66,0.2205,13011,2305.74,2306.55,2246.26,2305.74,1,1,1167,1334,0
64023,9.013,9.013,9.000,9.000,9.000,9.000,0.000,66.36,0.6636,4.204,4.222,66.36,66.36,0.00,0,0,-3.32576,66.36,66.36,0.00,0,0,66.36,0.00,0.00,0.00,0.00,1.000,1.000,0.00,0,255.00,1,66.18,66.26,-0.08,9.013,9.013,4.193,4.187,-0.000,0.000,0.002,66.36,67,-0.4823,10731,2795.64,2257.97,2246.26,2246.26,0,2,1178,1347,0
64159,9.013,9.013,9.000,9.000,9.000,9.000,0.000,66.29,0.6629,4.198,4.217,66.29,66.29,0.00,0,0,-3.32214,66.29,66.29,0.00,0,0,66.29,0.00,0.00,0.00,0.00,1.000,1.000,0.00,0,255.00,1,66.12,66.20,-0.08,9.013,9.013,4.190,4.191,-0.000,0.000,0.002,66.29,66,0.3812,10627,2823.00,2179.84,2167.73,2167.73,0,2,1187,1357,0
64291,9.007,9.011,9.000,9.000,9.000,9.000,0.000,66.27,0.6627,4.195,4.215,66.27,66.27,0.00,0,0,-3.32011,66.27,66.27,0.00,0,0,66.27,0.00,0.00,0.00,0.00,1.000,1.000,0.00,0,255.00,1,66.12,66.19,-0.07,9.011,9.010,4.190,4.212,-0.004,-0.000,0.001,66.27,67,-0.3191,9871,3039.21,2171.70,2167.73,2167.73,0,2,1198,1372,0
64431,9.003,9.002,9.000,9.000,9.000,9.000,0.000,66.37,0.6637,4.198,4.214,66.37,66.37,0.00,0,0,-3.31989,66.37,66.37,0.00,0,0,66.37,0.00,0.00,0.00,0.00,1.000,1.000,0.00,0,255.00,1,66.41,66.42,-0.01,9.002,8.999,4.215,4.266,0.001,-0.000,0.000,66.37,67,-0.2081,9758,3074.40,2204.18,2238.26,2238.26,0,2,1208,1385,0
64562,9.019,9.013,9.000,9.000,9.000,9.000,0.000,66.23,0.6623,4.197,4.212,66.23,66.23,0.00,0,0,-3.31902,66.23,66.23,0.00,0,0,66.23,0.00,0.00,0.00,0.00,1.000,1.000,0.00,0,255.00,1,66.21,66.29,-0.07,9.012,9.011,4.207,4.160,0.007,0.000,0.001,66.23,67,-0.3881,10844,2766.51,2220.81,2238.26,2238.26,0,2,1219,1396,0
64662,9.007,9.007,9.000,9.000,9.000,9.000,0.000,66.29,0.6629,4.197,4.212,66.29,66.29,0.00,0,0,-3.31859,66.29,66.29,0.00,0,0,66.29,0.00,0.00,0.00,0.00,1.000,1.000,0.00,0,255.00,1,66.28,66.32,-0.04,9.007,9.006,4.208,4.210,0.000,-0.000,0.000,66.29,66,0.1905,13704,2189.14,2268.43,2328.04,2328.04,0,2,1225,1406,0
64793,9.010,9.009,9.000,9.000,9.000,9.000,0.000,66.26,0.6626,4.196,4.211,66.26,66.26,0.00,0,0,-3.31781,66.26,66.26,0.00,0,0,66.26,0.00,0.00,0.00,0.00,1.000,1.000,0.00,0,255.00,1,66.23,66.28,-0.05,9.008,9.007,4.204,4.194,0.002,-0.000,0.000,66.26,66,-0.0310,10908,2750.28,2297.52,2328.04,2328.04,0,2,1236,1420,0
64929,9.018,9.016,9.000,9.000,9.000,9.000,0.000,66.15,0.6615,4.193,4.209,66.15,66.15,0.00,0,0,-3.31656,66.15,66.15,0.00,0,0,66.15,0.00,0.00,0.00,0.00,1.000,1.000,0.00,0,255.00,1,66.01,66.11,-0.09,9.015,9.015,4.188,4.140,0.003,0.000,0.002,66.15,66,0.4996,11650,2575.11,2305.91,2316.88,2316.88,0,2,1246,1435,0
65063,9.018,9.012,9.000,9.000,9.000,9.000,0.000,66.18,0.6618,4.193,4.208,66.18,66.18,0.00,0,0,-3.31580,66.18,66.18,0.00,0,0,66.18,0.00,0.00,0.00,0.00,1.000,1.000,0.00,0,255.00,1,66.09,66.16,-0.07,9.011,9.010,4.193,4.171,0.007,0.000,0.001,66.18,66,0.1700,11230,2671.42,2311.26,2316.88,2316.88,0,2,1255,1444,0
65201,9.018,9.014,9.000,9.000,9.000,9.000,0.000,66.13,0.6613,4.192,4.207,66.13,66.13,0.00,0,0,-3.31485,66.13,66.13,0.00,0,0,66.13,0.00,0.00,0.00,0.00,1.000,1.000,0.00,0,255.00,1,66.02,66.10,-0.09,9.014,9.014,4.189,4.147,0.004,0.000,0.002,66.13,66,-0.2878,12076,2484.27,2250.09,2139.33,2139.33,0,2,1266,1453,0
65335,9.008,9.010,9.000,9.000,9.000,9.000,0.000,66.16,0.6616,4.191,4.206,66.16,66.16,0.00,0,0,-3.31394,66.16,66.16,0.00,0,0,66.16,0.00,0.00,0.00,0.00,1.000,1.000,0.00,0,255.00,1,66.05,66.11,-0.06,9.010,9.010,4.188,4.186,-0.002,0.000,0.001,66.16,66,0.2142,10226,2933.70,2196.03,2139.33,2139.33,0,2,1276,1465,0
65474,9.012,9.013,9.000,9.000,9.000,9.000,0.000,66.10,0.6610,4.189,4.205,66.10,66.10,0.00,0,0,-3.31297,66.10,66.10,0.00,0,0,66.10,0.00,0.00,0.00,0.00,1.000,1.000,0.00,0,255.00,1,65.97,66.06,-0.08,9.013,9.014,4.184,4.158,-0.002,0.000,0.002,66.10,66,-0.3633,11742,2554.93,2233.42,2310.32,2310.32,0,2,1286,1478,0
65608,9.010,9.010,9.000,9.000,9.000,9.000,0.000,66.04,0.6604,4.183,4.198,66.04,66.04,0.00,0,0,-3.30790,66.04,66.04,0.00,0,0,66.04,0.00,0.00,0.00,0.00,1.000,1.000,0.00,0,255.00,1,65.96,66.01,-0.06,9.010,9.010,4.183,4.183,0.000,0.000,0.001,66.04,66,-0.0780,10679,2809.25,2308.16,2310.32,2310.32,0,2,1297,1491,0
65710,9.010,9.009,9.000,9.000,9.000,9.000,0.000,66.03,0.6603,4.182,4.197,66.03,66.03,0.00,0,0,-3.30709,66.03,66.03,0.00,0,0,66.03,0.00,0.00,0.00,0.00,1.000,1.000,0.00,0,255.00,1,65.96,66.02,-0.06,9.009,9.009,4.184,4.182,0.001,0.000,0.001,66.03,66,0.0454,11449,2620.32,2303.19,2280.20,2280.20,0,2,1304,1501,0
65844,9.009,9.013,9.000,9.000,9.000,9.000,0.000,65.94,0.6594,4.179,4.194,65.94,65.94,0.00,0,0,-3.30453,65.94,65.94,0.00,0,0,65.94,0.00,0.00,0.00,0.00,1.000,1.000,0.00,0,255.00,1,65.81,65.89,-0.08,9.013,9.014,4.174,4.145,-0.004,0.000,0.002,65.94,66,0.0907,9087,3301.42,2283.28,2280.20,2280.20,0,2,1314,1512,0
65981,9.011,9.010,9.000,9.000,9.000,9.000,0.000,65.96,0.6596,4.178,4.193,65.96,65.96,0.00,0,0,-3.30381,65.96,65.96,0.00,0,0,65.96,0.00,0.00,0.00,0.00,1.000,1.000,0.00,0,255.00,1,65.87,65.93,-0.06,9.010,9.009,4.178,4.171,0.001,0.000,0.001,65.96,66,0.0537,10944,2741.23,2281.76,2280.11,2280.11,0,2,1325,1521,0
66115,8.990,9.002,9.000,9.000,9.000,9.000,0.000,66.03,0.6603,4.176,4.191,66.03,66.03,0.00,0,0,-3.30272,66.03,66.03,0.00,0,0,66.03,0.00,0.00,0.00,0.00,1.000,1.000,0.00,0,255.00,1,65.94,65.95,-0.01,9.002,9.001,4.175,4.257,-0.013,-0.000,0.000,66.03,66,-0.1987,11003,2726.53,2301.24,2280.11,2280.11,0,2,1335,1538,0
66253,8.997,9.005,9.000,9.000,9.000,9.000,0.000,65.98,0.6598,4.175,4.190,65.98,65.98,0.00,0,0,-3.30185,65.98,65.98,0.00,0,0,65.98,0.00,0.00,0.00,0.00,1.000,1.000,0.00,0,255.00,1,65.90,65.93,-0.03,9.005,9.003,4.176,4.223,-0.009,-0.000,0.000,65.98,66,-0.4163,12488,2402.31,2281.04,2230.68,2230.68,0,2,1345,1551,0
66385,9.026,9.014,9.000,9.000,9.000,9.000,0.000,65.86,0.6586,4.175,4.189,65.86,65.86,0.00,0,0,-3.30110,65.86,65.86,0.00,0,0,65.86,0.00,0.00,0.00,0.00,1.000,1.000,0.00,0,255.00,1,65.78,65.87,-0.08,9.014,9.013,4.177,4.122,0.014,0.000,0.002,65.86,65,0.3722,12140,2471.17,2256.47,2230.68,2230.68,0,2,1354,1563,0
66486,9.002,9.011,9.000,9.000,9.000,9.000,0.000,65.87,0.6587,4.173,4.188,65.87,65.87,0.00,0,0,-3.30014,65.87,65.87,0.00,0,0,65.87,0.00,0.00,0.00,0.00,1.000,1.000,0.00,0,255.00,1,65.73,65.79,-0.07,9.011,9.010,4.165,4.169,-0.010,0.000,0.001,65.87,66,0.0067,11652,2574.67,2247.18,2230.68,2230.68,0,2,1361,1570,0
66620,9.015,9.016,9.000,9.000,9.000,9.000,0.000,65.78,0.6578,4.168,4.186,65.78,65.78,0.00,0,0,-3.29814,65.78,65.78,0.00,0,0,65.78,0.00,0.00,0.00,0.00,1.000,1.000,0.00,0,255.00,1,65.54,65.64,-0.10,9.016,9.017,4.151,4.141,-0.001,0.000,0.003,65.78,66,0.1339,11159,2688.41,2133.28,2054.26,2054.26,0,2,1372,1581,0
66759,9.004,9.006,9.000,9.000,9.000,9.000,0.000,65.87,0.6587,4.167,4.185,65.87,65.87,0.00,0,0,-3.29710,65.87,65.87,0.00,0,0,65.87,0.00,0.00,0.00,0.00,1.000,1.000,0.00,0,255.00,1,65.72,65.76,-0.04,9.006,9.006,4.161,4.227,-0.003,0.000,0.001,65.87,66,-0.4372,13377,2242.66,2094.72,2054.26,2054.26,0,2,1382,1591,0
66891,9.033,9.017,9.000,9.000,9.000,9.000,0.000,65.74,0.6574,4.168,4.184,65.74,65.74,0.00,0,0,-3.29663,65.74,65.74,0.00,0,0,65.74,0.00,0.00,0.00,0.00,1.000,1.000,0.00,0,255.00,1,65.68,65.78,-0.10,9.017,9.017,4.174,4.096,0.018,0.001,0.002,65.74,66,0.1951,10759,2788.36,2145.30,2198.37,2198.37,0,2,1393,1605,0
66991,9.003,9.007,9.000,9.000,9.000,9.000,0.000,65.84,0.6584,4.168,4.183,65.84,65.84,0.00,0,0,-3.29605,65.84,65.84,0.00,0,0,65.84,0.00,0.00,0.00,0.00,1.000,1.000,0.00,0,255.00,1,65.79,65.83,-0.04,9.007,9.007,4.174,4.192,-0.005,0.000,0.000,65.84,66,-0.1866,9981,3005.71,2164.40,2198.37,2198.37,0,2,1401,1612,0
67125,8.990,8.998,9.000,9.000,9.000,9.000,0.000,65.90,0.6590,4.170,4.179,65.90,65.90,0.00,0,0,-3.29408,65.90,65.90,0.00,0,0,65.90,0.00,0.00,0.00,0.00,1.000,1.000,0.00,0,255.00,1,65.96,65.95,0.01,8.998,8.996,4.185,4.239,-0.009,-0.000,0.000,65.90,66,-0.2896,11939,2512.77,2299.47,2448.94,2512.77,1,1,1410,1624,0
67266,9.026,9.014,9.000,9.000,9.000,9.000,0.000,65.70,0.6570,4.169,4.178,65.70,65.70,0.00,0,0,-3.29348,65.70,65.70,0.00,0,0,65.70,0.00,0.00,0.00,0.00,1.000,1.000,0.00,0,255.00,1,65.67,65.76,-0.09,9.015,9.015,4.174,4.078,0.013,0.001,0.002,65.70,66,0.1039,9927,3022.06,2372.41,2448.94,2448.94,0,2,1421,1632,0
67398,9.018,9.013,9.000,9.000,9.000,9.000,0.000,65.70,0.6570,4.166,4.177,65.70,65.70,0.00,0,0,-3.29252,65.70,65.70,0.00,0,0,65.70,0.00,0.00,0.00,0.00,1.000,1.000,0.00,0,255.00,1,65.58,65.66,-0.08,9.013,9.014,4.161,4.110,0.006,0.001,0.002,65.70,65,0.2969,12128,2473.61,2354.45,2295.32,2295.32,0,2,1431,1650,0
67537,9.027,9.023,9.000,9.000,9.000,9.000,0.000,65.54,0.6554,4.160,4.176,65.54,65.54,0.00,0,0,-3.29067,65.54,65.54,0.00,0,0,65.54,0.00,0.00,0.00,0.00,1.000,1.000,0.00,0,255.00,1,65.23,65.37,-0.14,9.023,9.026,4.131,4.051,0.004,0.001,0.006,65.54,65,0.0476,10086,2974.42,2335.71,2295.32,2295.32,0,2,1442,1663,0
67673,9.024,9.017,9.000,9.000,9.000,9.000,0.000,65.58,0.6558,4.158,4.175,65.58,65.58,0.00,0,0,-3.28940,65.58,65.58,0.00,0,0,65.58,0.00,0.00,0.00,0.00,1.000,1.000,0.00,0,255.00,1,65.31,65.41,-0.11,9.018,9.019,4.134,4.111,0.007,0.001,0.004,65.58,66,-0.0633,13211,2270.83,2288.70,2198.07,2270.83,1,1,1451,1671,0
67774,9.027,9.020,9.000,9.000,9.000,9.000,0.000,65.53,0.6553,4.156,4.174,65.53,65.53,0.00,0,0,-3.28846,65.53,65.53,0.00,0,0,65.53,0.00,0.00,0.00,0.00,1.000,1.000,0.00,0,255.00,1,65.25,65.38,-0.12,9.020,9.022,4.133,4.091,0.008,0.001,0.005,65.53,65,0.1151,11802,2541.94,2256.08,2198.07,2198.07,0,2,1459,1676,0
67904,9.026,9.017,9.000,9.000,9.000,9.000,0.000,65.54,0.6554,4.153,4.172,65.54,65.54,0.00,0,0,-3.28678,65.54,65.54,0.00,0,0,65.54,0.00,0.00,0.00,0.00,1.000,1.000,0.00,0,255.00,1,65.33,65.43,-0.10,9.017,9.018,4.139,4.120,0.010,0.000,0.003,65.54,65,0.4439,11071,2709.78,2267.39,2402.98,2402.98,0,2,1470,1688,0
68006,9.012,9.014,9.000,9.000,9.000,9.000,0.000,65.55,0.6555,4.152,4.171,65.55,65.55,0.00,0,0,-3.28586,65.55,65.55,0.00,0,0,65.55,0.00,0.00,0.00,0.00,1.000,1.000,0.00,0,255.00,1,65.34,65.43,-0.09,9.015,9.016,4.139,4.146,-0.003,0.000,0.002,65.55,66,-0.4776,10371,2892.68,2316.20,2402.98,2402.98,0,2,1477,1697,0
68141,9.005,9.006,9.000,9.000,9.000,9.000,0.000,65.63,0.6563,4.152,4.170,65.63,65.63,0.00,0,0,-3.28512,65.63,65.63,0.00,0,0,65.63,0.00,0.00,0.00,0.00,1.000,1.000,0.00,0,255.00,1,65.55,65.59,-0.04,9.006,9.007,4.155,4.205,-0.002,0.000,0.000,65.63,65,0.3531,11060,2712.48,2332.19,2402.98,2402.98,0,2,1488,1710,0
68278,9.030,9.021,9.000,9.000,9.000,9.000,0.000,65.43,0.6543,4.149,4.168,65.43,65.43,0.00,0,0,-3.28361,65.43,65.43,0.00,0,0,65.43,0.00,0.00,0.00,0.00,1.000,1.000,0.00,0,255.00,1,65.24,65.37,-0.13,9.021,9.023,4.140,4.070,0.009,0.001,0.004,65.43,66,-0.1971,11992,2501.67,2253.62,2171.19,2171.19,0,2,1498,1725,0
68409,8.993,9.001,9.000,9.000,9.000,9.000,0.000,65.63,0.6563,4.147,4.167,65.63,65.63,0.00,0,0,-3.28242,65.63,65.63,0.00,0,0,65.63,0.00,0.00,0.00,0.00,1.000,1.000,0.00,0,255.00,1,65.53,65.54,-0.01,9.001,9.001,4.148,4.264,-0.009,-0.000,0.000,65.63,65,0.2874,9263,3238.69,2213.39,2171.19,2171.19,0,2,1510,1736,0
68549,9.016,9.008,9.000,9.000,9.000,9.000,0.000,65.55,0.6555,4.149,4.165,65.55,65.55,0.00,0,0,-3.28202,65.55,65.55,0.00,0,0,65.55,0.00,0.00,0.00,0.00,1.000,1.000,0.00,0,255.00,1,65.57,65.61,-0.05,9.008,9.007,4.165,4.166,0.009,0.000,0.000,65.55,65,0.0575,12777,2347.97,2296.99,2436.35,2347.97,1,1,1519,1750,0
68682,9.012,9.008,9.000,9.000,9.000,9.000,0.000,65.50,0.6550,4.150,4.162,65.50,65.50,0.00,0,0,-3.27988,65.50,65.50,0.00,0,0,65.50,0.00,0.00,0.00,0.00,1.000,1.000,0.00,0,255.00,1,65.51,65.56,-0.05,9.008,9.008,4.161,4.135,0.004,0.000,0.001,65.50,66,-0.0022,12214,2456.20,2428.35,2436.35,2456.20,1,1,1532,1760,0
68783,8.999,9.004,9.000,9.000,9.000,9.000,0.000,65.54,0.6554,4.149,4.161,65.54,65.54,0.00,0,0,-3.27945,65.54,65.54,0.00,0,0,65.54,0.00,0.00,0.00,0.00,1.000,1.000,0.00,0,255.00,1,65.54,65.56,-0.02,9.004,9.003,4.159,4.175,-0.006,-0.000,0.000,65.54,66,0.0105,12137,2471.78,2443.98,2444.42,2471.78,1,1,1538,1769,0
68914,9.006,9.006,9.000,9.000,9.000,9.000,0.000,65.48,0.6548,4.147,4.158,65.48,65.48,0.00,0,0,-3.27747,65.48,65.48,0.00,0,0,65.48,0.00,0.00,0.00,0.00,1.000,1.000,0.00,0,255.00,1,65.46,65.49,-0.04,9.006,9.005,4.153,4.153,0.000,0.000,0.000,65.48,65,0.2999,11049,2715.18,2444.36,2444.42,2444.42,0,2,1550,1781,0
69050,9.008,9.012,9.000,9.000,9.000,9.000,0.000,65.39,0.6539,4.144,4.157,65.39,65.39,0.00,0,0,-3.27630,65.39,65.39,0.00,0,0,65.39,0.00,0.00,0.00,0.00,1.000,1.000,0.00,0,255.00,1,65.25,65.32,-0.07,9.012,9.012,4.136,4.114,-0.005,0.000,0.001,65.39,65,0.4418,11543,2598.98,2409.19,2346.64,2346.64,0,2,1559,1796,0
69181,9.006,9.010,9.000,9.000,9.000,9.000,0.000,65.39,0.6539,4.142,4.156,65.39,65.39,0.00,0,0,-3.27514,65.39,65.39,0.00,0,0,65.39,0.00,0.00,0.00,0.00,1.000,1.000,0.00,0,255.00,1,65.22,65.28,-0.06,9.010,9.010,4.130,4.147,-0.004,0.000,0.001,65.39,66,-0.4904,12960,2314.81,2372.30,2346.64,2314.81,1,1,1569,1806,0
69284,9.012,9.008,9.000,9.000,9.000,9.000,0.000,65.40,0.6540,4.142,4.156,65.40,65.40,0.00,0,0,-3.27475,65.40,65.40,0.00,0,0,65.40,0.00,0.00,0.00,0.00,1.000,1.000,0.00,0,255.00,1,65.29,65.34,-0.05,9.008,9.008,4.138,4.150,0.004,0.000,0.001,65.40,65,0.3502,13080,2293.58,2311.16,2087.13,2087.13,0,2,1575,1812,0
69415,8.998,9.008,9.000,9.000,9.000,9.000,0.000,65.37,0.6537,4.138,4.154,65.37,65.37,0.00,0,0,-3.27295,65.37,65.37,0.00,0,0,65.37,0.00,0.00,0.00,0.00,1.000,1.000,0.00,0,255.00,1,65.19,65.24,-0.05,9.008,9.007,4.125,4.177,-0.011,-0.000,0.001,65.37,66,-0.4775,8755,3426.61,2197.97,2087.13,2087.13,0,2,1587,1826,0
69555,9.000,9.009,9.000,9.000,9.000,9.000,0.000,65.33,0.6533,4.136,4.153,65.33,65.33,0.00,0,0,-3.27173,65.33,65.33,0.00,0,0,65.33,0.00,0.00,0.00,0.00,1.000,1.000,0.00,0,255.00,1,65.15,65.20,-0.05,9.009,9.009,4.124,4.167,-0.010,-0.000,0.001,65.33,65,0.3644,8156,3678.27,2217.48,2455.12,2455.12,0,2,1597,1837,0
69687,8.994,9.002,9.000,9.000,9.000,9.000,0.000,65.40,0.6540,4.135,4.151,65.40,65.40,0.00,0,0,-3.27093,65.40,65.40,0.00,0,0,65.40,0.00,0.00,0.00,0.00,1.000,1.000,0.00,0,255.00,1,65.32,65.33,-0.01,9.002,9.000,4.136,4.223,-0.008,-0.000,0.000,65.40,65,0.3096,10430,2876.32,2333.45,2455.12,2455.12,0,2,1610,1847,0
69826,9.005,9.010,9.000,9.000,9.000,9.000,0.000,65.27,0.6527,4.133,4.150,65.27,65.27,0.00,0,0,-3.26971,65.27,65.27,0.00,0,0,65.27,0.00,0.00,0.00,0.00,1.000,1.000,0.00,0,255.00,1,65.15,65.21,-0.06,9.010,9.009,4.129,4.145,-0.006,-0.000,0.001,65.27,65,0.0316,11574,2592.02,2471.73,2849.67,2849.67,0,2,1623,1864,0
69959,9.009,9.007,9.000,9.000,9.000,9.000,0.000,65.29,0.6529,4.133,4.149,65.29,65.29,0.00,0,0,-3.26885,65.29,65.29,0.00,0,0,65.29,0.00,0.00,0.00,0.00,1.000,1.000,0.00,0,255.00,1,65.22,65.26,-0.04,9.007,9.005,4.135,4.163,0.002,-0.000,0.000,65.29,65,-0.1656,12225,2453.99,2656.17,2849.67,2849.67,0,2,1632,1876,0
70096,9.001,9.007,9.000,9.000,9.000,9.000,0.000,65.27,0.6527,4.131,4.147,65.27,65.27,0.00,0,0,-3.26758,65.27,65.27,0.00,0,0,65.27,0.00,0.00,0.00,0.00,1.000,1.000,0.00,0,255.00,1,65.20,65.24,-0.04,9.006,9.005,4.134,4.167,-0.005,-0.000,0.000,65.27,66,-0.2271,12959,2314.99,2626.94,2215.45,2314.99,1,1,1643,1892,0
70227,8.996,8.999,9.000,9.000,9.000,9.000,0.000,65.35,0.6535,4.132,4.146,65.35,65.35,0.00,0,0,-3.26709,65.35,65.35,0.00,0,0,65.35,0.00,0.00,0.00,0.00,1.000,1.000,0.00,0,255.00,1,65.38,65.37,0.01,8.999,8.996,4.146,4.221,-0.003,-0.001,0.000,65.35,66,-0.3964,12260,2446.98,2426.14,2215.45,2215.45,0,2,1654,1908,0
70365,9.016,9.010,9.000,9.000,9.000,9.000,0.000,65.21,0.6521,4.133,4.145,65.21,65.21,0.00,0,0,-3.26673,65.21,65.21,0.00,0,0,65.21,0.00,0.00,0.00,0.00,1.000,1.000,0.00,0,255.00,1,65.25,65.31,-0.06,9.010,9.009,4.148,4.097,0.007,0.000,0.001,65.21,65,0.4814,11936,2513.40,2345.07,2324.20,2324.20,0,2,1664,1922,0
70498,9.000,9.009,9.000,9.000,9.000,9.000,0.000,65.18,0.6518,4.126,4.143,65.18,65.18,0.00,0,0,-3.26413,65.18,65.18,0.00,0,0,65.18,0.00,0.00,0.00,0.00,1.000,1.000,0.00,0,255.00,1,64.99,65.04,-0.05,9.009,9.009,4.113,4.155,-0.010,0.000,0.001,65.18,65,-0.0501,11201,2678.33,2331.04,2324.20,2324.20,0,2,1674,1935,0
70598,8.989,9.003,9.000,9.000,9.000,9.000,0.000,65.24,0.6524,4.126,4.142,65.24,65.24,0.00,0,0,-3.26353,65.24,65.24,0.00,0,0,65.24,0.00,0.00,0.00,0.00,1.000,1.000,0.00,0,255.00,1,65.11,65.13,-0.01,9.002,9.002,4.120,4.213,-0.015,-0.000,0.000,65.24,65,0.2554,13974,2146.84,2328.58,2324.20,2324.20,0,2,1681,1945,0
70731,9.010,9.011,9.000,9.000,9.000,9.000,0.000,65.12,0.6512,4.125,4.141,65.12,65.12,0.00,0,0,-3.26273,65.12,65.12,0.00,0,0,65.12,0.00,0.00,0.00,0.00,1.000,1.000,0.00,0,255.00,1,65.02,65.09,-0.07,9.011,9.011,4.124,4.114,-0.001,0.000,0.001,65.12,65,-0.2766,10574,2837.15,2201.04,2065.55,2065.55,0,2,1692,1956,0
70869,9.014,9.016,9.000,9.000,9.000,9.000,0.000,65.03,0.6503,4.123,4.140,65.03,65.03,0.00,0,0,-3.26157,65.03,65.03,0.00,0,0,65.03,0.00,0.00,0.00,0.00,1.000,1.000,0.00,0,255.00,1,64.88,64.98,-0.10,9.017,9.017,4.115,4.069,-0.003,0.000,0.003,65.03,65,-0.0140,13049,2299.03,2134.92,2065.55,2065.55,0,2,1702,1969,0
71001,9.000,9.007,9.000,9.000,9.000,9.000,0.000,65.12,0.6512,4.121,4.138,65.12,65.12,0.00,0,0,-3.26029,65.12,65.12,0.00,0,0,65.12,0.00,0.00,0.00,0.00,1.000,1.000,0.00,0,255.00,1,64.97,65.01,-0.04,9.007,9.007,4.113,4.169,-0.008,-0.000,0.001,65.12,65,0.1155,10957,2737.98,2281.56,2435.41,2435.41,0,2,1713,1981,0
71101,9.022,9.012,9.000,9.000,9.000,9.000,0.000,65.06,0.6506,4.121,4.137,65.06,65.06,0.00,0,0,-3.25996,65.06,65.06,0.00,0,0,65.06,0.00,0.00,0.00,0.00,1.000,1.000,0.00,0,255.00,1,64.98,65.05,-0.07,9.011,9.011,4.124,4.108,0.012,0.000,0.001,65.06,65,0.3864,13639,2199.57,2336.94,2435.41,2435.41,0,2,1720,1989,0
71236,9.022,9.021,9.000,9.000,9.000,9.000,0.000,64.91,0.6491,4.117,4.136,64.91,64.91,0.00,0,0,-3.25816,64.91,64.91,0.00,0,0,64.91,0.00,0.00,0.00,0.00,1.000,1.000,0.00,0,255.00,1,64.68,64.80,-0.13,9.021,9.021,4.100,4.043,0.001,0.000,0.004,64.91,65,0.1993,12363,2426.60,2363.61,2312.76,2426.60,1,1,1730,2003,0
71373,9.019,9.011,9.000,9.000,9.000,9.000,0.000,65.02,0.6502,4.117,4.135,65.02,65.02,0.00,0,0,-3.25746,65.02,65.02,0.00,0,0,65.02,0.00,0.00,0.00,0.00,1.000,1.000,0.00,0,255.00,1,64.92,64.98,-0.07,9.011,9.010,4.117,4.120,0.009,0.000,0.001,65.02,65,0.3843,11000,2727.27,2353.36,2312.76,2312.76,0,2,1740,2019,0
71504,9.025,9.010,9.000,9.000,9.000,9.000,0.000,65.02,0.6502,4.119,4.134,65.02,65.02,0.00,0,0,-3.25728,65.02,65.02,0.00,0,0,65.02,0.00,0.00,0.00,0.00,1.000,1.000,0.00,0,255.00,1,65.06,65.12,-0.06,9.010,9.008,4.136,4.094,0.017,0.000,0.001,65.02,65,-0.2405,12042,2491.28,2393.10,2461.79,2491.28,1,1,1752,2033,0
71605,9.011,9.013,9.000,9.000,9.000,9.000,0.000,64.98,0.6498,4.118,4.133,64.98,64.98,0.00,0,0,-3.25648,64.98,64.98,0.00,0,0,64.98,0.00,0.00,0.00,0.00,1.000,1.000,0.00,0,255.00,1,64.93,65.00,-0.08,9.012,9.012,4.123,4.084,-0.002,0.000,0.001,64.98,65,-0.2926,10133,2960.62,2415.20,2461.79,2461.79,0,2,1760,2041,0
71736,8.995,9.004,9.000,9.000,9.000,9.000,0.000,65.06,0.6506,4.116,4.131,65.06,65.06,0.00,0,0,-3.25536,65.06,65.06,0.00,0,0,65.06,0.00,0.00,0.00,0.00,1.000,1.000,0.00,0,255.00,1,64.99,65.01,-0.02,9.004,9.003,4.117,4.180,-0.009,-0.000,0.000,65.06,65,-0.4061,7781,3855.55,2487.92,2644.14,2644.14,0,2,1773,2060,0
71878,9.016,9.013,9.000,9.000,9.000,9.000,0.000,64.94,0.6494,4.115,4.130,64.94,64.94,0.00,0,0,-3.25449,64.94,64.94,0.00,0,0,64.94,0.00,0.00,0.00,0.00,1.000,1.000,0.00,0,255.00,1,64.85,64.93,-0.08,9.013,9.013,4.116,4.083,0.004,0.000,0.001,64.94,65,-0.4624,12897,2326.12,2583.04,2644.14,2644.14,0,2,1783,2073,0
72010,9.000,9.003,9.000,9.000,9.000,9.000,0.000,65.05,0.6505,4.116,4.129,65.05,65.05,0.00,0,0,-3.25399,65.05,65.05,0.00,0,0,65.05,0.00,0.00,0.00,0.00,1.000,1.000,0.00,0,255.00,1,65.05,65.06,-0.01,9.002,9.001,4.126,4.172,-0.002,-0.000,0.000,65.05,65,-0.4132,12435,2412.55,2523.64,2198.04,2198.04,0,2,1793,2089,0
72149,9.021,9.017,9.000,9.000,9.000,9.000,0.000,64.83,0.6483,4.111,4.127,64.83,64.83,0.00,0,0,-3.25192,64.83,64.83,0.00,0,0,64.83,0.00,0.00,0.00,0.00,1.000,1.000,0.00,0,255.00,1,64.67,64.77,-0.10,9.017,9.018,4.102,4.050,0.004,0.000,0.003,64.83,65,0.0402,12577,2385.31,2302.76,2198.04,2198.04,0,2,1804,2103,0
72280,8.996,9.000,9.000,9.000,9.000,9.000,0.000,65.04,0.6504,4.113,4.126,65.04,65.04,0.00,0,0,-3.25157,65.04,65.04,0.00,0,0,65.04,0.00,0.00,0.00,0.00,1.000,1.000,0.00,0,255.00,1,65.03,65.03,0.00,8.999,8.998,4.122,4.199,-0.004,-0.000,0.000,65.04,65,-0.0017,12100,2479.34,2307.92,2443.58,2479.34,1,1,1815,2119,0
72383,8.999,9.005,9.000,9.000,9.000,9.000,0.000,64.96,0.6496,4.112,4.125,64.96,64.96,0.00,0,0,-3.25103,64.96,64.96,0.00,0,0,64.96,0.00,0.00,0.00,0.00,1.000,1.000,0.00,0,255.00,1,64.93,64.96,-0.03,9.005,9.004,4.119,4.142,-0.007,-0.000,0.000,64.96,65,-0.1715,8837,3394.82,2361.59,2443.58,2443.58,0,2,1823,2127,0
72516,9.009,9.009,9.000,9.000,9.000,9.000,0.000,64.87,0.6487,4.110,4.122,64.87,64.87,0.00,0,0,-3.24879,64.87,64.87,0.00,0,0,64.87,0.00,0.00,0.00,0.00,1.000,1.000,0.00,0,255.00,1,64.80,64.85,-0.05,9.009,9.009,4.110,4.105,-0.000,0.000,0.001,64.87,65,-0.0892,10944,2741.23,2432.58,2443.58,2443.58,0,2,1834,2144,0
72652,9.006,9.011,9.000,9.000,9.000,9.000,0.000,64.82,0.6482,4.108,4.121,64.82,64.82,0.00,0,0,-3.24781,64.82,64.82,0.00,0,0,64.82,0.00,0.00,0.00,0.00,1.000,1.000,0.00,0,255.00,1,64.71,64.77,-0.07,9.011,9.011,4.103,4.089,-0.006,0.000,0.001,64.82,64,0.4140,7228,4150.53,2354.03,2271.62,2271.62,0,2,1844,2153,0
72784,9.005,9.005,9.000,9.000,9.000,9.000,0.000,64.87,0.6487,4.109,4.119,64.87,64.87,0.00,0,0,-3.24634,64.87,64.87,0.00,0,0,64.87,0.00,0.00,0.00,0.00,1.000,1.000,0.00,0,255.00,1,64.88,64.91,-0.03,9.005,9.004,4.118,4.117,0.000,0.000,0.000,64.87,65,0.2315,12828,2338.63,2336.24,2271.62,2338.63,1,1,1856,2165,0
72885,9.025,9.014,9.000,9.000,9.000,9.000,0.000,64.74,0.6474,4.108,4.118,64.74,64.74,0.00,0,0,-3.24583,64.74,64.74,0.00,0,0,64.74,0.00,0.00,0.00,0.00,1.000,1.000,0.00,0,255.00,1,64.69,64.78,-0.09,9.015,9.015,4.110,4.026,0.012,0.001,0.002,64.74,65,-0.1314,10841,2767.27,2420.55,2570.43,2570.43,0,2,1863,2174,0
73019,9.001,9.007,9.000,9.000,9.000,9.000,0.000,64.77,0.6477,4.101,4.116,64.77,64.77,0.00,0,0,-3.24306,64.77,64.77,0.00,0,0,64.77,0.00,0.00,0.00,0.00,1.000,1.000,0.00,0,255.00,1,64.60,64.65,-0.05,9.007,9.008,4.089,4.132,-0.007,0.000,0.001,64.77,65,-0.0533,7450,4026.85,2553.40,2570.43,2570.43,0,2,1876,2190,0
73156,8.983,8.988,9.000,9.000,9.000,9.000,0.000,65.02,0.6502,4.106,4.115,65.02,65.02,0.00,0,0,-3.24364,65.02,65.02,0.00,0,0,65.02,0.00,0.00,0.00,0.00,1.000,1.000,0.00,0,255.00,1,65.16,65.09,0.08,8.987,8.985,4.132,4.268,-0.005,-0.001,0.002,65.02,65,-0.2231,11691,2566.08,2554.72,2532.15,2566.08,1,1,1886,2202,0
73287,9.020,9.013,9.000,9.000,9.000,9.000,0.000,64.70,0.6470,4.105,4.114,64.70,64.70,0.00,0,0,-3.24297,64.70,64.70,0.00,0,0,64.70,0.00,0.00,0.00,0.00,1.000,1.000,0.00,0,255.00,1,64.71,64.79,-0.08,9.013,9.013,4.114,4.024,0.008,0.000,0.001,64.70,65,0.1050,10110,2967.36,2548.05,2532.15,2532.15,0,2,1896,2211,0
73423,8.995,9.002,9.000,9.000,9.000,9.000,0.000,64.82,0.6482,4.103,4.113,64.82,64.82,0.00,0,0,-3.24209,64.82,64.82,0.00,0,0,64.82,0.00,0.00,0.00,0.00,1.000,1.000,0.00,0,255.00,1,64.78,64.79,-0.01,9.001,9.001,4.104,4.154,-0.007,-0.000,0.000,64.82,65,0.2868,12023,2495.22,2427.58,2219.07,2219.07,0,2,1906,2224,0
73554,9.005,9.004,9.000,9.000,9.000,9.000,0.000,64.79,0.6479,4.103,4.113,64.79,64.79,0.00,0,0,-3.24172,64.79,64.79,0.00,0,0,64.79,0.00,0.00,0.00,0.00,1.000,1.000,0.00,0,255.00,1,64.78,64.80,-0.02,9.004,9.003,4.110,4.119,0.002,-0.000,0.000,64.79,65,-0.3497,10963,2736.48,2325.83,2219.07,2219.07,0,2,1916,2235,0
73654,9.014,9.014,9.000,9.000,9.000,9.000,0.000,64.65,0.6465,4.101,4.112,64.65,64.65,0.00,0,0,-3.24088,64.65,64.65,0.00,0,0,64.65,0.00,0.00,0.00,0.00,1.000,1.000,0.00,0,255.00,1,64.53,64.61,-0.08,9.014,9.014,4.094,4.037,-0.000,0.000,0.002,64.65,65,-0.0417,8869,3382.57,2298.21,2273.14,2273.14,0,2,1923,2245,0
73785,9.017,9.016,9.000,9.000,9.000,9.000,0.000,64.60,0.6460,4.097,4.111,64.60,64.60,0.00,0,0,-3.23942,64.60,64.60,0.00,0,0,64.60,0.00,0.00,0.00,0.00,1.000,1.000,0.00,0,255.00,1,64.36,64.46,-0.10,9.016,9.017,4.076,4.044,0.001,0.000,0.003,64.60,65,-0.2317,12512,2397.70,2275.40,2273.14,2273.14,0,2,1934,2257,0
73922,9.014,9.014,9.000,9.000,9.000,9.000,0.000,64.58,0.6458,4.092,4.109,64.58,64.58,0.00,0,0,-3.23721,64.58,64.58,0.00,0,0,64.58,0.00,0.00,0.00,0.00,1.000,1.000,0.00,0,255.00,1,64.36,64.45,-0.08,9.014,9.014,4.076,4.071,-0.000,0.000,0.002,64.58,64,0.4751,9606,3123.05,2302.94,2322.61,2322.61,0,2,1944,2272,0
74057,9.015,9.013,9.000,9.000,9.000,9.000,0.000,64.56,0.6456,4.090,4.107,64.56,64.56,0.00,0,0,-3.23591,64.56,64.56,0.00,0,0,64.56,0.00,0.00,0.00,0.00,1.000,1.000,0.00,0,255.00,1,64.35,64.43,-0.08,9.013,9.013,4.075,4.080,0.002,0.000,0.002,64.56,64,0.1322,9460,3171.25,2312.54,2322.61,2322.61,0,2,1954,2284,0
74194,9.007,9.007,9.000,9.000,9.000,9.000,0.000,64.60,0.6460,4.091,4.104,64.60,64.60,0.00,0,0,-3.23417,64.60,64.60,0.00,0,0,64.60,0.00,0.00,0.00,0.00,1.000,1.000,0.00,0,255.00,1,64.58,64.62,-0.04,9.007,9.005,4.099,4.100,0.000,-0.000,0.000,64.60,65,-0.2552,10978,2732.74,2323.93,2325.99,2325.99,0,2,1965,2296,0
74326,9.012,9.009,9.000,9.000,9.000,9.000,0.000,64.56,0.6456,4.090,4.103,64.56,64.56,0.00,0,0,-3.23345,64.56,64.56,0.00,0,0,64.56,0.00,0.00,0.00,0.00,1.000,1.000,0.00,0,255.00,1,64.52,64.58,-0.06,9.009,9.008,4.096,4.075,0.003,0.000,0.001,64.56,64,0.4782,8738,3433.28,2335.77,2325.99,2325.99,0,2,1975,2309,0
74467,9.022,9.018,9.000,9.000,9.000,9.000,0.000,64.43,0.6443,4.087,4.102,64.43,64.43,0.00,0,0,-3.23222,64.43,64.43,0.00,0,0,64.43,0.00,0.00,0.00,0.00,1.000,1.000,0.00,0,255.00,1,64.28,64.39,-0.11,9.018,9.017,4.079,4.007,0.005,0.000,0.003,64.43,64,-0.0507,10200,2941.18,2326.02,2301.11,2301.11,0,2,1986,2327,0
74601,9.019,9.008,9.000,9.000,9.000,9.000,0.000,64.54,0.6454,4.088,4.101,64.54,64.54,0.00,0,0,-3.23189,64.54,64.54,0.00,0,0,64.54,0.00,0.00,0.00,0.00,1.000,1.000,0.00,0,255.00,1,64.51,64.56,-0.05,9.008,9.006,4.095,4.082,0.012,-0.000,0.000,64.54,65,-0.2637,13925,2154.40,2295.90,2301.11,2301.11,0,2,1995,2338,0
74703,9.004,9.009,9.000,9.000,9.000,9.000,0.000,64.52,0.6452,4.087,4.100,64.52,64.52,0.00,0,0,-3.23120,64.52,64.52,0.00,0,0,64.52,0.00,0.00,0.00,0.00,1.000,1.000,0.00,0,255.00,1,64.44,64.49,-0.05,9.009,9.008,4.087,4.083,-0.005,-0.000,0.001,64.52,65,-0.2869,13799,2174.07,2297.78,2301.11,2301.11,0,2,2003,2346,0
74838,8.994,9.003,9.000,9.000,9.000,9.000,0.000,64.57,0.6457,4.085,4.099,64.57,64.57,0.00,0,0,-3.23016,64.57,64.57,0.00,0,0,64.57,0.00,0.00,0.00,0.00,1.000,1.000,0.00,0,255.00,1,64.48,64.49,-0.02,9.003,9.001,4.083,4.151,-0.010,-0.000,0.000,64.57,64,0.1186,11165,2686.97,2166.19,2028.14,2028.14,0,2,2014,2358,0
74975,9.009,9.007,9.000,9.000,9.000,9.000,0.000,64.51,0.6451,4.085,4.098,64.51,64.51,0.00,0,0,-3.22960,64.51,64.51,0.00,0,0,64.51,0.00,0.00,0.00,0.00,1.000,1.000,0.00,0,255.00,1,64.48,64.51,-0.04,9.006,9.005,4.090,4.100,0.003,-0.000,0.000,64.51,65,-0.3214,12612,2378.69,2098.82,2028.14,2028.14,0,2,2024,2373,0
75108,8.990,9.003,9.000,9.000,9.000,9.000,0.000,64.54,0.6454,4.083,4.097,64.54,64.54,0.00,0,0,-3.22854,64.54,64.54,0.00,0,0,64.54,0.00,0.00,0.00,0.00,1.000,1.000,0.00,0,255.00,1,64.46,64.47,-0.01,9.002,9.001,4.083,4.148,-0.014,-0.000,0.000,64.54,65,-0.0201,10927,2745.49,2257.97,2424.95,2424.95,0,2,2036,2386,0
75209,9.026,9.013,9.000,9.000,9.000,9.000,0.000,64.41,0.6441,4.083,4.096,64.41,64.41,0.00,0,0,-3.22817,64.41,64.41,0.00,0,0,64.41,0.00,0.00,0.00,0.00,1.000,1.000,0.00,0,255.00,1,64.34,64.42,-0.08,9.013,9.012,4.086,4.033,0.014,0.000,0.001,64.41,64,-0.0353,12306,2437.84,2320.66,2424.95,2437.84,1,1,2043,2396,0
75344,9.014,9.016,9.000,9.000,9.000,9.000,0.000,64.33,0.6433,4.079,4.095,64.33,64.33,0.00,0,0,-3.22656,64.33,64.33,0.00,0,0,64.33,0.00,0.00,0.00,0.00,1.000,1.000,0.00,0,255.00,1,64.12,64.22,-0.10,9.017,9.017,4.063,4.029,-0.003,0.000,0.003,64.33,64,-0.0535,10553,2842.79,2404.62,2512.23,2512.23,0,2,2055,2415,0
75480,9.017,9.008,9.000,9.000,9.000,9.000,0.000,64.42,0.6442,4.080,4.094,64.42,64.42,0.00,0,0,-3.22609,64.42,64.42,0.00,0,0,64.42,0.00,0.00,0.00,0.00,1.000,1.000,0.00,0,255.00,1,64.35,64.40,-0.05,9.008,9.007,4.082,4.088,0.010,-0.000,0.000,64.42,64,0.3335,10745,2792.00,2445.67,2512.23,2512.23,0,2,2064,2428,0
75615,8.997,9.000,9.000,9.000,9.000,9.000,0.000,64.51,0.6451,4.085,4.091,64.51,64.51,0.00,0,0,-3.22520,64.51,64.51,0.00,0,0,64.51,0.00,0.00,0.00,0.00,1.000,1.000,0.00,0,255.00,1,64.58,64.58,0.00,8.999,8.998,4.100,4.112,-0.002,-0.000,0.000,64.51,64,0.1613,10409,2882.12,2255.31,2246.98,2246.98,0,2,2074,2439,0
75752,9.013,9.007,9.000,9.000,9.000,9.000,0.000,64.41,0.6441,4.085,4.090,64.41,64.41,0.00,0,0,-3.22481,64.41,64.41,0.00,0,0,64.41,0.00,0.00,0.00,0.00,1.000,1.000,0.00,0,255.00,1,64.41,64.46,-0.04,9.007,9.007,4.090,4.042,0.006,0.000,0.000,64.41,65,-0.4989,6489,4623.21,2251.25,2246.98,2246.98,0,2,2086,2450,0
75882,8.996,9.003,9.000,9.000,9.000,9.000,0.000,64.45,0.6445,4.083,4.090,64.45,64.45,0.00,0,0,-3.22421,64.45,64.45,0.00,0,0,64.45,0.00,0.00,0.00,0.00,1.000,1.000,0.00,0,255.00,1,64.40,64.41,-0.02,9.003,9.003,4.081,4.099,-0.008,-0.000,0.000,64.45,65,-0.2782,13650,2197.80,2313.26,2425.01,2425.01,0,2,2096,2463,0
76020,9.005,9.011,9.000,9.000,9.000,9.000,0.000,64.33,0.6433,4.079,4.089,64.33,64.33,0.00,0,0,-3.22298,64.33,64.33,0.00,0,0,64.33,0.00,0.00,0.00,0.00,1.000,1.000,0.00,0,255.00,1,64.14,64.20,-0.07,9.011,9.012,4.061,4.047,-0.007,0.000,0.002,64.33,65,-0.3673,13040,2300.61,2367.79,2425.01,2425.01,0,2,2107,2477,0
76157,8.991,8.999,9.000,9.000,9.000,9.000,0.000,64.42,0.6442,4.076,4.086,64.42,64.42,0.00,0,0,-3.22077,64.42,64.42,0.00,0,0,64.42,0.00,0.00,0.00,0.00,1.000,1.000,0.00,0,255.00,1,64.36,64.35,0.00,8.999,8.999,4.075,4.156,-0.009,-0.000,0.000,64.42,65,-0.3658,12577,2385.31,2348.12,2329.66,2385.31,1,1,2117,2491,0
76257,9.015,9.007,9.000,9.000,9.000,9.000,0.000,64.33,0.6433,4.076,4.086,64.33,64.33,0.00,0,0,-3.22060,64.33,64.33,0.00,0,0,64.33,0.00,0.00,0.00,0.00,1.000,1.000,0.00,0,255.00,1,64.30,64.34,-0.04,9.007,9.007,4.081,4.064,0.009,0.000,0.000,64.33,64,0.3928,15946,1881.35,2329.03,2329.66,2329.66,0,2,2123,2499,0
76390,9.027,9.021,9.000,9.000,9.000,9.000,0.000,64.14,0.6414,4.072,4.085,64.14,64.14,0.00,0,0,-3.21926,64.14,64.14,0.00,0,0,64.14,0.00,0.00,0.00,0.00,1.000,1.000,0.00,0,255.00,1,63.94,64.07,-0.13,9.021,9.022,4.056,3.956,0.007,0.001,0.004,64.14,64,0.0417,12902,2325.22,2309.05,2179.91,2179.91,0,2,2134,2510,0
76490,8.983,8.997,9.000,9.000,9.000,9.000,0.000,64.42,0.6442,4.073,4.084,64.42,64.42,0.00,0,0,-3.21899,64.42,64.42,0.00,0,0,64.42,0.00,0.00,0.00,0.00,1.000,1.000,0.00,0,255.00,1,64.34,64.32,0.02,8.997,8.995,4.070,4.187,-0.015,-0.000,0.000,64.42,65,-0.3070,12168,2465.48,2262.56,2179.91,2179.91,0,2,2140,2517,0
76624,8.994,8.994,9.000,9.000,9.000,9.000,0.000,64.46,0.6446,4.078,4.084,64.46,64.46,0.00,0,0,-3.21949,64.46,64.46,0.00,0,0,64.46,0.00,0.00,0.00,0.00,1.000,1.000,0.00,0,255.00,1,64.63,64.59,0.04,8.993,8.991,4.104,4.161,0.000,-0.000,0.001,64.46,64,0.4296,11006,2725.79,2213.76,2179.91,2179.91,0,2,2150,2528,0
76760,9.003,9.009,9.000,9.000,9.000,9.000,0.000,64.26,0.6426,4.074,4.083,64.26,64.26,0.00,0,0,-3.21843,64.26,64.26,0.00,0,0,64.26,0.00,0.00,0.00,0.00,1.000,1.000,0.00,0,255.00,1,64.21,64.26,-0.06,9.009,9.009,4.074,4.038,-0.007,0.000,0.001,64.26,64,0.1294,7880,3807.11,2095.46,1971.33,1971.33,0,2,2162,2540,0
76892,8.991,8.999,9.000,9.000,9.000,9.000,0.000,64.38,0.6438,4.075,4.082,64.38,64.38,0.00,0,0,-3.21812,64.38,64.38,0.00,0,0,64.38,0.00,0.00,0.00,0.00,1.000,1.000,0.00,0,255.00,1,64.38,64.37,0.01,8.998,8.997,4.080,4.135,-0.008,-0.000,0.000,64.38,64,0.0958,8203,3657.20,2034.88,1971.33,1971.33,0,2,2174,2553,0
76992,9.022,9.013,9.000,9.000,9.000,9.000,0.000,64.19,0.6419,4.073,4.082,64.19,64.19,0.00,0,0,-3.21762,64.19,64.19,0.00,0,0,64.19,0.00,0.00,0.00,0.00,1.000,1.000,0.00,0,255.00,1,64.12,64.20,-0.08,9.013,9.013,4.071,3.995,0.010,0.000,0.001,64.19,65,-0.3919,12388,2421.70,2269.02,2685.27,2685.27,0,2,2180,2561,0
77126,9.016,9.016,9.000,9.000,9.000,9.000,0.000,64.11,0.6411,4.066,4.080,64.11,64.11,0.00,0,0,-3.21505,64.11,64.11,0.00,0,0,64.11,0.00,0.00,0.00,0.00,1.000,1.000,0.00,0,255.00,1,63.84,63.94,-0.10,9.016,9.018,4.041,4.014,-0.000,0.000,0.003,64.11,65,-0.4795,12603,2380.39,2576.16,2685.27,2685.27,0,2,2191,2574,0
77266,9.016,9.006,9.000,9.000,9.000,9.000,0.000,64.23,0.6423,4.068,4.079,64.23,64.23,0.00,0,0,-3.21495,64.23,64.23,0.00,0,0,64.23,0.00,0.00,0.00,0.00,1.000,1.000,0.00,0,255.00,1,64.17,64.21,-0.04,9.006,9.005,4.069,4.081,0.011,0.000,0.000,64.23,64,0.3818,7400,4054.05,2450.17,2187.40,2187.40,0,2,2200,2584,0
77398,8.999,9.002,9.000,9.000,9.000,9.000,0.000,64.27,0.6427,4.068,4.078,64.27,64.27,0.00,0,0,-3.21442,64.27,64.27,0.00,0,0,64.27,0.00,0.00,0.00,0.00,1.000,1.000,0.00,0,255.00,1,64.25,64.26,-0.01,9.002,9.001,4.073,4.115,-0.003,-0.000,0.000,64.27,64,0.0414,12017,2496.46,2321.94,2187.40,2187.40,0,2,2211,2593,0
77540,8.998,9.000,9.000,9.000,9.000,9.000,0.000,64.28,0.6428,4.068,4.078,64.28,64.28,0.00,0,0,-3.21391,64.28,64.28,0.00,0,0,64.28,0.00,0.00,0.00,0.00,1.000,1.000,0.00,0,255.00,1,64.28,64.28,0.00,9.000,8.999,4.076,4.127,-0.002,-0.000,0.000,64.28,65,-0.3289,8275,3625.38,2338.17,2414.86,2414.86,0,2,2222,2606,0
77673,8.991,9.000,9.000,9.000,9.000,9.000,0.000,64.27,0.6427,4.067,4.077,64.27,64.27,0.00,0,0,-3.21339,64.27,64.27,0.00,0,0,64.27,0.00,0.00,0.00,0.00,1.000,1.000,0.00,0,255.00,1,64.28,64.27,0.00,8.999,8.998,4.075,4.128,-0.010,-0.000,0.000,64.27,64,0.2684,14004,2142.25,2371.57,2414.86,2414.86,0,2,2232,2617,0
77773,9.021,9.016,9.000,9.000,9.000,9.000,0.000,64.06,0.6406,4.065,4.076,64.06,64.06,0.00,0,0,-3.21257,64.06,64.06,0.00,0,0,64.06,0.00,0.00,0.00,0.00,1.000,1.000,0.00,0,255.00,1,63.94,64.04,-0.10,9.016,9.017,4.059,3.978,0.005,0.001,0.002,64.06,64,0.4519,8145,3683.24,2368.80,2323.11,2323.11,0,2,2240,2624,0
77905,9.013,9.013,9.000,9.000,9.000,9.000,0.000,64.06,0.6406,4.062,4.075,64.06,64.06,0.00,0,0,-3.21121,64.06,64.06,0.00,0,0,64.06,0.00,0.00,0.00,0.00,1.000,1.000,0.00,0,255.00,1,63.89,63.97,-0.08,9.014,9.015,4.048,4.021,-0.000,0.000,0.002,64.06,64,-0.1479,13104,2289.38,2337.01,2323.11,2289.38,1,1,2250,2639,0
78046,9.010,9.003,9.000,9.000,9.000,9.000,0.000,64.18,0.6418,4.063,4.074,64.18,64.18,0.00,0,0,-3.21097,64.18,64.18,0.00,0,0,64.18,0.00,0.00,0.00,0.00,1.000,1.000,0.00,0,255.00,1,64.15,64.17,-0.02,9.003,9.003,4.068,4.097,0.008,-0.000,0.000,64.18,64,0.4131,7704,3894.08,2305.61,2200.03,2200.03,0,2,2260,2647,0
=== SHOT TELEMETRY END ===
